[     5.9s] seed=10 prefix task 1/12 online 0.7992
[     9.8s] seed=10 prefix task 2/12 online 0.7677
[    13.6s] seed=10 prefix task 3/12 online 0.7600
[    17.5s] seed=10 prefix task 4/12 online 0.7406
[    21.2s] seed=10 prefix task 5/12 online 0.6412
[    25.0s] seed=10 prefix task 6/12 online 0.4575
[    29.2s] seed=10 prefix task 7/12 online 0.3106
[    33.2s] seed=10 prefix task 8/12 online 0.1943
[    37.1s] seed=10 prefix task 9/12 online 0.1354
[    41.0s] seed=10 prefix task 10/12 online 0.1414
[    44.9s] seed=10 prefix task 11/12 online 0.1294
[    49.3s] seed=10 prefix task 12/12 online 0.1172
[    61.3s] seed=10 arm S2dyn_10r: t3 0.3291 t4 0.2596
[   114.3s] seed=10 arm S2dyn_c1: t3 0.3129 t4 0.2792
[    95.9s] seed=10 arm S2dyn_c2: t3 0.3158 t4 0.2712
[    92.7s] seed=10 arm S2dyn_c12: t3 0.2829 t4 0.2716
[   111.6s] seed=10 arm S2dyn_c12b: t3 0.2777 t4 0.2682
[    73.4s] seed=10 arm S2dyn_frz: t3 0.2155 t4 0.2297
[    12.0s] seed=10 arm S2u30r: t3 0.2155 t4 0.2297
[    22.2s] seed=10 arm S2u30r_c12: t3 0.2155 t4 0.2297
[    11.2s] seed=10 arm S2_10r: t3 0.4080 t4 0.4320
[    17.1s] seed=10 arm S2_10r_c12: t3 0.3396 t4 0.3992
[     8.7s] seed=10 arm N2r: t3 0.7207 t4 0.7485
[    13.7s] seed=10 arm N2r_c12: t3 0.7420 t4 0.8532
wrote results/escneff_ee_0917/runs/s10  (12 prefix rows, 24 arm rows, 634.3s)
