[     4.1s] seed=11 prefix task 1/12 online 0.8021
[     8.0s] seed=11 prefix task 2/12 online 0.7631
[    11.9s] seed=11 prefix task 3/12 online 0.7509
[    15.8s] seed=11 prefix task 4/12 online 0.7697
[    19.7s] seed=11 prefix task 5/12 online 0.7359
[    23.7s] seed=11 prefix task 6/12 online 0.6727
[    32.3s] seed=11 prefix task 7/12 online 0.5520
[    43.5s] seed=11 prefix task 8/12 online 0.3968
[    54.8s] seed=11 prefix task 9/12 online 0.3011
[    66.6s] seed=11 prefix task 10/12 online 0.1897
[    78.9s] seed=11 prefix task 11/12 online 0.1697
[    91.0s] seed=11 prefix task 12/12 online 0.1331
[   138.6s] seed=11 arm S2dyn_10r: t3 0.3740 t4 0.3153
[   141.0s] seed=11 arm S2dyn_c1: t3 0.3330 t4 0.3138
[   103.4s] seed=11 arm S2dyn_c2: t3 0.3424 t4 0.3312
[   140.5s] seed=11 arm S2dyn_c12: t3 0.2986 t4 0.2941
[    71.5s] seed=11 arm S2dyn_c12b: t3 0.2994 t4 0.2832
[   110.3s] seed=11 arm S2dyn_frz: t3 0.2113 t4 0.2369
[    18.8s] seed=11 arm S2u30r: t3 0.2113 t4 0.2369
[    29.4s] seed=11 arm S2u30r_c12: t3 0.2113 t4 0.2369
[    10.9s] seed=11 arm S2_10r: t3 0.5578 t4 0.5554
[    14.9s] seed=11 arm S2_10r_c12: t3 0.4543 t4 0.5198
[     8.7s] seed=11 arm N2r: t3 0.6881 t4 0.7562
[    12.8s] seed=11 arm N2r_c12: t3 0.7201 t4 0.8363
wrote results/escneff_ee_0917/runs/s11  (12 prefix rows, 24 arm rows, 801.2s)
