[     4.5s] seed=12 prefix task 1/12 online 0.7791
[     8.9s] seed=12 prefix task 2/12 online 0.7386
[    14.1s] seed=12 prefix task 3/12 online 0.7729
[    18.4s] seed=12 prefix task 4/12 online 0.7268
[    22.5s] seed=12 prefix task 5/12 online 0.6559
[    26.7s] seed=12 prefix task 6/12 online 0.4599
[    30.9s] seed=12 prefix task 7/12 online 0.2812
[    35.2s] seed=12 prefix task 8/12 online 0.1902
[    39.5s] seed=12 prefix task 9/12 online 0.1454
[    43.8s] seed=12 prefix task 10/12 online 0.1498
[    48.2s] seed=12 prefix task 11/12 online 0.1516
[    54.3s] seed=12 prefix task 12/12 online 0.1215
[    69.0s] seed=12 arm S2dyn_10r: t3 0.3586 t4 0.2919
[    79.0s] seed=12 arm S2dyn_c1: t3 0.3212 t4 0.2920
[    73.2s] seed=12 arm S2dyn_c2: t3 0.3335 t4 0.3114
[    78.7s] seed=12 arm S2dyn_c12: t3 0.2971 t4 0.2643
[    78.0s] seed=12 arm S2dyn_c12b: t3 0.2948 t4 0.2607
[    73.4s] seed=12 arm S2dyn_frz: t3 0.2248 t4 0.2222
[    12.4s] seed=12 arm S2u30r: t3 0.2248 t4 0.2222
[    31.7s] seed=12 arm S2u30r_c12: t3 0.2248 t4 0.2222
[    10.8s] seed=12 arm S2_10r: t3 0.4483 t4 0.5000
[    15.0s] seed=12 arm S2_10r_c12: t3 0.3800 t4 0.4265
[    13.8s] seed=12 arm N2r: t3 0.7009 t4 0.7614
[    15.8s] seed=12 arm N2r_c12: t3 0.7325 t4 0.8352
wrote results/escneff_ee_0917/runs/s12  (12 prefix rows, 24 arm rows, 551.2s)
