[     8.4s] seed=13 prefix task 1/12 online 0.7953
[    12.8s] seed=13 prefix task 2/12 online 0.7513
[    18.8s] seed=13 prefix task 3/12 online 0.7411
[    24.8s] seed=13 prefix task 4/12 online 0.6747
[    29.0s] seed=13 prefix task 5/12 online 0.4526
[    33.5s] seed=13 prefix task 6/12 online 0.2988
[    37.8s] seed=13 prefix task 7/12 online 0.2469
[    42.1s] seed=13 prefix task 8/12 online 0.1401
[    46.3s] seed=13 prefix task 9/12 online 0.1625
[    51.2s] seed=13 prefix task 10/12 online 0.1461
[    55.6s] seed=13 prefix task 11/12 online 0.1141
[    59.9s] seed=13 prefix task 12/12 online 0.1160
[   109.2s] seed=13 arm S2dyn_10r: t3 0.3359 t4 0.2922
[    79.1s] seed=13 arm S2dyn_c1: t3 0.3085 t4 0.2918
[   119.1s] seed=13 arm S2dyn_c2: t3 0.3169 t4 0.3026
[   128.6s] seed=13 arm S2dyn_c12: t3 0.2765 t4 0.2730
[    97.1s] seed=13 arm S2dyn_c12b: t3 0.2717 t4 0.2734
[    69.0s] seed=13 arm S2dyn_frz: t3 0.2253 t4 0.2338
[    30.6s] seed=13 arm S2u30r: t3 0.2253 t4 0.2338
[    42.8s] seed=13 arm S2u30r_c12: t3 0.2253 t4 0.2338
[    14.5s] seed=13 arm S2_10r: t3 0.3896 t4 0.4014
[    18.4s] seed=13 arm S2_10r_c12: t3 0.3354 t4 0.3719
[     9.3s] seed=13 arm N2r: t3 0.7145 t4 0.6684
[    16.1s] seed=13 arm N2r_c12: t3 0.7610 t4 0.8699
wrote results/escneff_ee_0917/runs/s13  (12 prefix rows, 24 arm rows, 733.9s)
