[     9.8s] seed=14 prefix task 1/12 online 0.7932
[    21.6s] seed=14 prefix task 2/12 online 0.7348
[    33.6s] seed=14 prefix task 3/12 online 0.8028
[    45.5s] seed=14 prefix task 4/12 online 0.7619
[    57.8s] seed=14 prefix task 5/12 online 0.6530
[    70.4s] seed=14 prefix task 6/12 online 0.4900
[    81.2s] seed=14 prefix task 7/12 online 0.3235
[    85.5s] seed=14 prefix task 8/12 online 0.1960
[    89.7s] seed=14 prefix task 9/12 online 0.1854
[    94.1s] seed=14 prefix task 10/12 online 0.1605
[    98.4s] seed=14 prefix task 11/12 online 0.1206
[   106.4s] seed=14 prefix task 12/12 online 0.1402
[    78.5s] seed=14 arm S2dyn_10r: t3 0.3602 t4 0.2950
[   116.8s] seed=14 arm S2dyn_c1: t3 0.3245 t4 0.3013
[    81.4s] seed=14 arm S2dyn_c2: t3 0.3459 t4 0.3199
[    75.6s] seed=14 arm S2dyn_c12: t3 0.2981 t4 0.2834
[    77.4s] seed=14 arm S2dyn_c12b: t3 0.2979 t4 0.2770
[    67.5s] seed=14 arm S2dyn_frz: t3 0.2350 t4 0.2164
[    11.9s] seed=14 arm S2u30r: t3 0.2350 t4 0.2164
[    19.0s] seed=14 arm S2u30r_c12: t3 0.2350 t4 0.2164
[    10.8s] seed=14 arm S2_10r: t3 0.4930 t4 0.4626
[    15.4s] seed=14 arm S2_10r_c12: t3 0.4039 t4 0.4103
[     8.8s] seed=14 arm N2r: t3 0.7374 t4 0.7368
[    14.3s] seed=14 arm N2r_c12: t3 0.7440 t4 0.8422
wrote results/escneff_ee_0917/runs/s14  (12 prefix rows, 24 arm rows, 577.7s)
