[     4.7s] seed=15 prefix task 1/12 online 0.7816
[     9.8s] seed=15 prefix task 2/12 online 0.7561
[    14.4s] seed=15 prefix task 3/12 online 0.7622
[    19.4s] seed=15 prefix task 4/12 online 0.7582
[    23.9s] seed=15 prefix task 5/12 online 0.6699
[    28.5s] seed=15 prefix task 6/12 online 0.4810
[    34.5s] seed=15 prefix task 7/12 online 0.3486
[    46.4s] seed=15 prefix task 8/12 online 0.2623
[    50.7s] seed=15 prefix task 9/12 online 0.1898
[    54.9s] seed=15 prefix task 10/12 online 0.1540
[    59.1s] seed=15 prefix task 11/12 online 0.1606
[    63.3s] seed=15 prefix task 12/12 online 0.1230
[    75.4s] seed=15 arm S2dyn_10r: t3 0.3311 t4 0.3001
[    75.3s] seed=15 arm S2dyn_c1: t3 0.3235 t4 0.2944
[    65.1s] seed=15 arm S2dyn_c2: t3 0.3159 t4 0.2915
[    83.0s] seed=15 arm S2dyn_c12: t3 0.3073 t4 0.2729
[    76.5s] seed=15 arm S2dyn_c12b: t3 0.3059 t4 0.2741
[    72.3s] seed=15 arm S2dyn_frz: t3 0.2059 t4 0.2276
[    12.2s] seed=15 arm S2u30r: t3 0.2059 t4 0.2276
[    16.9s] seed=15 arm S2u30r_c12: t3 0.2059 t4 0.2276
[    12.8s] seed=15 arm S2_10r: t3 0.4460 t4 0.4380
[    20.9s] seed=15 arm S2_10r_c12: t3 0.3643 t4 0.4152
[     8.9s] seed=15 arm N2r: t3 0.7067 t4 0.7311
[    13.3s] seed=15 arm N2r_c12: t3 0.7231 t4 0.8454
wrote results/escneff_ee_0917/runs/s15  (12 prefix rows, 24 arm rows, 532.9s)
