[     6.1s] seed=16 prefix task 1/12 online 0.7972
[    10.4s] seed=16 prefix task 2/12 online 0.7542
[    14.7s] seed=16 prefix task 3/12 online 0.7670
[    22.2s] seed=16 prefix task 4/12 online 0.7388
[    34.3s] seed=16 prefix task 5/12 online 0.7091
[    44.0s] seed=16 prefix task 6/12 online 0.4908
[    48.6s] seed=16 prefix task 7/12 online 0.3503
[    54.3s] seed=16 prefix task 8/12 online 0.2470
[    58.5s] seed=16 prefix task 9/12 online 0.1984
[    62.7s] seed=16 prefix task 10/12 online 0.1654
[    67.7s] seed=16 prefix task 11/12 online 0.1294
[    71.9s] seed=16 prefix task 12/12 online 0.1111
[    75.0s] seed=16 arm S2dyn_10r: t3 0.3127 t4 0.2910
[    79.5s] seed=16 arm S2dyn_c1: t3 0.3020 t4 0.2658
[    78.1s] seed=16 arm S2dyn_c2: t3 0.2994 t4 0.2912
[    82.4s] seed=16 arm S2dyn_c12: t3 0.2834 t4 0.2580
[   145.7s] seed=16 arm S2dyn_c12b: t3 0.2820 t4 0.2547
[   106.0s] seed=16 arm S2dyn_frz: t3 0.2149 t4 0.2228
[    12.1s] seed=16 arm S2u30r: t3 0.2149 t4 0.2228
[    20.0s] seed=16 arm S2u30r_c12: t3 0.2149 t4 0.2228
[    13.4s] seed=16 arm S2_10r: t3 0.5283 t4 0.5179
[    40.3s] seed=16 arm S2_10r_c12: t3 0.4275 t4 0.4647
[    20.9s] seed=16 arm N2r: t3 0.7085 t4 0.7491
[    34.5s] seed=16 arm N2r_c12: t3 0.7247 t4 0.8554
wrote results/escneff_ee_0917/runs/s16  (12 prefix rows, 24 arm rows, 708.2s)
