[     6.9s] seed=17 prefix task 1/12 online 0.7919
[    19.3s] seed=17 prefix task 2/12 online 0.7427
[    31.6s] seed=17 prefix task 3/12 online 0.7811
[    44.2s] seed=17 prefix task 4/12 online 0.7650
[    56.3s] seed=17 prefix task 5/12 online 0.7147
[    68.5s] seed=17 prefix task 6/12 online 0.6016
[    80.6s] seed=17 prefix task 7/12 online 0.4542
[    92.5s] seed=17 prefix task 8/12 online 0.3411
[   105.1s] seed=17 prefix task 9/12 online 0.2122
[   117.3s] seed=17 prefix task 10/12 online 0.1665
[   129.6s] seed=17 prefix task 11/12 online 0.1313
[   141.6s] seed=17 prefix task 12/12 online 0.1285
[   140.8s] seed=17 arm S2dyn_10r: t3 0.3465 t4 0.3544
[   106.5s] seed=17 arm S2dyn_c1: t3 0.3185 t4 0.3383
[    66.6s] seed=17 arm S2dyn_c2: t3 0.3431 t4 0.3255
[    69.8s] seed=17 arm S2dyn_c12: t3 0.3010 t4 0.3298
[    75.4s] seed=17 arm S2dyn_c12b: t3 0.2951 t4 0.3142
[    76.6s] seed=17 arm S2dyn_frz: t3 0.2239 t4 0.2385
[    12.0s] seed=17 arm S2u30r: t3 0.2239 t4 0.2385
[    20.5s] seed=17 arm S2u30r_c12: t3 0.2239 t4 0.2385
[    11.6s] seed=17 arm S2_10r: t3 0.4985 t4 0.5315
[    15.6s] seed=17 arm S2_10r_c12: t3 0.4220 t4 0.4814
[     8.6s] seed=17 arm N2r: t3 0.7115 t4 0.7672
[    14.6s] seed=17 arm N2r_c12: t3 0.7201 t4 0.8374
wrote results/escneff_ee_0917/runs/s17  (12 prefix rows, 24 arm rows, 618.7s)
