[     5.2s] seed=18 prefix task 1/12 online 0.7871
[    16.3s] seed=18 prefix task 2/12 online 0.7443
[    22.5s] seed=18 prefix task 3/12 online 0.7684
[    26.7s] seed=18 prefix task 4/12 online 0.7538
[    31.1s] seed=18 prefix task 5/12 online 0.6336
[    35.1s] seed=18 prefix task 6/12 online 0.5243
[    39.3s] seed=18 prefix task 7/12 online 0.2765
[    43.4s] seed=18 prefix task 8/12 online 0.1781
[    48.4s] seed=18 prefix task 9/12 online 0.1545
[    52.4s] seed=18 prefix task 10/12 online 0.1618
[    56.5s] seed=18 prefix task 11/12 online 0.1498
[    60.6s] seed=18 prefix task 12/12 online 0.1332
[   125.3s] seed=18 arm S2dyn_10r: t3 0.3785 t4 0.3542
[   143.6s] seed=18 arm S2dyn_c1: t3 0.3592 t4 0.3308
[    95.3s] seed=18 arm S2dyn_c2: t3 0.3487 t4 0.3528
[    83.4s] seed=18 arm S2dyn_c12: t3 0.3221 t4 0.3076
[    62.8s] seed=18 arm S2dyn_c12b: t3 0.3192 t4 0.2988
[    64.5s] seed=18 arm S2dyn_frz: t3 0.2225 t4 0.2381
[    12.9s] seed=18 arm S2u30r: t3 0.2225 t4 0.2381
[    15.0s] seed=18 arm S2u30r_c12: t3 0.2225 t4 0.2381
[    10.0s] seed=18 arm S2_10r: t3 0.5236 t4 0.5335
[    16.6s] seed=18 arm S2_10r_c12: t3 0.4207 t4 0.4946
[     9.3s] seed=18 arm N2r: t3 0.7055 t4 0.7350
[    28.0s] seed=18 arm N2r_c12: t3 0.7368 t4 0.8525
wrote results/escneff_ee_0917/runs/s18  (12 prefix rows, 24 arm rows, 666.8s)
