[    12.5s] seed=19 prefix task 1/12 online 0.8001
[    25.0s] seed=19 prefix task 2/12 online 0.7623
[    38.0s] seed=19 prefix task 3/12 online 0.7993
[    50.9s] seed=19 prefix task 4/12 online 0.7916
[    61.4s] seed=19 prefix task 5/12 online 0.7038
[    65.6s] seed=19 prefix task 6/12 online 0.5155
[    69.8s] seed=19 prefix task 7/12 online 0.3317
[    73.9s] seed=19 prefix task 8/12 online 0.2300
[    78.1s] seed=19 prefix task 9/12 online 0.1845
[    82.2s] seed=19 prefix task 10/12 online 0.1341
[    86.4s] seed=19 prefix task 11/12 online 0.1447
[    90.5s] seed=19 prefix task 12/12 online 0.1443
[    68.7s] seed=19 arm S2dyn_10r: t3 0.3486 t4 0.3444
[    72.8s] seed=19 arm S2dyn_c1: t3 0.3305 t4 0.3473
[    66.3s] seed=19 arm S2dyn_c2: t3 0.3274 t4 0.3263
[    71.1s] seed=19 arm S2dyn_c12: t3 0.2939 t4 0.3092
[   109.4s] seed=19 arm S2dyn_c12b: t3 0.2908 t4 0.3086
[   142.0s] seed=19 arm S2dyn_frz: t3 0.2154 t4 0.2345
[    21.4s] seed=19 arm S2u30r: t3 0.2154 t4 0.2345
[    18.1s] seed=19 arm S2u30r_c12: t3 0.2154 t4 0.2345
[    13.2s] seed=19 arm S2_10r: t3 0.4371 t4 0.4677
[    14.0s] seed=19 arm S2_10r_c12: t3 0.3482 t4 0.4141
[     9.9s] seed=19 arm N2r: t3 0.7341 t4 0.8024
[    11.8s] seed=19 arm N2r_c12: t3 0.7482 t4 0.8504
wrote results/escneff_ee_0917/runs/s19  (12 prefix rows, 24 arm rows, 618.9s)
