2026-09-14T10:01:21+09:00 launch phase 1: git 8ffccead3f9eab8aeab37f3ab1d06601f95bf468  slots 6  avail 15 GiB
2026-09-14T10:01:21+09:00 start R_ref_s0
2026-09-14T10:01:46+09:00 start R_l2_s0
2026-09-14T10:02:11+09:00 start LR_ref_s0
2026-09-14T10:02:36+09:00 start LR_l2_s0
2026-09-14T10:03:01+09:00 start R_l2wt_s0
2026-09-14T10:04:26+09:00 start R_l2rest_s0
2026-09-14T10:25:06+09:00 done  LR_ref_s0
2026-09-14T10:25:06+09:00 start LR_l2wt_s0
2026-09-14T10:26:24+09:00 done  R_l2wt_s0
2026-09-14T10:26:24+09:00 start LR_l2rest_s0
2026-09-14T10:40:54+09:00 done  LR_l2wt_s0
2026-09-14T10:40:54+09:00 start R_l2wt_s1
2026-09-14T10:44:47+09:00 done  R_l2rest_s0
2026-09-14T10:44:47+09:00 start R_l2rest_s1
2026-09-14T10:47:14+09:00 done  LR_l2rest_s0
2026-09-14T10:47:14+09:00 start LR_l2wt_s1
2026-09-14T11:01:44+09:00 done  R_l2wt_s1
2026-09-14T11:01:44+09:00 start LR_l2rest_s1
2026-09-14T11:05:24+09:00 done  LR_l2_s0
2026-09-14T11:05:24+09:00 start R_l2wt_s2
2026-09-14T11:09:19+09:00 done  LR_l2wt_s1
2026-09-14T11:09:19+09:00 start R_l2rest_s2
2026-09-14T11:10:12+09:00 done  R_ref_s0
2026-09-14T11:10:12+09:00 start LR_l2wt_s2
2026-09-14T11:10:48+09:00 done  R_l2_s0
2026-09-14T11:10:48+09:00 start LR_l2rest_s2
2026-09-14T11:17:07+09:00 done  R_l2rest_s1
2026-09-14T11:17:07+09:00 start R_l2wt_s3
2026-09-14T11:23:56+09:00 done  LR_l2rest_s1
2026-09-14T11:23:56+09:00 start R_l2rest_s3
2026-09-14T11:26:24+09:00 done  LR_l2rest_s2
2026-09-14T11:26:24+09:00 start LR_l2wt_s3
2026-09-14T11:27:13+09:00 done  LR_l2wt_s2
2026-09-14T11:27:13+09:00 start LR_l2rest_s3
2026-09-14T11:27:29+09:00 done  R_l2wt_s2
2026-09-14T11:27:38+09:00 start R_l2wt_s4
2026-09-14T11:32:23+09:00 done  R_l2wt_s3
2026-09-14T11:32:23+09:00 start R_l2rest_s4
2026-09-14T11:40:01+09:00 done  LR_l2wt_s3
2026-09-14T11:40:01+09:00 start LR_l2wt_s4
2026-09-14T11:41:00+09:00 done  R_l2wt_s4
2026-09-14T11:41:00+09:00 start LR_l2rest_s4
2026-09-14T11:41:23+09:00 done  LR_l2rest_s3
2026-09-14T11:41:25+09:00 start R_l2wt_s5
2026-09-14T11:41:40+09:00 done  R_l2rest_s2
2026-09-14T11:41:50+09:00 start R_l2rest_s5
2026-09-14T11:48:03+09:00 done  R_l2rest_s3
2026-09-14T11:48:03+09:00 start LR_l2wt_s5
2026-09-14T11:53:38+09:00 done  LR_l2wt_s4
2026-09-14T11:53:38+09:00 start LR_l2rest_s5
2026-09-14T11:54:53+09:00 done  R_l2wt_s5
2026-09-14T11:54:53+09:00 start R_l2wt_s6
2026-09-14T11:55:05+09:00 done  LR_l2rest_s4
2026-09-14T11:55:18+09:00 start R_l2rest_s6
2026-09-14T11:57:46+09:00 done  R_l2rest_s4
2026-09-14T11:57:46+09:00 start LR_l2wt_s6
2026-09-14T12:01:35+09:00 done  LR_l2wt_s5
2026-09-14T12:01:35+09:00 start LR_l2rest_s6
2026-09-14T12:07:28+09:00 done  R_l2rest_s5
2026-09-14T12:07:28+09:00 start R_l2wt_s7
2026-09-14T12:07:57+09:00 done  LR_l2rest_s5
2026-09-14T12:07:57+09:00 start R_l2rest_s7
2026-09-14T12:08:17+09:00 done  R_l2wt_s6
2026-09-14T12:08:22+09:00 start LR_l2wt_s7
2026-09-14T12:11:20+09:00 done  LR_l2wt_s6
2026-09-14T12:11:20+09:00 start LR_l2rest_s7
2026-09-14T12:15:47+09:00 done  LR_l2rest_s6
2026-09-14T12:15:47+09:00 start R_l2wt_s8
2026-09-14T12:17:45+09:00 done  R_l2rest_s6
2026-09-14T12:17:45+09:00 start R_l2rest_s8
2026-09-14T12:21:17+09:00 done  R_l2wt_s7
2026-09-14T12:21:17+09:00 start LR_l2wt_s8
2026-09-14T12:22:07+09:00 done  LR_l2wt_s7
2026-09-14T12:22:07+09:00 start LR_l2rest_s8
2026-09-14T12:25:40+09:00 done  LR_l2rest_s7
2026-09-14T12:25:40+09:00 start R_l2wt_s9
2026-09-14T12:29:13+09:00 done  R_l2wt_s8
2026-09-14T12:29:13+09:00 start R_l2rest_s9
2026-09-14T12:31:47+09:00 done  R_l2rest_s7
2026-09-14T12:31:47+09:00 start LR_l2wt_s9
2026-09-14T12:34:50+09:00 done  LR_l2wt_s8
2026-09-14T12:34:50+09:00 start LR_l2rest_s9
2026-09-14T12:36:01+09:00 done  LR_l2rest_s8
2026-09-14T12:39:07+09:00 done  R_l2wt_s9
2026-09-14T12:39:47+09:00 done  R_l2rest_s8
2026-09-14T12:44:42+09:00 done  LR_l2wt_s9
2026-09-14T12:48:01+09:00 done  LR_l2rest_s9
2026-09-14T12:48:56+09:00 done  R_l2rest_s9
2026-09-14T12:48:56+09:00 phase 1 returned
REUSE_OK {"R_ref_s0": {"present": true, "final_state_sha256": true, "task1_end_state_sha256": true, "online_acc": true}, "R_l2_s0": {"present": true, "final_state_sha256": true, "task1_end_state_sha256": true, "online_acc": true}, "LR_ref_s0": {"present": true, "final_state_sha256": true, "task1_end_state_sha256": true, "online_acc": true}, "LR_l2_s0": {"present": true, "final_state_sha256": true, "task1_end_state_sha256": true, "online_acc": true}}
2026-09-14T12:48:56+09:00 REUSE_OK: ref / l2 come from results/wcap_rlmnist_0914/runs
2026-09-14T12:48:56+09:00 all jobs returned
