[    17.6s] LR l2rest seed=0 task 1/50
[    35.1s] LR l2rest seed=0 task 2/50
[    52.3s] LR l2rest seed=0 task 3/50
[    69.8s] LR l2rest seed=0 task 4/50
[    87.6s] LR l2rest seed=0 task 5/50
[   104.1s] LR l2rest seed=0 task 6/50
[   123.0s] LR l2rest seed=0 task 7/50
[   175.4s] LR l2rest seed=0 task 8/50
[   221.1s] LR l2rest seed=0 task 9/50
[   269.6s] LR l2rest seed=0 task 10/50
[   295.1s] LR l2rest seed=0 task 11/50
[   317.7s] LR l2rest seed=0 task 12/50
[   340.6s] LR l2rest seed=0 task 13/50
[   401.3s] LR l2rest seed=0 task 14/50
[   460.4s] LR l2rest seed=0 task 15/50
[   499.0s] LR l2rest seed=0 task 16/50
[   520.8s] LR l2rest seed=0 task 17/50
[   542.4s] LR l2rest seed=0 task 18/50
[   564.8s] LR l2rest seed=0 task 19/50
[   590.9s] LR l2rest seed=0 task 20/50
[   617.6s] LR l2rest seed=0 task 21/50
[   642.5s] LR l2rest seed=0 task 22/50
[   665.3s] LR l2rest seed=0 task 23/50
[   721.9s] LR l2rest seed=0 task 24/50
[   764.0s] LR l2rest seed=0 task 25/50
[   791.6s] LR l2rest seed=0 task 26/50
[   812.1s] LR l2rest seed=0 task 27/50
[   831.8s] LR l2rest seed=0 task 28/50
[   851.4s] LR l2rest seed=0 task 29/50
[   870.9s] LR l2rest seed=0 task 30/50
[   890.6s] LR l2rest seed=0 task 31/50
[   911.4s] LR l2rest seed=0 task 32/50
[   930.7s] LR l2rest seed=0 task 33/50
[   952.2s] LR l2rest seed=0 task 34/50
[   972.0s] LR l2rest seed=0 task 35/50
[   992.1s] LR l2rest seed=0 task 36/50
[  1011.5s] LR l2rest seed=0 task 37/50
[  1030.8s] LR l2rest seed=0 task 38/50
[  1050.3s] LR l2rest seed=0 task 39/50
[  1069.2s] LR l2rest seed=0 task 40/50
[  1087.4s] LR l2rest seed=0 task 41/50
[  1105.5s] LR l2rest seed=0 task 42/50
[  1123.9s] LR l2rest seed=0 task 43/50
[  1142.2s] LR l2rest seed=0 task 44/50
[  1159.7s] LR l2rest seed=0 task 45/50
[  1176.5s] LR l2rest seed=0 task 46/50
[  1192.9s] LR l2rest seed=0 task 47/50
[  1210.4s] LR l2rest seed=0 task 48/50
[  1229.1s] LR l2rest seed=0 task 49/50
[  1247.9s] LR l2rest seed=0 task 50/50
[  1248.1s] done LR l2rest seed=0 tasks=50 1247.9s
wrote results/l2split_rlmnist_0914/runs/LR_l2rest_s0  (50 task rows, 306 layer rows, 1248.1s)
