[    23.2s] LR l2wt seed=2 task 1/50
[    42.8s] LR l2wt seed=2 task 2/50
[    64.6s] LR l2wt seed=2 task 3/50
[    84.4s] LR l2wt seed=2 task 4/50
[   104.1s] LR l2wt seed=2 task 5/50
[   124.1s] LR l2wt seed=2 task 6/50
[   147.9s] LR l2wt seed=2 task 7/50
[   196.5s] LR l2wt seed=2 task 8/50
[   246.1s] LR l2wt seed=2 task 9/50
[   270.9s] LR l2wt seed=2 task 10/50
[   290.9s] LR l2wt seed=2 task 11/50
[   309.5s] LR l2wt seed=2 task 12/50
[   329.1s] LR l2wt seed=2 task 13/50
[   351.7s] LR l2wt seed=2 task 14/50
[   387.0s] LR l2wt seed=2 task 15/50
[   405.5s] LR l2wt seed=2 task 16/50
[   423.9s] LR l2wt seed=2 task 17/50
[   442.3s] LR l2wt seed=2 task 18/50
[   460.8s] LR l2wt seed=2 task 19/50
[   479.7s] LR l2wt seed=2 task 20/50
[   498.3s] LR l2wt seed=2 task 21/50
[   516.8s] LR l2wt seed=2 task 22/50
[   535.2s] LR l2wt seed=2 task 23/50
[   553.5s] LR l2wt seed=2 task 24/50
[   571.8s] LR l2wt seed=2 task 25/50
[   590.1s] LR l2wt seed=2 task 26/50
[   608.3s] LR l2wt seed=2 task 27/50
[   626.5s] LR l2wt seed=2 task 28/50
[   644.7s] LR l2wt seed=2 task 29/50
[   662.7s] LR l2wt seed=2 task 30/50
[   680.5s] LR l2wt seed=2 task 31/50
[   698.4s] LR l2wt seed=2 task 32/50
[   716.3s] LR l2wt seed=2 task 33/50
[   734.3s] LR l2wt seed=2 task 34/50
[   752.2s] LR l2wt seed=2 task 35/50
[   770.2s] LR l2wt seed=2 task 36/50
[   788.1s] LR l2wt seed=2 task 37/50
[   806.2s] LR l2wt seed=2 task 38/50
[   824.2s] LR l2wt seed=2 task 39/50
[   842.2s] LR l2wt seed=2 task 40/50
[   860.2s] LR l2wt seed=2 task 41/50
[   878.1s] LR l2wt seed=2 task 42/50
[   896.0s] LR l2wt seed=2 task 43/50
[   913.2s] LR l2wt seed=2 task 44/50
[   930.5s] LR l2wt seed=2 task 45/50
[   949.2s] LR l2wt seed=2 task 46/50
[   966.4s] LR l2wt seed=2 task 47/50
[   983.6s] LR l2wt seed=2 task 48/50
[  1000.9s] LR l2wt seed=2 task 49/50
[  1018.4s] LR l2wt seed=2 task 50/50
[  1018.6s] done LR l2wt seed=2 tasks=50 1018.4s
wrote results/l2split_rlmnist_0914/runs/LR_l2wt_s2  (50 task rows, 306 layer rows, 1018.7s)
