[    91.1s] LR l2 seed=0 task 1/50
[   162.0s] LR l2 seed=0 task 2/50
[   245.9s] LR l2 seed=0 task 3/50
[   348.5s] LR l2 seed=0 task 4/50
[   421.0s] LR l2 seed=0 task 5/50
[   546.5s] LR l2 seed=0 task 6/50
[   636.8s] LR l2 seed=0 task 7/50
[   704.6s] LR l2 seed=0 task 8/50
[   772.8s] LR l2 seed=0 task 9/50
[   842.3s] LR l2 seed=0 task 10/50
[   910.9s] LR l2 seed=0 task 11/50
[   975.7s] LR l2 seed=0 task 12/50
[  1031.9s] LR l2 seed=0 task 13/50
[  1086.5s] LR l2 seed=0 task 14/50
[  1140.7s] LR l2 seed=0 task 15/50
[  1195.4s] LR l2 seed=0 task 16/50
[  1246.6s] LR l2 seed=0 task 17/50
[  1295.9s] LR l2 seed=0 task 18/50
[  1345.2s] LR l2 seed=0 task 19/50
[  1394.5s] LR l2 seed=0 task 20/50
[  1446.5s] LR l2 seed=0 task 21/50
[  1497.8s] LR l2 seed=0 task 22/50
[  1549.6s] LR l2 seed=0 task 23/50
[  1610.6s] LR l2 seed=0 task 24/50
[  1698.5s] LR l2 seed=0 task 25/50
[  1794.5s] LR l2 seed=0 task 26/50
[  1945.0s] LR l2 seed=0 task 27/50
[  2038.4s] LR l2 seed=0 task 28/50
[  2099.1s] LR l2 seed=0 task 29/50
[  2159.6s] LR l2 seed=0 task 30/50
[  2219.7s] LR l2 seed=0 task 31/50
[  2281.2s] LR l2 seed=0 task 32/50
[  2341.5s] LR l2 seed=0 task 33/50
[  2401.4s] LR l2 seed=0 task 34/50
[  2461.4s] LR l2 seed=0 task 35/50
[  2519.8s] LR l2 seed=0 task 36/50
[  2576.1s] LR l2 seed=0 task 37/50
[  2627.1s] LR l2 seed=0 task 38/50
[  2684.8s] LR l2 seed=0 task 39/50
[  2753.2s] LR l2 seed=0 task 40/50
[  2819.6s] LR l2 seed=0 task 41/50
[  2892.6s] LR l2 seed=0 task 42/50
[  3268.1s] LR l2 seed=0 task 43/50
[  3326.2s] LR l2 seed=0 task 44/50
[  3403.6s] LR l2 seed=0 task 45/50
[  3466.8s] LR l2 seed=0 task 46/50
[  3567.8s] LR l2 seed=0 task 47/50
[  3635.3s] LR l2 seed=0 task 48/50
[  3691.7s] LR l2 seed=0 task 49/50
[  3764.8s] LR l2 seed=0 task 50/50
[  3765.1s] done LR l2 seed=0 tasks=50 3764.8s
wrote results/l2split_rlmnist_0914/runs/LR_l2_s0  (50 task rows, 306 layer rows, 3765.1s)
