[    22.7s] LR l2wt seed=1 task 1/50
[    41.3s] LR l2wt seed=1 task 2/50
[    76.3s] LR l2wt seed=1 task 3/50
[   131.3s] LR l2wt seed=1 task 4/50
[   185.8s] LR l2wt seed=1 task 5/50
[   213.9s] LR l2wt seed=1 task 6/50
[   232.8s] LR l2wt seed=1 task 7/50
[   251.7s] LR l2wt seed=1 task 8/50
[   270.4s] LR l2wt seed=1 task 9/50
[   292.5s] LR l2wt seed=1 task 10/50
[   311.8s] LR l2wt seed=1 task 11/50
[   338.0s] LR l2wt seed=1 task 12/50
[   363.3s] LR l2wt seed=1 task 13/50
[   386.1s] LR l2wt seed=1 task 14/50
[   417.5s] LR l2wt seed=1 task 15/50
[   437.3s] LR l2wt seed=1 task 16/50
[   455.6s] LR l2wt seed=1 task 17/50
[   476.3s] LR l2wt seed=1 task 18/50
[   496.8s] LR l2wt seed=1 task 19/50
[   515.8s] LR l2wt seed=1 task 20/50
[   536.9s] LR l2wt seed=1 task 21/50
[   562.0s] LR l2wt seed=1 task 22/50
[   611.7s] LR l2wt seed=1 task 23/50
[   665.5s] LR l2wt seed=1 task 24/50
[   719.2s] LR l2wt seed=1 task 25/50
[   773.2s] LR l2wt seed=1 task 26/50
[   812.4s] LR l2wt seed=1 task 27/50
[   841.5s] LR l2wt seed=1 task 28/50
[   860.2s] LR l2wt seed=1 task 29/50
[   881.1s] LR l2wt seed=1 task 30/50
[   904.5s] LR l2wt seed=1 task 31/50
[   926.0s] LR l2wt seed=1 task 32/50
[   951.2s] LR l2wt seed=1 task 33/50
[   975.8s] LR l2wt seed=1 task 34/50
[   999.9s] LR l2wt seed=1 task 35/50
[  1020.2s] LR l2wt seed=1 task 36/50
[  1039.9s] LR l2wt seed=1 task 37/50
[  1058.7s] LR l2wt seed=1 task 38/50
[  1084.6s] LR l2wt seed=1 task 39/50
[  1108.0s] LR l2wt seed=1 task 40/50
[  1129.2s] LR l2wt seed=1 task 41/50
[  1151.5s] LR l2wt seed=1 task 42/50
[  1184.0s] LR l2wt seed=1 task 43/50
[  1207.9s] LR l2wt seed=1 task 44/50
[  1226.5s] LR l2wt seed=1 task 45/50
[  1245.2s] LR l2wt seed=1 task 46/50
[  1264.0s] LR l2wt seed=1 task 47/50
[  1283.0s] LR l2wt seed=1 task 48/50
[  1302.1s] LR l2wt seed=1 task 49/50
[  1321.1s] LR l2wt seed=1 task 50/50
[  1321.4s] done LR l2wt seed=1 tasks=50 1321.1s
wrote results/l2split_rlmnist_0914/runs/LR_l2wt_s1  (50 task rows, 306 layer rows, 1321.4s)
