[    56.8s] LR l2rest seed=1 task 1/50
[   113.6s] LR l2rest seed=1 task 2/50
[   170.3s] LR l2rest seed=1 task 3/50
[   226.9s] LR l2rest seed=1 task 4/50
[   250.4s] LR l2rest seed=1 task 5/50
[   271.9s] LR l2rest seed=1 task 6/50
[   312.5s] LR l2rest seed=1 task 7/50
[   365.2s] LR l2rest seed=1 task 8/50
[   387.9s] LR l2rest seed=1 task 9/50
[   407.2s] LR l2rest seed=1 task 10/50
[   426.5s] LR l2rest seed=1 task 11/50
[   446.7s] LR l2rest seed=1 task 12/50
[   472.6s] LR l2rest seed=1 task 13/50
[   491.1s] LR l2rest seed=1 task 14/50
[   509.6s] LR l2rest seed=1 task 15/50
[   528.2s] LR l2rest seed=1 task 16/50
[   547.2s] LR l2rest seed=1 task 17/50
[   566.3s] LR l2rest seed=1 task 18/50
[   599.2s] LR l2rest seed=1 task 19/50
[   619.4s] LR l2rest seed=1 task 20/50
[   638.9s] LR l2rest seed=1 task 21/50
[   668.3s] LR l2rest seed=1 task 22/50
[   723.9s] LR l2rest seed=1 task 23/50
[   779.1s] LR l2rest seed=1 task 24/50
[   814.9s] LR l2rest seed=1 task 25/50
[   835.3s] LR l2rest seed=1 task 26/50
[   858.8s] LR l2rest seed=1 task 27/50
[   883.4s] LR l2rest seed=1 task 28/50
[   905.7s] LR l2rest seed=1 task 29/50
[   939.2s] LR l2rest seed=1 task 30/50
[   971.9s] LR l2rest seed=1 task 31/50
[   990.4s] LR l2rest seed=1 task 32/50
[  1009.2s] LR l2rest seed=1 task 33/50
[  1030.8s] LR l2rest seed=1 task 34/50
[  1049.7s] LR l2rest seed=1 task 35/50
[  1071.5s] LR l2rest seed=1 task 36/50
[  1097.1s] LR l2rest seed=1 task 37/50
[  1115.2s] LR l2rest seed=1 task 38/50
[  1133.3s] LR l2rest seed=1 task 39/50
[  1151.3s] LR l2rest seed=1 task 40/50
[  1169.2s] LR l2rest seed=1 task 41/50
[  1186.9s] LR l2rest seed=1 task 42/50
[  1204.5s] LR l2rest seed=1 task 43/50
[  1222.3s] LR l2rest seed=1 task 44/50
[  1240.0s] LR l2rest seed=1 task 45/50
[  1257.7s] LR l2rest seed=1 task 46/50
[  1275.4s] LR l2rest seed=1 task 47/50
[  1293.2s] LR l2rest seed=1 task 48/50
[  1310.9s] LR l2rest seed=1 task 49/50
[  1328.7s] LR l2rest seed=1 task 50/50
[  1329.0s] done LR l2rest seed=1 tasks=50 1328.7s
wrote results/l2split_rlmnist_0914/runs/LR_l2rest_s1  (50 task rows, 306 layer rows, 1329.0s)
