[    18.1s] LR ref seed=0 task 1/50
[    66.4s] LR ref seed=0 task 2/50
[   129.3s] LR ref seed=0 task 3/50
[   194.8s] LR ref seed=0 task 4/50
[   221.4s] LR ref seed=0 task 5/50
[   246.0s] LR ref seed=0 task 6/50
[   268.4s] LR ref seed=0 task 7/50
[   290.8s] LR ref seed=0 task 8/50
[   314.3s] LR ref seed=0 task 9/50
[   369.9s] LR ref seed=0 task 10/50
[   429.3s] LR ref seed=0 task 11/50
[   456.7s] LR ref seed=0 task 12/50
[   482.8s] LR ref seed=0 task 13/50
[   509.0s] LR ref seed=0 task 14/50
[   533.9s] LR ref seed=0 task 15/50
[   558.6s] LR ref seed=0 task 16/50
[   583.2s] LR ref seed=0 task 17/50
[   609.0s] LR ref seed=0 task 18/50
[   638.4s] LR ref seed=0 task 19/50
[   659.8s] LR ref seed=0 task 20/50
[   680.2s] LR ref seed=0 task 21/50
[   701.0s] LR ref seed=0 task 22/50
[   723.2s] LR ref seed=0 task 23/50
[   745.3s] LR ref seed=0 task 24/50
[   804.7s] LR ref seed=0 task 25/50
[   878.8s] LR ref seed=0 task 26/50
[   950.2s] LR ref seed=0 task 27/50
[   997.3s] LR ref seed=0 task 28/50
[  1015.9s] LR ref seed=0 task 29/50
[  1037.2s] LR ref seed=0 task 30/50
[  1061.6s] LR ref seed=0 task 31/50
[  1078.1s] LR ref seed=0 task 32/50
[  1102.2s] LR ref seed=0 task 33/50
[  1119.5s] LR ref seed=0 task 34/50
[  1136.3s] LR ref seed=0 task 35/50
[  1152.7s] LR ref seed=0 task 36/50
[  1169.3s] LR ref seed=0 task 37/50
[  1185.9s] LR ref seed=0 task 38/50
[  1202.5s] LR ref seed=0 task 39/50
[  1219.2s] LR ref seed=0 task 40/50
[  1235.7s] LR ref seed=0 task 41/50
[  1251.4s] LR ref seed=0 task 42/50
[  1266.5s] LR ref seed=0 task 43/50
[  1281.8s] LR ref seed=0 task 44/50
[  1297.0s] LR ref seed=0 task 45/50
[  1312.1s] LR ref seed=0 task 46/50
[  1327.1s] LR ref seed=0 task 47/50
[  1342.2s] LR ref seed=0 task 48/50
[  1357.2s] LR ref seed=0 task 49/50
[  1372.2s] LR ref seed=0 task 50/50
[  1372.5s] done LR ref seed=0 tasks=50 1372.2s
wrote results/l2split_rlmnist_0914/runs/LR_ref_s0  (50 task rows, 306 layer rows, 1372.5s)
