[    20.7s] R l2rest seed=3 task 1/50
[    44.0s] R l2rest seed=3 task 2/50
[    71.6s] R l2rest seed=3 task 3/50
[    98.5s] R l2rest seed=3 task 4/50
[   126.8s] R l2rest seed=3 task 5/50
[   154.2s] R l2rest seed=3 task 6/50
[   181.5s] R l2rest seed=3 task 7/50
[   208.9s] R l2rest seed=3 task 8/50
[   236.4s] R l2rest seed=3 task 9/50
[   264.4s] R l2rest seed=3 task 10/50
[   293.3s] R l2rest seed=3 task 11/50
[   322.1s] R l2rest seed=3 task 12/50
[   351.1s] R l2rest seed=3 task 13/50
[   380.3s] R l2rest seed=3 task 14/50
[   410.4s] R l2rest seed=3 task 15/50
[   440.9s] R l2rest seed=3 task 16/50
[   469.5s] R l2rest seed=3 task 17/50
[   498.2s] R l2rest seed=3 task 18/50
[   527.7s] R l2rest seed=3 task 19/50
[   556.6s] R l2rest seed=3 task 20/50
[   586.5s] R l2rest seed=3 task 21/50
[   615.7s] R l2rest seed=3 task 22/50
[   645.2s] R l2rest seed=3 task 23/50
[   674.5s] R l2rest seed=3 task 24/50
[   704.1s] R l2rest seed=3 task 25/50
[   733.1s] R l2rest seed=3 task 26/50
[   762.4s] R l2rest seed=3 task 27/50
[   791.7s] R l2rest seed=3 task 28/50
[   820.8s] R l2rest seed=3 task 29/50
[   849.9s] R l2rest seed=3 task 30/50
[   879.2s] R l2rest seed=3 task 31/50
[   908.9s] R l2rest seed=3 task 32/50
[   938.2s] R l2rest seed=3 task 33/50
[   967.3s] R l2rest seed=3 task 34/50
[   996.5s] R l2rest seed=3 task 35/50
[  1025.6s] R l2rest seed=3 task 36/50
[  1055.0s] R l2rest seed=3 task 37/50
[  1083.9s] R l2rest seed=3 task 38/50
[  1113.8s] R l2rest seed=3 task 39/50
[  1143.2s] R l2rest seed=3 task 40/50
[  1172.9s] R l2rest seed=3 task 41/50
[  1202.5s] R l2rest seed=3 task 42/50
[  1232.3s] R l2rest seed=3 task 43/50
[  1262.1s] R l2rest seed=3 task 44/50
[  1292.4s] R l2rest seed=3 task 45/50
[  1322.3s] R l2rest seed=3 task 46/50
[  1352.9s] R l2rest seed=3 task 47/50
[  1383.7s] R l2rest seed=3 task 48/50
[  1414.4s] R l2rest seed=3 task 49/50
[  1444.9s] R l2rest seed=3 task 50/50
[  1445.1s] done R l2rest seed=3 tasks=50 1444.9s
wrote results/l2split_rlmnist_0914/runs/R_l2rest_s3  (50 task rows, 306 layer rows, 1445.1s)
