[    26.9s] R l2wt seed=2 task 1/50
[    52.2s] R l2wt seed=2 task 2/50
[    75.0s] R l2wt seed=2 task 3/50
[    93.5s] R l2wt seed=2 task 4/50
[   116.7s] R l2wt seed=2 task 5/50
[   137.8s] R l2wt seed=2 task 6/50
[   191.1s] R l2wt seed=2 task 7/50
[   249.3s] R l2wt seed=2 task 8/50
[   273.0s] R l2wt seed=2 task 9/50
[   290.9s] R l2wt seed=2 task 10/50
[   311.2s] R l2wt seed=2 task 11/50
[   344.4s] R l2wt seed=2 task 12/50
[   366.8s] R l2wt seed=2 task 13/50
[   386.0s] R l2wt seed=2 task 14/50
[   405.1s] R l2wt seed=2 task 15/50
[   424.1s] R l2wt seed=2 task 16/50
[   442.8s] R l2wt seed=2 task 17/50
[   461.6s] R l2wt seed=2 task 18/50
[   479.9s] R l2wt seed=2 task 19/50
[   498.1s] R l2wt seed=2 task 20/50
[   518.6s] R l2wt seed=2 task 21/50
[   536.7s] R l2wt seed=2 task 22/50
[   554.6s] R l2wt seed=2 task 23/50
[   574.5s] R l2wt seed=2 task 24/50
[   593.5s] R l2wt seed=2 task 25/50
[   612.4s] R l2wt seed=2 task 26/50
[   637.7s] R l2wt seed=2 task 27/50
[   658.2s] R l2wt seed=2 task 28/50
[   682.1s] R l2wt seed=2 task 29/50
[   727.0s] R l2wt seed=2 task 30/50
[   782.5s] R l2wt seed=2 task 31/50
[   837.5s] R l2wt seed=2 task 32/50
[   891.7s] R l2wt seed=2 task 33/50
[   946.0s] R l2wt seed=2 task 34/50
[  1000.3s] R l2wt seed=2 task 35/50
[  1054.6s] R l2wt seed=2 task 36/50
[  1099.6s] R l2wt seed=2 task 37/50
[  1116.9s] R l2wt seed=2 task 38/50
[  1134.3s] R l2wt seed=2 task 39/50
[  1151.6s] R l2wt seed=2 task 40/50
[  1168.9s] R l2wt seed=2 task 41/50
[  1186.1s] R l2wt seed=2 task 42/50
[  1202.8s] R l2wt seed=2 task 43/50
[  1219.7s] R l2wt seed=2 task 44/50
[  1237.2s] R l2wt seed=2 task 45/50
[  1254.2s] R l2wt seed=2 task 46/50
[  1271.2s] R l2wt seed=2 task 47/50
[  1288.2s] R l2wt seed=2 task 48/50
[  1305.1s] R l2wt seed=2 task 49/50
[  1322.3s] R l2wt seed=2 task 50/50
[  1322.6s] done R l2wt seed=2 tasks=50 1322.3s
wrote results/l2split_rlmnist_0914/runs/R_l2wt_s2  (50 task rows, 306 layer rows, 1322.7s)
