[    23.9s] R l2rest seed=2 task 1/50
[    49.9s] R l2rest seed=2 task 2/50
[    77.5s] R l2rest seed=2 task 3/50
[   118.4s] R l2rest seed=2 task 4/50
[   213.5s] R l2rest seed=2 task 5/50
[   251.9s] R l2rest seed=2 task 6/50
[   281.9s] R l2rest seed=2 task 7/50
[   311.7s] R l2rest seed=2 task 8/50
[   352.9s] R l2rest seed=2 task 9/50
[   398.2s] R l2rest seed=2 task 10/50
[   427.7s] R l2rest seed=2 task 11/50
[   458.3s] R l2rest seed=2 task 12/50
[   490.0s] R l2rest seed=2 task 13/50
[   523.5s] R l2rest seed=2 task 14/50
[   558.7s] R l2rest seed=2 task 15/50
[   595.3s] R l2rest seed=2 task 16/50
[   632.6s] R l2rest seed=2 task 17/50
[   721.3s] R l2rest seed=2 task 18/50
[   759.2s] R l2rest seed=2 task 19/50
[   797.4s] R l2rest seed=2 task 20/50
[   836.2s] R l2rest seed=2 task 21/50
[   875.6s] R l2rest seed=2 task 22/50
[   914.1s] R l2rest seed=2 task 23/50
[   952.2s] R l2rest seed=2 task 24/50
[   990.0s] R l2rest seed=2 task 25/50
[  1028.5s] R l2rest seed=2 task 26/50
[  1067.2s] R l2rest seed=2 task 27/50
[  1105.6s] R l2rest seed=2 task 28/50
[  1144.0s] R l2rest seed=2 task 29/50
[  1182.6s] R l2rest seed=2 task 30/50
[  1221.1s] R l2rest seed=2 task 31/50
[  1259.7s] R l2rest seed=2 task 32/50
[  1300.1s] R l2rest seed=2 task 33/50
[  1338.9s] R l2rest seed=2 task 34/50
[  1377.0s] R l2rest seed=2 task 35/50
[  1415.6s] R l2rest seed=2 task 36/50
[  1453.8s] R l2rest seed=2 task 37/50
[  1491.1s] R l2rest seed=2 task 38/50
[  1528.6s] R l2rest seed=2 task 39/50
[  1565.7s] R l2rest seed=2 task 40/50
[  1603.0s] R l2rest seed=2 task 41/50
[  1640.0s] R l2rest seed=2 task 42/50
[  1677.2s] R l2rest seed=2 task 43/50
[  1714.2s] R l2rest seed=2 task 44/50
[  1751.2s] R l2rest seed=2 task 45/50
[  1788.7s] R l2rest seed=2 task 46/50
[  1826.3s] R l2rest seed=2 task 47/50
[  1863.9s] R l2rest seed=2 task 48/50
[  1901.8s] R l2rest seed=2 task 49/50
[  1939.4s] R l2rest seed=2 task 50/50
[  1939.7s] done R l2rest seed=2 tasks=50 1939.4s
wrote results/l2split_rlmnist_0914/runs/R_l2rest_s2  (50 task rows, 306 layer rows, 1939.7s)
