[    20.1s] R l2rest seed=5 task 1/50
[    42.6s] R l2rest seed=5 task 2/50
[    68.8s] R l2rest seed=5 task 3/50
[    95.1s] R l2rest seed=5 task 4/50
[   121.3s] R l2rest seed=5 task 5/50
[   147.5s] R l2rest seed=5 task 6/50
[   173.6s] R l2rest seed=5 task 7/50
[   199.9s] R l2rest seed=5 task 8/50
[   226.5s] R l2rest seed=5 task 9/50
[   253.8s] R l2rest seed=5 task 10/50
[   281.3s] R l2rest seed=5 task 11/50
[   309.6s] R l2rest seed=5 task 12/50
[   338.6s] R l2rest seed=5 task 13/50
[   367.7s] R l2rest seed=5 task 14/50
[   398.0s] R l2rest seed=5 task 15/50
[   427.7s] R l2rest seed=5 task 16/50
[   457.4s] R l2rest seed=5 task 17/50
[   487.6s] R l2rest seed=5 task 18/50
[   518.4s] R l2rest seed=5 task 19/50
[   549.6s] R l2rest seed=5 task 20/50
[   580.7s] R l2rest seed=5 task 21/50
[   612.4s] R l2rest seed=5 task 22/50
[   644.6s] R l2rest seed=5 task 23/50
[   677.0s] R l2rest seed=5 task 24/50
[   709.8s] R l2rest seed=5 task 25/50
[   742.7s] R l2rest seed=5 task 26/50
[   775.8s] R l2rest seed=5 task 27/50
[   808.2s] R l2rest seed=5 task 28/50
[   841.3s] R l2rest seed=5 task 29/50
[   874.0s] R l2rest seed=5 task 30/50
[   906.7s] R l2rest seed=5 task 31/50
[   939.5s] R l2rest seed=5 task 32/50
[   972.3s] R l2rest seed=5 task 33/50
[  1005.2s] R l2rest seed=5 task 34/50
[  1038.6s] R l2rest seed=5 task 35/50
[  1072.3s] R l2rest seed=5 task 36/50
[  1105.6s] R l2rest seed=5 task 37/50
[  1139.0s] R l2rest seed=5 task 38/50
[  1172.3s] R l2rest seed=5 task 39/50
[  1205.5s] R l2rest seed=5 task 40/50
[  1238.5s] R l2rest seed=5 task 41/50
[  1271.5s] R l2rest seed=5 task 42/50
[  1304.4s] R l2rest seed=5 task 43/50
[  1337.4s] R l2rest seed=5 task 44/50
[  1370.3s] R l2rest seed=5 task 45/50
[  1403.4s] R l2rest seed=5 task 46/50
[  1436.5s] R l2rest seed=5 task 47/50
[  1470.0s] R l2rest seed=5 task 48/50
[  1503.5s] R l2rest seed=5 task 49/50
[  1536.7s] R l2rest seed=5 task 50/50
[  1536.9s] done R l2rest seed=5 tasks=50 1536.7s
wrote results/l2split_rlmnist_0914/runs/R_l2rest_s5  (50 task rows, 306 layer rows, 1536.9s)
