[    18.7s] R l2rest seed=6 task 1/50
[    39.7s] R l2rest seed=6 task 2/50
[    63.8s] R l2rest seed=6 task 3/50
[    88.8s] R l2rest seed=6 task 4/50
[   113.7s] R l2rest seed=6 task 5/50
[   138.5s] R l2rest seed=6 task 6/50
[   163.4s] R l2rest seed=6 task 7/50
[   188.2s] R l2rest seed=6 task 8/50
[   213.4s] R l2rest seed=6 task 9/50
[   239.3s] R l2rest seed=6 task 10/50
[   265.9s] R l2rest seed=6 task 11/50
[   292.5s] R l2rest seed=6 task 12/50
[   319.5s] R l2rest seed=6 task 13/50
[   346.6s] R l2rest seed=6 task 14/50
[   374.1s] R l2rest seed=6 task 15/50
[   401.0s] R l2rest seed=6 task 16/50
[   427.7s] R l2rest seed=6 task 17/50
[   454.5s] R l2rest seed=6 task 18/50
[   481.4s] R l2rest seed=6 task 19/50
[   508.4s] R l2rest seed=6 task 20/50
[   535.8s] R l2rest seed=6 task 21/50
[   563.4s] R l2rest seed=6 task 22/50
[   591.5s] R l2rest seed=6 task 23/50
[   619.6s] R l2rest seed=6 task 24/50
[   647.0s] R l2rest seed=6 task 25/50
[   674.6s] R l2rest seed=6 task 26/50
[   702.0s] R l2rest seed=6 task 27/50
[   729.3s] R l2rest seed=6 task 28/50
[   756.9s] R l2rest seed=6 task 29/50
[   784.3s] R l2rest seed=6 task 30/50
[   811.9s] R l2rest seed=6 task 31/50
[   839.7s] R l2rest seed=6 task 32/50
[   867.4s] R l2rest seed=6 task 33/50
[   895.0s] R l2rest seed=6 task 34/50
[   922.9s] R l2rest seed=6 task 35/50
[   950.8s] R l2rest seed=6 task 36/50
[   978.9s] R l2rest seed=6 task 37/50
[  1006.6s] R l2rest seed=6 task 38/50
[  1034.8s] R l2rest seed=6 task 39/50
[  1062.9s] R l2rest seed=6 task 40/50
[  1091.0s] R l2rest seed=6 task 41/50
[  1119.1s] R l2rest seed=6 task 42/50
[  1147.2s] R l2rest seed=6 task 43/50
[  1175.2s] R l2rest seed=6 task 44/50
[  1203.1s] R l2rest seed=6 task 45/50
[  1231.1s] R l2rest seed=6 task 46/50
[  1259.3s] R l2rest seed=6 task 47/50
[  1288.1s] R l2rest seed=6 task 48/50
[  1316.8s] R l2rest seed=6 task 49/50
[  1345.3s] R l2rest seed=6 task 50/50
[  1345.6s] done R l2rest seed=6 tasks=50 1345.3s
wrote results/l2split_rlmnist_0914/runs/R_l2rest_s6  (50 task rows, 306 layer rows, 1345.6s)
