[    19.3s] R l2rest seed=9 task 1/50
[    40.2s] R l2rest seed=9 task 2/50
[    63.6s] R l2rest seed=9 task 3/50
[    86.9s] R l2rest seed=9 task 4/50
[   109.8s] R l2rest seed=9 task 5/50
[   132.6s] R l2rest seed=9 task 6/50
[   155.3s] R l2rest seed=9 task 7/50
[   178.2s] R l2rest seed=9 task 8/50
[   201.1s] R l2rest seed=9 task 9/50
[   224.1s] R l2rest seed=9 task 10/50
[   246.9s] R l2rest seed=9 task 11/50
[   270.1s] R l2rest seed=9 task 12/50
[   293.7s] R l2rest seed=9 task 13/50
[   317.8s] R l2rest seed=9 task 14/50
[   342.2s] R l2rest seed=9 task 15/50
[   367.2s] R l2rest seed=9 task 16/50
[   392.1s] R l2rest seed=9 task 17/50
[   416.5s] R l2rest seed=9 task 18/50
[   440.5s] R l2rest seed=9 task 19/50
[   464.8s] R l2rest seed=9 task 20/50
[   489.2s] R l2rest seed=9 task 21/50
[   513.6s] R l2rest seed=9 task 22/50
[   538.0s] R l2rest seed=9 task 23/50
[   562.4s] R l2rest seed=9 task 24/50
[   587.1s] R l2rest seed=9 task 25/50
[   611.0s] R l2rest seed=9 task 26/50
[   634.9s] R l2rest seed=9 task 27/50
[   658.6s] R l2rest seed=9 task 28/50
[   682.3s] R l2rest seed=9 task 29/50
[   705.7s] R l2rest seed=9 task 30/50
[   729.2s] R l2rest seed=9 task 31/50
[   752.6s] R l2rest seed=9 task 32/50
[   775.8s] R l2rest seed=9 task 33/50
[   799.1s] R l2rest seed=9 task 34/50
[   822.4s] R l2rest seed=9 task 35/50
[   845.6s] R l2rest seed=9 task 36/50
[   869.1s] R l2rest seed=9 task 37/50
[   892.8s] R l2rest seed=9 task 38/50
[   916.6s] R l2rest seed=9 task 39/50
[   940.6s] R l2rest seed=9 task 40/50
[   964.5s] R l2rest seed=9 task 41/50
[   988.4s] R l2rest seed=9 task 42/50
[  1012.3s] R l2rest seed=9 task 43/50
[  1036.2s] R l2rest seed=9 task 44/50
[  1060.0s] R l2rest seed=9 task 45/50
[  1083.9s] R l2rest seed=9 task 46/50
[  1107.8s] R l2rest seed=9 task 47/50
[  1131.8s] R l2rest seed=9 task 48/50
[  1156.2s] R l2rest seed=9 task 49/50
[  1180.6s] R l2rest seed=9 task 50/50
[  1180.8s] done R l2rest seed=9 tasks=50 1180.6s
wrote results/l2split_rlmnist_0914/runs/R_l2rest_s9  (50 task rows, 306 layer rows, 1180.8s)
