[    33.5s] R l2rest seed=0 task 1/50
[   121.8s] R l2rest seed=0 task 2/50
[   199.0s] R l2rest seed=0 task 3/50
[   238.6s] R l2rest seed=0 task 4/50
[   279.0s] R l2rest seed=0 task 5/50
[   356.8s] R l2rest seed=0 task 6/50
[   408.5s] R l2rest seed=0 task 7/50
[   541.7s] R l2rest seed=0 task 8/50
[   586.2s] R l2rest seed=0 task 9/50
[   637.8s] R l2rest seed=0 task 10/50
[   684.6s] R l2rest seed=0 task 11/50
[   844.1s] R l2rest seed=0 task 12/50
[   897.0s] R l2rest seed=0 task 13/50
[   929.6s] R l2rest seed=0 task 14/50
[   963.5s] R l2rest seed=0 task 15/50
[   996.3s] R l2rest seed=0 task 16/50
[  1029.1s] R l2rest seed=0 task 17/50
[  1062.1s] R l2rest seed=0 task 18/50
[  1095.4s] R l2rest seed=0 task 19/50
[  1125.6s] R l2rest seed=0 task 20/50
[  1155.5s] R l2rest seed=0 task 21/50
[  1185.1s] R l2rest seed=0 task 22/50
[  1214.6s] R l2rest seed=0 task 23/50
[  1244.2s] R l2rest seed=0 task 24/50
[  1273.9s] R l2rest seed=0 task 25/50
[  1305.4s] R l2rest seed=0 task 26/50
[  1336.8s] R l2rest seed=0 task 27/50
[  1368.5s] R l2rest seed=0 task 28/50
[  1400.1s] R l2rest seed=0 task 29/50
[  1430.6s] R l2rest seed=0 task 30/50
[  1541.2s] R l2rest seed=0 task 31/50
[  1656.1s] R l2rest seed=0 task 32/50
[  1703.2s] R l2rest seed=0 task 33/50
[  1780.6s] R l2rest seed=0 task 34/50
[  1827.7s] R l2rest seed=0 task 35/50
[  1890.0s] R l2rest seed=0 task 36/50
[  1930.6s] R l2rest seed=0 task 37/50
[  1968.3s] R l2rest seed=0 task 38/50
[  2006.5s] R l2rest seed=0 task 39/50
[  2044.3s] R l2rest seed=0 task 40/50
[  2081.7s] R l2rest seed=0 task 41/50
[  2119.2s] R l2rest seed=0 task 42/50
[  2156.5s] R l2rest seed=0 task 43/50
[  2194.1s] R l2rest seed=0 task 44/50
[  2231.3s] R l2rest seed=0 task 45/50
[  2268.0s] R l2rest seed=0 task 46/50
[  2306.8s] R l2rest seed=0 task 47/50
[  2344.2s] R l2rest seed=0 task 48/50
[  2382.0s] R l2rest seed=0 task 49/50
[  2417.6s] R l2rest seed=0 task 50/50
[  2417.9s] done R l2rest seed=0 tasks=50 2417.6s
wrote results/l2split_rlmnist_0914/runs/R_l2rest_s0  (50 task rows, 306 layer rows, 2417.9s)
