[    18.7s] R l2rest seed=8 task 1/50
[    38.7s] R l2rest seed=8 task 2/50
[    60.1s] R l2rest seed=8 task 3/50
[    81.2s] R l2rest seed=8 task 4/50
[   102.0s] R l2rest seed=8 task 5/50
[   123.0s] R l2rest seed=8 task 6/50
[   143.9s] R l2rest seed=8 task 7/50
[   165.3s] R l2rest seed=8 task 8/50
[   186.9s] R l2rest seed=8 task 9/50
[   208.8s] R l2rest seed=8 task 10/50
[   231.5s] R l2rest seed=8 task 11/50
[   255.2s] R l2rest seed=8 task 12/50
[   279.7s] R l2rest seed=8 task 13/50
[   304.1s] R l2rest seed=8 task 14/50
[   328.7s] R l2rest seed=8 task 15/50
[   353.8s] R l2rest seed=8 task 16/50
[   379.4s] R l2rest seed=8 task 17/50
[   406.1s] R l2rest seed=8 task 18/50
[   432.9s] R l2rest seed=8 task 19/50
[   459.5s] R l2rest seed=8 task 20/50
[   486.1s] R l2rest seed=8 task 21/50
[   512.9s] R l2rest seed=8 task 22/50
[   539.9s] R l2rest seed=8 task 23/50
[   567.5s] R l2rest seed=8 task 24/50
[   594.9s] R l2rest seed=8 task 25/50
[   622.5s] R l2rest seed=8 task 26/50
[   650.0s] R l2rest seed=8 task 27/50
[   677.7s] R l2rest seed=8 task 28/50
[   705.8s] R l2rest seed=8 task 29/50
[   733.7s] R l2rest seed=8 task 30/50
[   762.3s] R l2rest seed=8 task 31/50
[   791.2s] R l2rest seed=8 task 32/50
[   820.3s] R l2rest seed=8 task 33/50
[   849.6s] R l2rest seed=8 task 34/50
[   879.5s] R l2rest seed=8 task 35/50
[   909.7s] R l2rest seed=8 task 36/50
[   939.6s] R l2rest seed=8 task 37/50
[   969.2s] R l2rest seed=8 task 38/50
[   999.1s] R l2rest seed=8 task 39/50
[  1028.6s] R l2rest seed=8 task 40/50
[  1058.3s] R l2rest seed=8 task 41/50
[  1088.1s] R l2rest seed=8 task 42/50
[  1116.4s] R l2rest seed=8 task 43/50
[  1144.9s] R l2rest seed=8 task 44/50
[  1174.3s] R l2rest seed=8 task 45/50
[  1203.9s] R l2rest seed=8 task 46/50
[  1233.3s] R l2rest seed=8 task 47/50
[  1262.4s] R l2rest seed=8 task 48/50
[  1291.2s] R l2rest seed=8 task 49/50
[  1319.4s] R l2rest seed=8 task 50/50
[  1319.7s] done R l2rest seed=8 tasks=50 1319.4s
wrote results/l2split_rlmnist_0914/runs/R_l2rest_s8  (50 task rows, 306 layer rows, 1319.7s)
