[    19.9s] R l2wt seed=1 task 1/50
[    40.6s] R l2wt seed=1 task 2/50
[    73.0s] R l2wt seed=1 task 3/50
[    92.6s] R l2wt seed=1 task 4/50
[   112.5s] R l2wt seed=1 task 5/50
[   132.0s] R l2wt seed=1 task 6/50
[   153.8s] R l2wt seed=1 task 7/50
[   173.7s] R l2wt seed=1 task 8/50
[   193.5s] R l2wt seed=1 task 9/50
[   218.4s] R l2wt seed=1 task 10/50
[   236.7s] R l2wt seed=1 task 11/50
[   255.2s] R l2wt seed=1 task 12/50
[   273.6s] R l2wt seed=1 task 13/50
[   291.1s] R l2wt seed=1 task 14/50
[   307.9s] R l2wt seed=1 task 15/50
[   324.3s] R l2wt seed=1 task 16/50
[   348.0s] R l2wt seed=1 task 17/50
[   366.9s] R l2wt seed=1 task 18/50
[   386.8s] R l2wt seed=1 task 19/50
[   416.4s] R l2wt seed=1 task 20/50
[   438.6s] R l2wt seed=1 task 21/50
[   457.0s] R l2wt seed=1 task 22/50
[   479.1s] R l2wt seed=1 task 23/50
[   499.4s] R l2wt seed=1 task 24/50
[   523.5s] R l2wt seed=1 task 25/50
[   543.0s] R l2wt seed=1 task 26/50
[   561.9s] R l2wt seed=1 task 27/50
[   581.0s] R l2wt seed=1 task 28/50
[   599.7s] R l2wt seed=1 task 29/50
[   619.9s] R l2wt seed=1 task 30/50
[   640.1s] R l2wt seed=1 task 31/50
[   659.0s] R l2wt seed=1 task 32/50
[   686.4s] R l2wt seed=1 task 33/50
[   714.6s] R l2wt seed=1 task 34/50
[   737.1s] R l2wt seed=1 task 35/50
[   756.1s] R l2wt seed=1 task 36/50
[   778.3s] R l2wt seed=1 task 37/50
[   797.1s] R l2wt seed=1 task 38/50
[   815.6s] R l2wt seed=1 task 39/50
[   836.0s] R l2wt seed=1 task 40/50
[   858.1s] R l2wt seed=1 task 41/50
[   877.7s] R l2wt seed=1 task 42/50
[   897.9s] R l2wt seed=1 task 43/50
[   918.2s] R l2wt seed=1 task 44/50
[   946.2s] R l2wt seed=1 task 45/50
[  1003.0s] R l2wt seed=1 task 46/50
[  1063.8s] R l2wt seed=1 task 47/50
[  1124.8s] R l2wt seed=1 task 48/50
[  1185.8s] R l2wt seed=1 task 49/50
[  1246.4s] R l2wt seed=1 task 50/50
[  1246.8s] done R l2wt seed=1 tasks=50 1246.4s
wrote results/l2split_rlmnist_0914/runs/R_l2wt_s1  (50 task rows, 306 layer rows, 1246.8s)
