[    64.6s] R l2 seed=0 task 1/50
[   265.1s] R l2 seed=0 task 2/50
[   343.8s] R l2 seed=0 task 3/50
[   424.6s] R l2 seed=0 task 4/50
[   508.2s] R l2 seed=0 task 5/50
[   617.0s] R l2 seed=0 task 6/50
[   698.1s] R l2 seed=0 task 7/50
[   783.4s] R l2 seed=0 task 8/50
[   869.9s] R l2 seed=0 task 9/50
[   993.7s] R l2 seed=0 task 10/50
[  1081.2s] R l2 seed=0 task 11/50
[  1147.4s] R l2 seed=0 task 12/50
[  1208.4s] R l2 seed=0 task 13/50
[  1268.9s] R l2 seed=0 task 14/50
[  1325.7s] R l2 seed=0 task 15/50
[  1381.5s] R l2 seed=0 task 16/50
[  1436.8s] R l2 seed=0 task 17/50
[  1494.8s] R l2 seed=0 task 18/50
[  1552.0s] R l2 seed=0 task 19/50
[  1613.8s] R l2 seed=0 task 20/50
[  1701.3s] R l2 seed=0 task 21/50
[  1770.1s] R l2 seed=0 task 22/50
[  1838.3s] R l2 seed=0 task 23/50
[  1906.6s] R l2 seed=0 task 24/50
[  1975.2s] R l2 seed=0 task 25/50
[  2043.8s] R l2 seed=0 task 26/50
[  2201.4s] R l2 seed=0 task 27/50
[  2346.6s] R l2 seed=0 task 28/50
[  2574.0s] R l2 seed=0 task 29/50
[  2637.4s] R l2 seed=0 task 30/50
[  2713.9s] R l2 seed=0 task 31/50
[  2784.6s] R l2 seed=0 task 32/50
[  2855.3s] R l2 seed=0 task 33/50
[  2980.8s] R l2 seed=0 task 34/50
[  3051.0s] R l2 seed=0 task 35/50
[  3130.0s] R l2 seed=0 task 36/50
[  3210.7s] R l2 seed=0 task 37/50
[  3281.2s] R l2 seed=0 task 38/50
[  3345.3s] R l2 seed=0 task 39/50
[  3410.2s] R l2 seed=0 task 40/50
[  3475.5s] R l2 seed=0 task 41/50
[  3540.0s] R l2 seed=0 task 42/50
[  3605.0s] R l2 seed=0 task 43/50
[  3673.6s] R l2 seed=0 task 44/50
[  3759.6s] R l2 seed=0 task 45/50
[  3833.6s] R l2 seed=0 task 46/50
[  3899.0s] R l2 seed=0 task 47/50
[  3980.2s] R l2 seed=0 task 48/50
[  4047.2s] R l2 seed=0 task 49/50
[  4140.1s] R l2 seed=0 task 50/50
[  4140.3s] done R l2 seed=0 tasks=50 4140.1s
wrote results/l2split_rlmnist_0914/runs/R_l2_s0  (50 task rows, 306 layer rows, 4140.3s)
