[    20.7s] R l2rest seed=4 task 1/50
[    43.8s] R l2rest seed=4 task 2/50
[    71.2s] R l2rest seed=4 task 3/50
[    99.3s] R l2rest seed=4 task 4/50
[   127.5s] R l2rest seed=4 task 5/50
[   155.8s] R l2rest seed=4 task 6/50
[   183.9s] R l2rest seed=4 task 7/50
[   212.0s] R l2rest seed=4 task 8/50
[   240.4s] R l2rest seed=4 task 9/50
[   269.3s] R l2rest seed=4 task 10/50
[   298.8s] R l2rest seed=4 task 11/50
[   328.7s] R l2rest seed=4 task 12/50
[   358.5s] R l2rest seed=4 task 13/50
[   388.7s] R l2rest seed=4 task 14/50
[   419.1s] R l2rest seed=4 task 15/50
[   449.5s] R l2rest seed=4 task 16/50
[   480.1s] R l2rest seed=4 task 17/50
[   510.7s] R l2rest seed=4 task 18/50
[   541.5s] R l2rest seed=4 task 19/50
[   572.1s] R l2rest seed=4 task 20/50
[   603.4s] R l2rest seed=4 task 21/50
[   634.6s] R l2rest seed=4 task 22/50
[   666.0s] R l2rest seed=4 task 23/50
[   697.7s] R l2rest seed=4 task 24/50
[   729.6s] R l2rest seed=4 task 25/50
[   761.3s] R l2rest seed=4 task 26/50
[   793.4s] R l2rest seed=4 task 27/50
[   825.1s] R l2rest seed=4 task 28/50
[   856.5s] R l2rest seed=4 task 29/50
[   887.5s] R l2rest seed=4 task 30/50
[   918.4s] R l2rest seed=4 task 31/50
[   949.9s] R l2rest seed=4 task 32/50
[   981.7s] R l2rest seed=4 task 33/50
[  1013.3s] R l2rest seed=4 task 34/50
[  1044.9s] R l2rest seed=4 task 35/50
[  1076.9s] R l2rest seed=4 task 36/50
[  1108.9s] R l2rest seed=4 task 37/50
[  1140.6s] R l2rest seed=4 task 38/50
[  1172.3s] R l2rest seed=4 task 39/50
[  1204.1s] R l2rest seed=4 task 40/50
[  1236.0s] R l2rest seed=4 task 41/50
[  1267.8s] R l2rest seed=4 task 42/50
[  1299.5s] R l2rest seed=4 task 43/50
[  1331.2s] R l2rest seed=4 task 44/50
[  1362.6s] R l2rest seed=4 task 45/50
[  1393.5s] R l2rest seed=4 task 46/50
[  1425.1s] R l2rest seed=4 task 47/50
[  1456.7s] R l2rest seed=4 task 48/50
[  1488.8s] R l2rest seed=4 task 49/50
[  1520.7s] R l2rest seed=4 task 50/50
[  1521.0s] done R l2rest seed=4 tasks=50 1520.7s
wrote results/l2split_rlmnist_0914/runs/R_l2rest_s4  (50 task rows, 306 layer rows, 1521.0s)
