[    19.1s] R l2rest seed=7 task 1/50
[    39.8s] R l2rest seed=7 task 2/50
[    63.2s] R l2rest seed=7 task 3/50
[    87.0s] R l2rest seed=7 task 4/50
[   110.5s] R l2rest seed=7 task 5/50
[   134.1s] R l2rest seed=7 task 6/50
[   157.8s] R l2rest seed=7 task 7/50
[   181.3s] R l2rest seed=7 task 8/50
[   205.9s] R l2rest seed=7 task 9/50
[   231.3s] R l2rest seed=7 task 10/50
[   257.5s] R l2rest seed=7 task 11/50
[   283.8s] R l2rest seed=7 task 12/50
[   310.3s] R l2rest seed=7 task 13/50
[   336.9s] R l2rest seed=7 task 14/50
[   363.4s] R l2rest seed=7 task 15/50
[   390.5s] R l2rest seed=7 task 16/50
[   418.0s] R l2rest seed=7 task 17/50
[   446.1s] R l2rest seed=7 task 18/50
[   474.6s] R l2rest seed=7 task 19/50
[   503.3s] R l2rest seed=7 task 20/50
[   532.3s] R l2rest seed=7 task 21/50
[   561.5s] R l2rest seed=7 task 22/50
[   591.0s] R l2rest seed=7 task 23/50
[   620.9s] R l2rest seed=7 task 24/50
[   650.8s] R l2rest seed=7 task 25/50
[   680.8s] R l2rest seed=7 task 26/50
[   711.4s] R l2rest seed=7 task 27/50
[   742.2s] R l2rest seed=7 task 28/50
[   773.2s] R l2rest seed=7 task 29/50
[   804.1s] R l2rest seed=7 task 30/50
[   835.2s] R l2rest seed=7 task 31/50
[   866.2s] R l2rest seed=7 task 32/50
[   897.1s] R l2rest seed=7 task 33/50
[   927.8s] R l2rest seed=7 task 34/50
[   958.9s] R l2rest seed=7 task 35/50
[   989.4s] R l2rest seed=7 task 36/50
[  1019.9s] R l2rest seed=7 task 37/50
[  1050.5s] R l2rest seed=7 task 38/50
[  1081.3s] R l2rest seed=7 task 39/50
[  1112.5s] R l2rest seed=7 task 40/50
[  1144.1s] R l2rest seed=7 task 41/50
[  1175.5s] R l2rest seed=7 task 42/50
[  1206.7s] R l2rest seed=7 task 43/50
[  1237.8s] R l2rest seed=7 task 44/50
[  1269.3s] R l2rest seed=7 task 45/50
[  1300.9s] R l2rest seed=7 task 46/50
[  1332.2s] R l2rest seed=7 task 47/50
[  1363.8s] R l2rest seed=7 task 48/50
[  1396.3s] R l2rest seed=7 task 49/50
[  1428.6s] R l2rest seed=7 task 50/50
[  1428.8s] done R l2rest seed=7 tasks=50 1428.6s
wrote results/l2split_rlmnist_0914/runs/R_l2rest_s7  (50 task rows, 306 layer rows, 1428.8s)
