[    56.2s] R l2rest seed=1 task 1/50
[    78.7s] R l2rest seed=1 task 2/50
[   104.8s] R l2rest seed=1 task 3/50
[   134.4s] R l2rest seed=1 task 4/50
[   164.0s] R l2rest seed=1 task 5/50
[   193.6s] R l2rest seed=1 task 6/50
[   225.7s] R l2rest seed=1 task 7/50
[   269.4s] R l2rest seed=1 task 8/50
[   309.2s] R l2rest seed=1 task 9/50
[   341.8s] R l2rest seed=1 task 10/50
[   374.2s] R l2rest seed=1 task 11/50
[   406.7s] R l2rest seed=1 task 12/50
[   440.2s] R l2rest seed=1 task 13/50
[   474.5s] R l2rest seed=1 task 14/50
[   520.2s] R l2rest seed=1 task 15/50
[   554.4s] R l2rest seed=1 task 16/50
[   601.6s] R l2rest seed=1 task 17/50
[   648.1s] R l2rest seed=1 task 18/50
[   682.3s] R l2rest seed=1 task 19/50
[   716.6s] R l2rest seed=1 task 20/50
[   752.5s] R l2rest seed=1 task 21/50
[   797.8s] R l2rest seed=1 task 22/50
[   844.3s] R l2rest seed=1 task 23/50
[   883.4s] R l2rest seed=1 task 24/50
[   917.0s] R l2rest seed=1 task 25/50
[   989.1s] R l2rest seed=1 task 26/50
[  1022.7s] R l2rest seed=1 task 27/50
[  1056.1s] R l2rest seed=1 task 28/50
[  1091.9s] R l2rest seed=1 task 29/50
[  1126.5s] R l2rest seed=1 task 30/50
[  1159.8s] R l2rest seed=1 task 31/50
[  1193.2s] R l2rest seed=1 task 32/50
[  1226.5s] R l2rest seed=1 task 33/50
[  1267.5s] R l2rest seed=1 task 34/50
[  1340.4s] R l2rest seed=1 task 35/50
[  1403.2s] R l2rest seed=1 task 36/50
[  1453.1s] R l2rest seed=1 task 37/50
[  1488.1s] R l2rest seed=1 task 38/50
[  1520.8s] R l2rest seed=1 task 39/50
[  1555.7s] R l2rest seed=1 task 40/50
[  1591.0s] R l2rest seed=1 task 41/50
[  1625.8s] R l2rest seed=1 task 42/50
[  1675.0s] R l2rest seed=1 task 43/50
[  1717.4s] R l2rest seed=1 task 44/50
[  1767.0s] R l2rest seed=1 task 45/50
[  1800.3s] R l2rest seed=1 task 46/50
[  1833.8s] R l2rest seed=1 task 47/50
[  1868.6s] R l2rest seed=1 task 48/50
[  1902.3s] R l2rest seed=1 task 49/50
[  1936.3s] R l2rest seed=1 task 50/50
[  1936.6s] done R l2rest seed=1 tasks=50 1936.3s
wrote results/l2split_rlmnist_0914/runs/R_l2rest_s1  (50 task rows, 306 layer rows, 1936.6s)
