[    24.7s] R l2wt seed=0 task 1/50
[    47.1s] R l2wt seed=0 task 2/50
[    74.8s] R l2wt seed=0 task 3/50
[    96.6s] R l2wt seed=0 task 4/50
[   121.5s] R l2wt seed=0 task 5/50
[   155.6s] R l2wt seed=0 task 6/50
[   179.8s] R l2wt seed=0 task 7/50
[   202.6s] R l2wt seed=0 task 8/50
[   226.7s] R l2wt seed=0 task 9/50
[   298.2s] R l2wt seed=0 task 10/50
[   325.1s] R l2wt seed=0 task 11/50
[   349.5s] R l2wt seed=0 task 12/50
[   399.0s] R l2wt seed=0 task 13/50
[   437.3s] R l2wt seed=0 task 14/50
[   465.2s] R l2wt seed=0 task 15/50
[   493.6s] R l2wt seed=0 task 16/50
[   520.7s] R l2wt seed=0 task 17/50
[   548.6s] R l2wt seed=0 task 18/50
[   583.8s] R l2wt seed=0 task 19/50
[   635.5s] R l2wt seed=0 task 20/50
[   687.8s] R l2wt seed=0 task 21/50
[   770.6s] R l2wt seed=0 task 22/50
[   853.3s] R l2wt seed=0 task 23/50
[   932.8s] R l2wt seed=0 task 24/50
[   974.0s] R l2wt seed=0 task 25/50
[   992.0s] R l2wt seed=0 task 26/50
[  1009.3s] R l2wt seed=0 task 27/50
[  1026.6s] R l2wt seed=0 task 28/50
[  1044.5s] R l2wt seed=0 task 29/50
[  1062.1s] R l2wt seed=0 task 30/50
[  1079.4s] R l2wt seed=0 task 31/50
[  1096.8s] R l2wt seed=0 task 32/50
[  1114.2s] R l2wt seed=0 task 33/50
[  1132.2s] R l2wt seed=0 task 34/50
[  1150.2s] R l2wt seed=0 task 35/50
[  1168.0s] R l2wt seed=0 task 36/50
[  1185.7s] R l2wt seed=0 task 37/50
[  1202.3s] R l2wt seed=0 task 38/50
[  1218.7s] R l2wt seed=0 task 39/50
[  1235.2s] R l2wt seed=0 task 40/50
[  1251.6s] R l2wt seed=0 task 41/50
[  1267.9s] R l2wt seed=0 task 42/50
[  1284.2s] R l2wt seed=0 task 43/50
[  1300.3s] R l2wt seed=0 task 44/50
[  1316.5s] R l2wt seed=0 task 45/50
[  1332.4s] R l2wt seed=0 task 46/50
[  1348.5s] R l2wt seed=0 task 47/50
[  1365.0s] R l2wt seed=0 task 48/50
[  1382.2s] R l2wt seed=0 task 49/50
[  1399.2s] R l2wt seed=0 task 50/50
[  1400.2s] done R l2wt seed=0 tasks=50 1399.2s
wrote results/l2split_rlmnist_0914/runs/R_l2wt_s0  (50 task rows, 306 layer rows, 1400.2s)
