[    23.3s] R ref seed=0 task 1/50
[    59.8s] R ref seed=0 task 2/50
[   144.8s] R ref seed=0 task 3/50
[   288.1s] R ref seed=0 task 4/50
[   431.7s] R ref seed=0 task 5/50
[   667.8s] R ref seed=0 task 6/50
[   871.8s] R ref seed=0 task 7/50
[   959.9s] R ref seed=0 task 8/50
[  1045.0s] R ref seed=0 task 9/50
[  1117.7s] R ref seed=0 task 10/50
[  1188.7s] R ref seed=0 task 11/50
[  1259.6s] R ref seed=0 task 12/50
[  1326.7s] R ref seed=0 task 13/50
[  1390.6s] R ref seed=0 task 14/50
[  1454.2s] R ref seed=0 task 15/50
[  1520.9s] R ref seed=0 task 16/50
[  1587.2s] R ref seed=0 task 17/50
[  1659.8s] R ref seed=0 task 18/50
[  1738.3s] R ref seed=0 task 19/50
[  1817.5s] R ref seed=0 task 20/50
[  1896.0s] R ref seed=0 task 21/50
[  1975.0s] R ref seed=0 task 22/50
[  2053.4s] R ref seed=0 task 23/50
[  2131.8s] R ref seed=0 task 24/50
[  2210.3s] R ref seed=0 task 25/50
[  2288.2s] R ref seed=0 task 26/50
[  2366.4s] R ref seed=0 task 27/50
[  2443.9s] R ref seed=0 task 28/50
[  2521.1s] R ref seed=0 task 29/50
[  2597.0s] R ref seed=0 task 30/50
[  2668.7s] R ref seed=0 task 31/50
[  2738.3s] R ref seed=0 task 32/50
[  2818.7s] R ref seed=0 task 33/50
[  2892.7s] R ref seed=0 task 34/50
[  2967.1s] R ref seed=0 task 35/50
[  3062.3s] R ref seed=0 task 36/50
[  3140.4s] R ref seed=0 task 37/50
[  3214.0s] R ref seed=0 task 38/50
[  3294.2s] R ref seed=0 task 39/50
[  3375.7s] R ref seed=0 task 40/50
[  3449.7s] R ref seed=0 task 41/50
[  3524.2s] R ref seed=0 task 42/50
[  3598.3s] R ref seed=0 task 43/50
[  3672.1s] R ref seed=0 task 44/50
[  3752.4s] R ref seed=0 task 45/50
[  3825.9s] R ref seed=0 task 46/50
[  3899.8s] R ref seed=0 task 47/50
[  3973.4s] R ref seed=0 task 48/50
[  4047.2s] R ref seed=0 task 49/50
[  4128.6s] R ref seed=0 task 50/50
[  4128.9s] done R ref seed=0 tasks=50 4128.6s
wrote results/l2split_rlmnist_0914/runs/R_ref_s0  (50 task rows, 306 layer rows, 4128.9s)
