{
  "device": "cpu",
  "sha_t2": {
    "run1": "eba601feb0a688520a514055021efa4dca0d792485d80da79f33a4178ccf8478",
    "run2": "eba601feb0a688520a514055021efa4dca0d792485d80da79f33a4178ccf8478",
    "ctl_twin": "1d21f8a5d5cc54274d69c4f564273eff4e7cd28fb1a9414751d484eee6f578e2"
  },
  "sha_excl_b1_0_t2": {
    "run1": "d206c0217ab0a6bfa080b28a2ea9c6af75e78370d76e51135e63d8c30d4fda42",
    "run2": "d206c0217ab0a6bfa080b28a2ea9c6af75e78370d76e51135e63d8c30d4fda42",
    "ctl_twin": "d93dcb5fa414d26ac2dd7ec5644f7f085c00a53fde7983eb8fb3d0a65bfdea7b"
  },
  "determinism": {
    "pass_": true
  },
  "control_twin_b1_0": {
    "perturbed": "LRtw0: b1[0] + 1e-6",
    "compared": "sha256 of params with b1[0] set to 0 (S18b)",
    "full_sha_differs": true,
    "fails_as_required": true
  },
  "pass_": true
}
