[01:46:50] launch rl_LR_s0_cpu pid=9337 child=9338 pgid=9337 (running 1/J=8, avail 123.9 GiB)
[01:46:50] launch rl_LR_s1_cpu pid=9339 child=9340 pgid=9339 (running 2/J=8, avail 123.8 GiB)
[01:46:50] launch rl_LR_s2_cpu pid=9341 child=9342 pgid=9341 (running 3/J=8, avail 123.8 GiB)
[01:46:50] launch rl_ELU1_s0_cpu pid=9343 child=9344 pgid=9343 (running 4/J=8, avail 123.7 GiB)
[01:46:50] launch rl_ELU1_s1_cpu pid=9345 child=9346 pgid=9345 (running 5/J=8, avail 123.6 GiB)
[01:46:50] launch rl_ELU1_s2_cpu pid=9347 child=9348 pgid=9347 (running 6/J=8, avail 123.4 GiB)
[01:46:50] launch rl_SMAXH_s0_cpu pid=9349 child=9350 pgid=9349 (running 7/J=8, avail 123.2 GiB)
[01:46:50] launch rl_SMAXH_s1_cpu pid=9351 child=9352 pgid=9351 (running 8/J=8, avail 123.0 GiB)
[02:11:21] exit rl_LR_s0_cpu rc=0 wall=1471s peak=1096252.0
[02:11:21] exit rl_LR_s1_cpu rc=0 wall=1471s peak=1089532.0
[02:11:21] exit rl_LR_s2_cpu rc=0 wall=1471s peak=1096892.0
[02:11:21] launch rl_SMAXH_s2_cpu pid=14096 child=14097 pgid=14096 (running 6/J=8, avail 120.8 GiB)
[02:11:21] launch rl_SMINH_s0_cpu pid=14098 child=14099 pgid=14098 (running 7/J=8, avail 120.8 GiB)
[02:11:21] launch rl_SMINH_s1_cpu pid=14100 child=14101 pgid=14100 (running 8/J=8, avail 120.8 GiB)
[02:16:06] exit rl_SMAXH_s1_cpu rc=0 wall=1756s peak=1096660.0
[02:16:06] launch rl_SMINH_s2_cpu pid=15066 child=15067 pgid=15066 (running 8/J=8, avail 119.7 GiB)
[02:16:11] exit rl_SMAXH_s0_cpu rc=0 wall=1761s peak=1096904.0
[02:16:11] launch rl_LRtw0_s0_cpu pid=15086 child=15087 pgid=15086 (running 8/J=8, avail 119.5 GiB)
[02:34:12] exit rl_ELU1_s2_cpu rc=0 wall=2842s peak=1096712.0
[02:34:12] launch rl_LRtw0_s1_cpu pid=18637 child=18638 pgid=18637 (running 8/J=8, avail 119.7 GiB)
[02:34:57] exit rl_ELU1_s0_cpu rc=0 wall=2887s peak=1089168.0
[02:34:57] launch rl_LRtw0_s2_cpu pid=18818 child=18819 pgid=18818 (running 8/J=8, avail 119.7 GiB)
[02:37:32] exit rl_ELU1_s1_cpu rc=0 wall=3042s peak=1096808.0
[02:40:37] exit rl_LRtw0_s0_cpu rc=0 wall=1466s peak=1096708.0
[02:41:02] exit rl_SMAXH_s2_cpu rc=0 wall=1782s peak=1096888.0
[02:53:43] exit rl_SMINH_s1_cpu rc=0 wall=2542s peak=1096868.0
[02:53:58] exit rl_SMINH_s0_cpu rc=0 wall=2557s peak=1096864.0
[02:58:43] exit rl_LRtw0_s1_cpu rc=0 wall=1471s peak=1089548.0
[02:59:18] exit rl_LRtw0_s2_cpu rc=0 wall=1461s peak=1097080.0
[03:01:28] exit rl_SMINH_s2_cpu rc=0 wall=2722s peak=1089496.0
[03:01:30] launch rl_merge_LR pid=24076 child=24077 pgid=24076 (running 1/J=2, avail 123.8 GiB)
[03:01:30] launch rl_merge_ELU1 pid=24078 child=24079 pgid=24078 (running 2/J=2, avail 123.8 GiB)
[03:01:35] exit rl_merge_LR rc=0 wall=5s peak=636944.0
[03:01:35] exit rl_merge_ELU1 rc=0 wall=5s peak=637224.0
[03:01:35] launch rl_merge_SMAXH pid=24082 child=24083 pgid=24082 (running 1/J=2, avail 123.7 GiB)
[03:01:35] launch rl_merge_SMINH pid=24084 child=24085 pgid=24084 (running 2/J=2, avail 123.7 GiB)
[03:01:40] exit rl_merge_SMAXH rc=0 wall=5s peak=636936.0
[03:01:40] exit rl_merge_SMINH rc=0 wall=5s peak=637396.0
[03:01:41] launch rl_merge_LRtw0 pid=24088 child=24089 pgid=24088 (running 1/J=2, avail 123.7 GiB)
[03:01:46] exit rl_merge_LRtw0 rc=0 wall=5s peak=636988.0
