[    4.5s] f64_felu s0 task 1: online 0.7921 zbar2 +0.3 zero2 0.000
[    8.9s] f64_felu s0 task 2: online 0.7673 zbar2 -0.2 zero2 0.000
[   13.3s] f64_felu s0 task 3: online 0.7638 zbar2 -1.6 zero2 0.000
[   17.7s] f64_felu s0 task 4: online 0.6896 zbar2 -5.6 zero2 0.000
[   22.1s] f64_felu s0 task 5: online 0.5396 zbar2 -12.9 zero2 0.000
[   26.7s] f64_felu s0 task 6: online 0.3139 zbar2 -24.3 zero2 0.000
[   31.6s] f64_felu s0 task 7: online 0.2514 zbar2 -32.1 zero2 0.000
[   36.4s] f64_felu s0 task 8: online 0.1728 zbar2 -42.5 zero2 0.000
[   41.2s] f64_felu s0 task 9: online 0.1687 zbar2 -47.4 zero2 0.000
[   46.0s] f64_felu s0 task 10: online 0.1346 zbar2 -58.2 zero2 0.000
[   50.8s] f64_felu s0 task 11: online 0.1227 zbar2 -68.0 zero2 0.000
[   55.7s] f64_felu s0 task 12: online 0.1312 zbar2 -77.3 zero2 0.000
[   60.4s] f64_felu s0 task 13: online 0.1216 zbar2 -85.1 zero2 0.000
[   65.0s] f64_felu s0 task 14: online 0.1196 zbar2 -93.0 zero2 0.000
[   69.8s] f64_felu s0 task 15: online 0.1151 zbar2 -98.3 zero2 0.000
[   74.7s] f64_felu s0 task 16: online 0.1090 zbar2 -104.5 zero2 0.000
[   79.9s] f64_felu s0 task 17: online 0.1074 zbar2 -112.1 zero2 0.000
[   84.9s] f64_felu s0 task 18: online 0.1043 zbar2 -114.6 zero2 0.000
[   89.9s] f64_felu s0 task 19: online 0.1055 zbar2 -119.8 zero2 0.000
[   95.0s] f64_felu s0 task 20: online 0.1052 zbar2 -119.0 zero2 0.000
[  100.2s] f64_felu s0 task 21: online 0.1012 zbar2 -123.5 zero2 0.000
[  105.2s] f64_felu s0 task 22: online 0.1024 zbar2 -129.4 zero2 0.000
wrote results/respdyn_ee_0917/nat/f64_felu_s0 (22 tasks, 105.2s)
