[    4.7s] f64_felu s9 task 1: online 0.8062 zbar2 +0.4 zero2 0.000
[    9.2s] f64_felu s9 task 2: online 0.7804 zbar2 -0.4 zero2 0.000
[   13.7s] f64_felu s9 task 3: online 0.7716 zbar2 -1.8 zero2 0.000
[   18.3s] f64_felu s9 task 4: online 0.7476 zbar2 -6.7 zero2 0.000
[   23.1s] f64_felu s9 task 5: online 0.5652 zbar2 -12.0 zero2 0.000
[   27.7s] f64_felu s9 task 6: online 0.3672 zbar2 -21.6 zero2 0.000
[   32.3s] f64_felu s9 task 7: online 0.2572 zbar2 -30.6 zero2 0.000
[   37.0s] f64_felu s9 task 8: online 0.1932 zbar2 -39.7 zero2 0.000
[   41.7s] f64_felu s9 task 9: online 0.1340 zbar2 -57.7 zero2 0.000
[   46.4s] f64_felu s9 task 10: online 0.1016 zbar2 -71.4 zero2 0.000
[   51.2s] f64_felu s9 task 11: online 0.1130 zbar2 -75.0 zero2 0.000
[   55.9s] f64_felu s9 task 12: online 0.1229 zbar2 -74.8 zero2 0.000
[   60.6s] f64_felu s9 task 13: online 0.1180 zbar2 -77.6 zero2 0.000
[   65.3s] f64_felu s9 task 14: online 0.1044 zbar2 -89.6 zero2 0.000
[   70.0s] f64_felu s9 task 15: online 0.1024 zbar2 -98.1 zero2 0.000
[   74.5s] f64_felu s9 task 16: online 0.0995 zbar2 -104.5 zero2 0.000
[   79.0s] f64_felu s9 task 17: online 0.1015 zbar2 -103.1 zero2 0.000
[   83.4s] f64_felu s9 task 18: online 0.1085 zbar2 -103.1 zero2 0.000
[   87.8s] f64_felu s9 task 19: online 0.1171 zbar2 -102.7 zero2 0.000
[   92.2s] f64_felu s9 task 20: online 0.1105 zbar2 -110.2 zero2 0.000
[   96.8s] f64_felu s9 task 21: online 0.1092 zbar2 -123.1 zero2 0.000
[  101.4s] f64_felu s9 task 22: online 0.1051 zbar2 -123.9 zero2 0.000
wrote results/respdyn_ee_0917/nat/f64_felu_s9 (22 tasks, 101.4s)
