[    4.8s] f64_felu s8 task 1: online 0.8084 zbar2 +0.0 zero2 0.000
[    9.5s] f64_felu s8 task 2: online 0.7544 zbar2 -0.6 zero2 0.000
[   14.2s] f64_felu s8 task 3: online 0.7529 zbar2 -0.9 zero2 0.000
[   18.9s] f64_felu s8 task 4: online 0.8035 zbar2 -2.3 zero2 0.000
[   23.6s] f64_felu s8 task 5: online 0.7247 zbar2 -6.1 zero2 0.000
[   28.5s] f64_felu s8 task 6: online 0.6216 zbar2 -11.9 zero2 0.000
[   33.2s] f64_felu s8 task 7: online 0.3675 zbar2 -20.6 zero2 0.000
[   37.8s] f64_felu s8 task 8: online 0.2453 zbar2 -30.2 zero2 0.000
[   42.6s] f64_felu s8 task 9: online 0.2235 zbar2 -37.0 zero2 0.000
[   47.2s] f64_felu s8 task 10: online 0.1626 zbar2 -47.2 zero2 0.000
[   51.7s] f64_felu s8 task 11: online 0.1460 zbar2 -55.2 zero2 0.000
[   56.1s] f64_felu s8 task 12: online 0.1154 zbar2 -68.6 zero2 0.000
[   60.6s] f64_felu s8 task 13: online 0.1278 zbar2 -71.3 zero2 0.000
[   65.1s] f64_felu s8 task 14: online 0.1057 zbar2 -82.8 zero2 0.000
[   74.7s] f64_felu s8 task 15: online 0.1055 zbar2 -82.4 zero2 0.000
[   80.1s] f64_felu s8 task 16: online 0.1215 zbar2 -86.1 zero2 0.000
[   84.9s] f64_felu s8 task 17: online 0.1049 zbar2 -93.1 zero2 0.000
[   89.7s] f64_felu s8 task 18: online 0.1039 zbar2 -96.3 zero2 0.000
[   94.5s] f64_felu s8 task 19: online 0.0996 zbar2 -104.2 zero2 0.000
[   99.3s] f64_felu s8 task 20: online 0.1124 zbar2 -102.9 zero2 0.000
[  104.0s] f64_felu s8 task 21: online 0.1111 zbar2 -104.3 zero2 0.000
[  108.7s] f64_felu s8 task 22: online 0.1013 zbar2 -114.1 zero2 0.000
wrote results/respdyn_ee_0917/nat/f64_felu_s8 (22 tasks, 108.7s)
