[    5.0s] f64_felu s6 task 1: online 0.7878 zbar2 +0.3 zero2 0.000
[   10.0s] f64_felu s6 task 2: online 0.7778 zbar2 +0.2 zero2 0.000
[   15.2s] f64_felu s6 task 3: online 0.7721 zbar2 -0.7 zero2 0.000
[   20.2s] f64_felu s6 task 4: online 0.7439 zbar2 -2.8 zero2 0.000
[   25.0s] f64_felu s6 task 5: online 0.7221 zbar2 -4.6 zero2 0.000
[   29.9s] f64_felu s6 task 6: online 0.7024 zbar2 -6.4 zero2 0.000
[   34.9s] f64_felu s6 task 7: online 0.5617 zbar2 -13.0 zero2 0.000
[   39.8s] f64_felu s6 task 8: online 0.4380 zbar2 -17.7 zero2 0.000
[   44.9s] f64_felu s6 task 9: online 0.3404 zbar2 -23.8 zero2 0.000
[   50.0s] f64_felu s6 task 10: online 0.2353 zbar2 -32.5 zero2 0.000
[   55.0s] f64_felu s6 task 11: online 0.2037 zbar2 -38.8 zero2 0.000
[   60.0s] f64_felu s6 task 12: online 0.1356 zbar2 -49.4 zero2 0.000
[   65.1s] f64_felu s6 task 13: online 0.1334 zbar2 -56.9 zero2 0.000
[   70.0s] f64_felu s6 task 14: online 0.1308 zbar2 -60.8 zero2 0.000
[   75.1s] f64_felu s6 task 15: online 0.1166 zbar2 -66.4 zero2 0.000
[   79.9s] f64_felu s6 task 16: online 0.1071 zbar2 -76.7 zero2 0.000
[   85.1s] f64_felu s6 task 17: online 0.1021 zbar2 -85.1 zero2 0.000
[   89.9s] f64_felu s6 task 18: online 0.1225 zbar2 -78.8 zero2 0.000
[   94.9s] f64_felu s6 task 19: online 0.1295 zbar2 -82.0 zero2 0.000
[   99.8s] f64_felu s6 task 20: online 0.1203 zbar2 -86.7 zero2 0.000
[  104.7s] f64_felu s6 task 21: online 0.1358 zbar2 -89.6 zero2 0.000
[  109.7s] f64_felu s6 task 22: online 0.1009 zbar2 -95.5 zero2 0.000
wrote results/respdyn_ee_0917/nat/f64_felu_s6 (22 tasks, 109.7s)
