[     3.7s] seed=0 prefix task 1/22 online 0.7915
[     7.3s] seed=0 prefix task 2/22 online 0.7690
[    10.9s] seed=0 prefix task 3/22 online 0.7931
[    14.5s] seed=0 prefix task 4/22 online 0.7400
[    18.1s] seed=0 prefix task 5/22 online 0.6830
[    21.8s] seed=0 prefix task 6/22 online 0.5035
[    25.4s] seed=0 prefix task 7/22 online 0.2808
[    29.2s] seed=0 prefix task 8/22 online 0.2398
[    32.9s] seed=0 prefix task 9/22 online 0.1631
[    36.6s] seed=0 prefix task 10/22 online 0.1313
[    40.3s] seed=0 prefix task 11/22 online 0.1273
[    43.9s] seed=0 prefix task 12/22 online 0.1220
[    47.4s] seed=0 prefix task 13/22 online 0.1117
[    51.3s] seed=0 prefix task 14/22 online 0.1134
[    55.1s] seed=0 prefix task 15/22 online 0.1098
[    59.0s] seed=0 prefix task 16/22 online 0.1098
[    63.1s] seed=0 prefix task 17/22 online 0.1081
[    67.3s] seed=0 prefix task 18/22 online 0.1004
[    71.6s] seed=0 prefix task 19/22 online 0.1023
[    75.9s] seed=0 prefix task 20/22 online 0.1058
[    80.2s] seed=0 prefix task 21/22 online 0.0994
[    84.8s] seed=0 prefix task 22/22 online 0.1012
[    50.9s] seed=0 arm S2dyn_10r: t3 0.2839 t4 0.3230
[    58.0s] seed=0 arm R2dyn_10: t11 0.7643 t12 0.5794
[    10.2s] seed=0 arm S2ramp_r: t3 0.6285 t4 0.5336
[    61.6s] seed=0 arm S2dyn_5r: t3 0.6016 t4 0.4968
[    65.9s] seed=0 arm S2dyn_20r: t3 0.2126 t4 0.2318
[     8.1s] seed=0 arm R2_10_noanchor: t11 0.4329 t12 0.3233
[     9.6s] seed=0 arm S2_5r: t3 0.7808 t4 0.9004
[     9.6s] seed=0 arm S2_7r: t3 0.6334 t4 0.6856
[     9.6s] seed=0 arm S2_10r: t3 0.4130 t4 0.4175
[     9.6s] seed=0 arm S2_15r: t3 0.2899 t4 0.2835
[     9.5s] seed=0 arm S2_20r: t3 0.2670 t4 0.2787
[     9.4s] seed=0 arm S2_10: t3 0.3534 t4 0.4047
[     9.4s] seed=0 arm S2u5r: t3 0.6492 t4 0.7932
[     9.4s] seed=0 arm S2u10r: t3 0.6640 t4 0.6950
[     9.3s] seed=0 arm S2u15r: t3 0.6182 t4 0.6170
[     9.3s] seed=0 arm S2u20r: t3 0.5429 t4 0.6099
[    10.5s] seed=0 arm S2u30r: t3 0.2076 t4 0.2228
[     9.9s] seed=0 arm S1u20r: t3 0.4278 t4 0.6533
[    10.0s] seed=0 arm R2_5: t6 0.9130 t7 0.9138
[    16.4s] seed=0 arm R2_7: t8 0.9101 t9 0.8918
[    25.5s] seed=0 arm R2_10: t11 0.8930 t12 0.8786
[     9.7s] seed=0 arm R2_15: t16 0.8629 t17 0.8362
[     9.5s] seed=0 arm R2_20: t21 0.8583 t22 0.8279
[     9.6s] seed=0 arm R2_10r: t11 0.9117 t12 0.9009
[     7.8s] seed=0 arm N2r: t3 0.7196 t4 0.7417
[     7.9s] seed=0 arm N10r: t11 0.1785 t12 0.1359
[     7.8s] seed=0 arm N2: t3 0.7931 t4 0.7400
[     8.3s] seed=0 arm N5: t6 0.5035 t7 0.2808
[     8.0s] seed=0 arm N7: t8 0.2398 t9 0.1631
[     7.7s] seed=0 arm N10: t11 0.1273 t12 0.1220
[     8.5s] seed=0 arm N15: t16 0.1098 t17 0.1081
[     8.9s] seed=0 arm N20: t21 0.0994 t22 0.1012
wrote results/respdyn_ee_0917/runs/s0  (22 prefix rows, 64 arm rows, 600.5s)
