[     3.8s] seed=1 prefix task 1/22 online 0.7876
[     7.5s] seed=1 prefix task 2/22 online 0.7458
[    11.3s] seed=1 prefix task 3/22 online 0.7910
[    14.9s] seed=1 prefix task 4/22 online 0.7735
[    18.5s] seed=1 prefix task 5/22 online 0.7064
[    22.1s] seed=1 prefix task 6/22 online 0.6181
[    25.7s] seed=1 prefix task 7/22 online 0.3631
[    29.5s] seed=1 prefix task 8/22 online 0.3412
[    33.2s] seed=1 prefix task 9/22 online 0.1791
[    36.9s] seed=1 prefix task 10/22 online 0.1836
[    40.6s] seed=1 prefix task 11/22 online 0.1571
[    44.4s] seed=1 prefix task 12/22 online 0.1280
[    48.2s] seed=1 prefix task 13/22 online 0.1284
[    52.2s] seed=1 prefix task 14/22 online 0.1168
[    56.1s] seed=1 prefix task 15/22 online 0.1223
[    60.1s] seed=1 prefix task 16/22 online 0.1144
[    64.1s] seed=1 prefix task 17/22 online 0.1124
[    68.2s] seed=1 prefix task 18/22 online 0.1110
[    72.3s] seed=1 prefix task 19/22 online 0.1186
[    76.4s] seed=1 prefix task 20/22 online 0.1030
[    80.5s] seed=1 prefix task 21/22 online 0.1013
[    84.8s] seed=1 prefix task 22/22 online 0.1044
[    53.7s] seed=1 arm S2dyn_10r: t3 0.3627 t4 0.3477
[    57.7s] seed=1 arm R2dyn_10: t11 0.7383 t12 0.5976
[     9.9s] seed=1 arm S2ramp_r: t3 0.4513 t4 0.5339
[    61.4s] seed=1 arm S2dyn_5r: t3 0.6973 t4 0.5631
[    59.6s] seed=1 arm S2dyn_20r: t3 0.2207 t4 0.2382
[     8.2s] seed=1 arm R2_10_noanchor: t11 0.5183 t12 0.3422
[     9.8s] seed=1 arm S2_5r: t3 0.7829 t4 0.9029
[     9.9s] seed=1 arm S2_7r: t3 0.7050 t4 0.7801
[    10.0s] seed=1 arm S2_10r: t3 0.5058 t4 0.5035
[     9.9s] seed=1 arm S2_15r: t3 0.3224 t4 0.3070
[    10.1s] seed=1 arm S2_20r: t3 0.2704 t4 0.2659
[     9.8s] seed=1 arm S2_10: t3 0.4765 t4 0.5189
[     9.7s] seed=1 arm S2u5r: t3 0.5995 t4 0.8318
[     9.8s] seed=1 arm S2u10r: t3 0.6491 t4 0.7449
[     9.9s] seed=1 arm S2u15r: t3 0.6129 t4 0.6906
[     9.8s] seed=1 arm S2u20r: t3 0.4734 t4 0.5917
[    10.6s] seed=1 arm S2u30r: t3 0.2121 t4 0.2211
[     9.9s] seed=1 arm S1u20r: t3 0.4079 t4 0.6124
[     9.5s] seed=1 arm R2_5: t6 0.9228 t7 0.9100
[     9.6s] seed=1 arm R2_7: t8 0.9288 t9 0.9158
[     9.5s] seed=1 arm R2_10: t11 0.9030 t12 0.8839
[     9.6s] seed=1 arm R2_15: t16 0.8535 t17 0.8227
[     9.6s] seed=1 arm R2_20: t21 0.8327 t22 0.8167
[     9.9s] seed=1 arm R2_10r: t11 0.9193 t12 0.9117
[     8.2s] seed=1 arm N2r: t3 0.7157 t4 0.7495
[    10.0s] seed=1 arm N10r: t11 0.1718 t12 0.1324
[     9.5s] seed=1 arm N2: t3 0.7910 t4 0.7735
[     7.8s] seed=1 arm N5: t6 0.6181 t7 0.3631
[     7.7s] seed=1 arm N7: t8 0.3412 t9 0.1791
[     7.8s] seed=1 arm N10: t11 0.1571 t12 0.1280
[     8.1s] seed=1 arm N15: t16 0.1144 t17 0.1124
[     8.6s] seed=1 arm N20: t21 0.1013 t22 0.1044
wrote results/respdyn_ee_0917/runs/s1  (22 prefix rows, 64 arm rows, 580.0s)
