[     3.8s] seed=2 prefix task 1/22 online 0.7992
[     7.5s] seed=2 prefix task 2/22 online 0.7609
[    11.1s] seed=2 prefix task 3/22 online 0.7843
[    14.7s] seed=2 prefix task 4/22 online 0.7390
[    18.3s] seed=2 prefix task 5/22 online 0.7037
[    22.0s] seed=2 prefix task 6/22 online 0.5772
[    25.6s] seed=2 prefix task 7/22 online 0.3327
[    29.3s] seed=2 prefix task 8/22 online 0.2416
[    33.0s] seed=2 prefix task 9/22 online 0.1752
[    36.6s] seed=2 prefix task 10/22 online 0.1417
[    40.3s] seed=2 prefix task 11/22 online 0.1314
[    44.0s] seed=2 prefix task 12/22 online 0.1340
[    47.7s] seed=2 prefix task 13/22 online 0.1219
[    51.4s] seed=2 prefix task 14/22 online 0.1245
[    55.2s] seed=2 prefix task 15/22 online 0.1131
[    59.1s] seed=2 prefix task 16/22 online 0.1204
[    63.0s] seed=2 prefix task 17/22 online 0.1201
[    66.9s] seed=2 prefix task 18/22 online 0.1091
[    70.9s] seed=2 prefix task 19/22 online 0.1122
[    74.9s] seed=2 prefix task 20/22 online 0.1139
[    78.8s] seed=2 prefix task 21/22 online 0.1074
[    82.9s] seed=2 prefix task 22/22 online 0.1106
[    56.8s] seed=2 arm S2dyn_10r: t3 0.3278 t4 0.2951
[    57.6s] seed=2 arm R2dyn_10: t11 0.7446 t12 0.6084
[     9.8s] seed=2 arm S2ramp_r: t3 0.6081 t4 0.4717
[    60.8s] seed=2 arm S2dyn_5r: t3 0.6820 t4 0.5681
[    56.3s] seed=2 arm S2dyn_20r: t3 0.2331 t4 0.2774
[     7.9s] seed=2 arm R2_10_noanchor: t11 0.3904 t12 0.3011
[     9.4s] seed=2 arm S2_5r: t3 0.7836 t4 0.8951
[     9.4s] seed=2 arm S2_7r: t3 0.6964 t4 0.7981
[     9.4s] seed=2 arm S2_10r: t3 0.4186 t4 0.4228
[     9.3s] seed=2 arm S2_15r: t3 0.3331 t4 0.3394
[     9.4s] seed=2 arm S2_20r: t3 0.2695 t4 0.3089
[     9.4s] seed=2 arm S2_10: t3 0.3527 t4 0.3895
[     9.4s] seed=2 arm S2u5r: t3 0.6593 t4 0.8151
[     9.3s] seed=2 arm S2u10r: t3 0.6938 t4 0.7697
[     9.3s] seed=2 arm S2u15r: t3 0.6106 t4 0.6546
[     9.2s] seed=2 arm S2u20r: t3 0.5324 t4 0.5679
[    10.3s] seed=2 arm S2u30r: t3 0.2168 t4 0.2136
[     9.9s] seed=2 arm S1u20r: t3 0.4249 t4 0.6234
[     9.6s] seed=2 arm R2_5: t6 0.9101 t7 0.8971
[     9.5s] seed=2 arm R2_7: t8 0.9142 t9 0.9013
[     9.4s] seed=2 arm R2_10: t11 0.8990 t12 0.8841
[     9.4s] seed=2 arm R2_15: t16 0.8654 t17 0.8385
[     9.4s] seed=2 arm R2_20: t21 0.8380 t22 0.8098
[     9.5s] seed=2 arm R2_10r: t11 0.9071 t12 0.9045
[     7.8s] seed=2 arm N2r: t3 0.7224 t4 0.7221
[     7.7s] seed=2 arm N10r: t11 0.1622 t12 0.1342
[     7.8s] seed=2 arm N2: t3 0.7843 t4 0.7390
[     7.7s] seed=2 arm N5: t6 0.5772 t7 0.3327
[     7.7s] seed=2 arm N7: t8 0.2416 t9 0.1752
[     7.7s] seed=2 arm N10: t11 0.1314 t12 0.1340
[    10.3s] seed=2 arm N15: t16 0.1204 t17 0.1201
[     8.0s] seed=2 arm N20: t21 0.1074 t22 0.1106
wrote results/respdyn_ee_0917/runs/s2  (22 prefix rows, 64 arm rows, 567.7s)
