[    10.7s] seed=3 prefix task 1/22 online 0.7920
[    15.1s] seed=3 prefix task 2/22 online 0.7828
[    18.9s] seed=3 prefix task 3/22 online 0.7810
[    22.6s] seed=3 prefix task 4/22 online 0.7724
[    26.4s] seed=3 prefix task 5/22 online 0.6951
[    30.1s] seed=3 prefix task 6/22 online 0.5435
[    33.8s] seed=3 prefix task 7/22 online 0.2991
[    37.7s] seed=3 prefix task 8/22 online 0.1836
[    41.6s] seed=3 prefix task 9/22 online 0.1950
[    45.5s] seed=3 prefix task 10/22 online 0.1561
[    49.2s] seed=3 prefix task 11/22 online 0.1242
[    53.0s] seed=3 prefix task 12/22 online 0.1313
[    56.8s] seed=3 prefix task 13/22 online 0.1468
[    60.6s] seed=3 prefix task 14/22 online 0.1241
[    64.5s] seed=3 prefix task 15/22 online 0.1179
[    68.4s] seed=3 prefix task 16/22 online 0.1018
[    72.5s] seed=3 prefix task 17/22 online 0.1042
[    76.6s] seed=3 prefix task 18/22 online 0.1142
[    80.9s] seed=3 prefix task 19/22 online 0.1045
[    85.4s] seed=3 prefix task 20/22 online 0.1034
[    90.1s] seed=3 prefix task 21/22 online 0.1015
[    94.8s] seed=3 prefix task 22/22 online 0.1031
[    58.3s] seed=3 arm S2dyn_10r: t3 0.3092 t4 0.2824
[    59.8s] seed=3 arm R2dyn_10: t11 0.7709 t12 0.5810
[    10.0s] seed=3 arm S2ramp_r: t3 0.5318 t4 0.5081
[    58.2s] seed=3 arm S2dyn_5r: t3 0.6683 t4 0.5180
[    52.3s] seed=3 arm S2dyn_20r: t3 0.2401 t4 0.2251
[     7.9s] seed=3 arm R2_10_noanchor: t11 0.3899 t12 0.2916
[     9.7s] seed=3 arm S2_5r: t3 0.7853 t4 0.8915
[     9.4s] seed=3 arm S2_7r: t3 0.6698 t4 0.7293
[     9.3s] seed=3 arm S2_10r: t3 0.4791 t4 0.4843
[     9.4s] seed=3 arm S2_15r: t3 0.3272 t4 0.2933
[     9.5s] seed=3 arm S2_20r: t3 0.2550 t4 0.2434
[     9.4s] seed=3 arm S2_10: t3 0.4001 t4 0.4382
[     9.6s] seed=3 arm S2u5r: t3 0.6187 t4 0.8232
[     9.8s] seed=3 arm S2u10r: t3 0.6496 t4 0.7264
[     9.8s] seed=3 arm S2u15r: t3 0.6090 t4 0.5934
[     9.4s] seed=3 arm S2u20r: t3 0.5857 t4 0.6022
[    10.5s] seed=3 arm S2u30r: t3 0.2213 t4 0.2257
[     9.9s] seed=3 arm S1u20r: t3 0.4317 t4 0.5762
[     9.6s] seed=3 arm R2_5: t6 0.9198 t7 0.9224
[     9.5s] seed=3 arm R2_7: t8 0.9138 t9 0.9053
[     9.4s] seed=3 arm R2_10: t11 0.9065 t12 0.8756
[     9.4s] seed=3 arm R2_15: t16 0.8652 t17 0.8323
[     9.5s] seed=3 arm R2_20: t21 0.8152 t22 0.7642
[     9.6s] seed=3 arm R2_10r: t11 0.9218 t12 0.8956
[     8.1s] seed=3 arm N2r: t3 0.7356 t4 0.7633
[     8.0s] seed=3 arm N10r: t11 0.1605 t12 0.1324
[     7.9s] seed=3 arm N2: t3 0.7810 t4 0.7724
[     7.6s] seed=3 arm N5: t6 0.5435 t7 0.2991
[     7.7s] seed=3 arm N7: t8 0.1836 t9 0.1950
[     7.5s] seed=3 arm N10: t11 0.1242 t12 0.1313
[     7.9s] seed=3 arm N15: t16 0.1018 t17 0.1042
[     8.9s] seed=3 arm N20: t21 0.1015 t22 0.1031
wrote results/respdyn_ee_0917/runs/s3  (22 prefix rows, 64 arm rows, 578.0s)
