[     3.8s] seed=4 prefix task 1/22 online 0.7929
[     7.4s] seed=4 prefix task 2/22 online 0.7380
[    11.1s] seed=4 prefix task 3/22 online 0.7599
[    14.7s] seed=4 prefix task 4/22 online 0.7111
[    18.2s] seed=4 prefix task 5/22 online 0.7005
[    21.7s] seed=4 prefix task 6/22 online 0.5376
[    25.2s] seed=4 prefix task 7/22 online 0.3229
[    28.8s] seed=4 prefix task 8/22 online 0.2557
[    32.4s] seed=4 prefix task 9/22 online 0.1941
[    36.0s] seed=4 prefix task 10/22 online 0.1582
[    39.6s] seed=4 prefix task 11/22 online 0.1177
[    43.2s] seed=4 prefix task 12/22 online 0.1117
[    46.7s] seed=4 prefix task 13/22 online 0.1153
[    50.3s] seed=4 prefix task 14/22 online 0.1200
[    54.0s] seed=4 prefix task 15/22 online 0.1123
[    57.8s] seed=4 prefix task 16/22 online 0.1126
[    61.6s] seed=4 prefix task 17/22 online 0.1107
[    65.6s] seed=4 prefix task 18/22 online 0.1073
[    69.6s] seed=4 prefix task 19/22 online 0.1041
[    73.7s] seed=4 prefix task 20/22 online 0.1037
[    77.9s] seed=4 prefix task 21/22 online 0.1107
[    82.1s] seed=4 prefix task 22/22 online 0.1084
[    49.2s] seed=4 arm S2dyn_10r: t3 0.2902 t4 0.3048
[    56.3s] seed=4 arm R2dyn_10: t11 0.7411 t12 0.5988
[     9.9s] seed=4 arm S2ramp_r: t3 0.6646 t4 0.5743
[    61.5s] seed=4 arm S2dyn_5r: t3 0.6903 t4 0.5597
[    62.2s] seed=4 arm S2dyn_20r: t3 0.2506 t4 0.2664
[     8.1s] seed=4 arm R2_10_noanchor: t11 0.4749 t12 0.3331
[     9.7s] seed=4 arm S2_5r: t3 0.7909 t4 0.9002
[    10.0s] seed=4 arm S2_7r: t3 0.6770 t4 0.7585
[     9.6s] seed=4 arm S2_10r: t3 0.4803 t4 0.4344
[     9.8s] seed=4 arm S2_15r: t3 0.3468 t4 0.2990
[    12.3s] seed=4 arm S2_20r: t3 0.2392 t4 0.2652
[     9.8s] seed=4 arm S2_10: t3 0.3448 t4 0.4280
[     9.6s] seed=4 arm S2u5r: t3 0.6827 t4 0.8181
[     9.6s] seed=4 arm S2u10r: t3 0.6977 t4 0.7217
[     9.6s] seed=4 arm S2u15r: t3 0.6459 t4 0.6564
[     9.5s] seed=4 arm S2u20r: t3 0.5986 t4 0.5889
[    11.1s] seed=4 arm S2u30r: t3 0.2028 t4 0.2356
[    10.3s] seed=4 arm S1u20r: t3 0.3981 t4 0.5988
[     9.7s] seed=4 arm R2_5: t6 0.9104 t7 0.9019
[     9.4s] seed=4 arm R2_7: t8 0.9225 t9 0.9090
[     9.7s] seed=4 arm R2_10: t11 0.8914 t12 0.8789
[     9.9s] seed=4 arm R2_15: t16 0.8820 t17 0.8472
[     9.7s] seed=4 arm R2_20: t21 0.8409 t22 0.8154
[     9.5s] seed=4 arm R2_10r: t11 0.9052 t12 0.9147
[     7.7s] seed=4 arm N2r: t3 0.7174 t4 0.7370
[     7.7s] seed=4 arm N10r: t11 0.1415 t12 0.1361
[     7.7s] seed=4 arm N2: t3 0.7599 t4 0.7111
[     7.6s] seed=4 arm N5: t6 0.5376 t7 0.3229
[     7.6s] seed=4 arm N7: t8 0.2557 t9 0.1941
[     7.8s] seed=4 arm N10: t11 0.1177 t12 0.1117
[     8.2s] seed=4 arm N15: t16 0.1126 t17 0.1107
[     8.7s] seed=4 arm N20: t21 0.1107 t22 0.1084
wrote results/respdyn_ee_0917/runs/s4  (22 prefix rows, 64 arm rows, 571.4s)
