[     3.9s] seed=5 prefix task 1/22 online 0.8077
[     7.7s] seed=5 prefix task 2/22 online 0.7662
[    11.5s] seed=5 prefix task 3/22 online 0.7735
[    15.2s] seed=5 prefix task 4/22 online 0.6666
[    18.9s] seed=5 prefix task 5/22 online 0.4263
[    22.6s] seed=5 prefix task 6/22 online 0.3244
[    26.3s] seed=5 prefix task 7/22 online 0.1716
[    30.0s] seed=5 prefix task 8/22 online 0.1698
[    33.7s] seed=5 prefix task 9/22 online 0.1411
[    37.4s] seed=5 prefix task 10/22 online 0.1229
[    41.1s] seed=5 prefix task 11/22 online 0.1144
[    44.8s] seed=5 prefix task 12/22 online 0.1080
[    48.5s] seed=5 prefix task 13/22 online 0.1102
[    52.4s] seed=5 prefix task 14/22 online 0.1029
[    56.5s] seed=5 prefix task 15/22 online 0.1048
[    60.7s] seed=5 prefix task 16/22 online 0.0998
[    65.0s] seed=5 prefix task 17/22 online 0.0967
[    69.6s] seed=5 prefix task 18/22 online 0.1010
[    74.5s] seed=5 prefix task 19/22 online 0.1051
[    79.4s] seed=5 prefix task 20/22 online 0.1077
[    84.2s] seed=5 prefix task 21/22 online 0.1066
[    89.0s] seed=5 prefix task 22/22 online 0.1033
[    55.1s] seed=5 arm S2dyn_10r: t3 0.2575 t4 0.2753
[    61.1s] seed=5 arm R2dyn_10: t11 0.6673 t12 0.4228
[    10.1s] seed=5 arm S2ramp_r: t3 0.6055 t4 0.5617
[    60.5s] seed=5 arm S2dyn_5r: t3 0.4913 t4 0.4416
[    61.1s] seed=5 arm S2dyn_20r: t3 0.2325 t4 0.2256
[     9.1s] seed=5 arm R2_10_noanchor: t11 0.1718 t12 0.1544
[    20.0s] seed=5 arm S2_5r: t3 0.7549 t4 0.8657
[    25.9s] seed=5 arm S2_7r: t3 0.5693 t4 0.5938
[    14.5s] seed=5 arm S2_10r: t3 0.3270 t4 0.3649
[     9.5s] seed=5 arm S2_15r: t3 0.2516 t4 0.2878
[     9.8s] seed=5 arm S2_20r: t3 0.2428 t4 0.2338
[    24.5s] seed=5 arm S2_10: t3 0.2994 t4 0.3297
[     9.7s] seed=5 arm S2u5r: t3 0.6463 t4 0.7776
[     9.7s] seed=5 arm S2u10r: t3 0.6758 t4 0.7437
[     9.5s] seed=5 arm S2u15r: t3 0.6512 t4 0.6447
[     9.7s] seed=5 arm S2u20r: t3 0.5617 t4 0.6039
[    10.9s] seed=5 arm S2u30r: t3 0.2138 t4 0.2252
[    10.1s] seed=5 arm S1u20r: t3 0.5087 t4 0.7339
[     9.8s] seed=5 arm R2_5: t6 0.9137 t7 0.9023
[     9.8s] seed=5 arm R2_7: t8 0.8993 t9 0.8612
[     9.5s] seed=5 arm R2_10: t11 0.8700 t12 0.8263
[     9.4s] seed=5 arm R2_15: t16 0.7999 t17 0.7163
[     9.4s] seed=5 arm R2_20: t21 0.7091 t22 0.4399
[     9.6s] seed=5 arm R2_10r: t11 0.9066 t12 0.8673
[     7.7s] seed=5 arm N2r: t3 0.7053 t4 0.6600
[     8.0s] seed=5 arm N10r: t11 0.1546 t12 0.1183
[     8.1s] seed=5 arm N2: t3 0.7735 t4 0.6666
[     7.9s] seed=5 arm N5: t6 0.3244 t7 0.1716
[     7.7s] seed=5 arm N7: t8 0.1698 t9 0.1411
[     7.7s] seed=5 arm N10: t11 0.1144 t12 0.1080
[     8.5s] seed=5 arm N15: t16 0.0998 t17 0.0967
[     9.4s] seed=5 arm N20: t21 0.1066 t22 0.1033
wrote results/respdyn_ee_0917/runs/s5  (22 prefix rows, 64 arm rows, 632.5s)
