[     4.7s] seed=6 prefix task 1/22 online 0.7884
[     8.5s] seed=6 prefix task 2/22 online 0.7672
[    12.1s] seed=6 prefix task 3/22 online 0.7656
[    15.8s] seed=6 prefix task 4/22 online 0.7531
[    19.5s] seed=6 prefix task 5/22 online 0.6994
[    23.2s] seed=6 prefix task 6/22 online 0.6510
[    26.9s] seed=6 prefix task 7/22 online 0.5050
[    30.6s] seed=6 prefix task 8/22 online 0.4007
[    34.4s] seed=6 prefix task 9/22 online 0.2721
[    38.2s] seed=6 prefix task 10/22 online 0.2219
[    42.0s] seed=6 prefix task 11/22 online 0.1928
[    45.7s] seed=6 prefix task 12/22 online 0.1271
[    49.5s] seed=6 prefix task 13/22 online 0.1388
[    53.3s] seed=6 prefix task 14/22 online 0.1325
[    57.4s] seed=6 prefix task 15/22 online 0.1071
[    61.3s] seed=6 prefix task 16/22 online 0.1062
[    65.4s] seed=6 prefix task 17/22 online 0.1072
[    69.6s] seed=6 prefix task 18/22 online 0.1047
[    73.9s] seed=6 prefix task 19/22 online 0.1122
[    78.3s] seed=6 prefix task 20/22 online 0.1066
[    83.5s] seed=6 prefix task 21/22 online 0.1108
[    88.2s] seed=6 prefix task 22/22 online 0.1055
[    56.4s] seed=6 arm S2dyn_10r: t3 0.4088 t4 0.3004
[    70.1s] seed=6 arm R2dyn_10: t11 0.7974 t12 0.6969
[    15.4s] seed=6 arm S2ramp_r: t3 0.6503 t4 0.5660
[    58.9s] seed=6 arm S2dyn_5r: t3 0.7083 t4 0.6807
[    54.7s] seed=6 arm S2dyn_20r: t3 0.2320 t4 0.2411
[     8.1s] seed=6 arm R2_10_noanchor: t11 0.6195 t12 0.4357
[     9.8s] seed=6 arm S2_5r: t3 0.7808 t4 0.8982
[     9.5s] seed=6 arm S2_7r: t3 0.7322 t4 0.8486
[     9.5s] seed=6 arm S2_10r: t3 0.5788 t4 0.5685
[     9.5s] seed=6 arm S2_15r: t3 0.2963 t4 0.2907
[     9.6s] seed=6 arm S2_20r: t3 0.2277 t4 0.2464
[     9.3s] seed=6 arm S2_10: t3 0.4853 t4 0.5587
[     9.3s] seed=6 arm S2u5r: t3 0.6528 t4 0.8236
[     9.6s] seed=6 arm S2u10r: t3 0.7021 t4 0.7871
[     9.6s] seed=6 arm S2u15r: t3 0.6659 t4 0.7101
[     9.4s] seed=6 arm S2u20r: t3 0.5562 t4 0.5765
[    10.4s] seed=6 arm S2u30r: t3 0.2106 t4 0.2224
[     9.9s] seed=6 arm S1u20r: t3 0.3362 t4 0.4974
[     9.6s] seed=6 arm R2_5: t6 0.9132 t7 0.8895
[     9.4s] seed=6 arm R2_7: t8 0.9143 t9 0.9026
[     9.5s] seed=6 arm R2_10: t11 0.9186 t12 0.9026
[     9.7s] seed=6 arm R2_15: t16 0.8725 t17 0.8641
[     9.6s] seed=6 arm R2_20: t21 0.8355 t22 0.8064
[     9.5s] seed=6 arm R2_10r: t11 0.9016 t12 0.9092
[     7.8s] seed=6 arm N2r: t3 0.7172 t4 0.7446
[     7.9s] seed=6 arm N10r: t11 0.1979 t12 0.1321
[     7.8s] seed=6 arm N2: t3 0.7656 t4 0.7531
[     7.7s] seed=6 arm N5: t6 0.6510 t7 0.5050
[     7.7s] seed=6 arm N7: t8 0.4007 t9 0.2721
[     7.8s] seed=6 arm N10: t11 0.1928 t12 0.1271
[     8.3s] seed=6 arm N15: t16 0.1062 t17 0.1072
[     9.5s] seed=6 arm N20: t21 0.1108 t22 0.1055
wrote results/respdyn_ee_0917/runs/s6  (22 prefix rows, 64 arm rows, 589.3s)
