[     3.9s] seed=7 prefix task 1/22 online 0.7974
[     7.6s] seed=7 prefix task 2/22 online 0.7382
[    11.5s] seed=7 prefix task 3/22 online 0.7817
[    15.3s] seed=7 prefix task 4/22 online 0.7391
[    19.2s] seed=7 prefix task 5/22 online 0.6945
[    23.0s] seed=7 prefix task 6/22 online 0.6107
[    26.8s] seed=7 prefix task 7/22 online 0.4227
[    30.6s] seed=7 prefix task 8/22 online 0.2701
[    34.4s] seed=7 prefix task 9/22 online 0.2223
[    38.1s] seed=7 prefix task 10/22 online 0.1524
[    41.9s] seed=7 prefix task 11/22 online 0.1418
[    45.6s] seed=7 prefix task 12/22 online 0.1305
[    49.4s] seed=7 prefix task 13/22 online 0.1130
[    53.2s] seed=7 prefix task 14/22 online 0.1157
[    57.0s] seed=7 prefix task 15/22 online 0.1212
[    62.0s] seed=7 prefix task 16/22 online 0.1143
[    66.1s] seed=7 prefix task 17/22 online 0.1004
[    70.2s] seed=7 prefix task 18/22 online 0.1083
[    74.5s] seed=7 prefix task 19/22 online 0.1064
[    78.8s] seed=7 prefix task 20/22 online 0.1046
[    83.5s] seed=7 prefix task 21/22 online 0.1042
[    88.1s] seed=7 prefix task 22/22 online 0.1007
[    67.1s] seed=7 arm S2dyn_10r: t3 0.3573 t4 0.3052
[    59.1s] seed=7 arm R2dyn_10: t11 0.7267 t12 0.6249
[     9.8s] seed=7 arm S2ramp_r: t3 0.6343 t4 0.5785
[    58.9s] seed=7 arm S2dyn_5r: t3 0.7010 t4 0.6399
[    53.2s] seed=7 arm S2dyn_20r: t3 0.2276 t4 0.2412
[     7.9s] seed=7 arm R2_10_noanchor: t11 0.3473 t12 0.3029
[     9.5s] seed=7 arm S2_5r: t3 0.7861 t4 0.8982
[     9.5s] seed=7 arm S2_7r: t3 0.7262 t4 0.8400
[     9.4s] seed=7 arm S2_10r: t3 0.4906 t4 0.4675
[     9.6s] seed=7 arm S2_15r: t3 0.3274 t4 0.3107
[     9.6s] seed=7 arm S2_20r: t3 0.2293 t4 0.2559
[     9.3s] seed=7 arm S2_10: t3 0.3991 t4 0.4512
[     9.4s] seed=7 arm S2u5r: t3 0.6382 t4 0.8065
[     9.5s] seed=7 arm S2u10r: t3 0.6840 t4 0.7231
[     9.5s] seed=7 arm S2u15r: t3 0.6334 t4 0.6779
[     9.5s] seed=7 arm S2u20r: t3 0.5847 t4 0.5674
[    10.5s] seed=7 arm S2u30r: t3 0.2107 t4 0.2233
[     9.8s] seed=7 arm S1u20r: t3 0.3926 t4 0.6107
[     9.4s] seed=7 arm R2_5: t6 0.9143 t7 0.9041
[    10.4s] seed=7 arm R2_7: t8 0.9193 t9 0.9134
[     9.9s] seed=7 arm R2_10: t11 0.9106 t12 0.8936
[     9.8s] seed=7 arm R2_15: t16 0.8729 t17 0.8427
[     9.9s] seed=7 arm R2_20: t21 0.8489 t22 0.8353
[    12.1s] seed=7 arm R2_10r: t11 0.9248 t12 0.9140
[    10.3s] seed=7 arm N2r: t3 0.7169 t4 0.7565
[     7.8s] seed=7 arm N10r: t11 0.1623 t12 0.1355
[     7.7s] seed=7 arm N2: t3 0.7817 t4 0.7391
[     7.7s] seed=7 arm N5: t6 0.6107 t7 0.4227
[     8.3s] seed=7 arm N7: t8 0.2701 t9 0.2223
[     7.6s] seed=7 arm N10: t11 0.1418 t12 0.1305
[     8.0s] seed=7 arm N15: t16 0.1143 t17 0.1004
[     8.9s] seed=7 arm N20: t21 0.1042 t22 0.1007
wrote results/respdyn_ee_0917/runs/s7  (22 prefix rows, 64 arm rows, 587.3s)
