[     4.0s] seed=9 prefix task 1/22 online 0.8000
[     7.8s] seed=9 prefix task 2/22 online 0.7772
[    11.7s] seed=9 prefix task 3/22 online 0.7929
[    15.5s] seed=9 prefix task 4/22 online 0.7707
[    19.3s] seed=9 prefix task 5/22 online 0.7316
[    22.9s] seed=9 prefix task 6/22 online 0.6403
[    26.6s] seed=9 prefix task 7/22 online 0.4627
[    30.3s] seed=9 prefix task 8/22 online 0.3026
[    34.0s] seed=9 prefix task 9/22 online 0.1990
[    37.7s] seed=9 prefix task 10/22 online 0.1492
[    41.4s] seed=9 prefix task 11/22 online 0.1347
[    45.1s] seed=9 prefix task 12/22 online 0.1203
[    48.8s] seed=9 prefix task 13/22 online 0.1115
[    52.8s] seed=9 prefix task 14/22 online 0.1127
[    56.8s] seed=9 prefix task 15/22 online 0.1056
[    61.0s] seed=9 prefix task 16/22 online 0.1017
[    65.3s] seed=9 prefix task 17/22 online 0.1029
[    69.9s] seed=9 prefix task 18/22 online 0.1002
[    74.7s] seed=9 prefix task 19/22 online 0.1069
[    79.6s] seed=9 prefix task 20/22 online 0.1011
[    84.6s] seed=9 prefix task 21/22 online 0.1086
[    89.4s] seed=9 prefix task 22/22 online 0.1003
[    58.5s] seed=9 arm S2dyn_10r: t3 0.3334 t4 0.3194
[    60.5s] seed=9 arm R2dyn_10: t11 0.7387 t12 0.6277
[    10.6s] seed=9 arm S2ramp_r: t3 0.6227 t4 0.5618
[    58.4s] seed=9 arm S2dyn_5r: t3 0.6983 t4 0.5902
[    58.1s] seed=9 arm S2dyn_20r: t3 0.2358 t4 0.2367
[     8.3s] seed=9 arm R2_10_noanchor: t11 0.3946 t12 0.3030
[    10.3s] seed=9 arm S2_5r: t3 0.7885 t4 0.9025
[    10.0s] seed=9 arm S2_7r: t3 0.7209 t4 0.8415
[     9.9s] seed=9 arm S2_10r: t3 0.5051 t4 0.5024
[    10.0s] seed=9 arm S2_15r: t3 0.2652 t4 0.2631
[    10.1s] seed=9 arm S2_20r: t3 0.2437 t4 0.2338
[     9.8s] seed=9 arm S2_10: t3 0.4468 t4 0.4480
[     9.9s] seed=9 arm S2u5r: t3 0.6518 t4 0.8203
[    10.0s] seed=9 arm S2u10r: t3 0.6897 t4 0.7322
[     9.9s] seed=9 arm S2u15r: t3 0.6413 t4 0.6989
[     9.8s] seed=9 arm S2u20r: t3 0.5702 t4 0.6172
[    11.0s] seed=9 arm S2u30r: t3 0.2210 t4 0.2277
[    15.2s] seed=9 arm S1u20r: t3 0.3982 t4 0.6456
[    10.2s] seed=9 arm R2_5: t6 0.9223 t7 0.9170
[    10.0s] seed=9 arm R2_7: t8 0.9016 t9 0.8920
[    10.9s] seed=9 arm R2_10: t11 0.8857 t12 0.8729
[    10.1s] seed=9 arm R2_15: t16 0.8551 t17 0.8264
[     9.8s] seed=9 arm R2_20: t21 0.8064 t22 0.7574
[     9.8s] seed=9 arm R2_10r: t11 0.8942 t12 0.9014
[     7.7s] seed=9 arm N2r: t3 0.7298 t4 0.7889
[     8.0s] seed=9 arm N10r: t11 0.2101 t12 0.1386
[     7.8s] seed=9 arm N2: t3 0.7929 t4 0.7707
[     7.9s] seed=9 arm N5: t6 0.6403 t7 0.4627
[     8.0s] seed=9 arm N7: t8 0.3026 t9 0.1990
[     8.7s] seed=9 arm N10: t11 0.1347 t12 0.1203
[     8.6s] seed=9 arm N15: t16 0.1017 t17 0.1029
[    10.3s] seed=9 arm N20: t21 0.1086 t22 0.1003
wrote results/respdyn_ee_0917/runs/s9  (22 prefix rows, 64 arm rows, 598.1s)
