host SNA k=0 online 0.8507
host SNA k=1 online 0.8489
host SNA k=2 online 0.8408
host SNA k=3 online 0.8499
[03:20:29] SNA task  1/3 alive 8/8 online 0.848 (min 0.839) memo min 1.000 0.64 ms/step  0 min, ETA 1 min
[03:20:49] SNA task  2/3 alive 8/8 online 0.936 (min 0.931) memo min 1.000 0.64 ms/step  1 min, ETA 0 min
[03:21:08] SNA task  3/3 alive 8/8 online 0.935 (min 0.926) memo min 0.999 0.64 ms/step  1 min, ETA 0 min
wrote /tmp/tmpuf60tecr/per_task.csv (24 rows, 1.0 min)
[03:21:27] SNA task  1/1 alive 8/8 online 0.660 (min 0.658) memo min 0.641 0.62 ms/step  0 min, ETA 0 min
wrote /tmp/tmpz5radcuy/per_task.csv (8 rows, 0.3 min)
host LR k=0 online 0.8600
host LR k=1 online 0.8618
host LR k=2 online 0.8600
host LR k=3 online 0.8663
[03:23:12] LR task  1/3 alive 8/8 online 0.863 (min 0.861) memo min 1.000 0.61 ms/step  0 min, ETA 1 min
[03:23:30] LR task  2/3 alive 8/8 online 0.850 (min 0.835) memo min 0.902 0.61 ms/step  1 min, ETA 0 min
[03:23:49] LR task  3/3 alive 8/8 online 0.798 (min 0.785) memo min 0.731 0.61 ms/step  1 min, ETA 0 min
wrote /tmp/tmpe7js73h5/per_task.csv (24 rows, 0.9 min)
[03:24:07] R task  1/1 alive 8/8 online 0.121 (min 0.121) memo min 0.121 0.60 ms/step  0 min, ETA 0 min
wrote /tmp/tmp4msybvks/per_task.csv (8 rows, 0.3 min)
S-reuse PASS
