2026-10-08T05:35:05+09:00 launch calib: git e2e384363830f3929bc7214c045618f792763492
2026-10-08T05:35:07+09:00 start calib/none (GPU free 9630 MiB, RAM 18362 MiB): --method none --seeds 100-109
2026-10-08T05:36:09+09:00 done  calib/none
2026-10-08T05:36:09+09:00 start calib/snp_e1e-4_s1e-2 (GPU free 14433 MiB, RAM 19036 MiB): --method snp --eps 1e-4 --sigma 1e-2 --seeds 100-109
2026-10-08T05:37:19+09:00 done  calib/snp_e1e-4_s1e-2
2026-10-08T05:37:19+09:00 start calib/snp_e1e-4_s1e-3 (GPU free 9630 MiB, RAM 19444 MiB): --method snp --eps 1e-4 --sigma 1e-3 --seeds 100-109
2026-10-08T05:38:27+09:00 done  calib/snp_e1e-4_s1e-3
2026-10-08T05:38:27+09:00 start calib/snp_e1e-4_s1e-4 (GPU free 9632 MiB, RAM 19617 MiB): --method snp --eps 1e-4 --sigma 1e-4 --seeds 100-109
2026-10-08T05:39:38+09:00 done  calib/snp_e1e-4_s1e-4
2026-10-08T05:39:38+09:00 start calib/snp_e1e-5_s1e-2 (GPU free 9630 MiB, RAM 17688 MiB): --method snp --eps 1e-5 --sigma 1e-2 --seeds 100-109
2026-10-08T05:40:42+09:00 done  calib/snp_e1e-5_s1e-2
2026-10-08T05:40:42+09:00 start calib/snp_e1e-5_s1e-3 (GPU free 9629 MiB, RAM 17714 MiB): --method snp --eps 1e-5 --sigma 1e-3 --seeds 100-109
2026-10-08T05:41:51+09:00 done  calib/snp_e1e-5_s1e-3
2026-10-08T05:41:51+09:00 start calib/snp_e1e-5_s1e-4 (GPU free 9610 MiB, RAM 19411 MiB): --method snp --eps 1e-5 --sigma 1e-4 --seeds 100-109
2026-10-08T05:42:52+09:00 done  calib/snp_e1e-5_s1e-4
2026-10-08T05:42:52+09:00 start calib/snp_e1e-3_s1e-2 (GPU free 14100 MiB, RAM 20349 MiB): --method snp --eps 1e-3 --sigma 1e-2 --seeds 100-109
2026-10-08T05:43:29+09:00 done  calib/snp_e1e-3_s1e-2
2026-10-08T05:43:29+09:00 start calib/snp_e1e-3_s1e-3 (GPU free 14414 MiB, RAM 21341 MiB): --method snp --eps 1e-3 --sigma 1e-3 --seeds 100-109
2026-10-08T05:44:05+09:00 done  calib/snp_e1e-3_s1e-3
2026-10-08T05:44:05+09:00 start calib/snp_e1e-3_s1e-4 (GPU free 14414 MiB, RAM 18633 MiB): --method snp --eps 1e-3 --sigma 1e-4 --seeds 100-109
2026-10-08T05:44:41+09:00 done  calib/snp_e1e-3_s1e-4
2026-10-08T05:44:41+09:00 start calib/cbp_r1e-4 (GPU free 14547 MiB, RAM 21850 MiB): --method cbp --rho 1e-4 --seeds 100-109
2026-10-08T05:45:21+09:00 done  calib/cbp_r1e-4
2026-10-08T05:45:21+09:00 start calib/cbp_r1e-5 (GPU free 14547 MiB, RAM 21937 MiB): --method cbp --rho 1e-5 --seeds 100-109
2026-10-08T05:46:00+09:00 done  calib/cbp_r1e-5
2026-10-08T05:46:00+09:00 start calib/cbp_r1e-3 (GPU free 14547 MiB, RAM 21904 MiB): --method cbp --rho 1e-3 --seeds 100-109
2026-10-08T05:46:50+09:00 done  calib/cbp_r1e-3
2026-10-08T05:46:50+09:00 start calib/redo_t0_f1560 (GPU free 14547 MiB, RAM 20041 MiB): --method redo --tau 0 --period 1560 --seeds 100-109
2026-10-08T05:47:19+09:00 done  calib/redo_t0_f1560
2026-10-08T05:47:19+09:00 start calib/redo_t0_f780 (GPU free 14547 MiB, RAM 23198 MiB): --method redo --tau 0 --period 780 --seeds 100-109
2026-10-08T05:47:48+09:00 done  calib/redo_t0_f780
2026-10-08T05:47:48+09:00 start calib/redo_t0_f100 (GPU free 14531 MiB, RAM 23204 MiB): --method redo --tau 0 --period 100 --seeds 100-109
2026-10-08T05:48:18+09:00 done  calib/redo_t0_f100
2026-10-08T05:48:18+09:00 start calib/redo_t0.025_f1560 (GPU free 14538 MiB, RAM 22591 MiB): --method redo --tau 0.025 --period 1560 --seeds 100-109
2026-10-08T05:48:48+09:00 done  calib/redo_t0.025_f1560
2026-10-08T05:48:48+09:00 start calib/redo_t0.025_f780 (GPU free 14540 MiB, RAM 22673 MiB): --method redo --tau 0.025 --period 780 --seeds 100-109
2026-10-08T05:49:18+09:00 done  calib/redo_t0.025_f780
2026-10-08T05:49:18+09:00 start calib/redo_t0.025_f100 (GPU free 14542 MiB, RAM 22638 MiB): --method redo --tau 0.025 --period 100 --seeds 100-109
2026-10-08T05:49:48+09:00 done  calib/redo_t0.025_f100
2026-10-08T05:49:48+09:00 start calib/redo_t0.1_f1560 (GPU free 14542 MiB, RAM 22626 MiB): --method redo --tau 0.1 --period 1560 --seeds 100-109
2026-10-08T05:50:17+09:00 done  calib/redo_t0.1_f1560
2026-10-08T05:50:17+09:00 start calib/redo_t0.1_f780 (GPU free 14541 MiB, RAM 23152 MiB): --method redo --tau 0.1 --period 780 --seeds 100-109
2026-10-08T05:50:46+09:00 done  calib/redo_t0.1_f780
2026-10-08T05:50:47+09:00 start calib/redo_t0.1_f100 (GPU free 14542 MiB, RAM 23188 MiB): --method redo --tau 0.1 --period 100 --seeds 100-109
2026-10-08T05:51:16+09:00 done  calib/redo_t0.1_f100
2026-10-08T05:51:16+09:00 all calib runs returned
