PREFIX ELU1 2 20 14.1
PREFIX ELU1 0 20 15.3
PREFIX LR 0 20 18.6
PREFIX ELU1 1 20 20.2
PREFIX ELU1 2 40 26.7
PREFIX ELU1 0 40 28.1
PREFIX LR 0 40 30.5
PREFIX ELU1 1 40 32.9
PREFIX ELU1 2 60 40.4
PREFIX ELU1 0 60 40.8
PREFIX LR 0 60 42.6
PREFIX ELU1 1 60 46.8
PREFIX ELU1 2 80 53.4
PREFIX LR 0 80 54.2
PREFIX ELU1 0 80 54.0
PREFIX ELU1 1 80 64.6
PREFIX LR 0 100 65.8
PREFIX ELU1 2 100 66.7
PREFIX ELU1 0 100 67.0
BRANCH LR_s0_t20 NONE 0 73.1
BRANCH ELU1_s0_t20 NONE 0 74.4
PREFIX ELU1 1 100 77.7
BRANCH LR_s0_t20 TARGET 1 80.0
BRANCH ELU1_s2_t20 NONE 0 81.7
BRANCH ELU1_s0_t20 TARGET 2 81.8
BRANCH ELU1_s1_t20 NONE 0 85.0
BRANCH LR_s0_t20 MATCHED 1 86.4
BRANCH ELU1_s2_t20 TARGET 1 89.0
BRANCH ELU1_s0_t20 MATCHED 2 88.7
BRANCH ELU1_s1_t20 TARGET 1 92.4
BRANCH LR_s0_t20 RANDOM 1 93.5
BRANCH ELU1_s2_t20 MATCHED 1 96.0
BRANCH ELU1_s0_t20 RANDOM 2 95.8
BRANCH ELU1_s1_t20 MATCHED 1 99.6
BRANCH LR_s0_t20 SHALLOW 25 102.1
BRANCH ELU1_s2_t20 RANDOM 1 103.2
BRANCH ELU1_s0_t20 SHALLOW 25 103.5
BRANCH ELU1_s1_t20 RANDOM 1 107.0
BRANCH LR_s0_t20 SHALLOW_MATCHED 25 109.2
BRANCH ELU1_s2_t20 SHALLOW 25 111.3
BRANCH ELU1_s0_t20 SHALLOW_MATCHED 25 111.5
BRANCH ELU1_s1_t20 SHALLOW 25 115.1
BRANCH LR_s0_t100 NONE 0 115.7
BRANCH ELU1_s2_t20 SHALLOW_MATCHED 25 119.3
BRANCH ELU1_s0_t100 NONE 0 119.1
BRANCH LR_s0_t100 TARGET 4 122.6
BRANCH ELU1_s1_t20 SHALLOW_MATCHED 25 123.1
BRANCH ELU1_s0_t100 TARGET 4 127.2
BRANCH LR_s0_t100 MATCHED 4 129.5
BRANCH ELU1_s1_t100 NONE 0 130.8
BRANCH ELU1_s0_t100 MATCHED 4 135.0
BRANCH LR_s0_t100 RANDOM 4 135.9
BRANCH ELU1_s2_t100 NONE 0 138.9
BRANCH ELU1_s1_t100 TARGET 9 138.6
BRANCH LR_s0_t100 SHALLOW 25 142.9
BRANCH ELU1_s2_t100 TARGET 5 146.9
BRANCH LR_s0_t100 SHALLOW_MATCHED 25 150.2
DONE LR 0 150.2
BRANCH ELU1_s1_t100 MATCHED 9 151.5
BRANCH ELU1_s0_t100 RANDOM 4 154.2
BRANCH ELU1_s2_t100 MATCHED 5 155.3
PREFIX LR 1 20 12.1
BRANCH ELU1_s2_t100 RANDOM 5 163.5
BRANCH ELU1_s0_t100 SHALLOW 25 166.4
BRANCH ELU1_s1_t100 RANDOM 9 169.2
BRANCH ELU1_s2_t100 SHALLOW 25 171.6
PREFIX LR 1 40 23.2
BRANCH ELU1_s0_t100 SHALLOW_MATCHED 25 175.8
DONE ELU1 0 175.8
BRANCH ELU1_s1_t100 SHALLOW 25 177.1
BRANCH ELU1_s2_t100 SHALLOW_MATCHED 25 179.7
DONE ELU1 2 179.7
PREFIX LR 1 60 34.2
BRANCH ELU1_s1_t100 SHALLOW_MATCHED 25 185.0
DONE ELU1 1 185.0
PREFIX LR 2 20 12.6
PREFIX LR 1 80 44.5
PREFIX LR 2 40 22.8
PREFIX LR 1 100 54.8
PREFIX LR 2 60 33.3
BRANCH LR_s1_t20 NONE 0 61.6
BRANCH LR_s1_t20 TARGET 1 68.1
PREFIX LR 2 80 44.0
BRANCH LR_s1_t20 MATCHED 1 74.8
PREFIX LR 2 100 54.4
BRANCH LR_s1_t20 RANDOM 1 81.2
BRANCH LR_s2_t20 NONE 0 60.9
BRANCH LR_s1_t20 SHALLOW 25 88.0
BRANCH LR_s2_t20 TARGET 2 67.5
BRANCH LR_s1_t20 SHALLOW_MATCHED 25 94.6
BRANCH LR_s2_t20 MATCHED 2 74.2
BRANCH LR_s1_t100 NONE 0 100.4
BRANCH LR_s1_t100 TARGET 6 106.6
BRANCH LR_s2_t20 RANDOM 2 82.0
BRANCH LR_s1_t100 MATCHED 6 113.0
BRANCH LR_s2_t20 SHALLOW 25 88.7
BRANCH LR_s1_t100 RANDOM 6 119.2
BRANCH LR_s2_t20 SHALLOW_MATCHED 25 95.4
BRANCH LR_s1_t100 SHALLOW 25 125.6
BRANCH LR_s2_t100 NONE 0 101.5
BRANCH LR_s1_t100 SHALLOW_MATCHED 25 132.3
DONE LR 1 132.3
BRANCH LR_s2_t100 TARGET 9 108.0
BRANCH LR_s2_t100 MATCHED 9 114.1
BRANCH LR_s2_t100 RANDOM 9 120.3
BRANCH LR_s2_t100 SHALLOW 25 126.6
BRANCH LR_s2_t100 SHALLOW_MATCHED 25 132.9
DONE LR 2 132.9
VERDICT MIXED
