[     7.9s] cap_perp seed=9 task 1/150
[    18.6s] cap_perp seed=9 task 2/150
[    29.7s] cap_perp seed=9 task 3/150
[    40.6s] cap_perp seed=9 task 4/150
[    50.4s] cap_perp seed=9 task 5/150
[    59.3s] cap_perp seed=9 task 6/150
[    68.2s] cap_perp seed=9 task 7/150
[    77.1s] cap_perp seed=9 task 8/150
[    85.7s] cap_perp seed=9 task 9/150
[    94.6s] cap_perp seed=9 task 10/150
[   103.0s] cap_perp seed=9 task 11/150
[   112.0s] cap_perp seed=9 task 12/150
[   120.9s] cap_perp seed=9 task 13/150
[   130.1s] cap_perp seed=9 task 14/150
[   138.7s] cap_perp seed=9 task 15/150
[   147.2s] cap_perp seed=9 task 16/150
[   156.0s] cap_perp seed=9 task 17/150
[   164.2s] cap_perp seed=9 task 18/150
[   173.0s] cap_perp seed=9 task 19/150
[   181.5s] cap_perp seed=9 task 20/150
[   190.2s] cap_perp seed=9 task 21/150
[   199.6s] cap_perp seed=9 task 22/150
[   208.5s] cap_perp seed=9 task 23/150
[   216.6s] cap_perp seed=9 task 24/150
[   224.0s] cap_perp seed=9 task 25/150
[   231.4s] cap_perp seed=9 task 26/150
[   238.6s] cap_perp seed=9 task 27/150
[   245.9s] cap_perp seed=9 task 28/150
[   253.3s] cap_perp seed=9 task 29/150
[   260.7s] cap_perp seed=9 task 30/150
[   267.9s] cap_perp seed=9 task 31/150
[   275.0s] cap_perp seed=9 task 32/150
[   282.2s] cap_perp seed=9 task 33/150
[   289.2s] cap_perp seed=9 task 34/150
[   296.5s] cap_perp seed=9 task 35/150
[   303.8s] cap_perp seed=9 task 36/150
[   311.0s] cap_perp seed=9 task 37/150
[   318.3s] cap_perp seed=9 task 38/150
[   325.6s] cap_perp seed=9 task 39/150
[   332.8s] cap_perp seed=9 task 40/150
[   339.8s] cap_perp seed=9 task 41/150
[   346.8s] cap_perp seed=9 task 42/150
[   354.0s] cap_perp seed=9 task 43/150
[   361.2s] cap_perp seed=9 task 44/150
[   368.5s] cap_perp seed=9 task 45/150
[   375.7s] cap_perp seed=9 task 46/150
[   382.9s] cap_perp seed=9 task 47/150
[   390.1s] cap_perp seed=9 task 48/150
[   397.4s] cap_perp seed=9 task 49/150
[   405.4s] cap_perp seed=9 task 50/150
[   413.0s] cap_perp seed=9 task 51/150
[   420.2s] cap_perp seed=9 task 52/150
[   427.5s] cap_perp seed=9 task 53/150
[   434.8s] cap_perp seed=9 task 54/150
[   442.0s] cap_perp seed=9 task 55/150
[   449.3s] cap_perp seed=9 task 56/150
[   456.5s] cap_perp seed=9 task 57/150
[   463.8s] cap_perp seed=9 task 58/150
[   471.6s] cap_perp seed=9 task 59/150
[   479.0s] cap_perp seed=9 task 60/150
[   486.4s] cap_perp seed=9 task 61/150
[   493.7s] cap_perp seed=9 task 62/150
[   501.0s] cap_perp seed=9 task 63/150
[   508.3s] cap_perp seed=9 task 64/150
[   515.6s] cap_perp seed=9 task 65/150
[   523.0s] cap_perp seed=9 task 66/150
[   530.5s] cap_perp seed=9 task 67/150
[   537.9s] cap_perp seed=9 task 68/150
[   545.2s] cap_perp seed=9 task 69/150
[   552.5s] cap_perp seed=9 task 70/150
[   559.8s] cap_perp seed=9 task 71/150
[   567.0s] cap_perp seed=9 task 72/150
[   574.3s] cap_perp seed=9 task 73/150
[   581.6s] cap_perp seed=9 task 74/150
[   588.9s] cap_perp seed=9 task 75/150
[   596.3s] cap_perp seed=9 task 76/150
[   604.0s] cap_perp seed=9 task 77/150
[   611.3s] cap_perp seed=9 task 78/150
[   618.7s] cap_perp seed=9 task 79/150
[   626.4s] cap_perp seed=9 task 80/150
[   633.7s] cap_perp seed=9 task 81/150
[   641.2s] cap_perp seed=9 task 82/150
[   648.7s] cap_perp seed=9 task 83/150
[   656.0s] cap_perp seed=9 task 84/150
[   663.3s] cap_perp seed=9 task 85/150
[   670.6s] cap_perp seed=9 task 86/150
[   678.0s] cap_perp seed=9 task 87/150
[   685.5s] cap_perp seed=9 task 88/150
[   693.5s] cap_perp seed=9 task 89/150
[   701.3s] cap_perp seed=9 task 90/150
[   709.0s] cap_perp seed=9 task 91/150
[   716.5s] cap_perp seed=9 task 92/150
[   724.2s] cap_perp seed=9 task 93/150
[   732.0s] cap_perp seed=9 task 94/150
[   739.8s] cap_perp seed=9 task 95/150
[   747.7s] cap_perp seed=9 task 96/150
[   755.7s] cap_perp seed=9 task 97/150
[   763.4s] cap_perp seed=9 task 98/150
[   771.1s] cap_perp seed=9 task 99/150
[   778.7s] cap_perp seed=9 task 100/150
[   786.4s] cap_perp seed=9 task 101/150
[   794.3s] cap_perp seed=9 task 102/150
[   801.9s] cap_perp seed=9 task 103/150
[   809.8s] cap_perp seed=9 task 104/150
[   817.7s] cap_perp seed=9 task 105/150
[   825.3s] cap_perp seed=9 task 106/150
[   833.2s] cap_perp seed=9 task 107/150
[   840.9s] cap_perp seed=9 task 108/150
[   848.7s] cap_perp seed=9 task 109/150
[   856.4s] cap_perp seed=9 task 110/150
[   864.2s] cap_perp seed=9 task 111/150
[   871.9s] cap_perp seed=9 task 112/150
[   879.7s] cap_perp seed=9 task 113/150
[   887.4s] cap_perp seed=9 task 114/150
[   895.5s] cap_perp seed=9 task 115/150
[   903.4s] cap_perp seed=9 task 116/150
[   911.1s] cap_perp seed=9 task 117/150
[   918.8s] cap_perp seed=9 task 118/150
[   926.3s] cap_perp seed=9 task 119/150
[   933.7s] cap_perp seed=9 task 120/150
[   941.5s] cap_perp seed=9 task 121/150
[   949.0s] cap_perp seed=9 task 122/150
[   956.7s] cap_perp seed=9 task 123/150
[   964.6s] cap_perp seed=9 task 124/150
[   972.0s] cap_perp seed=9 task 125/150
[   979.3s] cap_perp seed=9 task 126/150
[   986.6s] cap_perp seed=9 task 127/150
[   994.0s] cap_perp seed=9 task 128/150
[  1001.3s] cap_perp seed=9 task 129/150
[  1008.6s] cap_perp seed=9 task 130/150
[  1016.0s] cap_perp seed=9 task 131/150
[  1023.4s] cap_perp seed=9 task 132/150
[  1031.0s] cap_perp seed=9 task 133/150
[  1038.7s] cap_perp seed=9 task 134/150
[  1046.5s] cap_perp seed=9 task 135/150
[  1054.2s] cap_perp seed=9 task 136/150
[  1061.8s] cap_perp seed=9 task 137/150
[  1069.4s] cap_perp seed=9 task 138/150
[  1077.0s] cap_perp seed=9 task 139/150
[  1084.4s] cap_perp seed=9 task 140/150
[  1091.8s] cap_perp seed=9 task 141/150
[  1099.5s] cap_perp seed=9 task 142/150
[  1107.0s] cap_perp seed=9 task 143/150
[  1114.6s] cap_perp seed=9 task 144/150
[  1122.0s] cap_perp seed=9 task 145/150
[  1129.6s] cap_perp seed=9 task 146/150
[  1137.3s] cap_perp seed=9 task 147/150
[  1144.7s] cap_perp seed=9 task 148/150
[  1151.8s] cap_perp seed=9 task 149/150
[  1159.0s] cap_perp seed=9 task 150/150
wrote results/mucap_el_0916/runs/cap_perp_s9  (150 task rows, 1159.2s)
