[     7.6s] cap_both seed=5 task 1/150
[    19.6s] cap_both seed=5 task 2/150
[    32.3s] cap_both seed=5 task 3/150
[    45.4s] cap_both seed=5 task 4/150
[    57.9s] cap_both seed=5 task 5/150
[    71.3s] cap_both seed=5 task 6/150
[    84.2s] cap_both seed=5 task 7/150
[    96.9s] cap_both seed=5 task 8/150
[   110.3s] cap_both seed=5 task 9/150
[   122.6s] cap_both seed=5 task 10/150
[   134.4s] cap_both seed=5 task 11/150
[   146.3s] cap_both seed=5 task 12/150
[   158.5s] cap_both seed=5 task 13/150
[   170.1s] cap_both seed=5 task 14/150
[   182.2s] cap_both seed=5 task 15/150
[   194.0s] cap_both seed=5 task 16/150
[   205.5s] cap_both seed=5 task 17/150
[   217.2s] cap_both seed=5 task 18/150
[   229.3s] cap_both seed=5 task 19/150
[   241.2s] cap_both seed=5 task 20/150
[   253.0s] cap_both seed=5 task 21/150
[   264.5s] cap_both seed=5 task 22/150
[   275.6s] cap_both seed=5 task 23/150
[   286.9s] cap_both seed=5 task 24/150
[   298.0s] cap_both seed=5 task 25/150
[   309.5s] cap_both seed=5 task 26/150
[   320.8s] cap_both seed=5 task 27/150
[   332.4s] cap_both seed=5 task 28/150
[   343.8s] cap_both seed=5 task 29/150
[   355.3s] cap_both seed=5 task 30/150
[   367.6s] cap_both seed=5 task 31/150
[   379.6s] cap_both seed=5 task 32/150
[   391.2s] cap_both seed=5 task 33/150
[   402.5s] cap_both seed=5 task 34/150
[   414.1s] cap_both seed=5 task 35/150
[   425.9s] cap_both seed=5 task 36/150
[   437.3s] cap_both seed=5 task 37/150
[   448.2s] cap_both seed=5 task 38/150
[   459.2s] cap_both seed=5 task 39/150
[   470.1s] cap_both seed=5 task 40/150
[   480.9s] cap_both seed=5 task 41/150
[   491.7s] cap_both seed=5 task 42/150
[   502.8s] cap_both seed=5 task 43/150
[   513.7s] cap_both seed=5 task 44/150
[   525.1s] cap_both seed=5 task 45/150
[   536.2s] cap_both seed=5 task 46/150
[   547.1s] cap_both seed=5 task 47/150
[   558.1s] cap_both seed=5 task 48/150
[   569.3s] cap_both seed=5 task 49/150
[   580.0s] cap_both seed=5 task 50/150
[   590.5s] cap_both seed=5 task 51/150
[   600.8s] cap_both seed=5 task 52/150
[   611.2s] cap_both seed=5 task 53/150
[   621.6s] cap_both seed=5 task 54/150
[   632.2s] cap_both seed=5 task 55/150
[   643.0s] cap_both seed=5 task 56/150
[   654.0s] cap_both seed=5 task 57/150
[   664.8s] cap_both seed=5 task 58/150
[   675.8s] cap_both seed=5 task 59/150
[   686.5s] cap_both seed=5 task 60/150
[   697.4s] cap_both seed=5 task 61/150
[   708.1s] cap_both seed=5 task 62/150
[   718.8s] cap_both seed=5 task 63/150
[   729.3s] cap_both seed=5 task 64/150
[   740.1s] cap_both seed=5 task 65/150
[   750.9s] cap_both seed=5 task 66/150
[   761.7s] cap_both seed=5 task 67/150
[   772.6s] cap_both seed=5 task 68/150
[   783.3s] cap_both seed=5 task 69/150
[   794.5s] cap_both seed=5 task 70/150
[   805.4s] cap_both seed=5 task 71/150
[   816.4s] cap_both seed=5 task 72/150
[   827.1s] cap_both seed=5 task 73/150
[   838.0s] cap_both seed=5 task 74/150
[   848.6s] cap_both seed=5 task 75/150
[   859.2s] cap_both seed=5 task 76/150
[   869.7s] cap_both seed=5 task 77/150
[   880.3s] cap_both seed=5 task 78/150
[   891.2s] cap_both seed=5 task 79/150
[   902.3s] cap_both seed=5 task 80/150
[   913.6s] cap_both seed=5 task 81/150
[   924.9s] cap_both seed=5 task 82/150
[   935.7s] cap_both seed=5 task 83/150
[   946.4s] cap_both seed=5 task 84/150
[   957.3s] cap_both seed=5 task 85/150
[   967.9s] cap_both seed=5 task 86/150
[   978.3s] cap_both seed=5 task 87/150
[   988.7s] cap_both seed=5 task 88/150
[   999.2s] cap_both seed=5 task 89/150
[  1009.8s] cap_both seed=5 task 90/150
[  1020.6s] cap_both seed=5 task 91/150
[  1032.5s] cap_both seed=5 task 92/150
[  1043.5s] cap_both seed=5 task 93/150
[  1054.7s] cap_both seed=5 task 94/150
[  1066.3s] cap_both seed=5 task 95/150
[  1077.3s] cap_both seed=5 task 96/150
[  1088.2s] cap_both seed=5 task 97/150
[  1098.8s] cap_both seed=5 task 98/150
[  1109.5s] cap_both seed=5 task 99/150
[  1120.4s] cap_both seed=5 task 100/150
[  1131.4s] cap_both seed=5 task 101/150
[  1143.0s] cap_both seed=5 task 102/150
[  1154.6s] cap_both seed=5 task 103/150
[  1165.9s] cap_both seed=5 task 104/150
[  1176.5s] cap_both seed=5 task 105/150
[  1186.8s] cap_both seed=5 task 106/150
[  1197.4s] cap_both seed=5 task 107/150
[  1208.0s] cap_both seed=5 task 108/150
[  1218.6s] cap_both seed=5 task 109/150
[  1229.5s] cap_both seed=5 task 110/150
[  1240.7s] cap_both seed=5 task 111/150
[  1252.2s] cap_both seed=5 task 112/150
[  1263.4s] cap_both seed=5 task 113/150
[  1274.6s] cap_both seed=5 task 114/150
[  1285.9s] cap_both seed=5 task 115/150
[  1296.9s] cap_both seed=5 task 116/150
[  1308.0s] cap_both seed=5 task 117/150
[  1319.5s] cap_both seed=5 task 118/150
[  1331.5s] cap_both seed=5 task 119/150
[  1343.4s] cap_both seed=5 task 120/150
[  1355.2s] cap_both seed=5 task 121/150
[  1367.3s] cap_both seed=5 task 122/150
[  1378.5s] cap_both seed=5 task 123/150
[  1389.9s] cap_both seed=5 task 124/150
[  1401.7s] cap_both seed=5 task 125/150
[  1412.9s] cap_both seed=5 task 126/150
[  1424.9s] cap_both seed=5 task 127/150
[  1437.1s] cap_both seed=5 task 128/150
[  1449.3s] cap_both seed=5 task 129/150
[  1460.8s] cap_both seed=5 task 130/150
[  1472.6s] cap_both seed=5 task 131/150
[  1484.9s] cap_both seed=5 task 132/150
[  1497.0s] cap_both seed=5 task 133/150
[  1509.1s] cap_both seed=5 task 134/150
[  1521.5s] cap_both seed=5 task 135/150
[  1533.9s] cap_both seed=5 task 136/150
[  1546.4s] cap_both seed=5 task 137/150
[  1559.0s] cap_both seed=5 task 138/150
[  1571.4s] cap_both seed=5 task 139/150
[  1583.9s] cap_both seed=5 task 140/150
[  1597.6s] cap_both seed=5 task 141/150
[  1610.6s] cap_both seed=5 task 142/150
[  1623.2s] cap_both seed=5 task 143/150
[  1635.0s] cap_both seed=5 task 144/150
[  1646.8s] cap_both seed=5 task 145/150
[  1658.7s] cap_both seed=5 task 146/150
[  1670.6s] cap_both seed=5 task 147/150
[  1682.3s] cap_both seed=5 task 148/150
[  1694.3s] cap_both seed=5 task 149/150
[  1707.2s] cap_both seed=5 task 150/150
wrote results/mucap_el_0916/runs/cap_both_s5  (150 task rows, 1707.5s)
