[     7.6s] cap_par seed=1 task 1/150
[    17.8s] cap_par seed=1 task 2/150
[    28.1s] cap_par seed=1 task 3/150
[    38.3s] cap_par seed=1 task 4/150
[    49.3s] cap_par seed=1 task 5/150
[    60.3s] cap_par seed=1 task 6/150
[    70.9s] cap_par seed=1 task 7/150
[    81.9s] cap_par seed=1 task 8/150
[    92.5s] cap_par seed=1 task 9/150
[   102.7s] cap_par seed=1 task 10/150
[   112.8s] cap_par seed=1 task 11/150
[   123.0s] cap_par seed=1 task 12/150
[   133.2s] cap_par seed=1 task 13/150
[   143.5s] cap_par seed=1 task 14/150
[   154.1s] cap_par seed=1 task 15/150
[   164.6s] cap_par seed=1 task 16/150
[   174.8s] cap_par seed=1 task 17/150
[   185.2s] cap_par seed=1 task 18/150
[   195.4s] cap_par seed=1 task 19/150
[   205.7s] cap_par seed=1 task 20/150
[   215.9s] cap_par seed=1 task 21/150
[   226.2s] cap_par seed=1 task 22/150
[   236.5s] cap_par seed=1 task 23/150
[   246.9s] cap_par seed=1 task 24/150
[   256.8s] cap_par seed=1 task 25/150
[   266.6s] cap_par seed=1 task 26/150
[   276.5s] cap_par seed=1 task 27/150
[   286.2s] cap_par seed=1 task 28/150
[   295.5s] cap_par seed=1 task 29/150
[   304.9s] cap_par seed=1 task 30/150
[   314.3s] cap_par seed=1 task 31/150
[   324.1s] cap_par seed=1 task 32/150
[   334.1s] cap_par seed=1 task 33/150
[   343.8s] cap_par seed=1 task 34/150
[   353.5s] cap_par seed=1 task 35/150
[   363.5s] cap_par seed=1 task 36/150
[   373.2s] cap_par seed=1 task 37/150
[   383.1s] cap_par seed=1 task 38/150
[   392.7s] cap_par seed=1 task 39/150
[   402.5s] cap_par seed=1 task 40/150
[   412.3s] cap_par seed=1 task 41/150
[   422.0s] cap_par seed=1 task 42/150
[   431.8s] cap_par seed=1 task 43/150
[   441.5s] cap_par seed=1 task 44/150
[   451.3s] cap_par seed=1 task 45/150
[   461.1s] cap_par seed=1 task 46/150
[   470.8s] cap_par seed=1 task 47/150
[   480.3s] cap_par seed=1 task 48/150
[   490.1s] cap_par seed=1 task 49/150
[   499.9s] cap_par seed=1 task 50/150
[   509.4s] cap_par seed=1 task 51/150
[   519.3s] cap_par seed=1 task 52/150
[   529.2s] cap_par seed=1 task 53/150
[   539.1s] cap_par seed=1 task 54/150
[   549.0s] cap_par seed=1 task 55/150
[   558.7s] cap_par seed=1 task 56/150
[   568.5s] cap_par seed=1 task 57/150
[   578.5s] cap_par seed=1 task 58/150
[   589.0s] cap_par seed=1 task 59/150
[   599.7s] cap_par seed=1 task 60/150
[   610.0s] cap_par seed=1 task 61/150
[   620.2s] cap_par seed=1 task 62/150
[   630.6s] cap_par seed=1 task 63/150
[   641.6s] cap_par seed=1 task 64/150
[   651.7s] cap_par seed=1 task 65/150
[   661.4s] cap_par seed=1 task 66/150
[   671.0s] cap_par seed=1 task 67/150
[   680.7s] cap_par seed=1 task 68/150
[   690.5s] cap_par seed=1 task 69/150
[   700.1s] cap_par seed=1 task 70/150
[   709.8s] cap_par seed=1 task 71/150
[   719.3s] cap_par seed=1 task 72/150
[   729.0s] cap_par seed=1 task 73/150
[   738.4s] cap_par seed=1 task 74/150
[   747.9s] cap_par seed=1 task 75/150
[   757.4s] cap_par seed=1 task 76/150
[   767.0s] cap_par seed=1 task 77/150
[   776.6s] cap_par seed=1 task 78/150
[   786.2s] cap_par seed=1 task 79/150
[   795.7s] cap_par seed=1 task 80/150
[   805.4s] cap_par seed=1 task 81/150
[   815.2s] cap_par seed=1 task 82/150
[   825.0s] cap_par seed=1 task 83/150
[   834.6s] cap_par seed=1 task 84/150
[   844.2s] cap_par seed=1 task 85/150
[   853.6s] cap_par seed=1 task 86/150
[   863.1s] cap_par seed=1 task 87/150
[   872.5s] cap_par seed=1 task 88/150
[   881.9s] cap_par seed=1 task 89/150
[   891.5s] cap_par seed=1 task 90/150
[   901.2s] cap_par seed=1 task 91/150
[   910.7s] cap_par seed=1 task 92/150
[   920.1s] cap_par seed=1 task 93/150
[   929.5s] cap_par seed=1 task 94/150
[   938.9s] cap_par seed=1 task 95/150
[   948.4s] cap_par seed=1 task 96/150
[   957.7s] cap_par seed=1 task 97/150
[   967.4s] cap_par seed=1 task 98/150
[   977.4s] cap_par seed=1 task 99/150
[   987.0s] cap_par seed=1 task 100/150
[   996.6s] cap_par seed=1 task 101/150
[  1006.2s] cap_par seed=1 task 102/150
[  1016.0s] cap_par seed=1 task 103/150
[  1025.6s] cap_par seed=1 task 104/150
[  1035.3s] cap_par seed=1 task 105/150
[  1044.9s] cap_par seed=1 task 106/150
[  1054.6s] cap_par seed=1 task 107/150
[  1064.4s] cap_par seed=1 task 108/150
[  1074.3s] cap_par seed=1 task 109/150
[  1084.2s] cap_par seed=1 task 110/150
[  1094.6s] cap_par seed=1 task 111/150
[  1104.8s] cap_par seed=1 task 112/150
[  1114.8s] cap_par seed=1 task 113/150
[  1124.7s] cap_par seed=1 task 114/150
[  1134.7s] cap_par seed=1 task 115/150
[  1144.6s] cap_par seed=1 task 116/150
[  1154.6s] cap_par seed=1 task 117/150
[  1164.7s] cap_par seed=1 task 118/150
[  1174.7s] cap_par seed=1 task 119/150
[  1184.9s] cap_par seed=1 task 120/150
[  1195.3s] cap_par seed=1 task 121/150
[  1205.8s] cap_par seed=1 task 122/150
[  1216.1s] cap_par seed=1 task 123/150
[  1226.0s] cap_par seed=1 task 124/150
[  1235.9s] cap_par seed=1 task 125/150
[  1245.8s] cap_par seed=1 task 126/150
[  1255.7s] cap_par seed=1 task 127/150
[  1265.8s] cap_par seed=1 task 128/150
[  1276.1s] cap_par seed=1 task 129/150
[  1286.6s] cap_par seed=1 task 130/150
[  1296.6s] cap_par seed=1 task 131/150
[  1306.3s] cap_par seed=1 task 132/150
[  1316.1s] cap_par seed=1 task 133/150
[  1325.8s] cap_par seed=1 task 134/150
[  1335.5s] cap_par seed=1 task 135/150
[  1345.3s] cap_par seed=1 task 136/150
[  1355.0s] cap_par seed=1 task 137/150
[  1364.7s] cap_par seed=1 task 138/150
[  1374.5s] cap_par seed=1 task 139/150
[  1384.7s] cap_par seed=1 task 140/150
[  1395.0s] cap_par seed=1 task 141/150
[  1405.2s] cap_par seed=1 task 142/150
[  1415.7s] cap_par seed=1 task 143/150
[  1425.7s] cap_par seed=1 task 144/150
[  1435.9s] cap_par seed=1 task 145/150
[  1446.0s] cap_par seed=1 task 146/150
[  1455.7s] cap_par seed=1 task 147/150
[  1466.1s] cap_par seed=1 task 148/150
[  1476.3s] cap_par seed=1 task 149/150
[  1486.1s] cap_par seed=1 task 150/150
wrote results/mucap_el_0916/runs/cap_par_s1  (150 task rows, 1486.4s)
