[     8.5s] cap_perp seed=5 task 1/150
[    20.4s] cap_perp seed=5 task 2/150
[    31.6s] cap_perp seed=5 task 3/150
[    42.7s] cap_perp seed=5 task 4/150
[    54.2s] cap_perp seed=5 task 5/150
[    64.9s] cap_perp seed=5 task 6/150
[    75.4s] cap_perp seed=5 task 7/150
[    86.5s] cap_perp seed=5 task 8/150
[    97.8s] cap_perp seed=5 task 9/150
[   108.7s] cap_perp seed=5 task 10/150
[   119.5s] cap_perp seed=5 task 11/150
[   130.5s] cap_perp seed=5 task 12/150
[   141.4s] cap_perp seed=5 task 13/150
[   151.7s] cap_perp seed=5 task 14/150
[   162.4s] cap_perp seed=5 task 15/150
[   173.6s] cap_perp seed=5 task 16/150
[   184.1s] cap_perp seed=5 task 17/150
[   194.7s] cap_perp seed=5 task 18/150
[   205.4s] cap_perp seed=5 task 19/150
[   216.6s] cap_perp seed=5 task 20/150
[   226.8s] cap_perp seed=5 task 21/150
[   237.7s] cap_perp seed=5 task 22/150
[   248.3s] cap_perp seed=5 task 23/150
[   258.3s] cap_perp seed=5 task 24/150
[   268.7s] cap_perp seed=5 task 25/150
[   279.6s] cap_perp seed=5 task 26/150
[   290.2s] cap_perp seed=5 task 27/150
[   300.8s] cap_perp seed=5 task 28/150
[   311.1s] cap_perp seed=5 task 29/150
[   321.5s] cap_perp seed=5 task 30/150
[   331.5s] cap_perp seed=5 task 31/150
[   341.8s] cap_perp seed=5 task 32/150
[   352.0s] cap_perp seed=5 task 33/150
[   362.7s] cap_perp seed=5 task 34/150
[   373.1s] cap_perp seed=5 task 35/150
[   383.5s] cap_perp seed=5 task 36/150
[   394.0s] cap_perp seed=5 task 37/150
[   404.5s] cap_perp seed=5 task 38/150
[   415.4s] cap_perp seed=5 task 39/150
[   426.3s] cap_perp seed=5 task 40/150
[   437.1s] cap_perp seed=5 task 41/150
[   447.9s] cap_perp seed=5 task 42/150
[   458.4s] cap_perp seed=5 task 43/150
[   469.0s] cap_perp seed=5 task 44/150
[   479.7s] cap_perp seed=5 task 45/150
[   489.9s] cap_perp seed=5 task 46/150
[   499.8s] cap_perp seed=5 task 47/150
[   509.4s] cap_perp seed=5 task 48/150
[   519.1s] cap_perp seed=5 task 49/150
[   529.0s] cap_perp seed=5 task 50/150
[   538.6s] cap_perp seed=5 task 51/150
[   548.5s] cap_perp seed=5 task 52/150
[   558.5s] cap_perp seed=5 task 53/150
[   568.7s] cap_perp seed=5 task 54/150
[   579.2s] cap_perp seed=5 task 55/150
[   589.5s] cap_perp seed=5 task 56/150
[   599.9s] cap_perp seed=5 task 57/150
[   610.6s] cap_perp seed=5 task 58/150
[   621.3s] cap_perp seed=5 task 59/150
[   631.5s] cap_perp seed=5 task 60/150
[   641.4s] cap_perp seed=5 task 61/150
[   651.1s] cap_perp seed=5 task 62/150
[   660.6s] cap_perp seed=5 task 63/150
[   670.4s] cap_perp seed=5 task 64/150
[   680.1s] cap_perp seed=5 task 65/150
[   690.0s] cap_perp seed=5 task 66/150
[   699.9s] cap_perp seed=5 task 67/150
[   709.9s] cap_perp seed=5 task 68/150
[   719.8s] cap_perp seed=5 task 69/150
[   729.8s] cap_perp seed=5 task 70/150
[   739.9s] cap_perp seed=5 task 71/150
[   749.9s] cap_perp seed=5 task 72/150
[   760.0s] cap_perp seed=5 task 73/150
[   769.9s] cap_perp seed=5 task 74/150
[   779.9s] cap_perp seed=5 task 75/150
[   790.0s] cap_perp seed=5 task 76/150
[   799.7s] cap_perp seed=5 task 77/150
[   809.6s] cap_perp seed=5 task 78/150
[   819.5s] cap_perp seed=5 task 79/150
[   829.4s] cap_perp seed=5 task 80/150
[   839.4s] cap_perp seed=5 task 81/150
[   849.9s] cap_perp seed=5 task 82/150
[   860.1s] cap_perp seed=5 task 83/150
[   870.5s] cap_perp seed=5 task 84/150
[   880.9s] cap_perp seed=5 task 85/150
[   891.3s] cap_perp seed=5 task 86/150
[   901.4s] cap_perp seed=5 task 87/150
[   911.3s] cap_perp seed=5 task 88/150
[   921.0s] cap_perp seed=5 task 89/150
[   930.8s] cap_perp seed=5 task 90/150
[   940.6s] cap_perp seed=5 task 91/150
[   950.4s] cap_perp seed=5 task 92/150
[   960.0s] cap_perp seed=5 task 93/150
[   970.3s] cap_perp seed=5 task 94/150
[   980.8s] cap_perp seed=5 task 95/150
[   991.2s] cap_perp seed=5 task 96/150
[  1001.1s] cap_perp seed=5 task 97/150
[  1011.5s] cap_perp seed=5 task 98/150
[  1021.5s] cap_perp seed=5 task 99/150
[  1031.5s] cap_perp seed=5 task 100/150
[  1041.4s] cap_perp seed=5 task 101/150
[  1051.2s] cap_perp seed=5 task 102/150
[  1061.2s] cap_perp seed=5 task 103/150
[  1071.5s] cap_perp seed=5 task 104/150
[  1082.1s] cap_perp seed=5 task 105/150
[  1093.3s] cap_perp seed=5 task 106/150
[  1104.6s] cap_perp seed=5 task 107/150
[  1115.4s] cap_perp seed=5 task 108/150
[  1126.1s] cap_perp seed=5 task 109/150
[  1136.6s] cap_perp seed=5 task 110/150
[  1147.4s] cap_perp seed=5 task 111/150
[  1158.1s] cap_perp seed=5 task 112/150
[  1168.7s] cap_perp seed=5 task 113/150
[  1179.2s] cap_perp seed=5 task 114/150
[  1190.2s] cap_perp seed=5 task 115/150
[  1201.1s] cap_perp seed=5 task 116/150
[  1212.2s] cap_perp seed=5 task 117/150
[  1222.4s] cap_perp seed=5 task 118/150
[  1232.7s] cap_perp seed=5 task 119/150
[  1242.9s] cap_perp seed=5 task 120/150
[  1253.1s] cap_perp seed=5 task 121/150
[  1263.5s] cap_perp seed=5 task 122/150
[  1274.0s] cap_perp seed=5 task 123/150
[  1284.5s] cap_perp seed=5 task 124/150
[  1295.1s] cap_perp seed=5 task 125/150
[  1305.7s] cap_perp seed=5 task 126/150
[  1316.0s] cap_perp seed=5 task 127/150
[  1326.5s] cap_perp seed=5 task 128/150
[  1337.1s] cap_perp seed=5 task 129/150
[  1347.5s] cap_perp seed=5 task 130/150
[  1358.0s] cap_perp seed=5 task 131/150
[  1368.7s] cap_perp seed=5 task 132/150
[  1379.6s] cap_perp seed=5 task 133/150
[  1390.7s] cap_perp seed=5 task 134/150
[  1402.1s] cap_perp seed=5 task 135/150
[  1413.7s] cap_perp seed=5 task 136/150
[  1424.7s] cap_perp seed=5 task 137/150
[  1435.4s] cap_perp seed=5 task 138/150
[  1446.7s] cap_perp seed=5 task 139/150
[  1458.5s] cap_perp seed=5 task 140/150
[  1469.2s] cap_perp seed=5 task 141/150
[  1481.0s] cap_perp seed=5 task 142/150
[  1492.8s] cap_perp seed=5 task 143/150
[  1504.7s] cap_perp seed=5 task 144/150
[  1516.1s] cap_perp seed=5 task 145/150
[  1527.6s] cap_perp seed=5 task 146/150
[  1539.6s] cap_perp seed=5 task 147/150
[  1551.3s] cap_perp seed=5 task 148/150
[  1563.0s] cap_perp seed=5 task 149/150
[  1575.2s] cap_perp seed=5 task 150/150
wrote results/mucap_el_0916/runs/cap_perp_s5  (150 task rows, 1575.5s)
