[     8.0s] cap_par seed=7 task 1/150
[    19.4s] cap_par seed=7 task 2/150
[    31.2s] cap_par seed=7 task 3/150
[    42.3s] cap_par seed=7 task 4/150
[    53.5s] cap_par seed=7 task 5/150
[    65.1s] cap_par seed=7 task 6/150
[    77.5s] cap_par seed=7 task 7/150
[    89.3s] cap_par seed=7 task 8/150
[   101.2s] cap_par seed=7 task 9/150
[   113.2s] cap_par seed=7 task 10/150
[   125.1s] cap_par seed=7 task 11/150
[   136.8s] cap_par seed=7 task 12/150
[   147.6s] cap_par seed=7 task 13/150
[   159.3s] cap_par seed=7 task 14/150
[   170.2s] cap_par seed=7 task 15/150
[   180.7s] cap_par seed=7 task 16/150
[   191.3s] cap_par seed=7 task 17/150
[   201.9s] cap_par seed=7 task 18/150
[   212.8s] cap_par seed=7 task 19/150
[   223.7s] cap_par seed=7 task 20/150
[   234.4s] cap_par seed=7 task 21/150
[   244.5s] cap_par seed=7 task 22/150
[   254.4s] cap_par seed=7 task 23/150
[   264.5s] cap_par seed=7 task 24/150
[   274.5s] cap_par seed=7 task 25/150
[   285.2s] cap_par seed=7 task 26/150
[   295.4s] cap_par seed=7 task 27/150
[   305.8s] cap_par seed=7 task 28/150
[   316.5s] cap_par seed=7 task 29/150
[   327.2s] cap_par seed=7 task 30/150
[   337.3s] cap_par seed=7 task 31/150
[   347.7s] cap_par seed=7 task 32/150
[   357.8s] cap_par seed=7 task 33/150
[   367.6s] cap_par seed=7 task 34/150
[   381.8s] cap_par seed=7 task 35/150
[   391.6s] cap_par seed=7 task 36/150
[   401.6s] cap_par seed=7 task 37/150
[   413.1s] cap_par seed=7 task 38/150
[   426.9s] cap_par seed=7 task 39/150
[   440.7s] cap_par seed=7 task 40/150
[   454.0s] cap_par seed=7 task 41/150
[   467.1s] cap_par seed=7 task 42/150
[   481.0s] cap_par seed=7 task 43/150
[   494.8s] cap_par seed=7 task 44/150
[   508.4s] cap_par seed=7 task 45/150
[   522.4s] cap_par seed=7 task 46/150
[   537.0s] cap_par seed=7 task 47/150
[   559.2s] cap_par seed=7 task 48/150
[   573.7s] cap_par seed=7 task 49/150
[   588.7s] cap_par seed=7 task 50/150
[   603.1s] cap_par seed=7 task 51/150
[   615.5s] cap_par seed=7 task 52/150
[   628.1s] cap_par seed=7 task 53/150
[   641.6s] cap_par seed=7 task 54/150
[   656.0s] cap_par seed=7 task 55/150
[   669.7s] cap_par seed=7 task 56/150
[   681.4s] cap_par seed=7 task 57/150
[   698.2s] cap_par seed=7 task 58/150
[   711.5s] cap_par seed=7 task 59/150
[   728.7s] cap_par seed=7 task 60/150
[   745.4s] cap_par seed=7 task 61/150
[   767.0s] cap_par seed=7 task 62/150
[   779.9s] cap_par seed=7 task 63/150
[   793.4s] cap_par seed=7 task 64/150
[   807.1s] cap_par seed=7 task 65/150
[   820.7s] cap_par seed=7 task 66/150
[   833.9s] cap_par seed=7 task 67/150
[   846.2s] cap_par seed=7 task 68/150
[   859.2s] cap_par seed=7 task 69/150
[   871.4s] cap_par seed=7 task 70/150
[   883.2s] cap_par seed=7 task 71/150
[   894.9s] cap_par seed=7 task 72/150
[   906.8s] cap_par seed=7 task 73/150
[   918.7s] cap_par seed=7 task 74/150
[   929.9s] cap_par seed=7 task 75/150
[   940.9s] cap_par seed=7 task 76/150
[   950.7s] cap_par seed=7 task 77/150
[   960.4s] cap_par seed=7 task 78/150
[   970.1s] cap_par seed=7 task 79/150
[   979.9s] cap_par seed=7 task 80/150
[   989.6s] cap_par seed=7 task 81/150
[   999.5s] cap_par seed=7 task 82/150
[  1009.2s] cap_par seed=7 task 83/150
[  1019.1s] cap_par seed=7 task 84/150
[  1029.5s] cap_par seed=7 task 85/150
[  1040.0s] cap_par seed=7 task 86/150
[  1049.9s] cap_par seed=7 task 87/150
[  1059.7s] cap_par seed=7 task 88/150
[  1069.4s] cap_par seed=7 task 89/150
[  1079.2s] cap_par seed=7 task 90/150
[  1088.9s] cap_par seed=7 task 91/150
[  1098.9s] cap_par seed=7 task 92/150
[  1108.7s] cap_par seed=7 task 93/150
[  1118.7s] cap_par seed=7 task 94/150
[  1128.6s] cap_par seed=7 task 95/150
[  1138.7s] cap_par seed=7 task 96/150
[  1148.6s] cap_par seed=7 task 97/150
[  1158.4s] cap_par seed=7 task 98/150
[  1168.3s] cap_par seed=7 task 99/150
[  1178.3s] cap_par seed=7 task 100/150
[  1188.1s] cap_par seed=7 task 101/150
[  1197.8s] cap_par seed=7 task 102/150
[  1207.6s] cap_par seed=7 task 103/150
[  1217.5s] cap_par seed=7 task 104/150
[  1227.5s] cap_par seed=7 task 105/150
[  1237.3s] cap_par seed=7 task 106/150
[  1247.1s] cap_par seed=7 task 107/150
[  1257.0s] cap_par seed=7 task 108/150
[  1266.9s] cap_par seed=7 task 109/150
[  1276.8s] cap_par seed=7 task 110/150
[  1287.0s] cap_par seed=7 task 111/150
[  1297.0s] cap_par seed=7 task 112/150
[  1306.8s] cap_par seed=7 task 113/150
[  1316.7s] cap_par seed=7 task 114/150
[  1326.6s] cap_par seed=7 task 115/150
[  1336.7s] cap_par seed=7 task 116/150
[  1346.6s] cap_par seed=7 task 117/150
[  1356.4s] cap_par seed=7 task 118/150
[  1366.7s] cap_par seed=7 task 119/150
[  1376.4s] cap_par seed=7 task 120/150
[  1386.8s] cap_par seed=7 task 121/150
[  1397.3s] cap_par seed=7 task 122/150
[  1407.8s] cap_par seed=7 task 123/150
[  1418.3s] cap_par seed=7 task 124/150
[  1428.9s] cap_par seed=7 task 125/150
[  1439.5s] cap_par seed=7 task 126/150
[  1449.9s] cap_par seed=7 task 127/150
[  1460.4s] cap_par seed=7 task 128/150
[  1471.1s] cap_par seed=7 task 129/150
[  1481.5s] cap_par seed=7 task 130/150
[  1492.3s] cap_par seed=7 task 131/150
[  1502.8s] cap_par seed=7 task 132/150
[  1513.5s] cap_par seed=7 task 133/150
[  1523.9s] cap_par seed=7 task 134/150
[  1534.6s] cap_par seed=7 task 135/150
[  1545.1s] cap_par seed=7 task 136/150
[  1555.7s] cap_par seed=7 task 137/150
[  1566.3s] cap_par seed=7 task 138/150
[  1576.9s] cap_par seed=7 task 139/150
[  1587.7s] cap_par seed=7 task 140/150
[  1598.5s] cap_par seed=7 task 141/150
[  1609.5s] cap_par seed=7 task 142/150
[  1620.7s] cap_par seed=7 task 143/150
[  1631.8s] cap_par seed=7 task 144/150
[  1642.6s] cap_par seed=7 task 145/150
[  1653.9s] cap_par seed=7 task 146/150
[  1665.1s] cap_par seed=7 task 147/150
[  1676.2s] cap_par seed=7 task 148/150
[  1687.5s] cap_par seed=7 task 149/150
[  1698.9s] cap_par seed=7 task 150/150
wrote results/mucap_el_0916/runs/cap_par_s7  (150 task rows, 1699.2s)
