[     7.3s] cap_both seed=2 task 1/150
[    18.5s] cap_both seed=2 task 2/150
[    30.1s] cap_both seed=2 task 3/150
[    41.3s] cap_both seed=2 task 4/150
[    52.4s] cap_both seed=2 task 5/150
[    63.0s] cap_both seed=2 task 6/150
[    73.6s] cap_both seed=2 task 7/150
[    84.4s] cap_both seed=2 task 8/150
[    95.9s] cap_both seed=2 task 9/150
[   106.9s] cap_both seed=2 task 10/150
[   118.1s] cap_both seed=2 task 11/150
[   129.1s] cap_both seed=2 task 12/150
[   139.9s] cap_both seed=2 task 13/150
[   150.7s] cap_both seed=2 task 14/150
[   161.8s] cap_both seed=2 task 15/150
[   172.7s] cap_both seed=2 task 16/150
[   183.7s] cap_both seed=2 task 17/150
[   194.4s] cap_both seed=2 task 18/150
[   205.5s] cap_both seed=2 task 19/150
[   217.2s] cap_both seed=2 task 20/150
[   228.5s] cap_both seed=2 task 21/150
[   240.4s] cap_both seed=2 task 22/150
[   252.3s] cap_both seed=2 task 23/150
[   264.4s] cap_both seed=2 task 24/150
[   276.7s] cap_both seed=2 task 25/150
[   288.3s] cap_both seed=2 task 26/150
[   300.0s] cap_both seed=2 task 27/150
[   311.7s] cap_both seed=2 task 28/150
[   323.9s] cap_both seed=2 task 29/150
[   336.5s] cap_both seed=2 task 30/150
[   349.5s] cap_both seed=2 task 31/150
[   361.3s] cap_both seed=2 task 32/150
[   372.2s] cap_both seed=2 task 33/150
[   383.2s] cap_both seed=2 task 34/150
[   393.8s] cap_both seed=2 task 35/150
[   404.5s] cap_both seed=2 task 36/150
[   415.0s] cap_both seed=2 task 37/150
[   425.3s] cap_both seed=2 task 38/150
[   435.9s] cap_both seed=2 task 39/150
[   446.5s] cap_both seed=2 task 40/150
[   457.7s] cap_both seed=2 task 41/150
[   468.9s] cap_both seed=2 task 42/150
[   480.1s] cap_both seed=2 task 43/150
[   491.1s] cap_both seed=2 task 44/150
[   502.3s] cap_both seed=2 task 45/150
[   513.5s] cap_both seed=2 task 46/150
[   524.5s] cap_both seed=2 task 47/150
[   535.1s] cap_both seed=2 task 48/150
[   545.6s] cap_both seed=2 task 49/150
[   556.0s] cap_both seed=2 task 50/150
[   566.7s] cap_both seed=2 task 51/150
[   577.4s] cap_both seed=2 task 52/150
[   587.9s] cap_both seed=2 task 53/150
[   598.7s] cap_both seed=2 task 54/150
[   609.7s] cap_both seed=2 task 55/150
[   620.6s] cap_both seed=2 task 56/150
[   631.3s] cap_both seed=2 task 57/150
[   642.1s] cap_both seed=2 task 58/150
[   653.1s] cap_both seed=2 task 59/150
[   664.4s] cap_both seed=2 task 60/150
[   676.2s] cap_both seed=2 task 61/150
[   687.3s] cap_both seed=2 task 62/150
[   698.0s] cap_both seed=2 task 63/150
[   708.7s] cap_both seed=2 task 64/150
[   719.1s] cap_both seed=2 task 65/150
[   729.6s] cap_both seed=2 task 66/150
[   739.9s] cap_both seed=2 task 67/150
[   750.4s] cap_both seed=2 task 68/150
[   760.9s] cap_both seed=2 task 69/150
[   771.6s] cap_both seed=2 task 70/150
[   782.3s] cap_both seed=2 task 71/150
[   792.9s] cap_both seed=2 task 72/150
[   803.3s] cap_both seed=2 task 73/150
[   813.9s] cap_both seed=2 task 74/150
[   824.5s] cap_both seed=2 task 75/150
[   835.4s] cap_both seed=2 task 76/150
[   846.3s] cap_both seed=2 task 77/150
[   857.3s] cap_both seed=2 task 78/150
[   867.6s] cap_both seed=2 task 79/150
[   878.2s] cap_both seed=2 task 80/150
[   888.9s] cap_both seed=2 task 81/150
[   899.2s] cap_both seed=2 task 82/150
[   909.7s] cap_both seed=2 task 83/150
[   920.2s] cap_both seed=2 task 84/150
[   930.6s] cap_both seed=2 task 85/150
[   941.2s] cap_both seed=2 task 86/150
[   952.1s] cap_both seed=2 task 87/150
[   962.8s] cap_both seed=2 task 88/150
[   973.5s] cap_both seed=2 task 89/150
[   984.1s] cap_both seed=2 task 90/150
[   994.3s] cap_both seed=2 task 91/150
[  1004.7s] cap_both seed=2 task 92/150
[  1015.1s] cap_both seed=2 task 93/150
[  1025.8s] cap_both seed=2 task 94/150
[  1036.5s] cap_both seed=2 task 95/150
[  1047.2s] cap_both seed=2 task 96/150
[  1057.7s] cap_both seed=2 task 97/150
[  1068.6s] cap_both seed=2 task 98/150
[  1080.1s] cap_both seed=2 task 99/150
[  1092.0s] cap_both seed=2 task 100/150
[  1103.7s] cap_both seed=2 task 101/150
[  1115.6s] cap_both seed=2 task 102/150
[  1127.0s] cap_both seed=2 task 103/150
[  1138.6s] cap_both seed=2 task 104/150
[  1149.2s] cap_both seed=2 task 105/150
[  1159.7s] cap_both seed=2 task 106/150
[  1170.5s] cap_both seed=2 task 107/150
[  1182.4s] cap_both seed=2 task 108/150
[  1193.4s] cap_both seed=2 task 109/150
[  1204.3s] cap_both seed=2 task 110/150
[  1215.3s] cap_both seed=2 task 111/150
[  1227.1s] cap_both seed=2 task 112/150
[  1239.1s] cap_both seed=2 task 113/150
[  1250.7s] cap_both seed=2 task 114/150
[  1262.2s] cap_both seed=2 task 115/150
[  1273.3s] cap_both seed=2 task 116/150
[  1284.5s] cap_both seed=2 task 117/150
[  1295.8s] cap_both seed=2 task 118/150
[  1307.7s] cap_both seed=2 task 119/150
[  1319.7s] cap_both seed=2 task 120/150
[  1331.5s] cap_both seed=2 task 121/150
[  1342.5s] cap_both seed=2 task 122/150
[  1354.0s] cap_both seed=2 task 123/150
[  1365.3s] cap_both seed=2 task 124/150
[  1376.1s] cap_both seed=2 task 125/150
[  1387.3s] cap_both seed=2 task 126/150
[  1398.4s] cap_both seed=2 task 127/150
[  1409.4s] cap_both seed=2 task 128/150
[  1420.6s] cap_both seed=2 task 129/150
[  1431.6s] cap_both seed=2 task 130/150
[  1443.0s] cap_both seed=2 task 131/150
[  1454.2s] cap_both seed=2 task 132/150
[  1465.8s] cap_both seed=2 task 133/150
[  1477.0s] cap_both seed=2 task 134/150
[  1488.2s] cap_both seed=2 task 135/150
[  1499.0s] cap_both seed=2 task 136/150
[  1510.6s] cap_both seed=2 task 137/150
[  1522.5s] cap_both seed=2 task 138/150
[  1533.9s] cap_both seed=2 task 139/150
[  1545.6s] cap_both seed=2 task 140/150
[  1557.6s] cap_both seed=2 task 141/150
[  1569.3s] cap_both seed=2 task 142/150
[  1581.1s] cap_both seed=2 task 143/150
[  1592.8s] cap_both seed=2 task 144/150
[  1604.6s] cap_both seed=2 task 145/150
[  1616.2s] cap_both seed=2 task 146/150
[  1627.9s] cap_both seed=2 task 147/150
[  1639.6s] cap_both seed=2 task 148/150
[  1651.3s] cap_both seed=2 task 149/150
[  1662.8s] cap_both seed=2 task 150/150
wrote results/mucap_el_0916/runs/cap_both_s2  (150 task rows, 1663.1s)
