[     7.3s] cap_perp seed=2 task 1/150
[    16.8s] cap_perp seed=2 task 2/150
[    26.7s] cap_perp seed=2 task 3/150
[    36.5s] cap_perp seed=2 task 4/150
[    45.7s] cap_perp seed=2 task 5/150
[    55.4s] cap_perp seed=2 task 6/150
[    65.1s] cap_perp seed=2 task 7/150
[    75.4s] cap_perp seed=2 task 8/150
[    85.0s] cap_perp seed=2 task 9/150
[    95.0s] cap_perp seed=2 task 10/150
[   104.4s] cap_perp seed=2 task 11/150
[   113.7s] cap_perp seed=2 task 12/150
[   123.2s] cap_perp seed=2 task 13/150
[   133.5s] cap_perp seed=2 task 14/150
[   143.7s] cap_perp seed=2 task 15/150
[   153.2s] cap_perp seed=2 task 16/150
[   162.9s] cap_perp seed=2 task 17/150
[   172.6s] cap_perp seed=2 task 18/150
[   182.1s] cap_perp seed=2 task 19/150
[   191.8s] cap_perp seed=2 task 20/150
[   201.5s] cap_perp seed=2 task 21/150
[   211.1s] cap_perp seed=2 task 22/150
[   220.7s] cap_perp seed=2 task 23/150
[   230.1s] cap_perp seed=2 task 24/150
[   239.6s] cap_perp seed=2 task 25/150
[   249.6s] cap_perp seed=2 task 26/150
[   259.9s] cap_perp seed=2 task 27/150
[   269.7s] cap_perp seed=2 task 28/150
[   279.9s] cap_perp seed=2 task 29/150
[   290.7s] cap_perp seed=2 task 30/150
[   301.0s] cap_perp seed=2 task 31/150
[   312.8s] cap_perp seed=2 task 32/150
[   323.9s] cap_perp seed=2 task 33/150
[   334.1s] cap_perp seed=2 task 34/150
[   344.8s] cap_perp seed=2 task 35/150
[   355.0s] cap_perp seed=2 task 36/150
[   365.7s] cap_perp seed=2 task 37/150
[   376.5s] cap_perp seed=2 task 38/150
[   387.2s] cap_perp seed=2 task 39/150
[   397.6s] cap_perp seed=2 task 40/150
[   406.9s] cap_perp seed=2 task 41/150
[   416.2s] cap_perp seed=2 task 42/150
[   425.4s] cap_perp seed=2 task 43/150
[   434.6s] cap_perp seed=2 task 44/150
[   444.0s] cap_perp seed=2 task 45/150
[   453.3s] cap_perp seed=2 task 46/150
[   462.5s] cap_perp seed=2 task 47/150
[   472.1s] cap_perp seed=2 task 48/150
[   481.6s] cap_perp seed=2 task 49/150
[   491.5s] cap_perp seed=2 task 50/150
[   501.5s] cap_perp seed=2 task 51/150
[   511.4s] cap_perp seed=2 task 52/150
[   521.1s] cap_perp seed=2 task 53/150
[   531.2s] cap_perp seed=2 task 54/150
[   541.5s] cap_perp seed=2 task 55/150
[   551.6s] cap_perp seed=2 task 56/150
[   561.5s] cap_perp seed=2 task 57/150
[   571.2s] cap_perp seed=2 task 58/150
[   580.6s] cap_perp seed=2 task 59/150
[   589.9s] cap_perp seed=2 task 60/150
[   599.1s] cap_perp seed=2 task 61/150
[   608.2s] cap_perp seed=2 task 62/150
[   617.4s] cap_perp seed=2 task 63/150
[   626.6s] cap_perp seed=2 task 64/150
[   635.8s] cap_perp seed=2 task 65/150
[   645.3s] cap_perp seed=2 task 66/150
[   654.5s] cap_perp seed=2 task 67/150
[   663.9s] cap_perp seed=2 task 68/150
[   673.3s] cap_perp seed=2 task 69/150
[   682.8s] cap_perp seed=2 task 70/150
[   692.6s] cap_perp seed=2 task 71/150
[   702.7s] cap_perp seed=2 task 72/150
[   712.8s] cap_perp seed=2 task 73/150
[   722.9s] cap_perp seed=2 task 74/150
[   732.4s] cap_perp seed=2 task 75/150
[   741.7s] cap_perp seed=2 task 76/150
[   750.9s] cap_perp seed=2 task 77/150
[   760.1s] cap_perp seed=2 task 78/150
[   769.3s] cap_perp seed=2 task 79/150
[   778.5s] cap_perp seed=2 task 80/150
[   787.7s] cap_perp seed=2 task 81/150
[   796.9s] cap_perp seed=2 task 82/150
[   806.0s] cap_perp seed=2 task 83/150
[   815.5s] cap_perp seed=2 task 84/150
[   825.1s] cap_perp seed=2 task 85/150
[   834.8s] cap_perp seed=2 task 86/150
[   844.4s] cap_perp seed=2 task 87/150
[   854.1s] cap_perp seed=2 task 88/150
[   863.7s] cap_perp seed=2 task 89/150
[   872.8s] cap_perp seed=2 task 90/150
[   882.0s] cap_perp seed=2 task 91/150
[   891.4s] cap_perp seed=2 task 92/150
[   900.8s] cap_perp seed=2 task 93/150
[   910.2s] cap_perp seed=2 task 94/150
[   919.8s] cap_perp seed=2 task 95/150
[   929.0s] cap_perp seed=2 task 96/150
[   938.4s] cap_perp seed=2 task 97/150
[   948.0s] cap_perp seed=2 task 98/150
[   957.5s] cap_perp seed=2 task 99/150
[   967.2s] cap_perp seed=2 task 100/150
[   976.7s] cap_perp seed=2 task 101/150
[   986.5s] cap_perp seed=2 task 102/150
[   996.3s] cap_perp seed=2 task 103/150
[  1006.1s] cap_perp seed=2 task 104/150
[  1015.9s] cap_perp seed=2 task 105/150
[  1025.7s] cap_perp seed=2 task 106/150
[  1035.3s] cap_perp seed=2 task 107/150
[  1045.0s] cap_perp seed=2 task 108/150
[  1054.7s] cap_perp seed=2 task 109/150
[  1064.9s] cap_perp seed=2 task 110/150
[  1074.7s] cap_perp seed=2 task 111/150
[  1084.6s] cap_perp seed=2 task 112/150
[  1094.6s] cap_perp seed=2 task 113/150
[  1104.4s] cap_perp seed=2 task 114/150
[  1115.1s] cap_perp seed=2 task 115/150
[  1125.9s] cap_perp seed=2 task 116/150
[  1136.9s] cap_perp seed=2 task 117/150
[  1147.6s] cap_perp seed=2 task 118/150
[  1159.0s] cap_perp seed=2 task 119/150
[  1169.8s] cap_perp seed=2 task 120/150
[  1180.6s] cap_perp seed=2 task 121/150
[  1190.8s] cap_perp seed=2 task 122/150
[  1201.1s] cap_perp seed=2 task 123/150
[  1211.7s] cap_perp seed=2 task 124/150
[  1222.7s] cap_perp seed=2 task 125/150
[  1233.4s] cap_perp seed=2 task 126/150
[  1243.7s] cap_perp seed=2 task 127/150
[  1254.2s] cap_perp seed=2 task 128/150
[  1264.8s] cap_perp seed=2 task 129/150
[  1275.4s] cap_perp seed=2 task 130/150
[  1285.7s] cap_perp seed=2 task 131/150
[  1296.3s] cap_perp seed=2 task 132/150
[  1306.4s] cap_perp seed=2 task 133/150
[  1316.9s] cap_perp seed=2 task 134/150
[  1327.6s] cap_perp seed=2 task 135/150
[  1338.1s] cap_perp seed=2 task 136/150
[  1349.5s] cap_perp seed=2 task 137/150
[  1360.4s] cap_perp seed=2 task 138/150
[  1371.1s] cap_perp seed=2 task 139/150
[  1381.1s] cap_perp seed=2 task 140/150
[  1390.8s] cap_perp seed=2 task 141/150
[  1401.1s] cap_perp seed=2 task 142/150
[  1410.6s] cap_perp seed=2 task 143/150
[  1420.8s] cap_perp seed=2 task 144/150
[  1431.0s] cap_perp seed=2 task 145/150
[  1441.6s] cap_perp seed=2 task 146/150
[  1452.2s] cap_perp seed=2 task 147/150
[  1462.5s] cap_perp seed=2 task 148/150
[  1472.8s] cap_perp seed=2 task 149/150
[  1483.3s] cap_perp seed=2 task 150/150
wrote results/mucap_el_0916/runs/cap_perp_s2  (150 task rows, 1483.5s)
