[     7.1s] cap_par seed=4 task 1/150
[    16.6s] cap_par seed=4 task 2/150
[    25.7s] cap_par seed=4 task 3/150
[    35.4s] cap_par seed=4 task 4/150
[    46.4s] cap_par seed=4 task 5/150
[    57.1s] cap_par seed=4 task 6/150
[    67.4s] cap_par seed=4 task 7/150
[    77.8s] cap_par seed=4 task 8/150
[    88.0s] cap_par seed=4 task 9/150
[    98.8s] cap_par seed=4 task 10/150
[   110.1s] cap_par seed=4 task 11/150
[   120.4s] cap_par seed=4 task 12/150
[   130.1s] cap_par seed=4 task 13/150
[   139.8s] cap_par seed=4 task 14/150
[   149.5s] cap_par seed=4 task 15/150
[   159.4s] cap_par seed=4 task 16/150
[   169.5s] cap_par seed=4 task 17/150
[   179.0s] cap_par seed=4 task 18/150
[   188.8s] cap_par seed=4 task 19/150
[   198.2s] cap_par seed=4 task 20/150
[   208.0s] cap_par seed=4 task 21/150
[   217.4s] cap_par seed=4 task 22/150
[   227.0s] cap_par seed=4 task 23/150
[   236.6s] cap_par seed=4 task 24/150
[   246.4s] cap_par seed=4 task 25/150
[   256.2s] cap_par seed=4 task 26/150
[   266.1s] cap_par seed=4 task 27/150
[   276.5s] cap_par seed=4 task 28/150
[   286.5s] cap_par seed=4 task 29/150
[   296.2s] cap_par seed=4 task 30/150
[   306.3s] cap_par seed=4 task 31/150
[   316.3s] cap_par seed=4 task 32/150
[   327.1s] cap_par seed=4 task 33/150
[   337.0s] cap_par seed=4 task 34/150
[   347.1s] cap_par seed=4 task 35/150
[   357.2s] cap_par seed=4 task 36/150
[   367.4s] cap_par seed=4 task 37/150
[   377.6s] cap_par seed=4 task 38/150
[   387.7s] cap_par seed=4 task 39/150
[   397.3s] cap_par seed=4 task 40/150
[   406.9s] cap_par seed=4 task 41/150
[   416.6s] cap_par seed=4 task 42/150
[   426.1s] cap_par seed=4 task 43/150
[   435.7s] cap_par seed=4 task 44/150
[   445.2s] cap_par seed=4 task 45/150
[   455.0s] cap_par seed=4 task 46/150
[   464.7s] cap_par seed=4 task 47/150
[   475.1s] cap_par seed=4 task 48/150
[   485.6s] cap_par seed=4 task 49/150
[   496.1s] cap_par seed=4 task 50/150
[   506.5s] cap_par seed=4 task 51/150
[   517.0s] cap_par seed=4 task 52/150
[   527.1s] cap_par seed=4 task 53/150
[   537.3s] cap_par seed=4 task 54/150
[   547.4s] cap_par seed=4 task 55/150
[   557.7s] cap_par seed=4 task 56/150
[   568.3s] cap_par seed=4 task 57/150
[   578.7s] cap_par seed=4 task 58/150
[   589.2s] cap_par seed=4 task 59/150
[   599.7s] cap_par seed=4 task 60/150
[   610.4s] cap_par seed=4 task 61/150
[   621.2s] cap_par seed=4 task 62/150
[   631.2s] cap_par seed=4 task 63/150
[   641.9s] cap_par seed=4 task 64/150
[   652.0s] cap_par seed=4 task 65/150
[   662.1s] cap_par seed=4 task 66/150
[   672.0s] cap_par seed=4 task 67/150
[   682.5s] cap_par seed=4 task 68/150
[   693.0s] cap_par seed=4 task 69/150
[   703.6s] cap_par seed=4 task 70/150
[   714.1s] cap_par seed=4 task 71/150
[   724.5s] cap_par seed=4 task 72/150
[   734.9s] cap_par seed=4 task 73/150
[   745.1s] cap_par seed=4 task 74/150
[   755.3s] cap_par seed=4 task 75/150
[   765.8s] cap_par seed=4 task 76/150
[   776.2s] cap_par seed=4 task 77/150
[   786.4s] cap_par seed=4 task 78/150
[   796.5s] cap_par seed=4 task 79/150
[   806.5s] cap_par seed=4 task 80/150
[   816.8s] cap_par seed=4 task 81/150
[   827.4s] cap_par seed=4 task 82/150
[   837.9s] cap_par seed=4 task 83/150
[   847.7s] cap_par seed=4 task 84/150
[   857.5s] cap_par seed=4 task 85/150
[   866.7s] cap_par seed=4 task 86/150
[   876.3s] cap_par seed=4 task 87/150
[   885.9s] cap_par seed=4 task 88/150
[   895.5s] cap_par seed=4 task 89/150
[   905.1s] cap_par seed=4 task 90/150
[   915.5s] cap_par seed=4 task 91/150
[   925.3s] cap_par seed=4 task 92/150
[   935.1s] cap_par seed=4 task 93/150
[   945.3s] cap_par seed=4 task 94/150
[   955.6s] cap_par seed=4 task 95/150
[   965.9s] cap_par seed=4 task 96/150
[   975.8s] cap_par seed=4 task 97/150
[   985.5s] cap_par seed=4 task 98/150
[   995.8s] cap_par seed=4 task 99/150
[  1006.0s] cap_par seed=4 task 100/150
[  1016.0s] cap_par seed=4 task 101/150
[  1026.0s] cap_par seed=4 task 102/150
[  1037.8s] cap_par seed=4 task 103/150
[  1050.1s] cap_par seed=4 task 104/150
[  1060.9s] cap_par seed=4 task 105/150
[  1071.3s] cap_par seed=4 task 106/150
[  1082.3s] cap_par seed=4 task 107/150
[  1092.6s] cap_par seed=4 task 108/150
[  1102.9s] cap_par seed=4 task 109/150
[  1114.2s] cap_par seed=4 task 110/150
[  1125.7s] cap_par seed=4 task 111/150
[  1138.5s] cap_par seed=4 task 112/150
[  1149.8s] cap_par seed=4 task 113/150
[  1160.4s] cap_par seed=4 task 114/150
[  1170.6s] cap_par seed=4 task 115/150
[  1181.2s] cap_par seed=4 task 116/150
[  1191.7s] cap_par seed=4 task 117/150
[  1204.1s] cap_par seed=4 task 118/150
[  1216.2s] cap_par seed=4 task 119/150
[  1227.0s] cap_par seed=4 task 120/150
[  1237.5s] cap_par seed=4 task 121/150
[  1247.7s] cap_par seed=4 task 122/150
[  1258.5s] cap_par seed=4 task 123/150
[  1269.0s] cap_par seed=4 task 124/150
[  1279.5s] cap_par seed=4 task 125/150
[  1289.9s] cap_par seed=4 task 126/150
[  1300.5s] cap_par seed=4 task 127/150
[  1313.4s] cap_par seed=4 task 128/150
[  1326.3s] cap_par seed=4 task 129/150
[  1339.5s] cap_par seed=4 task 130/150
[  1352.9s] cap_par seed=4 task 131/150
[  1364.7s] cap_par seed=4 task 132/150
[  1375.7s] cap_par seed=4 task 133/150
[  1386.8s] cap_par seed=4 task 134/150
[  1398.5s] cap_par seed=4 task 135/150
[  1409.8s] cap_par seed=4 task 136/150
[  1420.9s] cap_par seed=4 task 137/150
[  1431.8s] cap_par seed=4 task 138/150
[  1442.8s] cap_par seed=4 task 139/150
[  1453.8s] cap_par seed=4 task 140/150
[  1464.7s] cap_par seed=4 task 141/150
[  1475.1s] cap_par seed=4 task 142/150
[  1486.0s] cap_par seed=4 task 143/150
[  1497.9s] cap_par seed=4 task 144/150
[  1509.1s] cap_par seed=4 task 145/150
[  1521.1s] cap_par seed=4 task 146/150
[  1533.4s] cap_par seed=4 task 147/150
[  1545.3s] cap_par seed=4 task 148/150
[  1557.3s] cap_par seed=4 task 149/150
[  1569.7s] cap_par seed=4 task 150/150
wrote results/mucap_el_0916/runs/cap_par_s4  (150 task rows, 1570.0s)
