[     7.9s] cap_perp seed=6 task 1/150
[    18.8s] cap_perp seed=6 task 2/150
[    29.2s] cap_perp seed=6 task 3/150
[    40.3s] cap_perp seed=6 task 4/150
[    51.3s] cap_perp seed=6 task 5/150
[    62.5s] cap_perp seed=6 task 6/150
[    73.3s] cap_perp seed=6 task 7/150
[    84.1s] cap_perp seed=6 task 8/150
[    94.9s] cap_perp seed=6 task 9/150
[   106.0s] cap_perp seed=6 task 10/150
[   117.0s] cap_perp seed=6 task 11/150
[   129.1s] cap_perp seed=6 task 12/150
[   140.5s] cap_perp seed=6 task 13/150
[   151.8s] cap_perp seed=6 task 14/150
[   162.4s] cap_perp seed=6 task 15/150
[   173.0s] cap_perp seed=6 task 16/150
[   183.7s] cap_perp seed=6 task 17/150
[   194.3s] cap_perp seed=6 task 18/150
[   205.1s] cap_perp seed=6 task 19/150
[   215.9s] cap_perp seed=6 task 20/150
[   226.5s] cap_perp seed=6 task 21/150
[   237.9s] cap_perp seed=6 task 22/150
[   248.8s] cap_perp seed=6 task 23/150
[   259.7s] cap_perp seed=6 task 24/150
[   271.4s] cap_perp seed=6 task 25/150
[   282.3s] cap_perp seed=6 task 26/150
[   293.7s] cap_perp seed=6 task 27/150
[   304.9s] cap_perp seed=6 task 28/150
[   316.7s] cap_perp seed=6 task 29/150
[   328.5s] cap_perp seed=6 task 30/150
[   340.3s] cap_perp seed=6 task 31/150
[   352.2s] cap_perp seed=6 task 32/150
[   364.7s] cap_perp seed=6 task 33/150
[   378.0s] cap_perp seed=6 task 34/150
[   388.9s] cap_perp seed=6 task 35/150
[   401.4s] cap_perp seed=6 task 36/150
[   413.4s] cap_perp seed=6 task 37/150
[   423.6s] cap_perp seed=6 task 38/150
[   433.7s] cap_perp seed=6 task 39/150
[   443.9s] cap_perp seed=6 task 40/150
[   454.2s] cap_perp seed=6 task 41/150
[   464.8s] cap_perp seed=6 task 42/150
[   475.8s] cap_perp seed=6 task 43/150
[   486.2s] cap_perp seed=6 task 44/150
[   497.0s] cap_perp seed=6 task 45/150
[   507.5s] cap_perp seed=6 task 46/150
[   517.6s] cap_perp seed=6 task 47/150
[   528.6s] cap_perp seed=6 task 48/150
[   539.0s] cap_perp seed=6 task 49/150
[   549.5s] cap_perp seed=6 task 50/150
[   561.3s] cap_perp seed=6 task 51/150
[   572.5s] cap_perp seed=6 task 52/150
[   582.9s] cap_perp seed=6 task 53/150
[   595.0s] cap_perp seed=6 task 54/150
[   604.9s] cap_perp seed=6 task 55/150
[   614.8s] cap_perp seed=6 task 56/150
[   624.7s] cap_perp seed=6 task 57/150
[   634.5s] cap_perp seed=6 task 58/150
[   644.3s] cap_perp seed=6 task 59/150
[   656.3s] cap_perp seed=6 task 60/150
[   670.4s] cap_perp seed=6 task 61/150
[   684.6s] cap_perp seed=6 task 62/150
[   698.3s] cap_perp seed=6 task 63/150
[   713.1s] cap_perp seed=6 task 64/150
[   732.3s] cap_perp seed=6 task 65/150
[   746.1s] cap_perp seed=6 task 66/150
[   764.6s] cap_perp seed=6 task 67/150
[   784.9s] cap_perp seed=6 task 68/150
[   798.2s] cap_perp seed=6 task 69/150
[   829.8s] cap_perp seed=6 task 70/150
[   856.3s] cap_perp seed=6 task 71/150
[   870.8s] cap_perp seed=6 task 72/150
[   884.7s] cap_perp seed=6 task 73/150
[   899.3s] cap_perp seed=6 task 74/150
[   912.5s] cap_perp seed=6 task 75/150
[   924.5s] cap_perp seed=6 task 76/150
[   936.5s] cap_perp seed=6 task 77/150
[   949.8s] cap_perp seed=6 task 78/150
[   964.2s] cap_perp seed=6 task 79/150
[   979.0s] cap_perp seed=6 task 80/150
[   993.1s] cap_perp seed=6 task 81/150
[  1009.2s] cap_perp seed=6 task 82/150
[  1026.8s] cap_perp seed=6 task 83/150
[  1040.1s] cap_perp seed=6 task 84/150
[  1058.2s] cap_perp seed=6 task 85/150
[  1079.1s] cap_perp seed=6 task 86/150
[  1092.5s] cap_perp seed=6 task 87/150
[  1105.5s] cap_perp seed=6 task 88/150
[  1118.1s] cap_perp seed=6 task 89/150
[  1130.4s] cap_perp seed=6 task 90/150
[  1142.9s] cap_perp seed=6 task 91/150
[  1155.4s] cap_perp seed=6 task 92/150
[  1168.0s] cap_perp seed=6 task 93/150
[  1180.1s] cap_perp seed=6 task 94/150
[  1190.7s] cap_perp seed=6 task 95/150
[  1201.4s] cap_perp seed=6 task 96/150
[  1212.3s] cap_perp seed=6 task 97/150
[  1222.5s] cap_perp seed=6 task 98/150
[  1232.6s] cap_perp seed=6 task 99/150
[  1242.9s] cap_perp seed=6 task 100/150
[  1253.0s] cap_perp seed=6 task 101/150
[  1263.1s] cap_perp seed=6 task 102/150
[  1273.5s] cap_perp seed=6 task 103/150
[  1284.1s] cap_perp seed=6 task 104/150
[  1294.0s] cap_perp seed=6 task 105/150
[  1304.0s] cap_perp seed=6 task 106/150
[  1314.1s] cap_perp seed=6 task 107/150
[  1324.3s] cap_perp seed=6 task 108/150
[  1334.4s] cap_perp seed=6 task 109/150
[  1344.6s] cap_perp seed=6 task 110/150
[  1354.7s] cap_perp seed=6 task 111/150
[  1364.7s] cap_perp seed=6 task 112/150
[  1374.8s] cap_perp seed=6 task 113/150
[  1385.1s] cap_perp seed=6 task 114/150
[  1395.0s] cap_perp seed=6 task 115/150
[  1405.1s] cap_perp seed=6 task 116/150
[  1415.1s] cap_perp seed=6 task 117/150
[  1425.0s] cap_perp seed=6 task 118/150
[  1434.9s] cap_perp seed=6 task 119/150
[  1444.8s] cap_perp seed=6 task 120/150
[  1454.8s] cap_perp seed=6 task 121/150
[  1464.7s] cap_perp seed=6 task 122/150
[  1474.6s] cap_perp seed=6 task 123/150
[  1484.3s] cap_perp seed=6 task 124/150
[  1494.0s] cap_perp seed=6 task 125/150
[  1503.7s] cap_perp seed=6 task 126/150
[  1513.5s] cap_perp seed=6 task 127/150
[  1523.1s] cap_perp seed=6 task 128/150
[  1533.1s] cap_perp seed=6 task 129/150
[  1542.9s] cap_perp seed=6 task 130/150
[  1552.4s] cap_perp seed=6 task 131/150
[  1561.9s] cap_perp seed=6 task 132/150
[  1571.3s] cap_perp seed=6 task 133/150
[  1580.8s] cap_perp seed=6 task 134/150
[  1590.4s] cap_perp seed=6 task 135/150
[  1600.0s] cap_perp seed=6 task 136/150
[  1610.0s] cap_perp seed=6 task 137/150
[  1619.5s] cap_perp seed=6 task 138/150
[  1629.4s] cap_perp seed=6 task 139/150
[  1639.4s] cap_perp seed=6 task 140/150
[  1649.6s] cap_perp seed=6 task 141/150
[  1659.7s] cap_perp seed=6 task 142/150
[  1669.8s] cap_perp seed=6 task 143/150
[  1679.7s] cap_perp seed=6 task 144/150
[  1689.7s] cap_perp seed=6 task 145/150
[  1699.6s] cap_perp seed=6 task 146/150
[  1709.4s] cap_perp seed=6 task 147/150
[  1719.2s] cap_perp seed=6 task 148/150
[  1728.7s] cap_perp seed=6 task 149/150
[  1738.8s] cap_perp seed=6 task 150/150
wrote results/mucap_el_0916/runs/cap_perp_s6  (150 task rows, 1739.0s)
