[     8.1s] cap_par seed=9 task 1/150
[    19.5s] cap_par seed=9 task 2/150
[    30.0s] cap_par seed=9 task 3/150
[    41.0s] cap_par seed=9 task 4/150
[    51.8s] cap_par seed=9 task 5/150
[    63.1s] cap_par seed=9 task 6/150
[    73.6s] cap_par seed=9 task 7/150
[    82.5s] cap_par seed=9 task 8/150
[    91.4s] cap_par seed=9 task 9/150
[   100.3s] cap_par seed=9 task 10/150
[   108.9s] cap_par seed=9 task 11/150
[   117.6s] cap_par seed=9 task 12/150
[   126.1s] cap_par seed=9 task 13/150
[   134.8s] cap_par seed=9 task 14/150
[   143.5s] cap_par seed=9 task 15/150
[   152.5s] cap_par seed=9 task 16/150
[   161.0s] cap_par seed=9 task 17/150
[   169.5s] cap_par seed=9 task 18/150
[   178.1s] cap_par seed=9 task 19/150
[   186.7s] cap_par seed=9 task 20/150
[   195.2s] cap_par seed=9 task 21/150
[   203.3s] cap_par seed=9 task 22/150
[   211.5s] cap_par seed=9 task 23/150
[   219.9s] cap_par seed=9 task 24/150
[   228.3s] cap_par seed=9 task 25/150
[   237.0s] cap_par seed=9 task 26/150
[   244.7s] cap_par seed=9 task 27/150
[   252.3s] cap_par seed=9 task 28/150
[   259.7s] cap_par seed=9 task 29/150
[   267.0s] cap_par seed=9 task 30/150
[   274.4s] cap_par seed=9 task 31/150
[   281.8s] cap_par seed=9 task 32/150
[   289.0s] cap_par seed=9 task 33/150
[   296.4s] cap_par seed=9 task 34/150
[   303.7s] cap_par seed=9 task 35/150
[   311.0s] cap_par seed=9 task 36/150
[   318.3s] cap_par seed=9 task 37/150
[   325.7s] cap_par seed=9 task 38/150
[   333.1s] cap_par seed=9 task 39/150
[   340.4s] cap_par seed=9 task 40/150
[   347.9s] cap_par seed=9 task 41/150
[   355.1s] cap_par seed=9 task 42/150
[   362.3s] cap_par seed=9 task 43/150
[   369.6s] cap_par seed=9 task 44/150
[   376.9s] cap_par seed=9 task 45/150
[   384.3s] cap_par seed=9 task 46/150
[   391.8s] cap_par seed=9 task 47/150
[   399.1s] cap_par seed=9 task 48/150
[   406.3s] cap_par seed=9 task 49/150
[   413.7s] cap_par seed=9 task 50/150
[   421.1s] cap_par seed=9 task 51/150
[   428.9s] cap_par seed=9 task 52/150
[   436.5s] cap_par seed=9 task 53/150
[   444.0s] cap_par seed=9 task 54/150
[   451.5s] cap_par seed=9 task 55/150
[   459.2s] cap_par seed=9 task 56/150
[   466.7s] cap_par seed=9 task 57/150
[   474.3s] cap_par seed=9 task 58/150
[   481.8s] cap_par seed=9 task 59/150
[   489.2s] cap_par seed=9 task 60/150
[   496.9s] cap_par seed=9 task 61/150
[   504.4s] cap_par seed=9 task 62/150
[   512.0s] cap_par seed=9 task 63/150
[   519.5s] cap_par seed=9 task 64/150
[   527.0s] cap_par seed=9 task 65/150
[   534.4s] cap_par seed=9 task 66/150
[   542.1s] cap_par seed=9 task 67/150
[   549.6s] cap_par seed=9 task 68/150
[   557.4s] cap_par seed=9 task 69/150
[   565.1s] cap_par seed=9 task 70/150
[   572.6s] cap_par seed=9 task 71/150
[   580.1s] cap_par seed=9 task 72/150
[   587.6s] cap_par seed=9 task 73/150
[   595.1s] cap_par seed=9 task 74/150
[   602.6s] cap_par seed=9 task 75/150
[   610.0s] cap_par seed=9 task 76/150
[   617.7s] cap_par seed=9 task 77/150
[   625.6s] cap_par seed=9 task 78/150
[   633.4s] cap_par seed=9 task 79/150
[   641.1s] cap_par seed=9 task 80/150
[   648.9s] cap_par seed=9 task 81/150
[   656.5s] cap_par seed=9 task 82/150
[   664.1s] cap_par seed=9 task 83/150
[   671.9s] cap_par seed=9 task 84/150
[   679.7s] cap_par seed=9 task 85/150
[   687.3s] cap_par seed=9 task 86/150
[   695.0s] cap_par seed=9 task 87/150
[   702.8s] cap_par seed=9 task 88/150
[   710.6s] cap_par seed=9 task 89/150
[   718.6s] cap_par seed=9 task 90/150
[   726.5s] cap_par seed=9 task 91/150
[   734.4s] cap_par seed=9 task 92/150
[   742.2s] cap_par seed=9 task 93/150
[   750.0s] cap_par seed=9 task 94/150
[   757.9s] cap_par seed=9 task 95/150
[   765.7s] cap_par seed=9 task 96/150
[   773.7s] cap_par seed=9 task 97/150
[   781.8s] cap_par seed=9 task 98/150
[   789.8s] cap_par seed=9 task 99/150
[   797.8s] cap_par seed=9 task 100/150
[   805.6s] cap_par seed=9 task 101/150
[   813.5s] cap_par seed=9 task 102/150
[   821.4s] cap_par seed=9 task 103/150
[   829.1s] cap_par seed=9 task 104/150
[   837.1s] cap_par seed=9 task 105/150
[   845.0s] cap_par seed=9 task 106/150
[   852.8s] cap_par seed=9 task 107/150
[   860.9s] cap_par seed=9 task 108/150
[   869.0s] cap_par seed=9 task 109/150
[   876.8s] cap_par seed=9 task 110/150
[   884.6s] cap_par seed=9 task 111/150
[   892.5s] cap_par seed=9 task 112/150
[   900.5s] cap_par seed=9 task 113/150
[   908.6s] cap_par seed=9 task 114/150
[   916.9s] cap_par seed=9 task 115/150
[   925.0s] cap_par seed=9 task 116/150
[   932.9s] cap_par seed=9 task 117/150
[   940.8s] cap_par seed=9 task 118/150
[   948.8s] cap_par seed=9 task 119/150
[   956.8s] cap_par seed=9 task 120/150
[   965.1s] cap_par seed=9 task 121/150
[   973.5s] cap_par seed=9 task 122/150
[   981.5s] cap_par seed=9 task 123/150
[   989.5s] cap_par seed=9 task 124/150
[   997.6s] cap_par seed=9 task 125/150
[  1005.6s] cap_par seed=9 task 126/150
[  1013.6s] cap_par seed=9 task 127/150
[  1021.7s] cap_par seed=9 task 128/150
[  1029.8s] cap_par seed=9 task 129/150
[  1037.9s] cap_par seed=9 task 130/150
[  1046.1s] cap_par seed=9 task 131/150
[  1054.5s] cap_par seed=9 task 132/150
[  1062.7s] cap_par seed=9 task 133/150
[  1071.1s] cap_par seed=9 task 134/150
[  1079.3s] cap_par seed=9 task 135/150
[  1087.5s] cap_par seed=9 task 136/150
[  1095.7s] cap_par seed=9 task 137/150
[  1103.9s] cap_par seed=9 task 138/150
[  1111.9s] cap_par seed=9 task 139/150
[  1120.1s] cap_par seed=9 task 140/150
[  1128.5s] cap_par seed=9 task 141/150
[  1136.7s] cap_par seed=9 task 142/150
[  1144.8s] cap_par seed=9 task 143/150
[  1153.0s] cap_par seed=9 task 144/150
[  1161.2s] cap_par seed=9 task 145/150
[  1169.3s] cap_par seed=9 task 146/150
[  1177.1s] cap_par seed=9 task 147/150
[  1184.9s] cap_par seed=9 task 148/150
[  1192.5s] cap_par seed=9 task 149/150
[  1200.3s] cap_par seed=9 task 150/150
wrote results/mucap_el_0916/runs/cap_par_s9  (150 task rows, 1200.5s)
