[     7.9s] cap_both seed=6 task 1/150
[    19.6s] cap_both seed=6 task 2/150
[    31.6s] cap_both seed=6 task 3/150
[    43.7s] cap_both seed=6 task 4/150
[    55.8s] cap_both seed=6 task 5/150
[    67.5s] cap_both seed=6 task 6/150
[    79.5s] cap_both seed=6 task 7/150
[    91.6s] cap_both seed=6 task 8/150
[   104.6s] cap_both seed=6 task 9/150
[   117.5s] cap_both seed=6 task 10/150
[   129.5s] cap_both seed=6 task 11/150
[   141.0s] cap_both seed=6 task 12/150
[   152.5s] cap_both seed=6 task 13/150
[   164.2s] cap_both seed=6 task 14/150
[   176.2s] cap_both seed=6 task 15/150
[   187.9s] cap_both seed=6 task 16/150
[   199.8s] cap_both seed=6 task 17/150
[   212.6s] cap_both seed=6 task 18/150
[   224.9s] cap_both seed=6 task 19/150
[   237.5s] cap_both seed=6 task 20/150
[   250.3s] cap_both seed=6 task 21/150
[   262.5s] cap_both seed=6 task 22/150
[   275.1s] cap_both seed=6 task 23/150
[   287.9s] cap_both seed=6 task 24/150
[   301.1s] cap_both seed=6 task 25/150
[   314.4s] cap_both seed=6 task 26/150
[   327.7s] cap_both seed=6 task 27/150
[   340.9s] cap_both seed=6 task 28/150
[   353.8s] cap_both seed=6 task 29/150
[   366.0s] cap_both seed=6 task 30/150
[   378.5s] cap_both seed=6 task 31/150
[   390.6s] cap_both seed=6 task 32/150
[   401.9s] cap_both seed=6 task 33/150
[   413.3s] cap_both seed=6 task 34/150
[   424.8s] cap_both seed=6 task 35/150
[   436.5s] cap_both seed=6 task 36/150
[   449.2s] cap_both seed=6 task 37/150
[   461.7s] cap_both seed=6 task 38/150
[   473.6s] cap_both seed=6 task 39/150
[   485.2s] cap_both seed=6 task 40/150
[   496.5s] cap_both seed=6 task 41/150
[   509.2s] cap_both seed=6 task 42/150
[   520.3s] cap_both seed=6 task 43/150
[   532.0s] cap_both seed=6 task 44/150
[   543.6s] cap_both seed=6 task 45/150
[   554.8s] cap_both seed=6 task 46/150
[   566.0s] cap_both seed=6 task 47/150
[   577.2s] cap_both seed=6 task 48/150
[   588.1s] cap_both seed=6 task 49/150
[   599.4s] cap_both seed=6 task 50/150
[   610.5s] cap_both seed=6 task 51/150
[   621.4s] cap_both seed=6 task 52/150
[   639.0s] cap_both seed=6 task 53/150
[   655.7s] cap_both seed=6 task 54/150
[   679.8s] cap_both seed=6 task 55/150
[   699.0s] cap_both seed=6 task 56/150
[   732.1s] cap_both seed=6 task 57/150
[   751.4s] cap_both seed=6 task 58/150
[   771.7s] cap_both seed=6 task 59/150
[   788.9s] cap_both seed=6 task 60/150
[   804.7s] cap_both seed=6 task 61/150
[   821.0s] cap_both seed=6 task 62/150
[   849.0s] cap_both seed=6 task 63/150
[   867.6s] cap_both seed=6 task 64/150
[   885.6s] cap_both seed=6 task 65/150
[   900.6s] cap_both seed=6 task 66/150
[   913.9s] cap_both seed=6 task 67/150
[   927.8s] cap_both seed=6 task 68/150
[   942.4s] cap_both seed=6 task 69/150
[   957.6s] cap_both seed=6 task 70/150
[   971.6s] cap_both seed=6 task 71/150
[   985.4s] cap_both seed=6 task 72/150
[   998.9s] cap_both seed=6 task 73/150
[  1013.1s] cap_both seed=6 task 74/150
[  1027.0s] cap_both seed=6 task 75/150
[  1040.9s] cap_both seed=6 task 76/150
[  1054.2s] cap_both seed=6 task 77/150
[  1066.9s] cap_both seed=6 task 78/150
[  1079.8s] cap_both seed=6 task 79/150
[  1092.1s] cap_both seed=6 task 80/150
[  1104.7s] cap_both seed=6 task 81/150
[  1117.1s] cap_both seed=6 task 82/150
[  1129.7s] cap_both seed=6 task 83/150
[  1142.0s] cap_both seed=6 task 84/150
[  1153.9s] cap_both seed=6 task 85/150
[  1164.2s] cap_both seed=6 task 86/150
[  1174.5s] cap_both seed=6 task 87/150
[  1184.9s] cap_both seed=6 task 88/150
[  1195.2s] cap_both seed=6 task 89/150
[  1205.5s] cap_both seed=6 task 90/150
[  1215.9s] cap_both seed=6 task 91/150
[  1226.3s] cap_both seed=6 task 92/150
[  1236.8s] cap_both seed=6 task 93/150
[  1247.5s] cap_both seed=6 task 94/150
[  1258.4s] cap_both seed=6 task 95/150
[  1268.8s] cap_both seed=6 task 96/150
[  1279.3s] cap_both seed=6 task 97/150
[  1289.8s] cap_both seed=6 task 98/150
[  1300.1s] cap_both seed=6 task 99/150
[  1310.3s] cap_both seed=6 task 100/150
[  1320.8s] cap_both seed=6 task 101/150
[  1331.0s] cap_both seed=6 task 102/150
[  1341.3s] cap_both seed=6 task 103/150
[  1351.9s] cap_both seed=6 task 104/150
[  1362.1s] cap_both seed=6 task 105/150
[  1372.4s] cap_both seed=6 task 106/150
[  1382.8s] cap_both seed=6 task 107/150
[  1393.2s] cap_both seed=6 task 108/150
[  1403.3s] cap_both seed=6 task 109/150
[  1413.4s] cap_both seed=6 task 110/150
[  1423.6s] cap_both seed=6 task 111/150
[  1433.9s] cap_both seed=6 task 112/150
[  1444.1s] cap_both seed=6 task 113/150
[  1454.3s] cap_both seed=6 task 114/150
[  1464.6s] cap_both seed=6 task 115/150
[  1474.9s] cap_both seed=6 task 116/150
[  1485.2s] cap_both seed=6 task 117/150
[  1495.4s] cap_both seed=6 task 118/150
[  1506.0s] cap_both seed=6 task 119/150
[  1516.3s] cap_both seed=6 task 120/150
[  1526.7s] cap_both seed=6 task 121/150
[  1537.1s] cap_both seed=6 task 122/150
[  1547.4s] cap_both seed=6 task 123/150
[  1557.9s] cap_both seed=6 task 124/150
[  1568.1s] cap_both seed=6 task 125/150
[  1578.6s] cap_both seed=6 task 126/150
[  1589.2s] cap_both seed=6 task 127/150
[  1599.6s] cap_both seed=6 task 128/150
[  1610.6s] cap_both seed=6 task 129/150
[  1621.6s] cap_both seed=6 task 130/150
[  1632.5s] cap_both seed=6 task 131/150
[  1643.6s] cap_both seed=6 task 132/150
[  1654.8s] cap_both seed=6 task 133/150
[  1666.1s] cap_both seed=6 task 134/150
[  1677.5s] cap_both seed=6 task 135/150
[  1689.1s] cap_both seed=6 task 136/150
[  1700.5s] cap_both seed=6 task 137/150
[  1711.8s] cap_both seed=6 task 138/150
[  1723.2s] cap_both seed=6 task 139/150
[  1734.5s] cap_both seed=6 task 140/150
[  1746.1s] cap_both seed=6 task 141/150
[  1757.6s] cap_both seed=6 task 142/150
[  1769.3s] cap_both seed=6 task 143/150
[  1781.0s] cap_both seed=6 task 144/150
[  1792.6s] cap_both seed=6 task 145/150
[  1804.4s] cap_both seed=6 task 146/150
[  1816.0s] cap_both seed=6 task 147/150
[  1827.9s] cap_both seed=6 task 148/150
[  1840.1s] cap_both seed=6 task 149/150
[  1851.9s] cap_both seed=6 task 150/150
wrote results/mucap_el_0916/runs/cap_both_s6  (150 task rows, 1852.2s)
