[     7.7s] cap_perp seed=3 task 1/150
[    17.7s] cap_perp seed=3 task 2/150
[    26.9s] cap_perp seed=3 task 3/150
[    36.8s] cap_perp seed=3 task 4/150
[    46.7s] cap_perp seed=3 task 5/150
[    56.6s] cap_perp seed=3 task 6/150
[    66.3s] cap_perp seed=3 task 7/150
[    76.1s] cap_perp seed=3 task 8/150
[    85.8s] cap_perp seed=3 task 9/150
[    95.8s] cap_perp seed=3 task 10/150
[   105.6s] cap_perp seed=3 task 11/150
[   115.6s] cap_perp seed=3 task 12/150
[   125.7s] cap_perp seed=3 task 13/150
[   135.6s] cap_perp seed=3 task 14/150
[   145.5s] cap_perp seed=3 task 15/150
[   155.5s] cap_perp seed=3 task 16/150
[   165.3s] cap_perp seed=3 task 17/150
[   175.2s] cap_perp seed=3 task 18/150
[   185.0s] cap_perp seed=3 task 19/150
[   194.4s] cap_perp seed=3 task 20/150
[   204.1s] cap_perp seed=3 task 21/150
[   213.5s] cap_perp seed=3 task 22/150
[   223.0s] cap_perp seed=3 task 23/150
[   232.8s] cap_perp seed=3 task 24/150
[   243.5s] cap_perp seed=3 task 25/150
[   253.9s] cap_perp seed=3 task 26/150
[   264.5s] cap_perp seed=3 task 27/150
[   275.0s] cap_perp seed=3 task 28/150
[   285.4s] cap_perp seed=3 task 29/150
[   296.5s] cap_perp seed=3 task 30/150
[   307.7s] cap_perp seed=3 task 31/150
[   317.8s] cap_perp seed=3 task 32/150
[   327.8s] cap_perp seed=3 task 33/150
[   337.8s] cap_perp seed=3 task 34/150
[   347.7s] cap_perp seed=3 task 35/150
[   357.6s] cap_perp seed=3 task 36/150
[   367.3s] cap_perp seed=3 task 37/150
[   376.8s] cap_perp seed=3 task 38/150
[   386.6s] cap_perp seed=3 task 39/150
[   396.9s] cap_perp seed=3 task 40/150
[   407.2s] cap_perp seed=3 task 41/150
[   416.8s] cap_perp seed=3 task 42/150
[   426.3s] cap_perp seed=3 task 43/150
[   435.8s] cap_perp seed=3 task 44/150
[   445.5s] cap_perp seed=3 task 45/150
[   455.2s] cap_perp seed=3 task 46/150
[   465.0s] cap_perp seed=3 task 47/150
[   474.5s] cap_perp seed=3 task 48/150
[   483.9s] cap_perp seed=3 task 49/150
[   493.5s] cap_perp seed=3 task 50/150
[   503.6s] cap_perp seed=3 task 51/150
[   513.0s] cap_perp seed=3 task 52/150
[   523.4s] cap_perp seed=3 task 53/150
[   532.8s] cap_perp seed=3 task 54/150
[   542.4s] cap_perp seed=3 task 55/150
[   552.2s] cap_perp seed=3 task 56/150
[   562.0s] cap_perp seed=3 task 57/150
[   571.6s] cap_perp seed=3 task 58/150
[   581.0s] cap_perp seed=3 task 59/150
[   590.4s] cap_perp seed=3 task 60/150
[   599.7s] cap_perp seed=3 task 61/150
[   609.0s] cap_perp seed=3 task 62/150
[   618.5s] cap_perp seed=3 task 63/150
[   627.8s] cap_perp seed=3 task 64/150
[   637.2s] cap_perp seed=3 task 65/150
[   646.8s] cap_perp seed=3 task 66/150
[   656.4s] cap_perp seed=3 task 67/150
[   666.4s] cap_perp seed=3 task 68/150
[   676.4s] cap_perp seed=3 task 69/150
[   686.0s] cap_perp seed=3 task 70/150
[   695.7s] cap_perp seed=3 task 71/150
[   705.9s] cap_perp seed=3 task 72/150
[   715.5s] cap_perp seed=3 task 73/150
[   725.1s] cap_perp seed=3 task 74/150
[   735.0s] cap_perp seed=3 task 75/150
[   744.9s] cap_perp seed=3 task 76/150
[   755.1s] cap_perp seed=3 task 77/150
[   765.4s] cap_perp seed=3 task 78/150
[   775.6s] cap_perp seed=3 task 79/150
[   786.0s] cap_perp seed=3 task 80/150
[   796.5s] cap_perp seed=3 task 81/150
[   807.3s] cap_perp seed=3 task 82/150
[   817.9s] cap_perp seed=3 task 83/150
[   828.0s] cap_perp seed=3 task 84/150
[   838.5s] cap_perp seed=3 task 85/150
[   848.5s] cap_perp seed=3 task 86/150
[   858.6s] cap_perp seed=3 task 87/150
[   868.7s] cap_perp seed=3 task 88/150
[   878.5s] cap_perp seed=3 task 89/150
[   888.6s] cap_perp seed=3 task 90/150
[   898.8s] cap_perp seed=3 task 91/150
[   909.3s] cap_perp seed=3 task 92/150
[   919.7s] cap_perp seed=3 task 93/150
[   930.1s] cap_perp seed=3 task 94/150
[   940.3s] cap_perp seed=3 task 95/150
[   950.6s] cap_perp seed=3 task 96/150
[   960.5s] cap_perp seed=3 task 97/150
[   970.7s] cap_perp seed=3 task 98/150
[   980.6s] cap_perp seed=3 task 99/150
[   990.6s] cap_perp seed=3 task 100/150
[  1000.8s] cap_perp seed=3 task 101/150
[  1011.2s] cap_perp seed=3 task 102/150
[  1021.7s] cap_perp seed=3 task 103/150
[  1032.4s] cap_perp seed=3 task 104/150
[  1042.3s] cap_perp seed=3 task 105/150
[  1052.0s] cap_perp seed=3 task 106/150
[  1061.6s] cap_perp seed=3 task 107/150
[  1071.1s] cap_perp seed=3 task 108/150
[  1080.9s] cap_perp seed=3 task 109/150
[  1090.8s] cap_perp seed=3 task 110/150
[  1100.4s] cap_perp seed=3 task 111/150
[  1110.8s] cap_perp seed=3 task 112/150
[  1120.7s] cap_perp seed=3 task 113/150
[  1130.6s] cap_perp seed=3 task 114/150
[  1140.8s] cap_perp seed=3 task 115/150
[  1151.0s] cap_perp seed=3 task 116/150
[  1161.3s] cap_perp seed=3 task 117/150
[  1171.2s] cap_perp seed=3 task 118/150
[  1181.1s] cap_perp seed=3 task 119/150
[  1191.6s] cap_perp seed=3 task 120/150
[  1201.9s] cap_perp seed=3 task 121/150
[  1212.4s] cap_perp seed=3 task 122/150
[  1222.5s] cap_perp seed=3 task 123/150
[  1234.8s] cap_perp seed=3 task 124/150
[  1247.1s] cap_perp seed=3 task 125/150
[  1257.6s] cap_perp seed=3 task 126/150
[  1267.8s] cap_perp seed=3 task 127/150
[  1278.3s] cap_perp seed=3 task 128/150
[  1288.6s] cap_perp seed=3 task 129/150
[  1299.0s] cap_perp seed=3 task 130/150
[  1310.1s] cap_perp seed=3 task 131/150
[  1322.0s] cap_perp seed=3 task 132/150
[  1334.7s] cap_perp seed=3 task 133/150
[  1346.4s] cap_perp seed=3 task 134/150
[  1357.1s] cap_perp seed=3 task 135/150
[  1367.8s] cap_perp seed=3 task 136/150
[  1378.7s] cap_perp seed=3 task 137/150
[  1389.5s] cap_perp seed=3 task 138/150
[  1401.8s] cap_perp seed=3 task 139/150
[  1413.8s] cap_perp seed=3 task 140/150
[  1424.9s] cap_perp seed=3 task 141/150
[  1435.2s] cap_perp seed=3 task 142/150
[  1445.6s] cap_perp seed=3 task 143/150
[  1457.1s] cap_perp seed=3 task 144/150
[  1467.8s] cap_perp seed=3 task 145/150
[  1478.2s] cap_perp seed=3 task 146/150
[  1488.7s] cap_perp seed=3 task 147/150
[  1499.6s] cap_perp seed=3 task 148/150
[  1512.2s] cap_perp seed=3 task 149/150
[  1525.1s] cap_perp seed=3 task 150/150
wrote results/mucap_el_0916/runs/cap_perp_s3  (150 task rows, 1525.4s)
