[     7.6s] cap_par seed=0 task 1/150
[    18.0s] cap_par seed=0 task 2/150
[    28.5s] cap_par seed=0 task 3/150
[    38.9s] cap_par seed=0 task 4/150
[    49.6s] cap_par seed=0 task 5/150
[    60.1s] cap_par seed=0 task 6/150
[    70.5s] cap_par seed=0 task 7/150
[    81.4s] cap_par seed=0 task 8/150
[    91.8s] cap_par seed=0 task 9/150
[   102.0s] cap_par seed=0 task 10/150
[   112.1s] cap_par seed=0 task 11/150
[   122.2s] cap_par seed=0 task 12/150
[   132.3s] cap_par seed=0 task 13/150
[   142.5s] cap_par seed=0 task 14/150
[   153.4s] cap_par seed=0 task 15/150
[   164.4s] cap_par seed=0 task 16/150
[   174.6s] cap_par seed=0 task 17/150
[   185.1s] cap_par seed=0 task 18/150
[   195.2s] cap_par seed=0 task 19/150
[   205.4s] cap_par seed=0 task 20/150
[   215.3s] cap_par seed=0 task 21/150
[   225.2s] cap_par seed=0 task 22/150
[   235.6s] cap_par seed=0 task 23/150
[   245.8s] cap_par seed=0 task 24/150
[   255.6s] cap_par seed=0 task 25/150
[   265.2s] cap_par seed=0 task 26/150
[   274.5s] cap_par seed=0 task 27/150
[   284.0s] cap_par seed=0 task 28/150
[   293.1s] cap_par seed=0 task 29/150
[   302.0s] cap_par seed=0 task 30/150
[   311.1s] cap_par seed=0 task 31/150
[   320.7s] cap_par seed=0 task 32/150
[   330.3s] cap_par seed=0 task 33/150
[   339.9s] cap_par seed=0 task 34/150
[   349.3s] cap_par seed=0 task 35/150
[   358.9s] cap_par seed=0 task 36/150
[   368.6s] cap_par seed=0 task 37/150
[   378.6s] cap_par seed=0 task 38/150
[   388.6s] cap_par seed=0 task 39/150
[   398.4s] cap_par seed=0 task 40/150
[   408.3s] cap_par seed=0 task 41/150
[   417.8s] cap_par seed=0 task 42/150
[   427.6s] cap_par seed=0 task 43/150
[   437.3s] cap_par seed=0 task 44/150
[   446.8s] cap_par seed=0 task 45/150
[   456.5s] cap_par seed=0 task 46/150
[   466.2s] cap_par seed=0 task 47/150
[   475.6s] cap_par seed=0 task 48/150
[   485.1s] cap_par seed=0 task 49/150
[   494.7s] cap_par seed=0 task 50/150
[   504.1s] cap_par seed=0 task 51/150
[   513.8s] cap_par seed=0 task 52/150
[   523.5s] cap_par seed=0 task 53/150
[   533.1s] cap_par seed=0 task 54/150
[   542.7s] cap_par seed=0 task 55/150
[   551.9s] cap_par seed=0 task 56/150
[   561.1s] cap_par seed=0 task 57/150
[   570.4s] cap_par seed=0 task 58/150
[   580.2s] cap_par seed=0 task 59/150
[   590.3s] cap_par seed=0 task 60/150
[   600.9s] cap_par seed=0 task 61/150
[   611.0s] cap_par seed=0 task 62/150
[   620.7s] cap_par seed=0 task 63/150
[   630.6s] cap_par seed=0 task 64/150
[   640.9s] cap_par seed=0 task 65/150
[   650.5s] cap_par seed=0 task 66/150
[   659.8s] cap_par seed=0 task 67/150
[   668.9s] cap_par seed=0 task 68/150
[   678.0s] cap_par seed=0 task 69/150
[   687.3s] cap_par seed=0 task 70/150
[   696.5s] cap_par seed=0 task 71/150
[   705.6s] cap_par seed=0 task 72/150
[   714.9s] cap_par seed=0 task 73/150
[   724.1s] cap_par seed=0 task 74/150
[   733.5s] cap_par seed=0 task 75/150
[   743.0s] cap_par seed=0 task 76/150
[   752.5s] cap_par seed=0 task 77/150
[   761.9s] cap_par seed=0 task 78/150
[   771.4s] cap_par seed=0 task 79/150
[   780.9s] cap_par seed=0 task 80/150
[   790.6s] cap_par seed=0 task 81/150
[   800.2s] cap_par seed=0 task 82/150
[   809.8s] cap_par seed=0 task 83/150
[   819.4s] cap_par seed=0 task 84/150
[   828.8s] cap_par seed=0 task 85/150
[   838.3s] cap_par seed=0 task 86/150
[   847.8s] cap_par seed=0 task 87/150
[   857.2s] cap_par seed=0 task 88/150
[   866.7s] cap_par seed=0 task 89/150
[   876.1s] cap_par seed=0 task 90/150
[   885.5s] cap_par seed=0 task 91/150
[   895.2s] cap_par seed=0 task 92/150
[   904.6s] cap_par seed=0 task 93/150
[   913.8s] cap_par seed=0 task 94/150
[   923.0s] cap_par seed=0 task 95/150
[   932.4s] cap_par seed=0 task 96/150
[   941.7s] cap_par seed=0 task 97/150
[   951.2s] cap_par seed=0 task 98/150
[   960.7s] cap_par seed=0 task 99/150
[   970.7s] cap_par seed=0 task 100/150
[   980.6s] cap_par seed=0 task 101/150
[   990.0s] cap_par seed=0 task 102/150
[   999.6s] cap_par seed=0 task 103/150
[  1009.1s] cap_par seed=0 task 104/150
[  1018.8s] cap_par seed=0 task 105/150
[  1028.5s] cap_par seed=0 task 106/150
[  1038.0s] cap_par seed=0 task 107/150
[  1047.7s] cap_par seed=0 task 108/150
[  1057.4s] cap_par seed=0 task 109/150
[  1067.3s] cap_par seed=0 task 110/150
[  1077.2s] cap_par seed=0 task 111/150
[  1087.0s] cap_par seed=0 task 112/150
[  1097.0s] cap_par seed=0 task 113/150
[  1106.9s] cap_par seed=0 task 114/150
[  1116.8s] cap_par seed=0 task 115/150
[  1126.7s] cap_par seed=0 task 116/150
[  1136.6s] cap_par seed=0 task 117/150
[  1146.5s] cap_par seed=0 task 118/150
[  1156.4s] cap_par seed=0 task 119/150
[  1166.5s] cap_par seed=0 task 120/150
[  1176.6s] cap_par seed=0 task 121/150
[  1186.6s] cap_par seed=0 task 122/150
[  1197.0s] cap_par seed=0 task 123/150
[  1207.7s] cap_par seed=0 task 124/150
[  1218.0s] cap_par seed=0 task 125/150
[  1227.9s] cap_par seed=0 task 126/150
[  1237.7s] cap_par seed=0 task 127/150
[  1247.4s] cap_par seed=0 task 128/150
[  1257.0s] cap_par seed=0 task 129/150
[  1267.2s] cap_par seed=0 task 130/150
[  1277.4s] cap_par seed=0 task 131/150
[  1288.0s] cap_par seed=0 task 132/150
[  1297.9s] cap_par seed=0 task 133/150
[  1307.4s] cap_par seed=0 task 134/150
[  1317.0s] cap_par seed=0 task 135/150
[  1326.6s] cap_par seed=0 task 136/150
[  1336.2s] cap_par seed=0 task 137/150
[  1346.0s] cap_par seed=0 task 138/150
[  1355.7s] cap_par seed=0 task 139/150
[  1365.3s] cap_par seed=0 task 140/150
[  1375.0s] cap_par seed=0 task 141/150
[  1385.2s] cap_par seed=0 task 142/150
[  1395.3s] cap_par seed=0 task 143/150
[  1405.8s] cap_par seed=0 task 144/150
[  1416.4s] cap_par seed=0 task 145/150
[  1426.4s] cap_par seed=0 task 146/150
[  1436.7s] cap_par seed=0 task 147/150
[  1447.0s] cap_par seed=0 task 148/150
[  1457.1s] cap_par seed=0 task 149/150
[  1467.8s] cap_par seed=0 task 150/150
wrote results/mucap_el_0916/runs/cap_par_s0  (150 task rows, 1468.1s)
