[     7.4s] cap_perp seed=8 task 1/150
[    17.8s] cap_perp seed=8 task 2/150
[    28.0s] cap_perp seed=8 task 3/150
[    38.3s] cap_perp seed=8 task 4/150
[    48.6s] cap_perp seed=8 task 5/150
[    59.1s] cap_perp seed=8 task 6/150
[    68.7s] cap_perp seed=8 task 7/150
[    78.7s] cap_perp seed=8 task 8/150
[    88.6s] cap_perp seed=8 task 9/150
[    98.5s] cap_perp seed=8 task 10/150
[   108.3s] cap_perp seed=8 task 11/150
[   118.0s] cap_perp seed=8 task 12/150
[   127.7s] cap_perp seed=8 task 13/150
[   137.3s] cap_perp seed=8 task 14/150
[   146.9s] cap_perp seed=8 task 15/150
[   156.7s] cap_perp seed=8 task 16/150
[   166.4s] cap_perp seed=8 task 17/150
[   176.0s] cap_perp seed=8 task 18/150
[   185.6s] cap_perp seed=8 task 19/150
[   195.1s] cap_perp seed=8 task 20/150
[   204.7s] cap_perp seed=8 task 21/150
[   214.3s] cap_perp seed=8 task 22/150
[   224.0s] cap_perp seed=8 task 23/150
[   233.6s] cap_perp seed=8 task 24/150
[   243.2s] cap_perp seed=8 task 25/150
[   252.8s] cap_perp seed=8 task 26/150
[   262.4s] cap_perp seed=8 task 27/150
[   272.3s] cap_perp seed=8 task 28/150
[   282.3s] cap_perp seed=8 task 29/150
[   292.3s] cap_perp seed=8 task 30/150
[   302.1s] cap_perp seed=8 task 31/150
[   312.0s] cap_perp seed=8 task 32/150
[   321.9s] cap_perp seed=8 task 33/150
[   331.7s] cap_perp seed=8 task 34/150
[   341.7s] cap_perp seed=8 task 35/150
[   352.5s] cap_perp seed=8 task 36/150
[   362.1s] cap_perp seed=8 task 37/150
[   371.9s] cap_perp seed=8 task 38/150
[   381.6s] cap_perp seed=8 task 39/150
[   391.3s] cap_perp seed=8 task 40/150
[   401.2s] cap_perp seed=8 task 41/150
[   411.0s] cap_perp seed=8 task 42/150
[   420.8s] cap_perp seed=8 task 43/150
[   430.9s] cap_perp seed=8 task 44/150
[   440.8s] cap_perp seed=8 task 45/150
[   450.5s] cap_perp seed=8 task 46/150
[   460.5s] cap_perp seed=8 task 47/150
[   470.3s] cap_perp seed=8 task 48/150
[   480.0s] cap_perp seed=8 task 49/150
[   489.7s] cap_perp seed=8 task 50/150
[   499.3s] cap_perp seed=8 task 51/150
[   509.1s] cap_perp seed=8 task 52/150
[   518.7s] cap_perp seed=8 task 53/150
[   528.4s] cap_perp seed=8 task 54/150
[   538.2s] cap_perp seed=8 task 55/150
[   548.5s] cap_perp seed=8 task 56/150
[   558.3s] cap_perp seed=8 task 57/150
[   568.0s] cap_perp seed=8 task 58/150
[   577.7s] cap_perp seed=8 task 59/150
[   587.6s] cap_perp seed=8 task 60/150
[   597.6s] cap_perp seed=8 task 61/150
[   607.2s] cap_perp seed=8 task 62/150
[   616.9s] cap_perp seed=8 task 63/150
[   626.5s] cap_perp seed=8 task 64/150
[   636.1s] cap_perp seed=8 task 65/150
[   645.8s] cap_perp seed=8 task 66/150
[   655.5s] cap_perp seed=8 task 67/150
[   665.2s] cap_perp seed=8 task 68/150
[   674.9s] cap_perp seed=8 task 69/150
[   684.5s] cap_perp seed=8 task 70/150
[   693.9s] cap_perp seed=8 task 71/150
[   703.4s] cap_perp seed=8 task 72/150
[   712.9s] cap_perp seed=8 task 73/150
[   722.5s] cap_perp seed=8 task 74/150
[   732.0s] cap_perp seed=8 task 75/150
[   741.5s] cap_perp seed=8 task 76/150
[   751.4s] cap_perp seed=8 task 77/150
[   761.1s] cap_perp seed=8 task 78/150
[   770.7s] cap_perp seed=8 task 79/150
[   780.5s] cap_perp seed=8 task 80/150
[   790.1s] cap_perp seed=8 task 81/150
[   800.0s] cap_perp seed=8 task 82/150
[   810.0s] cap_perp seed=8 task 83/150
[   821.3s] cap_perp seed=8 task 84/150
[   831.6s] cap_perp seed=8 task 85/150
[   842.4s] cap_perp seed=8 task 86/150
[   852.7s] cap_perp seed=8 task 87/150
[   863.0s] cap_perp seed=8 task 88/150
[   873.3s] cap_perp seed=8 task 89/150
[   883.4s] cap_perp seed=8 task 90/150
[   893.5s] cap_perp seed=8 task 91/150
[   904.9s] cap_perp seed=8 task 92/150
[   916.1s] cap_perp seed=8 task 93/150
[   927.6s] cap_perp seed=8 task 94/150
[   939.2s] cap_perp seed=8 task 95/150
[   950.5s] cap_perp seed=8 task 96/150
[   962.0s] cap_perp seed=8 task 97/150
[   973.4s] cap_perp seed=8 task 98/150
[   985.0s] cap_perp seed=8 task 99/150
[   996.2s] cap_perp seed=8 task 100/150
[  1007.3s] cap_perp seed=8 task 101/150
[  1018.6s] cap_perp seed=8 task 102/150
[  1030.8s] cap_perp seed=8 task 103/150
[  1042.4s] cap_perp seed=8 task 104/150
[  1054.0s] cap_perp seed=8 task 105/150
[  1065.7s] cap_perp seed=8 task 106/150
[  1077.8s] cap_perp seed=8 task 107/150
[  1089.1s] cap_perp seed=8 task 108/150
[  1101.2s] cap_perp seed=8 task 109/150
[  1113.0s] cap_perp seed=8 task 110/150
[  1124.8s] cap_perp seed=8 task 111/150
[  1136.1s] cap_perp seed=8 task 112/150
[  1147.5s] cap_perp seed=8 task 113/150
[  1158.9s] cap_perp seed=8 task 114/150
[  1171.2s] cap_perp seed=8 task 115/150
[  1183.1s] cap_perp seed=8 task 116/150
[  1195.5s] cap_perp seed=8 task 117/150
[  1207.5s] cap_perp seed=8 task 118/150
[  1220.0s] cap_perp seed=8 task 119/150
[  1232.5s] cap_perp seed=8 task 120/150
[  1245.1s] cap_perp seed=8 task 121/150
[  1256.9s] cap_perp seed=8 task 122/150
[  1268.3s] cap_perp seed=8 task 123/150
[  1279.1s] cap_perp seed=8 task 124/150
[  1289.7s] cap_perp seed=8 task 125/150
[  1300.7s] cap_perp seed=8 task 126/150
[  1311.7s] cap_perp seed=8 task 127/150
[  1323.2s] cap_perp seed=8 task 128/150
[  1334.5s] cap_perp seed=8 task 129/150
[  1346.6s] cap_perp seed=8 task 130/150
[  1357.9s] cap_perp seed=8 task 131/150
[  1369.4s] cap_perp seed=8 task 132/150
[  1381.1s] cap_perp seed=8 task 133/150
[  1392.8s] cap_perp seed=8 task 134/150
[  1404.2s] cap_perp seed=8 task 135/150
[  1415.4s] cap_perp seed=8 task 136/150
[  1426.0s] cap_perp seed=8 task 137/150
[  1436.4s] cap_perp seed=8 task 138/150
[  1446.7s] cap_perp seed=8 task 139/150
[  1457.0s] cap_perp seed=8 task 140/150
[  1467.3s] cap_perp seed=8 task 141/150
[  1477.8s] cap_perp seed=8 task 142/150
[  1488.3s] cap_perp seed=8 task 143/150
[  1499.5s] cap_perp seed=8 task 144/150
[  1511.1s] cap_perp seed=8 task 145/150
[  1522.0s] cap_perp seed=8 task 146/150
[  1534.3s] cap_perp seed=8 task 147/150
[  1545.8s] cap_perp seed=8 task 148/150
[  1557.6s] cap_perp seed=8 task 149/150
[  1569.1s] cap_perp seed=8 task 150/150
wrote results/mucap_el_0916/runs/cap_perp_s8  (150 task rows, 1569.3s)
