[     6.9s] cap_perp seed=1 task 1/150
[    16.2s] cap_perp seed=1 task 2/150
[    25.3s] cap_perp seed=1 task 3/150
[    34.0s] cap_perp seed=1 task 4/150
[    42.7s] cap_perp seed=1 task 5/150
[    51.9s] cap_perp seed=1 task 6/150
[    61.0s] cap_perp seed=1 task 7/150
[    70.0s] cap_perp seed=1 task 8/150
[    79.4s] cap_perp seed=1 task 9/150
[    89.3s] cap_perp seed=1 task 10/150
[    99.1s] cap_perp seed=1 task 11/150
[   109.3s] cap_perp seed=1 task 12/150
[   119.8s] cap_perp seed=1 task 13/150
[   129.9s] cap_perp seed=1 task 14/150
[   139.4s] cap_perp seed=1 task 15/150
[   149.3s] cap_perp seed=1 task 16/150
[   159.3s] cap_perp seed=1 task 17/150
[   169.9s] cap_perp seed=1 task 18/150
[   180.1s] cap_perp seed=1 task 19/150
[   190.1s] cap_perp seed=1 task 20/150
[   199.6s] cap_perp seed=1 task 21/150
[   209.0s] cap_perp seed=1 task 22/150
[   218.6s] cap_perp seed=1 task 23/150
[   229.3s] cap_perp seed=1 task 24/150
[   239.3s] cap_perp seed=1 task 25/150
[   249.1s] cap_perp seed=1 task 26/150
[   258.8s] cap_perp seed=1 task 27/150
[   268.4s] cap_perp seed=1 task 28/150
[   278.0s] cap_perp seed=1 task 29/150
[   287.7s] cap_perp seed=1 task 30/150
[   297.8s] cap_perp seed=1 task 31/150
[   307.8s] cap_perp seed=1 task 32/150
[   318.1s] cap_perp seed=1 task 33/150
[   328.1s] cap_perp seed=1 task 34/150
[   338.3s] cap_perp seed=1 task 35/150
[   348.5s] cap_perp seed=1 task 36/150
[   358.8s] cap_perp seed=1 task 37/150
[   368.9s] cap_perp seed=1 task 38/150
[   380.1s] cap_perp seed=1 task 39/150
[   390.9s] cap_perp seed=1 task 40/150
[   403.8s] cap_perp seed=1 task 41/150
[   414.5s] cap_perp seed=1 task 42/150
[   425.0s] cap_perp seed=1 task 43/150
[   435.7s] cap_perp seed=1 task 44/150
[   446.4s] cap_perp seed=1 task 45/150
[   457.0s] cap_perp seed=1 task 46/150
[   467.8s] cap_perp seed=1 task 47/150
[   478.9s] cap_perp seed=1 task 48/150
[   489.8s] cap_perp seed=1 task 49/150
[   499.5s] cap_perp seed=1 task 50/150
[   508.9s] cap_perp seed=1 task 51/150
[   518.2s] cap_perp seed=1 task 52/150
[   527.5s] cap_perp seed=1 task 53/150
[   537.1s] cap_perp seed=1 task 54/150
[   547.3s] cap_perp seed=1 task 55/150
[   557.2s] cap_perp seed=1 task 56/150
[   566.6s] cap_perp seed=1 task 57/150
[   576.0s] cap_perp seed=1 task 58/150
[   585.6s] cap_perp seed=1 task 59/150
[   595.6s] cap_perp seed=1 task 60/150
[   605.5s] cap_perp seed=1 task 61/150
[   615.4s] cap_perp seed=1 task 62/150
[   625.4s] cap_perp seed=1 task 63/150
[   635.4s] cap_perp seed=1 task 64/150
[   645.4s] cap_perp seed=1 task 65/150
[   655.4s] cap_perp seed=1 task 66/150
[   665.3s] cap_perp seed=1 task 67/150
[   674.7s] cap_perp seed=1 task 68/150
[   684.1s] cap_perp seed=1 task 69/150
[   693.4s] cap_perp seed=1 task 70/150
[   703.1s] cap_perp seed=1 task 71/150
[   712.4s] cap_perp seed=1 task 72/150
[   721.6s] cap_perp seed=1 task 73/150
[   731.0s] cap_perp seed=1 task 74/150
[   740.6s] cap_perp seed=1 task 75/150
[   750.0s] cap_perp seed=1 task 76/150
[   759.4s] cap_perp seed=1 task 77/150
[   768.6s] cap_perp seed=1 task 78/150
[   778.1s] cap_perp seed=1 task 79/150
[   787.9s] cap_perp seed=1 task 80/150
[   797.9s] cap_perp seed=1 task 81/150
[   808.2s] cap_perp seed=1 task 82/150
[   818.5s] cap_perp seed=1 task 83/150
[   828.2s] cap_perp seed=1 task 84/150
[   837.9s] cap_perp seed=1 task 85/150
[   847.6s] cap_perp seed=1 task 86/150
[   857.1s] cap_perp seed=1 task 87/150
[   866.7s] cap_perp seed=1 task 88/150
[   876.2s] cap_perp seed=1 task 89/150
[   885.8s] cap_perp seed=1 task 90/150
[   895.3s] cap_perp seed=1 task 91/150
[   904.7s] cap_perp seed=1 task 92/150
[   914.2s] cap_perp seed=1 task 93/150
[   923.9s] cap_perp seed=1 task 94/150
[   933.6s] cap_perp seed=1 task 95/150
[   943.2s] cap_perp seed=1 task 96/150
[   952.9s] cap_perp seed=1 task 97/150
[   962.5s] cap_perp seed=1 task 98/150
[   972.1s] cap_perp seed=1 task 99/150
[   981.9s] cap_perp seed=1 task 100/150
[   991.8s] cap_perp seed=1 task 101/150
[  1001.6s] cap_perp seed=1 task 102/150
[  1011.3s] cap_perp seed=1 task 103/150
[  1021.1s] cap_perp seed=1 task 104/150
[  1030.9s] cap_perp seed=1 task 105/150
[  1040.8s] cap_perp seed=1 task 106/150
[  1051.5s] cap_perp seed=1 task 107/150
[  1061.8s] cap_perp seed=1 task 108/150
[  1072.5s] cap_perp seed=1 task 109/150
[  1083.2s] cap_perp seed=1 task 110/150
[  1093.7s] cap_perp seed=1 task 111/150
[  1103.9s] cap_perp seed=1 task 112/150
[  1114.1s] cap_perp seed=1 task 113/150
[  1124.3s] cap_perp seed=1 task 114/150
[  1134.3s] cap_perp seed=1 task 115/150
[  1144.2s] cap_perp seed=1 task 116/150
[  1154.0s] cap_perp seed=1 task 117/150
[  1164.4s] cap_perp seed=1 task 118/150
[  1174.4s] cap_perp seed=1 task 119/150
[  1184.9s] cap_perp seed=1 task 120/150
[  1195.0s] cap_perp seed=1 task 121/150
[  1205.4s] cap_perp seed=1 task 122/150
[  1216.5s] cap_perp seed=1 task 123/150
[  1227.7s] cap_perp seed=1 task 124/150
[  1238.8s] cap_perp seed=1 task 125/150
[  1249.8s] cap_perp seed=1 task 126/150
[  1260.6s] cap_perp seed=1 task 127/150
[  1271.4s] cap_perp seed=1 task 128/150
[  1281.6s] cap_perp seed=1 task 129/150
[  1291.6s] cap_perp seed=1 task 130/150
[  1302.0s] cap_perp seed=1 task 131/150
[  1312.9s] cap_perp seed=1 task 132/150
[  1323.6s] cap_perp seed=1 task 133/150
[  1334.3s] cap_perp seed=1 task 134/150
[  1345.0s] cap_perp seed=1 task 135/150
[  1356.0s] cap_perp seed=1 task 136/150
[  1366.3s] cap_perp seed=1 task 137/150
[  1376.7s] cap_perp seed=1 task 138/150
[  1387.0s] cap_perp seed=1 task 139/150
[  1397.3s] cap_perp seed=1 task 140/150
[  1407.3s] cap_perp seed=1 task 141/150
[  1417.7s] cap_perp seed=1 task 142/150
[  1427.8s] cap_perp seed=1 task 143/150
[  1438.3s] cap_perp seed=1 task 144/150
[  1449.2s] cap_perp seed=1 task 145/150
[  1460.0s] cap_perp seed=1 task 146/150
[  1470.2s] cap_perp seed=1 task 147/150
[  1480.1s] cap_perp seed=1 task 148/150
[  1490.4s] cap_perp seed=1 task 149/150
[  1500.6s] cap_perp seed=1 task 150/150
wrote results/mucap_el_0916/runs/cap_perp_s1  (150 task rows, 1500.8s)
