[     7.5s] cap_both seed=3 task 1/150
[    18.8s] cap_both seed=3 task 2/150
[    30.0s] cap_both seed=3 task 3/150
[    40.5s] cap_both seed=3 task 4/150
[    51.1s] cap_both seed=3 task 5/150
[    61.9s] cap_both seed=3 task 6/150
[    72.8s] cap_both seed=3 task 7/150
[    83.6s] cap_both seed=3 task 8/150
[    94.8s] cap_both seed=3 task 9/150
[   105.9s] cap_both seed=3 task 10/150
[   116.9s] cap_both seed=3 task 11/150
[   127.9s] cap_both seed=3 task 12/150
[   138.7s] cap_both seed=3 task 13/150
[   149.6s] cap_both seed=3 task 14/150
[   160.4s] cap_both seed=3 task 15/150
[   170.8s] cap_both seed=3 task 16/150
[   181.3s] cap_both seed=3 task 17/150
[   191.9s] cap_both seed=3 task 18/150
[   202.5s] cap_both seed=3 task 19/150
[   213.7s] cap_both seed=3 task 20/150
[   225.6s] cap_both seed=3 task 21/150
[   237.2s] cap_both seed=3 task 22/150
[   248.7s] cap_both seed=3 task 23/150
[   260.0s] cap_both seed=3 task 24/150
[   271.9s] cap_both seed=3 task 25/150
[   283.8s] cap_both seed=3 task 26/150
[   294.8s] cap_both seed=3 task 27/150
[   305.5s] cap_both seed=3 task 28/150
[   316.0s] cap_both seed=3 task 29/150
[   326.5s] cap_both seed=3 task 30/150
[   337.2s] cap_both seed=3 task 31/150
[   348.1s] cap_both seed=3 task 32/150
[   358.7s] cap_both seed=3 task 33/150
[   369.3s] cap_both seed=3 task 34/150
[   380.1s] cap_both seed=3 task 35/150
[   390.6s] cap_both seed=3 task 36/150
[   401.2s] cap_both seed=3 task 37/150
[   411.9s] cap_both seed=3 task 38/150
[   422.6s] cap_both seed=3 task 39/150
[   433.1s] cap_both seed=3 task 40/150
[   443.8s] cap_both seed=3 task 41/150
[   454.4s] cap_both seed=3 task 42/150
[   465.0s] cap_both seed=3 task 43/150
[   475.9s] cap_both seed=3 task 44/150
[   486.4s] cap_both seed=3 task 45/150
[   497.5s] cap_both seed=3 task 46/150
[   507.9s] cap_both seed=3 task 47/150
[   518.2s] cap_both seed=3 task 48/150
[   528.7s] cap_both seed=3 task 49/150
[   539.6s] cap_both seed=3 task 50/150
[   550.2s] cap_both seed=3 task 51/150
[   560.6s] cap_both seed=3 task 52/150
[   570.8s] cap_both seed=3 task 53/150
[   580.8s] cap_both seed=3 task 54/150
[   591.1s] cap_both seed=3 task 55/150
[   601.3s] cap_both seed=3 task 56/150
[   611.5s] cap_both seed=3 task 57/150
[   622.0s] cap_both seed=3 task 58/150
[   632.3s] cap_both seed=3 task 59/150
[   643.2s] cap_both seed=3 task 60/150
[   654.0s] cap_both seed=3 task 61/150
[   664.7s] cap_both seed=3 task 62/150
[   675.6s] cap_both seed=3 task 63/150
[   686.7s] cap_both seed=3 task 64/150
[   697.1s] cap_both seed=3 task 65/150
[   708.2s] cap_both seed=3 task 66/150
[   719.4s] cap_both seed=3 task 67/150
[   730.4s] cap_both seed=3 task 68/150
[   741.5s] cap_both seed=3 task 69/150
[   752.3s] cap_both seed=3 task 70/150
[   763.5s] cap_both seed=3 task 71/150
[   774.7s] cap_both seed=3 task 72/150
[   786.4s] cap_both seed=3 task 73/150
[   797.6s] cap_both seed=3 task 74/150
[   808.7s] cap_both seed=3 task 75/150
[   819.8s] cap_both seed=3 task 76/150
[   830.8s] cap_both seed=3 task 77/150
[   841.5s] cap_both seed=3 task 78/150
[   852.6s] cap_both seed=3 task 79/150
[   863.8s] cap_both seed=3 task 80/150
[   875.4s] cap_both seed=3 task 81/150
[   887.3s] cap_both seed=3 task 82/150
[   899.0s] cap_both seed=3 task 83/150
[   910.2s] cap_both seed=3 task 84/150
[   921.0s] cap_both seed=3 task 85/150
[   931.7s] cap_both seed=3 task 86/150
[   942.7s] cap_both seed=3 task 87/150
[   953.2s] cap_both seed=3 task 88/150
[   963.9s] cap_both seed=3 task 89/150
[   974.4s] cap_both seed=3 task 90/150
[   985.1s] cap_both seed=3 task 91/150
[   996.3s] cap_both seed=3 task 92/150
[  1007.4s] cap_both seed=3 task 93/150
[  1017.3s] cap_both seed=3 task 94/150
[  1027.2s] cap_both seed=3 task 95/150
[  1036.8s] cap_both seed=3 task 96/150
[  1046.5s] cap_both seed=3 task 97/150
[  1056.6s] cap_both seed=3 task 98/150
[  1066.7s] cap_both seed=3 task 99/150
[  1076.7s] cap_both seed=3 task 100/150
[  1087.3s] cap_both seed=3 task 101/150
[  1097.3s] cap_both seed=3 task 102/150
[  1107.6s] cap_both seed=3 task 103/150
[  1118.3s] cap_both seed=3 task 104/150
[  1128.7s] cap_both seed=3 task 105/150
[  1139.3s] cap_both seed=3 task 106/150
[  1149.7s] cap_both seed=3 task 107/150
[  1160.1s] cap_both seed=3 task 108/150
[  1170.8s] cap_both seed=3 task 109/150
[  1181.1s] cap_both seed=3 task 110/150
[  1191.2s] cap_both seed=3 task 111/150
[  1201.4s] cap_both seed=3 task 112/150
[  1214.5s] cap_both seed=3 task 113/150
[  1226.4s] cap_both seed=3 task 114/150
[  1236.8s] cap_both seed=3 task 115/150
[  1247.5s] cap_both seed=3 task 116/150
[  1257.9s] cap_both seed=3 task 117/150
[  1268.1s] cap_both seed=3 task 118/150
[  1279.0s] cap_both seed=3 task 119/150
[  1290.2s] cap_both seed=3 task 120/150
[  1303.2s] cap_both seed=3 task 121/150
[  1315.8s] cap_both seed=3 task 122/150
[  1326.8s] cap_both seed=3 task 123/150
[  1337.5s] cap_both seed=3 task 124/150
[  1348.3s] cap_both seed=3 task 125/150
[  1359.2s] cap_both seed=3 task 126/150
[  1371.4s] cap_both seed=3 task 127/150
[  1383.9s] cap_both seed=3 task 128/150
[  1395.6s] cap_both seed=3 task 129/150
[  1406.5s] cap_both seed=3 task 130/150
[  1417.2s] cap_both seed=3 task 131/150
[  1428.2s] cap_both seed=3 task 132/150
[  1439.1s] cap_both seed=3 task 133/150
[  1449.8s] cap_both seed=3 task 134/150
[  1460.6s] cap_both seed=3 task 135/150
[  1471.9s] cap_both seed=3 task 136/150
[  1485.0s] cap_both seed=3 task 137/150
[  1497.8s] cap_both seed=3 task 138/150
[  1510.8s] cap_both seed=3 task 139/150
[  1524.3s] cap_both seed=3 task 140/150
[  1536.4s] cap_both seed=3 task 141/150
[  1547.5s] cap_both seed=3 task 142/150
[  1558.8s] cap_both seed=3 task 143/150
[  1571.2s] cap_both seed=3 task 144/150
[  1583.2s] cap_both seed=3 task 145/150
[  1594.8s] cap_both seed=3 task 146/150
[  1606.4s] cap_both seed=3 task 147/150
[  1617.9s] cap_both seed=3 task 148/150
[  1629.5s] cap_both seed=3 task 149/150
[  1640.8s] cap_both seed=3 task 150/150
wrote results/mucap_el_0916/runs/cap_both_s3  (150 task rows, 1641.1s)
