[     7.4s] cap_both seed=8 task 1/150
[    18.3s] cap_both seed=8 task 2/150
[    29.3s] cap_both seed=8 task 3/150
[    40.3s] cap_both seed=8 task 4/150
[    51.2s] cap_both seed=8 task 5/150
[    61.9s] cap_both seed=8 task 6/150
[    72.7s] cap_both seed=8 task 7/150
[    83.4s] cap_both seed=8 task 8/150
[    94.3s] cap_both seed=8 task 9/150
[   105.2s] cap_both seed=8 task 10/150
[   116.0s] cap_both seed=8 task 11/150
[   126.6s] cap_both seed=8 task 12/150
[   137.6s] cap_both seed=8 task 13/150
[   148.4s] cap_both seed=8 task 14/150
[   159.4s] cap_both seed=8 task 15/150
[   170.1s] cap_both seed=8 task 16/150
[   180.9s] cap_both seed=8 task 17/150
[   191.6s] cap_both seed=8 task 18/150
[   202.5s] cap_both seed=8 task 19/150
[   213.6s] cap_both seed=8 task 20/150
[   224.8s] cap_both seed=8 task 21/150
[   235.5s] cap_both seed=8 task 22/150
[   246.7s] cap_both seed=8 task 23/150
[   257.9s] cap_both seed=8 task 24/150
[   269.3s] cap_both seed=8 task 25/150
[   281.4s] cap_both seed=8 task 26/150
[   293.1s] cap_both seed=8 task 27/150
[   303.9s] cap_both seed=8 task 28/150
[   314.8s] cap_both seed=8 task 29/150
[   325.5s] cap_both seed=8 task 30/150
[   336.4s] cap_both seed=8 task 31/150
[   347.3s] cap_both seed=8 task 32/150
[   358.1s] cap_both seed=8 task 33/150
[   369.1s] cap_both seed=8 task 34/150
[   380.0s] cap_both seed=8 task 35/150
[   390.7s] cap_both seed=8 task 36/150
[   401.7s] cap_both seed=8 task 37/150
[   412.4s] cap_both seed=8 task 38/150
[   423.0s] cap_both seed=8 task 39/150
[   433.5s] cap_both seed=8 task 40/150
[   444.1s] cap_both seed=8 task 41/150
[   454.6s] cap_both seed=8 task 42/150
[   465.5s] cap_both seed=8 task 43/150
[   476.2s] cap_both seed=8 task 44/150
[   487.5s] cap_both seed=8 task 45/150
[   498.0s] cap_both seed=8 task 46/150
[   508.6s] cap_both seed=8 task 47/150
[   519.3s] cap_both seed=8 task 48/150
[   529.8s] cap_both seed=8 task 49/150
[   540.5s] cap_both seed=8 task 50/150
[   551.0s] cap_both seed=8 task 51/150
[   561.3s] cap_both seed=8 task 52/150
[   571.9s] cap_both seed=8 task 53/150
[   582.3s] cap_both seed=8 task 54/150
[   592.8s] cap_both seed=8 task 55/150
[   603.2s] cap_both seed=8 task 56/150
[   613.6s] cap_both seed=8 task 57/150
[   624.0s] cap_both seed=8 task 58/150
[   634.2s] cap_both seed=8 task 59/150
[   644.4s] cap_both seed=8 task 60/150
[   654.6s] cap_both seed=8 task 61/150
[   664.9s] cap_both seed=8 task 62/150
[   675.2s] cap_both seed=8 task 63/150
[   685.7s] cap_both seed=8 task 64/150
[   695.9s] cap_both seed=8 task 65/150
[   706.2s] cap_both seed=8 task 66/150
[   716.5s] cap_both seed=8 task 67/150
[   726.8s] cap_both seed=8 task 68/150
[   737.3s] cap_both seed=8 task 69/150
[   748.4s] cap_both seed=8 task 70/150
[   760.4s] cap_both seed=8 task 71/150
[   771.7s] cap_both seed=8 task 72/150
[   782.9s] cap_both seed=8 task 73/150
[   793.5s] cap_both seed=8 task 74/150
[   804.4s] cap_both seed=8 task 75/150
[   815.0s] cap_both seed=8 task 76/150
[   825.9s] cap_both seed=8 task 77/150
[   838.1s] cap_both seed=8 task 78/150
[   850.0s] cap_both seed=8 task 79/150
[   862.4s] cap_both seed=8 task 80/150
[   874.7s] cap_both seed=8 task 81/150
[   886.9s] cap_both seed=8 task 82/150
[   899.3s] cap_both seed=8 task 83/150
[   911.1s] cap_both seed=8 task 84/150
[   922.8s] cap_both seed=8 task 85/150
[   934.3s] cap_both seed=8 task 86/150
[   946.3s] cap_both seed=8 task 87/150
[   957.6s] cap_both seed=8 task 88/150
[   969.2s] cap_both seed=8 task 89/150
[   980.7s] cap_both seed=8 task 90/150
[   992.5s] cap_both seed=8 task 91/150
[  1004.8s] cap_both seed=8 task 92/150
[  1017.4s] cap_both seed=8 task 93/150
[  1029.4s] cap_both seed=8 task 94/150
[  1041.6s] cap_both seed=8 task 95/150
[  1054.0s] cap_both seed=8 task 96/150
[  1066.5s] cap_both seed=8 task 97/150
[  1079.0s] cap_both seed=8 task 98/150
[  1091.0s] cap_both seed=8 task 99/150
[  1103.0s] cap_both seed=8 task 100/150
[  1114.3s] cap_both seed=8 task 101/150
[  1127.3s] cap_both seed=8 task 102/150
[  1140.4s] cap_both seed=8 task 103/150
[  1153.3s] cap_both seed=8 task 104/150
[  1165.3s] cap_both seed=8 task 105/150
[  1178.0s] cap_both seed=8 task 106/150
[  1189.9s] cap_both seed=8 task 107/150
[  1201.5s] cap_both seed=8 task 108/150
[  1213.2s] cap_both seed=8 task 109/150
[  1224.2s] cap_both seed=8 task 110/150
[  1235.6s] cap_both seed=8 task 111/150
[  1246.6s] cap_both seed=8 task 112/150
[  1258.5s] cap_both seed=8 task 113/150
[  1270.2s] cap_both seed=8 task 114/150
[  1283.3s] cap_both seed=8 task 115/150
[  1295.1s] cap_both seed=8 task 116/150
[  1307.3s] cap_both seed=8 task 117/150
[  1320.3s] cap_both seed=8 task 118/150
[  1332.8s] cap_both seed=8 task 119/150
[  1344.3s] cap_both seed=8 task 120/150
[  1356.3s] cap_both seed=8 task 121/150
[  1367.8s] cap_both seed=8 task 122/150
[  1379.4s] cap_both seed=8 task 123/150
[  1390.9s] cap_both seed=8 task 124/150
[  1402.3s] cap_both seed=8 task 125/150
[  1413.9s] cap_both seed=8 task 126/150
[  1425.5s] cap_both seed=8 task 127/150
[  1437.3s] cap_both seed=8 task 128/150
[  1449.6s] cap_both seed=8 task 129/150
[  1461.5s] cap_both seed=8 task 130/150
[  1473.8s] cap_both seed=8 task 131/150
[  1486.2s] cap_both seed=8 task 132/150
[  1498.6s] cap_both seed=8 task 133/150
[  1510.0s] cap_both seed=8 task 134/150
[  1520.4s] cap_both seed=8 task 135/150
[  1530.7s] cap_both seed=8 task 136/150
[  1540.5s] cap_both seed=8 task 137/150
[  1550.5s] cap_both seed=8 task 138/150
[  1560.2s] cap_both seed=8 task 139/150
[  1570.1s] cap_both seed=8 task 140/150
[  1580.1s] cap_both seed=8 task 141/150
[  1590.5s] cap_both seed=8 task 142/150
[  1600.9s] cap_both seed=8 task 143/150
[  1611.2s] cap_both seed=8 task 144/150
[  1621.6s] cap_both seed=8 task 145/150
[  1631.7s] cap_both seed=8 task 146/150
[  1641.7s] cap_both seed=8 task 147/150
[  1652.0s] cap_both seed=8 task 148/150
[  1662.3s] cap_both seed=8 task 149/150
[  1672.2s] cap_both seed=8 task 150/150
wrote results/mucap_el_0916/runs/cap_both_s8  (150 task rows, 1672.5s)
