[     8.2s] cap_perp seed=4 task 1/150
[    19.6s] cap_perp seed=4 task 2/150
[    31.1s] cap_perp seed=4 task 3/150
[    42.4s] cap_perp seed=4 task 4/150
[    51.9s] cap_perp seed=4 task 5/150
[    61.7s] cap_perp seed=4 task 6/150
[    72.0s] cap_perp seed=4 task 7/150
[    82.5s] cap_perp seed=4 task 8/150
[    92.8s] cap_perp seed=4 task 9/150
[   103.1s] cap_perp seed=4 task 10/150
[   113.4s] cap_perp seed=4 task 11/150
[   123.9s] cap_perp seed=4 task 12/150
[   134.5s] cap_perp seed=4 task 13/150
[   145.1s] cap_perp seed=4 task 14/150
[   154.9s] cap_perp seed=4 task 15/150
[   165.0s] cap_perp seed=4 task 16/150
[   175.9s] cap_perp seed=4 task 17/150
[   186.5s] cap_perp seed=4 task 18/150
[   197.4s] cap_perp seed=4 task 19/150
[   208.9s] cap_perp seed=4 task 20/150
[   220.5s] cap_perp seed=4 task 21/150
[   231.3s] cap_perp seed=4 task 22/150
[   242.1s] cap_perp seed=4 task 23/150
[   253.3s] cap_perp seed=4 task 24/150
[   264.1s] cap_perp seed=4 task 25/150
[   275.2s] cap_perp seed=4 task 26/150
[   286.7s] cap_perp seed=4 task 27/150
[   298.0s] cap_perp seed=4 task 28/150
[   308.9s] cap_perp seed=4 task 29/150
[   320.2s] cap_perp seed=4 task 30/150
[   331.1s] cap_perp seed=4 task 31/150
[   342.2s] cap_perp seed=4 task 32/150
[   352.9s] cap_perp seed=4 task 33/150
[   364.5s] cap_perp seed=4 task 34/150
[   375.5s] cap_perp seed=4 task 35/150
[   386.2s] cap_perp seed=4 task 36/150
[   397.2s] cap_perp seed=4 task 37/150
[   408.7s] cap_perp seed=4 task 38/150
[   420.0s] cap_perp seed=4 task 39/150
[   431.5s] cap_perp seed=4 task 40/150
[   442.5s] cap_perp seed=4 task 41/150
[   452.9s] cap_perp seed=4 task 42/150
[   463.6s] cap_perp seed=4 task 43/150
[   474.4s] cap_perp seed=4 task 44/150
[   485.2s] cap_perp seed=4 task 45/150
[   496.1s] cap_perp seed=4 task 46/150
[   506.9s] cap_perp seed=4 task 47/150
[   517.7s] cap_perp seed=4 task 48/150
[   528.1s] cap_perp seed=4 task 49/150
[   538.5s] cap_perp seed=4 task 50/150
[   548.8s] cap_perp seed=4 task 51/150
[   559.5s] cap_perp seed=4 task 52/150
[   570.1s] cap_perp seed=4 task 53/150
[   580.4s] cap_perp seed=4 task 54/150
[   590.9s] cap_perp seed=4 task 55/150
[   601.3s] cap_perp seed=4 task 56/150
[   612.3s] cap_perp seed=4 task 57/150
[   623.5s] cap_perp seed=4 task 58/150
[   634.1s] cap_perp seed=4 task 59/150
[   644.4s] cap_perp seed=4 task 60/150
[   654.5s] cap_perp seed=4 task 61/150
[   664.9s] cap_perp seed=4 task 62/150
[   675.7s] cap_perp seed=4 task 63/150
[   686.2s] cap_perp seed=4 task 64/150
[   696.5s] cap_perp seed=4 task 65/150
[   706.2s] cap_perp seed=4 task 66/150
[   716.1s] cap_perp seed=4 task 67/150
[   726.3s] cap_perp seed=4 task 68/150
[   736.2s] cap_perp seed=4 task 69/150
[   746.1s] cap_perp seed=4 task 70/150
[   756.4s] cap_perp seed=4 task 71/150
[   766.4s] cap_perp seed=4 task 72/150
[   777.0s] cap_perp seed=4 task 73/150
[   787.0s] cap_perp seed=4 task 74/150
[   797.1s] cap_perp seed=4 task 75/150
[   807.1s] cap_perp seed=4 task 76/150
[   817.5s] cap_perp seed=4 task 77/150
[   827.6s] cap_perp seed=4 task 78/150
[   837.5s] cap_perp seed=4 task 79/150
[   847.2s] cap_perp seed=4 task 80/150
[   856.9s] cap_perp seed=4 task 81/150
[   866.7s] cap_perp seed=4 task 82/150
[   876.6s] cap_perp seed=4 task 83/150
[   886.5s] cap_perp seed=4 task 84/150
[   896.6s] cap_perp seed=4 task 85/150
[   906.6s] cap_perp seed=4 task 86/150
[   917.3s] cap_perp seed=4 task 87/150
[   927.8s] cap_perp seed=4 task 88/150
[   938.3s] cap_perp seed=4 task 89/150
[   949.0s] cap_perp seed=4 task 90/150
[   959.8s] cap_perp seed=4 task 91/150
[   970.4s] cap_perp seed=4 task 92/150
[   980.8s] cap_perp seed=4 task 93/150
[   990.9s] cap_perp seed=4 task 94/150
[  1001.1s] cap_perp seed=4 task 95/150
[  1011.5s] cap_perp seed=4 task 96/150
[  1021.9s] cap_perp seed=4 task 97/150
[  1032.3s] cap_perp seed=4 task 98/150
[  1042.7s] cap_perp seed=4 task 99/150
[  1053.5s] cap_perp seed=4 task 100/150
[  1063.8s] cap_perp seed=4 task 101/150
[  1074.2s] cap_perp seed=4 task 102/150
[  1084.6s] cap_perp seed=4 task 103/150
[  1094.9s] cap_perp seed=4 task 104/150
[  1105.0s] cap_perp seed=4 task 105/150
[  1114.8s] cap_perp seed=4 task 106/150
[  1124.5s] cap_perp seed=4 task 107/150
[  1134.5s] cap_perp seed=4 task 108/150
[  1144.4s] cap_perp seed=4 task 109/150
[  1154.4s] cap_perp seed=4 task 110/150
[  1164.8s] cap_perp seed=4 task 111/150
[  1176.3s] cap_perp seed=4 task 112/150
[  1187.2s] cap_perp seed=4 task 113/150
[  1197.6s] cap_perp seed=4 task 114/150
[  1207.8s] cap_perp seed=4 task 115/150
[  1217.8s] cap_perp seed=4 task 116/150
[  1227.7s] cap_perp seed=4 task 117/150
[  1237.7s] cap_perp seed=4 task 118/150
[  1247.5s] cap_perp seed=4 task 119/150
[  1257.6s] cap_perp seed=4 task 120/150
[  1267.8s] cap_perp seed=4 task 121/150
[  1278.2s] cap_perp seed=4 task 122/150
[  1290.3s] cap_perp seed=4 task 123/150
[  1301.1s] cap_perp seed=4 task 124/150
[  1311.6s] cap_perp seed=4 task 125/150
[  1321.9s] cap_perp seed=4 task 126/150
[  1332.5s] cap_perp seed=4 task 127/150
[  1342.7s] cap_perp seed=4 task 128/150
[  1352.9s] cap_perp seed=4 task 129/150
[  1363.0s] cap_perp seed=4 task 130/150
[  1373.1s] cap_perp seed=4 task 131/150
[  1383.3s] cap_perp seed=4 task 132/150
[  1394.7s] cap_perp seed=4 task 133/150
[  1405.4s] cap_perp seed=4 task 134/150
[  1415.9s] cap_perp seed=4 task 135/150
[  1425.8s] cap_perp seed=4 task 136/150
[  1435.6s] cap_perp seed=4 task 137/150
[  1445.4s] cap_perp seed=4 task 138/150
[  1455.4s] cap_perp seed=4 task 139/150
[  1465.4s] cap_perp seed=4 task 140/150
[  1475.4s] cap_perp seed=4 task 141/150
[  1485.3s] cap_perp seed=4 task 142/150
[  1495.6s] cap_perp seed=4 task 143/150
[  1505.7s] cap_perp seed=4 task 144/150
[  1515.5s] cap_perp seed=4 task 145/150
[  1525.4s] cap_perp seed=4 task 146/150
[  1535.6s] cap_perp seed=4 task 147/150
[  1545.5s] cap_perp seed=4 task 148/150
[  1555.4s] cap_perp seed=4 task 149/150
[  1565.7s] cap_perp seed=4 task 150/150
wrote results/mucap_el_0916/runs/cap_perp_s4  (150 task rows, 1566.0s)
