[     6.6s] cap_both seed=9 task 1/150
[    16.5s] cap_both seed=9 task 2/150
[    26.1s] cap_both seed=9 task 3/150
[    35.3s] cap_both seed=9 task 4/150
[    44.9s] cap_both seed=9 task 5/150
[    54.5s] cap_both seed=9 task 6/150
[    64.3s] cap_both seed=9 task 7/150
[    73.8s] cap_both seed=9 task 8/150
[    83.6s] cap_both seed=9 task 9/150
[    93.3s] cap_both seed=9 task 10/150
[   102.8s] cap_both seed=9 task 11/150
[   112.4s] cap_both seed=9 task 12/150
[   122.0s] cap_both seed=9 task 13/150
[   131.3s] cap_both seed=9 task 14/150
[   140.6s] cap_both seed=9 task 15/150
[   150.4s] cap_both seed=9 task 16/150
[   160.2s] cap_both seed=9 task 17/150
[   169.1s] cap_both seed=9 task 18/150
[   177.3s] cap_both seed=9 task 19/150
[   185.5s] cap_both seed=9 task 20/150
[   193.4s] cap_both seed=9 task 21/150
[   201.5s] cap_both seed=9 task 22/150
[   209.7s] cap_both seed=9 task 23/150
[   218.0s] cap_both seed=9 task 24/150
[   226.3s] cap_both seed=9 task 25/150
[   234.5s] cap_both seed=9 task 26/150
[   242.6s] cap_both seed=9 task 27/150
[   250.7s] cap_both seed=9 task 28/150
[   258.8s] cap_both seed=9 task 29/150
[   266.8s] cap_both seed=9 task 30/150
[   275.0s] cap_both seed=9 task 31/150
[   283.1s] cap_both seed=9 task 32/150
[   291.0s] cap_both seed=9 task 33/150
[   299.0s] cap_both seed=9 task 34/150
[   307.1s] cap_both seed=9 task 35/150
[   315.3s] cap_both seed=9 task 36/150
[   323.4s] cap_both seed=9 task 37/150
[   331.4s] cap_both seed=9 task 38/150
[   339.5s] cap_both seed=9 task 39/150
[   347.5s] cap_both seed=9 task 40/150
[   356.1s] cap_both seed=9 task 41/150
[   364.3s] cap_both seed=9 task 42/150
[   372.6s] cap_both seed=9 task 43/150
[   380.7s] cap_both seed=9 task 44/150
[   388.8s] cap_both seed=9 task 45/150
[   397.0s] cap_both seed=9 task 46/150
[   405.1s] cap_both seed=9 task 47/150
[   413.2s] cap_both seed=9 task 48/150
[   421.6s] cap_both seed=9 task 49/150
[   429.9s] cap_both seed=9 task 50/150
[   437.8s] cap_both seed=9 task 51/150
[   445.7s] cap_both seed=9 task 52/150
[   453.8s] cap_both seed=9 task 53/150
[   461.8s] cap_both seed=9 task 54/150
[   469.8s] cap_both seed=9 task 55/150
[   477.7s] cap_both seed=9 task 56/150
[   485.7s] cap_both seed=9 task 57/150
[   493.7s] cap_both seed=9 task 58/150
[   501.7s] cap_both seed=9 task 59/150
[   509.7s] cap_both seed=9 task 60/150
[   517.7s] cap_both seed=9 task 61/150
[   525.6s] cap_both seed=9 task 62/150
[   533.6s] cap_both seed=9 task 63/150
[   541.5s] cap_both seed=9 task 64/150
[   549.6s] cap_both seed=9 task 65/150
[   557.8s] cap_both seed=9 task 66/150
[   565.7s] cap_both seed=9 task 67/150
[   573.9s] cap_both seed=9 task 68/150
[   581.8s] cap_both seed=9 task 69/150
[   589.8s] cap_both seed=9 task 70/150
[   597.9s] cap_both seed=9 task 71/150
[   605.9s] cap_both seed=9 task 72/150
[   613.9s] cap_both seed=9 task 73/150
[   621.8s] cap_both seed=9 task 74/150
[   629.9s] cap_both seed=9 task 75/150
[   638.1s] cap_both seed=9 task 76/150
[   646.2s] cap_both seed=9 task 77/150
[   654.3s] cap_both seed=9 task 78/150
[   662.4s] cap_both seed=9 task 79/150
[   670.4s] cap_both seed=9 task 80/150
[   678.6s] cap_both seed=9 task 81/150
[   686.7s] cap_both seed=9 task 82/150
[   694.9s] cap_both seed=9 task 83/150
[   703.1s] cap_both seed=9 task 84/150
[   711.5s] cap_both seed=9 task 85/150
[   719.7s] cap_both seed=9 task 86/150
[   727.6s] cap_both seed=9 task 87/150
[   735.8s] cap_both seed=9 task 88/150
[   744.1s] cap_both seed=9 task 89/150
[   752.1s] cap_both seed=9 task 90/150
[   760.3s] cap_both seed=9 task 91/150
[   768.4s] cap_both seed=9 task 92/150
[   776.5s] cap_both seed=9 task 93/150
[   784.7s] cap_both seed=9 task 94/150
[   792.6s] cap_both seed=9 task 95/150
[   800.8s] cap_both seed=9 task 96/150
[   808.8s] cap_both seed=9 task 97/150
[   816.9s] cap_both seed=9 task 98/150
[   825.0s] cap_both seed=9 task 99/150
[   833.2s] cap_both seed=9 task 100/150
[   841.8s] cap_both seed=9 task 101/150
[   850.0s] cap_both seed=9 task 102/150
[   858.1s] cap_both seed=9 task 103/150
[   866.4s] cap_both seed=9 task 104/150
[   874.8s] cap_both seed=9 task 105/150
[   883.0s] cap_both seed=9 task 106/150
[   891.3s] cap_both seed=9 task 107/150
[   899.5s] cap_both seed=9 task 108/150
[   907.7s] cap_both seed=9 task 109/150
[   916.1s] cap_both seed=9 task 110/150
[   924.2s] cap_both seed=9 task 111/150
[   932.2s] cap_both seed=9 task 112/150
[   940.5s] cap_both seed=9 task 113/150
[   948.9s] cap_both seed=9 task 114/150
[   957.3s] cap_both seed=9 task 115/150
[   965.6s] cap_both seed=9 task 116/150
[   973.9s] cap_both seed=9 task 117/150
[   982.3s] cap_both seed=9 task 118/150
[   990.4s] cap_both seed=9 task 119/150
[   999.0s] cap_both seed=9 task 120/150
[  1007.2s] cap_both seed=9 task 121/150
[  1015.5s] cap_both seed=9 task 122/150
[  1023.9s] cap_both seed=9 task 123/150
[  1032.4s] cap_both seed=9 task 124/150
[  1040.6s] cap_both seed=9 task 125/150
[  1049.3s] cap_both seed=9 task 126/150
[  1057.7s] cap_both seed=9 task 127/150
[  1065.9s] cap_both seed=9 task 128/150
[  1074.1s] cap_both seed=9 task 129/150
[  1082.3s] cap_both seed=9 task 130/150
[  1090.6s] cap_both seed=9 task 131/150
[  1098.4s] cap_both seed=9 task 132/150
[  1106.2s] cap_both seed=9 task 133/150
[  1113.9s] cap_both seed=9 task 134/150
[  1121.5s] cap_both seed=9 task 135/150
[  1129.2s] cap_both seed=9 task 136/150
[  1136.6s] cap_both seed=9 task 137/150
[  1144.0s] cap_both seed=9 task 138/150
[  1151.4s] cap_both seed=9 task 139/150
[  1158.8s] cap_both seed=9 task 140/150
[  1166.3s] cap_both seed=9 task 141/150
[  1173.7s] cap_both seed=9 task 142/150
[  1181.2s] cap_both seed=9 task 143/150
[  1188.5s] cap_both seed=9 task 144/150
[  1196.0s] cap_both seed=9 task 145/150
[  1203.3s] cap_both seed=9 task 146/150
[  1210.9s] cap_both seed=9 task 147/150
[  1218.5s] cap_both seed=9 task 148/150
[  1225.8s] cap_both seed=9 task 149/150
[  1233.3s] cap_both seed=9 task 150/150
wrote results/mucap_el_0916/runs/cap_both_s9  (150 task rows, 1233.5s)
