[     7.0s] cap_par seed=2 task 1/150
[    16.7s] cap_par seed=2 task 2/150
[    26.6s] cap_par seed=2 task 3/150
[    36.2s] cap_par seed=2 task 4/150
[    46.1s] cap_par seed=2 task 5/150
[    55.9s] cap_par seed=2 task 6/150
[    65.2s] cap_par seed=2 task 7/150
[    74.6s] cap_par seed=2 task 8/150
[    84.4s] cap_par seed=2 task 9/150
[    95.1s] cap_par seed=2 task 10/150
[   105.6s] cap_par seed=2 task 11/150
[   116.0s] cap_par seed=2 task 12/150
[   125.5s] cap_par seed=2 task 13/150
[   134.9s] cap_par seed=2 task 14/150
[   144.5s] cap_par seed=2 task 15/150
[   154.8s] cap_par seed=2 task 16/150
[   164.9s] cap_par seed=2 task 17/150
[   174.7s] cap_par seed=2 task 18/150
[   184.5s] cap_par seed=2 task 19/150
[   194.2s] cap_par seed=2 task 20/150
[   203.7s] cap_par seed=2 task 21/150
[   213.3s] cap_par seed=2 task 22/150
[   223.2s] cap_par seed=2 task 23/150
[   232.8s] cap_par seed=2 task 24/150
[   242.6s] cap_par seed=2 task 25/150
[   252.1s] cap_par seed=2 task 26/150
[   261.6s] cap_par seed=2 task 27/150
[   271.6s] cap_par seed=2 task 28/150
[   281.9s] cap_par seed=2 task 29/150
[   291.9s] cap_par seed=2 task 30/150
[   302.6s] cap_par seed=2 task 31/150
[   313.3s] cap_par seed=2 task 32/150
[   323.7s] cap_par seed=2 task 33/150
[   335.7s] cap_par seed=2 task 34/150
[   346.9s] cap_par seed=2 task 35/150
[   358.0s] cap_par seed=2 task 36/150
[   369.4s] cap_par seed=2 task 37/150
[   380.2s] cap_par seed=2 task 38/150
[   391.3s] cap_par seed=2 task 39/150
[   402.8s] cap_par seed=2 task 40/150
[   413.7s] cap_par seed=2 task 41/150
[   424.0s] cap_par seed=2 task 42/150
[   434.1s] cap_par seed=2 task 43/150
[   444.2s] cap_par seed=2 task 44/150
[   454.0s] cap_par seed=2 task 45/150
[   463.6s] cap_par seed=2 task 46/150
[   473.2s] cap_par seed=2 task 47/150
[   482.8s] cap_par seed=2 task 48/150
[   492.3s] cap_par seed=2 task 49/150
[   502.8s] cap_par seed=2 task 50/150
[   512.9s] cap_par seed=2 task 51/150
[   523.4s] cap_par seed=2 task 52/150
[   534.1s] cap_par seed=2 task 53/150
[   544.8s] cap_par seed=2 task 54/150
[   555.2s] cap_par seed=2 task 55/150
[   565.8s] cap_par seed=2 task 56/150
[   576.5s] cap_par seed=2 task 57/150
[   587.2s] cap_par seed=2 task 58/150
[   597.2s] cap_par seed=2 task 59/150
[   606.9s] cap_par seed=2 task 60/150
[   616.7s] cap_par seed=2 task 61/150
[   626.5s] cap_par seed=2 task 62/150
[   636.6s] cap_par seed=2 task 63/150
[   646.2s] cap_par seed=2 task 64/150
[   656.0s] cap_par seed=2 task 65/150
[   666.0s] cap_par seed=2 task 66/150
[   675.7s] cap_par seed=2 task 67/150
[   685.3s] cap_par seed=2 task 68/150
[   695.0s] cap_par seed=2 task 69/150
[   704.6s] cap_par seed=2 task 70/150
[   714.6s] cap_par seed=2 task 71/150
[   724.9s] cap_par seed=2 task 72/150
[   735.6s] cap_par seed=2 task 73/150
[   746.0s] cap_par seed=2 task 74/150
[   756.0s] cap_par seed=2 task 75/150
[   766.0s] cap_par seed=2 task 76/150
[   775.8s] cap_par seed=2 task 77/150
[   785.6s] cap_par seed=2 task 78/150
[   795.6s] cap_par seed=2 task 79/150
[   805.4s] cap_par seed=2 task 80/150
[   815.2s] cap_par seed=2 task 81/150
[   824.9s] cap_par seed=2 task 82/150
[   834.6s] cap_par seed=2 task 83/150
[   844.5s] cap_par seed=2 task 84/150
[   854.3s] cap_par seed=2 task 85/150
[   864.2s] cap_par seed=2 task 86/150
[   874.2s] cap_par seed=2 task 87/150
[   884.3s] cap_par seed=2 task 88/150
[   894.3s] cap_par seed=2 task 89/150
[   904.1s] cap_par seed=2 task 90/150
[   914.1s] cap_par seed=2 task 91/150
[   924.0s] cap_par seed=2 task 92/150
[   933.8s] cap_par seed=2 task 93/150
[   943.7s] cap_par seed=2 task 94/150
[   953.5s] cap_par seed=2 task 95/150
[   963.3s] cap_par seed=2 task 96/150
[   973.3s] cap_par seed=2 task 97/150
[   983.2s] cap_par seed=2 task 98/150
[   993.3s] cap_par seed=2 task 99/150
[  1003.5s] cap_par seed=2 task 100/150
[  1013.8s] cap_par seed=2 task 101/150
[  1023.9s] cap_par seed=2 task 102/150
[  1033.9s] cap_par seed=2 task 103/150
[  1043.8s] cap_par seed=2 task 104/150
[  1053.7s] cap_par seed=2 task 105/150
[  1063.5s] cap_par seed=2 task 106/150
[  1073.4s] cap_par seed=2 task 107/150
[  1083.6s] cap_par seed=2 task 108/150
[  1093.5s] cap_par seed=2 task 109/150
[  1103.5s] cap_par seed=2 task 110/150
[  1113.5s] cap_par seed=2 task 111/150
[  1123.3s] cap_par seed=2 task 112/150
[  1133.6s] cap_par seed=2 task 113/150
[  1144.3s] cap_par seed=2 task 114/150
[  1155.2s] cap_par seed=2 task 115/150
[  1166.1s] cap_par seed=2 task 116/150
[  1177.1s] cap_par seed=2 task 117/150
[  1188.2s] cap_par seed=2 task 118/150
[  1199.5s] cap_par seed=2 task 119/150
[  1209.7s] cap_par seed=2 task 120/150
[  1219.8s] cap_par seed=2 task 121/150
[  1230.1s] cap_par seed=2 task 122/150
[  1241.4s] cap_par seed=2 task 123/150
[  1251.9s] cap_par seed=2 task 124/150
[  1262.1s] cap_par seed=2 task 125/150
[  1272.4s] cap_par seed=2 task 126/150
[  1283.1s] cap_par seed=2 task 127/150
[  1293.8s] cap_par seed=2 task 128/150
[  1304.6s] cap_par seed=2 task 129/150
[  1315.0s] cap_par seed=2 task 130/150
[  1325.7s] cap_par seed=2 task 131/150
[  1336.1s] cap_par seed=2 task 132/150
[  1346.9s] cap_par seed=2 task 133/150
[  1357.6s] cap_par seed=2 task 134/150
[  1368.9s] cap_par seed=2 task 135/150
[  1380.5s] cap_par seed=2 task 136/150
[  1391.7s] cap_par seed=2 task 137/150
[  1402.3s] cap_par seed=2 task 138/150
[  1412.8s] cap_par seed=2 task 139/150
[  1423.7s] cap_par seed=2 task 140/150
[  1434.0s] cap_par seed=2 task 141/150
[  1444.8s] cap_par seed=2 task 142/150
[  1455.3s] cap_par seed=2 task 143/150
[  1465.7s] cap_par seed=2 task 144/150
[  1476.4s] cap_par seed=2 task 145/150
[  1487.0s] cap_par seed=2 task 146/150
[  1497.6s] cap_par seed=2 task 147/150
[  1508.2s] cap_par seed=2 task 148/150
[  1518.8s] cap_par seed=2 task 149/150
[  1529.5s] cap_par seed=2 task 150/150
wrote results/mucap_el_0916/runs/cap_par_s2  (150 task rows, 1529.7s)
