[     6.8s] cap_both seed=1 task 1/150
[    16.5s] cap_both seed=1 task 2/150
[    26.4s] cap_both seed=1 task 3/150
[    36.8s] cap_both seed=1 task 4/150
[    47.2s] cap_both seed=1 task 5/150
[    57.7s] cap_both seed=1 task 6/150
[    69.0s] cap_both seed=1 task 7/150
[    80.0s] cap_both seed=1 task 8/150
[    91.1s] cap_both seed=1 task 9/150
[   102.5s] cap_both seed=1 task 10/150
[   113.4s] cap_both seed=1 task 11/150
[   124.3s] cap_both seed=1 task 12/150
[   135.4s] cap_both seed=1 task 13/150
[   146.8s] cap_both seed=1 task 14/150
[   157.9s] cap_both seed=1 task 15/150
[   169.2s] cap_both seed=1 task 16/150
[   180.0s] cap_both seed=1 task 17/150
[   190.7s] cap_both seed=1 task 18/150
[   202.2s] cap_both seed=1 task 19/150
[   214.1s] cap_both seed=1 task 20/150
[   225.6s] cap_both seed=1 task 21/150
[   237.2s] cap_both seed=1 task 22/150
[   248.4s] cap_both seed=1 task 23/150
[   259.5s] cap_both seed=1 task 24/150
[   271.0s] cap_both seed=1 task 25/150
[   282.2s] cap_both seed=1 task 26/150
[   293.5s] cap_both seed=1 task 27/150
[   304.8s] cap_both seed=1 task 28/150
[   316.1s] cap_both seed=1 task 29/150
[   327.4s] cap_both seed=1 task 30/150
[   339.1s] cap_both seed=1 task 31/150
[   350.4s] cap_both seed=1 task 32/150
[   362.8s] cap_both seed=1 task 33/150
[   373.9s] cap_both seed=1 task 34/150
[   386.6s] cap_both seed=1 task 35/150
[   398.5s] cap_both seed=1 task 36/150
[   410.2s] cap_both seed=1 task 37/150
[   422.1s] cap_both seed=1 task 38/150
[   434.6s] cap_both seed=1 task 39/150
[   447.4s] cap_both seed=1 task 40/150
[   460.5s] cap_both seed=1 task 41/150
[   472.7s] cap_both seed=1 task 42/150
[   483.5s] cap_both seed=1 task 43/150
[   494.1s] cap_both seed=1 task 44/150
[   504.6s] cap_both seed=1 task 45/150
[   515.0s] cap_both seed=1 task 46/150
[   525.5s] cap_both seed=1 task 47/150
[   535.9s] cap_both seed=1 task 48/150
[   546.4s] cap_both seed=1 task 49/150
[   557.4s] cap_both seed=1 task 50/150
[   568.7s] cap_both seed=1 task 51/150
[   580.3s] cap_both seed=1 task 52/150
[   591.8s] cap_both seed=1 task 53/150
[   603.3s] cap_both seed=1 task 54/150
[   615.1s] cap_both seed=1 task 55/150
[   626.4s] cap_both seed=1 task 56/150
[   637.6s] cap_both seed=1 task 57/150
[   648.5s] cap_both seed=1 task 58/150
[   658.9s] cap_both seed=1 task 59/150
[   669.3s] cap_both seed=1 task 60/150
[   679.6s] cap_both seed=1 task 61/150
[   689.9s] cap_both seed=1 task 62/150
[   700.3s] cap_both seed=1 task 63/150
[   710.9s] cap_both seed=1 task 64/150
[   721.9s] cap_both seed=1 task 65/150
[   732.9s] cap_both seed=1 task 66/150
[   743.5s] cap_both seed=1 task 67/150
[   753.9s] cap_both seed=1 task 68/150
[   764.6s] cap_both seed=1 task 69/150
[   775.8s] cap_both seed=1 task 70/150
[   787.8s] cap_both seed=1 task 71/150
[   799.1s] cap_both seed=1 task 72/150
[   810.0s] cap_both seed=1 task 73/150
[   820.9s] cap_both seed=1 task 74/150
[   831.7s] cap_both seed=1 task 75/150
[   842.2s] cap_both seed=1 task 76/150
[   852.7s] cap_both seed=1 task 77/150
[   863.4s] cap_both seed=1 task 78/150
[   874.0s] cap_both seed=1 task 79/150
[   884.6s] cap_both seed=1 task 80/150
[   895.3s] cap_both seed=1 task 81/150
[   906.2s] cap_both seed=1 task 82/150
[   916.6s] cap_both seed=1 task 83/150
[   927.1s] cap_both seed=1 task 84/150
[   937.6s] cap_both seed=1 task 85/150
[   947.9s] cap_both seed=1 task 86/150
[   958.5s] cap_both seed=1 task 87/150
[   969.1s] cap_both seed=1 task 88/150
[   979.8s] cap_both seed=1 task 89/150
[   990.1s] cap_both seed=1 task 90/150
[  1000.5s] cap_both seed=1 task 91/150
[  1010.9s] cap_both seed=1 task 92/150
[  1021.4s] cap_both seed=1 task 93/150
[  1032.2s] cap_both seed=1 task 94/150
[  1042.9s] cap_both seed=1 task 95/150
[  1053.6s] cap_both seed=1 task 96/150
[  1064.6s] cap_both seed=1 task 97/150
[  1075.6s] cap_both seed=1 task 98/150
[  1086.5s] cap_both seed=1 task 99/150
[  1097.3s] cap_both seed=1 task 100/150
[  1107.8s] cap_both seed=1 task 101/150
[  1118.2s] cap_both seed=1 task 102/150
[  1128.7s] cap_both seed=1 task 103/150
[  1139.5s] cap_both seed=1 task 104/150
[  1150.0s] cap_both seed=1 task 105/150
[  1160.6s] cap_both seed=1 task 106/150
[  1171.6s] cap_both seed=1 task 107/150
[  1182.7s] cap_both seed=1 task 108/150
[  1194.4s] cap_both seed=1 task 109/150
[  1206.4s] cap_both seed=1 task 110/150
[  1218.4s] cap_both seed=1 task 111/150
[  1230.8s] cap_both seed=1 task 112/150
[  1242.4s] cap_both seed=1 task 113/150
[  1253.9s] cap_both seed=1 task 114/150
[  1264.8s] cap_both seed=1 task 115/150
[  1275.7s] cap_both seed=1 task 116/150
[  1287.2s] cap_both seed=1 task 117/150
[  1298.9s] cap_both seed=1 task 118/150
[  1310.2s] cap_both seed=1 task 119/150
[  1321.3s] cap_both seed=1 task 120/150
[  1332.5s] cap_both seed=1 task 121/150
[  1343.9s] cap_both seed=1 task 122/150
[  1355.3s] cap_both seed=1 task 123/150
[  1366.7s] cap_both seed=1 task 124/150
[  1378.0s] cap_both seed=1 task 125/150
[  1389.2s] cap_both seed=1 task 126/150
[  1400.7s] cap_both seed=1 task 127/150
[  1412.1s] cap_both seed=1 task 128/150
[  1424.3s] cap_both seed=1 task 129/150
[  1436.5s] cap_both seed=1 task 130/150
[  1448.2s] cap_both seed=1 task 131/150
[  1459.4s] cap_both seed=1 task 132/150
[  1470.9s] cap_both seed=1 task 133/150
[  1482.0s] cap_both seed=1 task 134/150
[  1493.2s] cap_both seed=1 task 135/150
[  1504.4s] cap_both seed=1 task 136/150
[  1515.7s] cap_both seed=1 task 137/150
[  1526.9s] cap_both seed=1 task 138/150
[  1538.0s] cap_both seed=1 task 139/150
[  1549.2s] cap_both seed=1 task 140/150
[  1560.3s] cap_both seed=1 task 141/150
[  1572.1s] cap_both seed=1 task 142/150
[  1583.4s] cap_both seed=1 task 143/150
[  1595.0s] cap_both seed=1 task 144/150
[  1606.3s] cap_both seed=1 task 145/150
[  1617.9s] cap_both seed=1 task 146/150
[  1629.7s] cap_both seed=1 task 147/150
[  1641.4s] cap_both seed=1 task 148/150
[  1652.6s] cap_both seed=1 task 149/150
[  1664.0s] cap_both seed=1 task 150/150
wrote results/mucap_el_0916/runs/cap_both_s1  (150 task rows, 1664.3s)
