[     6.9s] cap_perp seed=7 task 1/150
[    16.5s] cap_perp seed=7 task 2/150
[    26.1s] cap_perp seed=7 task 3/150
[    35.7s] cap_perp seed=7 task 4/150
[    45.1s] cap_perp seed=7 task 5/150
[    55.0s] cap_perp seed=7 task 6/150
[    64.8s] cap_perp seed=7 task 7/150
[    74.5s] cap_perp seed=7 task 8/150
[    84.0s] cap_perp seed=7 task 9/150
[    93.9s] cap_perp seed=7 task 10/150
[   103.6s] cap_perp seed=7 task 11/150
[   113.4s] cap_perp seed=7 task 12/150
[   122.9s] cap_perp seed=7 task 13/150
[   133.0s] cap_perp seed=7 task 14/150
[   142.3s] cap_perp seed=7 task 15/150
[   152.0s] cap_perp seed=7 task 16/150
[   161.6s] cap_perp seed=7 task 17/150
[   171.1s] cap_perp seed=7 task 18/150
[   180.7s] cap_perp seed=7 task 19/150
[   190.3s] cap_perp seed=7 task 20/150
[   199.9s] cap_perp seed=7 task 21/150
[   209.5s] cap_perp seed=7 task 22/150
[   219.1s] cap_perp seed=7 task 23/150
[   228.7s] cap_perp seed=7 task 24/150
[   238.7s] cap_perp seed=7 task 25/150
[   248.8s] cap_perp seed=7 task 26/150
[   258.7s] cap_perp seed=7 task 27/150
[   268.5s] cap_perp seed=7 task 28/150
[   278.8s] cap_perp seed=7 task 29/150
[   288.9s] cap_perp seed=7 task 30/150
[   299.3s] cap_perp seed=7 task 31/150
[   309.8s] cap_perp seed=7 task 32/150
[   320.2s] cap_perp seed=7 task 33/150
[   330.0s] cap_perp seed=7 task 34/150
[   339.9s] cap_perp seed=7 task 35/150
[   349.7s] cap_perp seed=7 task 36/150
[   359.5s] cap_perp seed=7 task 37/150
[   369.3s] cap_perp seed=7 task 38/150
[   379.2s] cap_perp seed=7 task 39/150
[   388.9s] cap_perp seed=7 task 40/150
[   398.6s] cap_perp seed=7 task 41/150
[   408.2s] cap_perp seed=7 task 42/150
[   417.9s] cap_perp seed=7 task 43/150
[   427.5s] cap_perp seed=7 task 44/150
[   437.1s] cap_perp seed=7 task 45/150
[   446.8s] cap_perp seed=7 task 46/150
[   456.3s] cap_perp seed=7 task 47/150
[   465.9s] cap_perp seed=7 task 48/150
[   475.6s] cap_perp seed=7 task 49/150
[   485.3s] cap_perp seed=7 task 50/150
[   494.9s] cap_perp seed=7 task 51/150
[   504.5s] cap_perp seed=7 task 52/150
[   514.2s] cap_perp seed=7 task 53/150
[   523.7s] cap_perp seed=7 task 54/150
[   533.7s] cap_perp seed=7 task 55/150
[   543.7s] cap_perp seed=7 task 56/150
[   553.7s] cap_perp seed=7 task 57/150
[   563.4s] cap_perp seed=7 task 58/150
[   573.3s] cap_perp seed=7 task 59/150
[   583.3s] cap_perp seed=7 task 60/150
[   593.0s] cap_perp seed=7 task 61/150
[   603.1s] cap_perp seed=7 task 62/150
[   614.1s] cap_perp seed=7 task 63/150
[   624.3s] cap_perp seed=7 task 64/150
[   634.5s] cap_perp seed=7 task 65/150
[   644.7s] cap_perp seed=7 task 66/150
[   654.9s] cap_perp seed=7 task 67/150
[   664.8s] cap_perp seed=7 task 68/150
[   674.6s] cap_perp seed=7 task 69/150
[   684.4s] cap_perp seed=7 task 70/150
[   694.5s] cap_perp seed=7 task 71/150
[   704.6s] cap_perp seed=7 task 72/150
[   714.7s] cap_perp seed=7 task 73/150
[   724.7s] cap_perp seed=7 task 74/150
[   734.5s] cap_perp seed=7 task 75/150
[   744.2s] cap_perp seed=7 task 76/150
[   754.1s] cap_perp seed=7 task 77/150
[   763.7s] cap_perp seed=7 task 78/150
[   773.4s] cap_perp seed=7 task 79/150
[   783.1s] cap_perp seed=7 task 80/150
[   792.9s] cap_perp seed=7 task 81/150
[   802.6s] cap_perp seed=7 task 82/150
[   813.1s] cap_perp seed=7 task 83/150
[   822.8s] cap_perp seed=7 task 84/150
[   832.6s] cap_perp seed=7 task 85/150
[   842.6s] cap_perp seed=7 task 86/150
[   852.8s] cap_perp seed=7 task 87/150
[   863.1s] cap_perp seed=7 task 88/150
[   873.0s] cap_perp seed=7 task 89/150
[   882.9s] cap_perp seed=7 task 90/150
[   892.9s] cap_perp seed=7 task 91/150
[   903.1s] cap_perp seed=7 task 92/150
[   913.5s] cap_perp seed=7 task 93/150
[   923.9s] cap_perp seed=7 task 94/150
[   934.1s] cap_perp seed=7 task 95/150
[   944.4s] cap_perp seed=7 task 96/150
[   954.5s] cap_perp seed=7 task 97/150
[   964.5s] cap_perp seed=7 task 98/150
[   974.6s] cap_perp seed=7 task 99/150
[   984.8s] cap_perp seed=7 task 100/150
[   994.9s] cap_perp seed=7 task 101/150
[  1005.1s] cap_perp seed=7 task 102/150
[  1015.5s] cap_perp seed=7 task 103/150
[  1025.6s] cap_perp seed=7 task 104/150
[  1035.7s] cap_perp seed=7 task 105/150
[  1045.9s] cap_perp seed=7 task 106/150
[  1056.2s] cap_perp seed=7 task 107/150
[  1066.7s] cap_perp seed=7 task 108/150
[  1078.2s] cap_perp seed=7 task 109/150
[  1089.4s] cap_perp seed=7 task 110/150
[  1100.3s] cap_perp seed=7 task 111/150
[  1111.0s] cap_perp seed=7 task 112/150
[  1121.5s] cap_perp seed=7 task 113/150
[  1132.4s] cap_perp seed=7 task 114/150
[  1142.8s] cap_perp seed=7 task 115/150
[  1153.5s] cap_perp seed=7 task 116/150
[  1165.7s] cap_perp seed=7 task 117/150
[  1177.9s] cap_perp seed=7 task 118/150
[  1190.2s] cap_perp seed=7 task 119/150
[  1202.5s] cap_perp seed=7 task 120/150
[  1214.1s] cap_perp seed=7 task 121/150
[  1225.8s] cap_perp seed=7 task 122/150
[  1237.2s] cap_perp seed=7 task 123/150
[  1248.6s] cap_perp seed=7 task 124/150
[  1260.1s] cap_perp seed=7 task 125/150
[  1271.2s] cap_perp seed=7 task 126/150
[  1281.8s] cap_perp seed=7 task 127/150
[  1292.8s] cap_perp seed=7 task 128/150
[  1303.8s] cap_perp seed=7 task 129/150
[  1314.9s] cap_perp seed=7 task 130/150
[  1326.7s] cap_perp seed=7 task 131/150
[  1339.0s] cap_perp seed=7 task 132/150
[  1350.6s] cap_perp seed=7 task 133/150
[  1363.1s] cap_perp seed=7 task 134/150
[  1374.5s] cap_perp seed=7 task 135/150
[  1385.8s] cap_perp seed=7 task 136/150
[  1396.9s] cap_perp seed=7 task 137/150
[  1407.7s] cap_perp seed=7 task 138/150
[  1418.0s] cap_perp seed=7 task 139/150
[  1428.8s] cap_perp seed=7 task 140/150
[  1439.0s] cap_perp seed=7 task 141/150
[  1450.6s] cap_perp seed=7 task 142/150
[  1462.2s] cap_perp seed=7 task 143/150
[  1473.4s] cap_perp seed=7 task 144/150
[  1484.5s] cap_perp seed=7 task 145/150
[  1496.2s] cap_perp seed=7 task 146/150
[  1507.4s] cap_perp seed=7 task 147/150
[  1518.7s] cap_perp seed=7 task 148/150
[  1529.5s] cap_perp seed=7 task 149/150
[  1540.3s] cap_perp seed=7 task 150/150
wrote results/mucap_el_0916/runs/cap_perp_s7  (150 task rows, 1540.6s)
