[     7.3s] cap_perp seed=0 task 1/150
[    17.2s] cap_perp seed=0 task 2/150
[    27.1s] cap_perp seed=0 task 3/150
[    36.9s] cap_perp seed=0 task 4/150
[    47.0s] cap_perp seed=0 task 5/150
[    57.2s] cap_perp seed=0 task 6/150
[    67.2s] cap_perp seed=0 task 7/150
[    77.6s] cap_perp seed=0 task 8/150
[    88.1s] cap_perp seed=0 task 9/150
[    98.3s] cap_perp seed=0 task 10/150
[   108.0s] cap_perp seed=0 task 11/150
[   117.8s] cap_perp seed=0 task 12/150
[   127.9s] cap_perp seed=0 task 13/150
[   138.2s] cap_perp seed=0 task 14/150
[   147.9s] cap_perp seed=0 task 15/150
[   157.9s] cap_perp seed=0 task 16/150
[   167.6s] cap_perp seed=0 task 17/150
[   177.5s] cap_perp seed=0 task 18/150
[   187.7s] cap_perp seed=0 task 19/150
[   197.6s] cap_perp seed=0 task 20/150
[   207.7s] cap_perp seed=0 task 21/150
[   218.0s] cap_perp seed=0 task 22/150
[   228.1s] cap_perp seed=0 task 23/150
[   238.3s] cap_perp seed=0 task 24/150
[   248.3s] cap_perp seed=0 task 25/150
[   258.1s] cap_perp seed=0 task 26/150
[   268.1s] cap_perp seed=0 task 27/150
[   277.8s] cap_perp seed=0 task 28/150
[   287.3s] cap_perp seed=0 task 29/150
[   296.5s] cap_perp seed=0 task 30/150
[   305.5s] cap_perp seed=0 task 31/150
[   314.5s] cap_perp seed=0 task 32/150
[   324.2s] cap_perp seed=0 task 33/150
[   334.1s] cap_perp seed=0 task 34/150
[   343.5s] cap_perp seed=0 task 35/150
[   352.9s] cap_perp seed=0 task 36/150
[   362.5s] cap_perp seed=0 task 37/150
[   372.0s] cap_perp seed=0 task 38/150
[   382.0s] cap_perp seed=0 task 39/150
[   391.5s] cap_perp seed=0 task 40/150
[   401.1s] cap_perp seed=0 task 41/150
[   410.9s] cap_perp seed=0 task 42/150
[   420.4s] cap_perp seed=0 task 43/150
[   429.8s] cap_perp seed=0 task 44/150
[   439.2s] cap_perp seed=0 task 45/150
[   448.6s] cap_perp seed=0 task 46/150
[   458.1s] cap_perp seed=0 task 47/150
[   467.8s] cap_perp seed=0 task 48/150
[   477.1s] cap_perp seed=0 task 49/150
[   486.5s] cap_perp seed=0 task 50/150
[   496.0s] cap_perp seed=0 task 51/150
[   505.4s] cap_perp seed=0 task 52/150
[   514.9s] cap_perp seed=0 task 53/150
[   524.6s] cap_perp seed=0 task 54/150
[   534.1s] cap_perp seed=0 task 55/150
[   543.7s] cap_perp seed=0 task 56/150
[   552.7s] cap_perp seed=0 task 57/150
[   561.8s] cap_perp seed=0 task 58/150
[   571.2s] cap_perp seed=0 task 59/150
[   581.1s] cap_perp seed=0 task 60/150
[   591.2s] cap_perp seed=0 task 61/150
[   601.7s] cap_perp seed=0 task 62/150
[   611.6s] cap_perp seed=0 task 63/150
[   621.2s] cap_perp seed=0 task 64/150
[   631.1s] cap_perp seed=0 task 65/150
[   642.1s] cap_perp seed=0 task 66/150
[   651.5s] cap_perp seed=0 task 67/150
[   660.8s] cap_perp seed=0 task 68/150
[   669.9s] cap_perp seed=0 task 69/150
[   679.4s] cap_perp seed=0 task 70/150
[   688.7s] cap_perp seed=0 task 71/150
[   698.2s] cap_perp seed=0 task 72/150
[   707.8s] cap_perp seed=0 task 73/150
[   717.1s] cap_perp seed=0 task 74/150
[   726.5s] cap_perp seed=0 task 75/150
[   735.8s] cap_perp seed=0 task 76/150
[   745.2s] cap_perp seed=0 task 77/150
[   754.4s] cap_perp seed=0 task 78/150
[   763.5s] cap_perp seed=0 task 79/150
[   772.6s] cap_perp seed=0 task 80/150
[   781.8s] cap_perp seed=0 task 81/150
[   791.1s] cap_perp seed=0 task 82/150
[   800.3s] cap_perp seed=0 task 83/150
[   809.6s] cap_perp seed=0 task 84/150
[   819.1s] cap_perp seed=0 task 85/150
[   828.5s] cap_perp seed=0 task 86/150
[   837.8s] cap_perp seed=0 task 87/150
[   847.3s] cap_perp seed=0 task 88/150
[   856.6s] cap_perp seed=0 task 89/150
[   865.8s] cap_perp seed=0 task 90/150
[   875.0s] cap_perp seed=0 task 91/150
[   884.2s] cap_perp seed=0 task 92/150
[   893.7s] cap_perp seed=0 task 93/150
[   903.0s] cap_perp seed=0 task 94/150
[   912.1s] cap_perp seed=0 task 95/150
[   921.3s] cap_perp seed=0 task 96/150
[   930.2s] cap_perp seed=0 task 97/150
[   939.4s] cap_perp seed=0 task 98/150
[   948.8s] cap_perp seed=0 task 99/150
[   958.1s] cap_perp seed=0 task 100/150
[   967.7s] cap_perp seed=0 task 101/150
[   977.7s] cap_perp seed=0 task 102/150
[   987.2s] cap_perp seed=0 task 103/150
[   996.8s] cap_perp seed=0 task 104/150
[  1006.3s] cap_perp seed=0 task 105/150
[  1015.9s] cap_perp seed=0 task 106/150
[  1025.7s] cap_perp seed=0 task 107/150
[  1035.3s] cap_perp seed=0 task 108/150
[  1044.8s] cap_perp seed=0 task 109/150
[  1054.5s] cap_perp seed=0 task 110/150
[  1064.7s] cap_perp seed=0 task 111/150
[  1074.7s] cap_perp seed=0 task 112/150
[  1084.6s] cap_perp seed=0 task 113/150
[  1094.6s] cap_perp seed=0 task 114/150
[  1104.8s] cap_perp seed=0 task 115/150
[  1115.0s] cap_perp seed=0 task 116/150
[  1125.4s] cap_perp seed=0 task 117/150
[  1135.6s] cap_perp seed=0 task 118/150
[  1145.6s] cap_perp seed=0 task 119/150
[  1155.7s] cap_perp seed=0 task 120/150
[  1165.9s] cap_perp seed=0 task 121/150
[  1176.0s] cap_perp seed=0 task 122/150
[  1186.1s] cap_perp seed=0 task 123/150
[  1196.4s] cap_perp seed=0 task 124/150
[  1206.9s] cap_perp seed=0 task 125/150
[  1217.1s] cap_perp seed=0 task 126/150
[  1227.0s] cap_perp seed=0 task 127/150
[  1236.8s] cap_perp seed=0 task 128/150
[  1246.6s] cap_perp seed=0 task 129/150
[  1256.1s] cap_perp seed=0 task 130/150
[  1266.1s] cap_perp seed=0 task 131/150
[  1276.1s] cap_perp seed=0 task 132/150
[  1285.9s] cap_perp seed=0 task 133/150
[  1295.1s] cap_perp seed=0 task 134/150
[  1304.3s] cap_perp seed=0 task 135/150
[  1313.5s] cap_perp seed=0 task 136/150
[  1322.8s] cap_perp seed=0 task 137/150
[  1332.1s] cap_perp seed=0 task 138/150
[  1341.4s] cap_perp seed=0 task 139/150
[  1350.4s] cap_perp seed=0 task 140/150
[  1359.5s] cap_perp seed=0 task 141/150
[  1368.5s] cap_perp seed=0 task 142/150
[  1377.8s] cap_perp seed=0 task 143/150
[  1387.5s] cap_perp seed=0 task 144/150
[  1397.0s] cap_perp seed=0 task 145/150
[  1407.3s] cap_perp seed=0 task 146/150
[  1417.6s] cap_perp seed=0 task 147/150
[  1427.5s] cap_perp seed=0 task 148/150
[  1437.4s] cap_perp seed=0 task 149/150
[  1447.2s] cap_perp seed=0 task 150/150
wrote results/mucap_el_0916/runs/cap_perp_s0  (150 task rows, 1447.5s)
