[     7.6s] cap_par seed=8 task 1/150
[    18.2s] cap_par seed=8 task 2/150
[    28.5s] cap_par seed=8 task 3/150
[    38.4s] cap_par seed=8 task 4/150
[    49.0s] cap_par seed=8 task 5/150
[    59.5s] cap_par seed=8 task 6/150
[    69.9s] cap_par seed=8 task 7/150
[    80.3s] cap_par seed=8 task 8/150
[    90.9s] cap_par seed=8 task 9/150
[   101.0s] cap_par seed=8 task 10/150
[   111.1s] cap_par seed=8 task 11/150
[   121.1s] cap_par seed=8 task 12/150
[   131.1s] cap_par seed=8 task 13/150
[   141.0s] cap_par seed=8 task 14/150
[   150.9s] cap_par seed=8 task 15/150
[   160.9s] cap_par seed=8 task 16/150
[   170.8s] cap_par seed=8 task 17/150
[   180.8s] cap_par seed=8 task 18/150
[   190.7s] cap_par seed=8 task 19/150
[   200.6s] cap_par seed=8 task 20/150
[   210.4s] cap_par seed=8 task 21/150
[   220.3s] cap_par seed=8 task 22/150
[   230.0s] cap_par seed=8 task 23/150
[   240.0s] cap_par seed=8 task 24/150
[   250.3s] cap_par seed=8 task 25/150
[   260.7s] cap_par seed=8 task 26/150
[   270.9s] cap_par seed=8 task 27/150
[   281.4s] cap_par seed=8 task 28/150
[   292.0s] cap_par seed=8 task 29/150
[   302.6s] cap_par seed=8 task 30/150
[   313.4s] cap_par seed=8 task 31/150
[   323.7s] cap_par seed=8 task 32/150
[   333.9s] cap_par seed=8 task 33/150
[   343.9s] cap_par seed=8 task 34/150
[   354.0s] cap_par seed=8 task 35/150
[   364.1s] cap_par seed=8 task 36/150
[   374.3s] cap_par seed=8 task 37/150
[   385.3s] cap_par seed=8 task 38/150
[   396.0s] cap_par seed=8 task 39/150
[   406.3s] cap_par seed=8 task 40/150
[   416.8s] cap_par seed=8 task 41/150
[   427.1s] cap_par seed=8 task 42/150
[   437.6s] cap_par seed=8 task 43/150
[   448.2s] cap_par seed=8 task 44/150
[   458.8s] cap_par seed=8 task 45/150
[   469.4s] cap_par seed=8 task 46/150
[   479.8s] cap_par seed=8 task 47/150
[   490.0s] cap_par seed=8 task 48/150
[   500.6s] cap_par seed=8 task 49/150
[   511.3s] cap_par seed=8 task 50/150
[   521.2s] cap_par seed=8 task 51/150
[   531.0s] cap_par seed=8 task 52/150
[   540.8s] cap_par seed=8 task 53/150
[   550.7s] cap_par seed=8 task 54/150
[   560.6s] cap_par seed=8 task 55/150
[   570.5s] cap_par seed=8 task 56/150
[   580.4s] cap_par seed=8 task 57/150
[   590.8s] cap_par seed=8 task 58/150
[   600.6s] cap_par seed=8 task 59/150
[   610.6s] cap_par seed=8 task 60/150
[   620.7s] cap_par seed=8 task 61/150
[   630.8s] cap_par seed=8 task 62/150
[   640.8s] cap_par seed=8 task 63/150
[   650.8s] cap_par seed=8 task 64/150
[   660.7s] cap_par seed=8 task 65/150
[   670.6s] cap_par seed=8 task 66/150
[   680.7s] cap_par seed=8 task 67/150
[   690.7s] cap_par seed=8 task 68/150
[   700.7s] cap_par seed=8 task 69/150
[   710.5s] cap_par seed=8 task 70/150
[   720.3s] cap_par seed=8 task 71/150
[   730.0s] cap_par seed=8 task 72/150
[   739.7s] cap_par seed=8 task 73/150
[   749.5s] cap_par seed=8 task 74/150
[   759.2s] cap_par seed=8 task 75/150
[   769.0s] cap_par seed=8 task 76/150
[   778.9s] cap_par seed=8 task 77/150
[   789.0s] cap_par seed=8 task 78/150
[   798.9s] cap_par seed=8 task 79/150
[   808.6s] cap_par seed=8 task 80/150
[   818.6s] cap_par seed=8 task 81/150
[   828.5s] cap_par seed=8 task 82/150
[   838.4s] cap_par seed=8 task 83/150
[   848.8s] cap_par seed=8 task 84/150
[   860.1s] cap_par seed=8 task 85/150
[   870.4s] cap_par seed=8 task 86/150
[   880.9s] cap_par seed=8 task 87/150
[   891.3s] cap_par seed=8 task 88/150
[   902.1s] cap_par seed=8 task 89/150
[   912.5s] cap_par seed=8 task 90/150
[   923.1s] cap_par seed=8 task 91/150
[   933.8s] cap_par seed=8 task 92/150
[   945.5s] cap_par seed=8 task 93/150
[   957.2s] cap_par seed=8 task 94/150
[   969.0s] cap_par seed=8 task 95/150
[   980.7s] cap_par seed=8 task 96/150
[   992.5s] cap_par seed=8 task 97/150
[  1004.1s] cap_par seed=8 task 98/150
[  1015.4s] cap_par seed=8 task 99/150
[  1027.0s] cap_par seed=8 task 100/150
[  1038.5s] cap_par seed=8 task 101/150
[  1050.1s] cap_par seed=8 task 102/150
[  1061.5s] cap_par seed=8 task 103/150
[  1073.1s] cap_par seed=8 task 104/150
[  1084.9s] cap_par seed=8 task 105/150
[  1097.0s] cap_par seed=8 task 106/150
[  1109.2s] cap_par seed=8 task 107/150
[  1121.2s] cap_par seed=8 task 108/150
[  1133.2s] cap_par seed=8 task 109/150
[  1145.5s] cap_par seed=8 task 110/150
[  1157.8s] cap_par seed=8 task 111/150
[  1169.1s] cap_par seed=8 task 112/150
[  1180.6s] cap_par seed=8 task 113/150
[  1191.8s] cap_par seed=8 task 114/150
[  1202.9s] cap_par seed=8 task 115/150
[  1214.1s] cap_par seed=8 task 116/150
[  1226.5s] cap_par seed=8 task 117/150
[  1238.8s] cap_par seed=8 task 118/150
[  1250.8s] cap_par seed=8 task 119/150
[  1262.7s] cap_par seed=8 task 120/150
[  1274.7s] cap_par seed=8 task 121/150
[  1286.6s] cap_par seed=8 task 122/150
[  1298.1s] cap_par seed=8 task 123/150
[  1309.3s] cap_par seed=8 task 124/150
[  1319.9s] cap_par seed=8 task 125/150
[  1330.6s] cap_par seed=8 task 126/150
[  1341.7s] cap_par seed=8 task 127/150
[  1353.3s] cap_par seed=8 task 128/150
[  1364.9s] cap_par seed=8 task 129/150
[  1376.4s] cap_par seed=8 task 130/150
[  1388.6s] cap_par seed=8 task 131/150
[  1400.3s] cap_par seed=8 task 132/150
[  1412.5s] cap_par seed=8 task 133/150
[  1424.4s] cap_par seed=8 task 134/150
[  1436.1s] cap_par seed=8 task 135/150
[  1447.1s] cap_par seed=8 task 136/150
[  1458.4s] cap_par seed=8 task 137/150
[  1469.1s] cap_par seed=8 task 138/150
[  1479.8s] cap_par seed=8 task 139/150
[  1490.5s] cap_par seed=8 task 140/150
[  1501.2s] cap_par seed=8 task 141/150
[  1512.0s] cap_par seed=8 task 142/150
[  1523.0s] cap_par seed=8 task 143/150
[  1534.1s] cap_par seed=8 task 144/150
[  1545.6s] cap_par seed=8 task 145/150
[  1557.4s] cap_par seed=8 task 146/150
[  1569.5s] cap_par seed=8 task 147/150
[  1581.6s] cap_par seed=8 task 148/150
[  1594.0s] cap_par seed=8 task 149/150
[  1606.3s] cap_par seed=8 task 150/150
wrote results/mucap_el_0916/runs/cap_par_s8  (150 task rows, 1606.5s)
