[     7.7s] cap_par seed=5 task 1/150
[    18.2s] cap_par seed=5 task 2/150
[    29.8s] cap_par seed=5 task 3/150
[    40.4s] cap_par seed=5 task 4/150
[    51.7s] cap_par seed=5 task 5/150
[    62.9s] cap_par seed=5 task 6/150
[    73.7s] cap_par seed=5 task 7/150
[    84.5s] cap_par seed=5 task 8/150
[    95.9s] cap_par seed=5 task 9/150
[   106.5s] cap_par seed=5 task 10/150
[   117.5s] cap_par seed=5 task 11/150
[   128.8s] cap_par seed=5 task 12/150
[   140.7s] cap_par seed=5 task 13/150
[   152.0s] cap_par seed=5 task 14/150
[   163.5s] cap_par seed=5 task 15/150
[   174.9s] cap_par seed=5 task 16/150
[   186.4s] cap_par seed=5 task 17/150
[   197.4s] cap_par seed=5 task 18/150
[   208.7s] cap_par seed=5 task 19/150
[   220.1s] cap_par seed=5 task 20/150
[   230.9s] cap_par seed=5 task 21/150
[   241.8s] cap_par seed=5 task 22/150
[   252.8s] cap_par seed=5 task 23/150
[   264.2s] cap_par seed=5 task 24/150
[   274.7s] cap_par seed=5 task 25/150
[   285.8s] cap_par seed=5 task 26/150
[   296.2s] cap_par seed=5 task 27/150
[   306.6s] cap_par seed=5 task 28/150
[   317.1s] cap_par seed=5 task 29/150
[   328.2s] cap_par seed=5 task 30/150
[   338.9s] cap_par seed=5 task 31/150
[   350.0s] cap_par seed=5 task 32/150
[   360.9s] cap_par seed=5 task 33/150
[   371.6s] cap_par seed=5 task 34/150
[   381.8s] cap_par seed=5 task 35/150
[   392.0s] cap_par seed=5 task 36/150
[   402.3s] cap_par seed=5 task 37/150
[   412.9s] cap_par seed=5 task 38/150
[   423.3s] cap_par seed=5 task 39/150
[   433.8s] cap_par seed=5 task 40/150
[   444.3s] cap_par seed=5 task 41/150
[   454.8s] cap_par seed=5 task 42/150
[   465.8s] cap_par seed=5 task 43/150
[   476.7s] cap_par seed=5 task 44/150
[   487.3s] cap_par seed=5 task 45/150
[   497.6s] cap_par seed=5 task 46/150
[   508.0s] cap_par seed=5 task 47/150
[   518.9s] cap_par seed=5 task 48/150
[   529.4s] cap_par seed=5 task 49/150
[   539.8s] cap_par seed=5 task 50/150
[   549.7s] cap_par seed=5 task 51/150
[   559.8s] cap_par seed=5 task 52/150
[   570.0s] cap_par seed=5 task 53/150
[   580.1s] cap_par seed=5 task 54/150
[   590.4s] cap_par seed=5 task 55/150
[   600.7s] cap_par seed=5 task 56/150
[   611.1s] cap_par seed=5 task 57/150
[   621.6s] cap_par seed=5 task 58/150
[   632.1s] cap_par seed=5 task 59/150
[   642.3s] cap_par seed=5 task 60/150
[   652.5s] cap_par seed=5 task 61/150
[   662.9s] cap_par seed=5 task 62/150
[   673.2s] cap_par seed=5 task 63/150
[   683.1s] cap_par seed=5 task 64/150
[   692.8s] cap_par seed=5 task 65/150
[   702.6s] cap_par seed=5 task 66/150
[   712.4s] cap_par seed=5 task 67/150
[   722.3s] cap_par seed=5 task 68/150
[   732.2s] cap_par seed=5 task 69/150
[   742.2s] cap_par seed=5 task 70/150
[   752.5s] cap_par seed=5 task 71/150
[   762.8s] cap_par seed=5 task 72/150
[   773.0s] cap_par seed=5 task 73/150
[   783.1s] cap_par seed=5 task 74/150
[   793.3s] cap_par seed=5 task 75/150
[   803.4s] cap_par seed=5 task 76/150
[   813.5s] cap_par seed=5 task 77/150
[   823.6s] cap_par seed=5 task 78/150
[   833.7s] cap_par seed=5 task 79/150
[   843.9s] cap_par seed=5 task 80/150
[   854.0s] cap_par seed=5 task 81/150
[   864.4s] cap_par seed=5 task 82/150
[   874.6s] cap_par seed=5 task 83/150
[   884.9s] cap_par seed=5 task 84/150
[   895.4s] cap_par seed=5 task 85/150
[   905.9s] cap_par seed=5 task 86/150
[   916.3s] cap_par seed=5 task 87/150
[   926.7s] cap_par seed=5 task 88/150
[   937.1s] cap_par seed=5 task 89/150
[   947.2s] cap_par seed=5 task 90/150
[   957.3s] cap_par seed=5 task 91/150
[   967.0s] cap_par seed=5 task 92/150
[   977.0s] cap_par seed=5 task 93/150
[   986.9s] cap_par seed=5 task 94/150
[   997.0s] cap_par seed=5 task 95/150
[  1006.9s] cap_par seed=5 task 96/150
[  1017.6s] cap_par seed=5 task 97/150
[  1028.2s] cap_par seed=5 task 98/150
[  1038.7s] cap_par seed=5 task 99/150
[  1049.5s] cap_par seed=5 task 100/150
[  1060.0s] cap_par seed=5 task 101/150
[  1070.2s] cap_par seed=5 task 102/150
[  1080.6s] cap_par seed=5 task 103/150
[  1090.6s] cap_par seed=5 task 104/150
[  1100.6s] cap_par seed=5 task 105/150
[  1110.9s] cap_par seed=5 task 106/150
[  1121.5s] cap_par seed=5 task 107/150
[  1133.8s] cap_par seed=5 task 108/150
[  1144.9s] cap_par seed=5 task 109/150
[  1155.6s] cap_par seed=5 task 110/150
[  1166.1s] cap_par seed=5 task 111/150
[  1177.0s] cap_par seed=5 task 112/150
[  1187.4s] cap_par seed=5 task 113/150
[  1197.8s] cap_par seed=5 task 114/150
[  1208.1s] cap_par seed=5 task 115/150
[  1218.4s] cap_par seed=5 task 116/150
[  1229.0s] cap_par seed=5 task 117/150
[  1240.1s] cap_par seed=5 task 118/150
[  1250.9s] cap_par seed=5 task 119/150
[  1261.8s] cap_par seed=5 task 120/150
[  1272.1s] cap_par seed=5 task 121/150
[  1282.4s] cap_par seed=5 task 122/150
[  1292.5s] cap_par seed=5 task 123/150
[  1302.9s] cap_par seed=5 task 124/150
[  1313.3s] cap_par seed=5 task 125/150
[  1323.9s] cap_par seed=5 task 126/150
[  1334.2s] cap_par seed=5 task 127/150
[  1344.9s] cap_par seed=5 task 128/150
[  1355.5s] cap_par seed=5 task 129/150
[  1366.1s] cap_par seed=5 task 130/150
[  1376.8s] cap_par seed=5 task 131/150
[  1387.4s] cap_par seed=5 task 132/150
[  1397.9s] cap_par seed=5 task 133/150
[  1408.4s] cap_par seed=5 task 134/150
[  1419.2s] cap_par seed=5 task 135/150
[  1430.4s] cap_par seed=5 task 136/150
[  1441.8s] cap_par seed=5 task 137/150
[  1453.1s] cap_par seed=5 task 138/150
[  1465.0s] cap_par seed=5 task 139/150
[  1476.1s] cap_par seed=5 task 140/150
[  1487.0s] cap_par seed=5 task 141/150
[  1498.4s] cap_par seed=5 task 142/150
[  1509.3s] cap_par seed=5 task 143/150
[  1520.5s] cap_par seed=5 task 144/150
[  1532.6s] cap_par seed=5 task 145/150
[  1544.5s] cap_par seed=5 task 146/150
[  1555.8s] cap_par seed=5 task 147/150
[  1567.0s] cap_par seed=5 task 148/150
[  1578.8s] cap_par seed=5 task 149/150
[  1590.7s] cap_par seed=5 task 150/150
wrote results/mucap_el_0916/runs/cap_par_s5  (150 task rows, 1590.9s)
