[     7.4s] cap_both seed=0 task 1/150
[    18.6s] cap_both seed=0 task 2/150
[    29.8s] cap_both seed=0 task 3/150
[    41.2s] cap_both seed=0 task 4/150
[    53.0s] cap_both seed=0 task 5/150
[    64.6s] cap_both seed=0 task 6/150
[    76.4s] cap_both seed=0 task 7/150
[    87.9s] cap_both seed=0 task 8/150
[    99.4s] cap_both seed=0 task 9/150
[   110.6s] cap_both seed=0 task 10/150
[   121.9s] cap_both seed=0 task 11/150
[   133.0s] cap_both seed=0 task 12/150
[   144.3s] cap_both seed=0 task 13/150
[   155.7s] cap_both seed=0 task 14/150
[   167.3s] cap_both seed=0 task 15/150
[   178.5s] cap_both seed=0 task 16/150
[   189.8s] cap_both seed=0 task 17/150
[   200.7s] cap_both seed=0 task 18/150
[   211.4s] cap_both seed=0 task 19/150
[   222.5s] cap_both seed=0 task 20/150
[   233.7s] cap_both seed=0 task 21/150
[   244.9s] cap_both seed=0 task 22/150
[   256.1s] cap_both seed=0 task 23/150
[   266.8s] cap_both seed=0 task 24/150
[   277.5s] cap_both seed=0 task 25/150
[   287.9s] cap_both seed=0 task 26/150
[   298.2s] cap_both seed=0 task 27/150
[   308.5s] cap_both seed=0 task 28/150
[   319.2s] cap_both seed=0 task 29/150
[   330.1s] cap_both seed=0 task 30/150
[   341.1s] cap_both seed=0 task 31/150
[   352.0s] cap_both seed=0 task 32/150
[   363.7s] cap_both seed=0 task 33/150
[   375.0s] cap_both seed=0 task 34/150
[   386.2s] cap_both seed=0 task 35/150
[   397.2s] cap_both seed=0 task 36/150
[   408.1s] cap_both seed=0 task 37/150
[   419.2s] cap_both seed=0 task 38/150
[   430.2s] cap_both seed=0 task 39/150
[   441.1s] cap_both seed=0 task 40/150
[   452.0s] cap_both seed=0 task 41/150
[   463.2s] cap_both seed=0 task 42/150
[   474.0s] cap_both seed=0 task 43/150
[   484.8s] cap_both seed=0 task 44/150
[   496.0s] cap_both seed=0 task 45/150
[   506.8s] cap_both seed=0 task 46/150
[   518.0s] cap_both seed=0 task 47/150
[   529.1s] cap_both seed=0 task 48/150
[   540.1s] cap_both seed=0 task 49/150
[   551.1s] cap_both seed=0 task 50/150
[   562.0s] cap_both seed=0 task 51/150
[   573.2s] cap_both seed=0 task 52/150
[   584.6s] cap_both seed=0 task 53/150
[   596.3s] cap_both seed=0 task 54/150
[   607.4s] cap_both seed=0 task 55/150
[   618.0s] cap_both seed=0 task 56/150
[   628.6s] cap_both seed=0 task 57/150
[   639.9s] cap_both seed=0 task 58/150
[   650.4s] cap_both seed=0 task 59/150
[   660.6s] cap_both seed=0 task 60/150
[   670.7s] cap_both seed=0 task 61/150
[   680.6s] cap_both seed=0 task 62/150
[   690.6s] cap_both seed=0 task 63/150
[   700.7s] cap_both seed=0 task 64/150
[   710.5s] cap_both seed=0 task 65/150
[   720.3s] cap_both seed=0 task 66/150
[   730.2s] cap_both seed=0 task 67/150
[   740.0s] cap_both seed=0 task 68/150
[   750.0s] cap_both seed=0 task 69/150
[   759.7s] cap_both seed=0 task 70/150
[   769.6s] cap_both seed=0 task 71/150
[   779.4s] cap_both seed=0 task 72/150
[   789.5s] cap_both seed=0 task 73/150
[   799.5s] cap_both seed=0 task 74/150
[   809.6s] cap_both seed=0 task 75/150
[   819.9s] cap_both seed=0 task 76/150
[   830.1s] cap_both seed=0 task 77/150
[   840.3s] cap_both seed=0 task 78/150
[   850.6s] cap_both seed=0 task 79/150
[   860.7s] cap_both seed=0 task 80/150
[   870.8s] cap_both seed=0 task 81/150
[   880.7s] cap_both seed=0 task 82/150
[   890.9s] cap_both seed=0 task 83/150
[   900.9s] cap_both seed=0 task 84/150
[   910.5s] cap_both seed=0 task 85/150
[   920.1s] cap_both seed=0 task 86/150
[   929.7s] cap_both seed=0 task 87/150
[   939.4s] cap_both seed=0 task 88/150
[   949.2s] cap_both seed=0 task 89/150
[   958.8s] cap_both seed=0 task 90/150
[   968.8s] cap_both seed=0 task 91/150
[   978.9s] cap_both seed=0 task 92/150
[   988.6s] cap_both seed=0 task 93/150
[   998.3s] cap_both seed=0 task 94/150
[  1008.0s] cap_both seed=0 task 95/150
[  1017.8s] cap_both seed=0 task 96/150
[  1027.5s] cap_both seed=0 task 97/150
[  1037.3s] cap_both seed=0 task 98/150
[  1047.1s] cap_both seed=0 task 99/150
[  1057.0s] cap_both seed=0 task 100/150
[  1066.9s] cap_both seed=0 task 101/150
[  1077.0s] cap_both seed=0 task 102/150
[  1087.4s] cap_both seed=0 task 103/150
[  1098.0s] cap_both seed=0 task 104/150
[  1108.4s] cap_both seed=0 task 105/150
[  1118.6s] cap_both seed=0 task 106/150
[  1128.7s] cap_both seed=0 task 107/150
[  1138.9s] cap_both seed=0 task 108/150
[  1149.0s] cap_both seed=0 task 109/150
[  1159.0s] cap_both seed=0 task 110/150
[  1169.3s] cap_both seed=0 task 111/150
[  1179.7s] cap_both seed=0 task 112/150
[  1190.1s] cap_both seed=0 task 113/150
[  1200.5s] cap_both seed=0 task 114/150
[  1211.6s] cap_both seed=0 task 115/150
[  1222.0s] cap_both seed=0 task 116/150
[  1232.2s] cap_both seed=0 task 117/150
[  1242.1s] cap_both seed=0 task 118/150
[  1252.0s] cap_both seed=0 task 119/150
[  1262.1s] cap_both seed=0 task 120/150
[  1272.8s] cap_both seed=0 task 121/150
[  1283.5s] cap_both seed=0 task 122/150
[  1294.1s] cap_both seed=0 task 123/150
[  1304.1s] cap_both seed=0 task 124/150
[  1314.3s] cap_both seed=0 task 125/150
[  1324.4s] cap_both seed=0 task 126/150
[  1334.5s] cap_both seed=0 task 127/150
[  1344.7s] cap_both seed=0 task 128/150
[  1354.7s] cap_both seed=0 task 129/150
[  1364.9s] cap_both seed=0 task 130/150
[  1375.1s] cap_both seed=0 task 131/150
[  1385.7s] cap_both seed=0 task 132/150
[  1396.5s] cap_both seed=0 task 133/150
[  1407.6s] cap_both seed=0 task 134/150
[  1418.7s] cap_both seed=0 task 135/150
[  1429.5s] cap_both seed=0 task 136/150
[  1440.6s] cap_both seed=0 task 137/150
[  1451.0s] cap_both seed=0 task 138/150
[  1462.1s] cap_both seed=0 task 139/150
[  1472.8s] cap_both seed=0 task 140/150
[  1483.4s] cap_both seed=0 task 141/150
[  1493.3s] cap_both seed=0 task 142/150
[  1503.7s] cap_both seed=0 task 143/150
[  1514.3s] cap_both seed=0 task 144/150
[  1524.7s] cap_both seed=0 task 145/150
[  1536.0s] cap_both seed=0 task 146/150
[  1547.2s] cap_both seed=0 task 147/150
[  1558.7s] cap_both seed=0 task 148/150
[  1570.4s] cap_both seed=0 task 149/150
[  1582.2s] cap_both seed=0 task 150/150
wrote results/mucap_el_0916/runs/cap_both_s0  (150 task rows, 1582.4s)
