[     7.6s] cap_par seed=6 task 1/150
[    17.8s] cap_par seed=6 task 2/150
[    28.5s] cap_par seed=6 task 3/150
[    39.0s] cap_par seed=6 task 4/150
[    49.9s] cap_par seed=6 task 5/150
[    60.5s] cap_par seed=6 task 6/150
[    71.3s] cap_par seed=6 task 7/150
[    82.4s] cap_par seed=6 task 8/150
[    93.3s] cap_par seed=6 task 9/150
[   104.2s] cap_par seed=6 task 10/150
[   115.0s] cap_par seed=6 task 11/150
[   125.8s] cap_par seed=6 task 12/150
[   137.4s] cap_par seed=6 task 13/150
[   148.8s] cap_par seed=6 task 14/150
[   160.1s] cap_par seed=6 task 15/150
[   170.8s] cap_par seed=6 task 16/150
[   181.3s] cap_par seed=6 task 17/150
[   191.7s] cap_par seed=6 task 18/150
[   202.2s] cap_par seed=6 task 19/150
[   212.9s] cap_par seed=6 task 20/150
[   223.8s] cap_par seed=6 task 21/150
[   234.4s] cap_par seed=6 task 22/150
[   245.5s] cap_par seed=6 task 23/150
[   256.2s] cap_par seed=6 task 24/150
[   267.9s] cap_par seed=6 task 25/150
[   282.0s] cap_par seed=6 task 26/150
[   295.0s] cap_par seed=6 task 27/150
[   307.3s] cap_par seed=6 task 28/150
[   320.2s] cap_par seed=6 task 29/150
[   332.6s] cap_par seed=6 task 30/150
[   344.9s] cap_par seed=6 task 31/150
[   356.9s] cap_par seed=6 task 32/150
[   369.4s] cap_par seed=6 task 33/150
[   381.5s] cap_par seed=6 task 34/150
[   394.0s] cap_par seed=6 task 35/150
[   405.5s] cap_par seed=6 task 36/150
[   418.3s] cap_par seed=6 task 37/150
[   428.9s] cap_par seed=6 task 38/150
[   439.4s] cap_par seed=6 task 39/150
[   449.9s] cap_par seed=6 task 40/150
[   460.6s] cap_par seed=6 task 41/150
[   471.6s] cap_par seed=6 task 42/150
[   482.7s] cap_par seed=6 task 43/150
[   493.6s] cap_par seed=6 task 44/150
[   504.1s] cap_par seed=6 task 45/150
[   514.7s] cap_par seed=6 task 46/150
[   525.7s] cap_par seed=6 task 47/150
[   536.3s] cap_par seed=6 task 48/150
[   547.7s] cap_par seed=6 task 49/150
[   558.4s] cap_par seed=6 task 50/150
[   569.4s] cap_par seed=6 task 51/150
[   580.1s] cap_par seed=6 task 52/150
[   591.4s] cap_par seed=6 task 53/150
[   601.9s] cap_par seed=6 task 54/150
[   612.3s] cap_par seed=6 task 55/150
[   622.6s] cap_par seed=6 task 56/150
[   633.3s] cap_par seed=6 task 57/150
[   643.8s] cap_par seed=6 task 58/150
[   654.2s] cap_par seed=6 task 59/150
[   665.4s] cap_par seed=6 task 60/150
[   679.0s] cap_par seed=6 task 61/150
[   693.3s] cap_par seed=6 task 62/150
[   706.7s] cap_par seed=6 task 63/150
[   723.6s] cap_par seed=6 task 64/150
[   739.9s] cap_par seed=6 task 65/150
[   756.1s] cap_par seed=6 task 66/150
[   769.9s] cap_par seed=6 task 67/150
[   785.6s] cap_par seed=6 task 68/150
[   810.9s] cap_par seed=6 task 69/150
[   828.1s] cap_par seed=6 task 70/150
[   843.1s] cap_par seed=6 task 71/150
[   859.0s] cap_par seed=6 task 72/150
[   871.5s] cap_par seed=6 task 73/150
[   884.4s] cap_par seed=6 task 74/150
[   899.1s] cap_par seed=6 task 75/150
[   927.4s] cap_par seed=6 task 76/150
[   951.1s] cap_par seed=6 task 77/150
[   973.5s] cap_par seed=6 task 78/150
[   988.1s] cap_par seed=6 task 79/150
[  1002.6s] cap_par seed=6 task 80/150
[  1016.6s] cap_par seed=6 task 81/150
[  1034.7s] cap_par seed=6 task 82/150
[  1048.5s] cap_par seed=6 task 83/150
[  1068.8s] cap_par seed=6 task 84/150
[  1083.1s] cap_par seed=6 task 85/150
[  1096.1s] cap_par seed=6 task 86/150
[  1114.2s] cap_par seed=6 task 87/150
[  1126.6s] cap_par seed=6 task 88/150
[  1138.5s] cap_par seed=6 task 89/150
[  1150.3s] cap_par seed=6 task 90/150
[  1162.2s] cap_par seed=6 task 91/150
[  1174.1s] cap_par seed=6 task 92/150
[  1185.4s] cap_par seed=6 task 93/150
[  1196.2s] cap_par seed=6 task 94/150
[  1205.9s] cap_par seed=6 task 95/150
[  1215.7s] cap_par seed=6 task 96/150
[  1225.6s] cap_par seed=6 task 97/150
[  1235.6s] cap_par seed=6 task 98/150
[  1245.5s] cap_par seed=6 task 99/150
[  1255.5s] cap_par seed=6 task 100/150
[  1265.3s] cap_par seed=6 task 101/150
[  1275.3s] cap_par seed=6 task 102/150
[  1285.6s] cap_par seed=6 task 103/150
[  1296.5s] cap_par seed=6 task 104/150
[  1306.4s] cap_par seed=6 task 105/150
[  1316.1s] cap_par seed=6 task 106/150
[  1326.0s] cap_par seed=6 task 107/150
[  1335.8s] cap_par seed=6 task 108/150
[  1345.6s] cap_par seed=6 task 109/150
[  1355.8s] cap_par seed=6 task 110/150
[  1366.0s] cap_par seed=6 task 111/150
[  1376.1s] cap_par seed=6 task 112/150
[  1386.1s] cap_par seed=6 task 113/150
[  1396.3s] cap_par seed=6 task 114/150
[  1406.2s] cap_par seed=6 task 115/150
[  1416.2s] cap_par seed=6 task 116/150
[  1426.0s] cap_par seed=6 task 117/150
[  1436.1s] cap_par seed=6 task 118/150
[  1446.2s] cap_par seed=6 task 119/150
[  1456.6s] cap_par seed=6 task 120/150
[  1467.3s] cap_par seed=6 task 121/150
[  1477.6s] cap_par seed=6 task 122/150
[  1488.1s] cap_par seed=6 task 123/150
[  1498.5s] cap_par seed=6 task 124/150
[  1508.7s] cap_par seed=6 task 125/150
[  1518.7s] cap_par seed=6 task 126/150
[  1528.8s] cap_par seed=6 task 127/150
[  1539.4s] cap_par seed=6 task 128/150
[  1549.7s] cap_par seed=6 task 129/150
[  1560.0s] cap_par seed=6 task 130/150
[  1570.1s] cap_par seed=6 task 131/150
[  1580.2s] cap_par seed=6 task 132/150
[  1590.4s] cap_par seed=6 task 133/150
[  1600.8s] cap_par seed=6 task 134/150
[  1611.0s] cap_par seed=6 task 135/150
[  1621.5s] cap_par seed=6 task 136/150
[  1631.4s] cap_par seed=6 task 137/150
[  1641.8s] cap_par seed=6 task 138/150
[  1652.4s] cap_par seed=6 task 139/150
[  1663.3s] cap_par seed=6 task 140/150
[  1674.0s] cap_par seed=6 task 141/150
[  1684.8s] cap_par seed=6 task 142/150
[  1695.7s] cap_par seed=6 task 143/150
[  1706.5s] cap_par seed=6 task 144/150
[  1717.2s] cap_par seed=6 task 145/150
[  1728.2s] cap_par seed=6 task 146/150
[  1739.0s] cap_par seed=6 task 147/150
[  1749.9s] cap_par seed=6 task 148/150
[  1760.4s] cap_par seed=6 task 149/150
[  1771.5s] cap_par seed=6 task 150/150
wrote results/mucap_el_0916/runs/cap_par_s6  (150 task rows, 1771.7s)
