[     7.1s] cap_par seed=3 task 1/150
[    16.7s] cap_par seed=3 task 2/150
[    25.7s] cap_par seed=3 task 3/150
[    35.6s] cap_par seed=3 task 4/150
[    44.7s] cap_par seed=3 task 5/150
[    54.1s] cap_par seed=3 task 6/150
[    63.8s] cap_par seed=3 task 7/150
[    73.8s] cap_par seed=3 task 8/150
[    83.5s] cap_par seed=3 task 9/150
[    93.0s] cap_par seed=3 task 10/150
[   102.9s] cap_par seed=3 task 11/150
[   112.8s] cap_par seed=3 task 12/150
[   123.1s] cap_par seed=3 task 13/150
[   133.5s] cap_par seed=3 task 14/150
[   144.0s] cap_par seed=3 task 15/150
[   154.4s] cap_par seed=3 task 16/150
[   164.6s] cap_par seed=3 task 17/150
[   174.8s] cap_par seed=3 task 18/150
[   185.1s] cap_par seed=3 task 19/150
[   195.0s] cap_par seed=3 task 20/150
[   205.1s] cap_par seed=3 task 21/150
[   214.9s] cap_par seed=3 task 22/150
[   224.6s] cap_par seed=3 task 23/150
[   234.4s] cap_par seed=3 task 24/150
[   243.8s] cap_par seed=3 task 25/150
[   253.4s] cap_par seed=3 task 26/150
[   263.7s] cap_par seed=3 task 27/150
[   274.4s] cap_par seed=3 task 28/150
[   285.0s] cap_par seed=3 task 29/150
[   295.6s] cap_par seed=3 task 30/150
[   305.8s] cap_par seed=3 task 31/150
[   316.3s] cap_par seed=3 task 32/150
[   327.4s] cap_par seed=3 task 33/150
[   337.5s] cap_par seed=3 task 34/150
[   347.7s] cap_par seed=3 task 35/150
[   357.4s] cap_par seed=3 task 36/150
[   367.1s] cap_par seed=3 task 37/150
[   376.9s] cap_par seed=3 task 38/150
[   386.6s] cap_par seed=3 task 39/150
[   396.3s] cap_par seed=3 task 40/150
[   406.1s] cap_par seed=3 task 41/150
[   416.0s] cap_par seed=3 task 42/150
[   426.3s] cap_par seed=3 task 43/150
[   436.3s] cap_par seed=3 task 44/150
[   446.2s] cap_par seed=3 task 45/150
[   455.9s] cap_par seed=3 task 46/150
[   465.7s] cap_par seed=3 task 47/150
[   475.4s] cap_par seed=3 task 48/150
[   484.8s] cap_par seed=3 task 49/150
[   494.7s] cap_par seed=3 task 50/150
[   504.5s] cap_par seed=3 task 51/150
[   514.3s] cap_par seed=3 task 52/150
[   524.2s] cap_par seed=3 task 53/150
[   533.8s] cap_par seed=3 task 54/150
[   543.8s] cap_par seed=3 task 55/150
[   554.1s] cap_par seed=3 task 56/150
[   563.8s] cap_par seed=3 task 57/150
[   573.7s] cap_par seed=3 task 58/150
[   583.7s] cap_par seed=3 task 59/150
[   593.6s] cap_par seed=3 task 60/150
[   603.4s] cap_par seed=3 task 61/150
[   613.2s] cap_par seed=3 task 62/150
[   622.7s] cap_par seed=3 task 63/150
[   632.3s] cap_par seed=3 task 64/150
[   642.2s] cap_par seed=3 task 65/150
[   651.8s] cap_par seed=3 task 66/150
[   661.5s] cap_par seed=3 task 67/150
[   671.5s] cap_par seed=3 task 68/150
[   681.3s] cap_par seed=3 task 69/150
[   691.8s] cap_par seed=3 task 70/150
[   702.3s] cap_par seed=3 task 71/150
[   712.6s] cap_par seed=3 task 72/150
[   723.0s] cap_par seed=3 task 73/150
[   733.5s] cap_par seed=3 task 74/150
[   743.5s] cap_par seed=3 task 75/150
[   753.8s] cap_par seed=3 task 76/150
[   764.2s] cap_par seed=3 task 77/150
[   774.6s] cap_par seed=3 task 78/150
[   784.7s] cap_par seed=3 task 79/150
[   795.1s] cap_par seed=3 task 80/150
[   805.7s] cap_par seed=3 task 81/150
[   816.2s] cap_par seed=3 task 82/150
[   827.3s] cap_par seed=3 task 83/150
[   838.1s] cap_par seed=3 task 84/150
[   848.4s] cap_par seed=3 task 85/150
[   859.2s] cap_par seed=3 task 86/150
[   869.5s] cap_par seed=3 task 87/150
[   879.6s] cap_par seed=3 task 88/150
[   889.6s] cap_par seed=3 task 89/150
[   899.8s] cap_par seed=3 task 90/150
[   909.9s] cap_par seed=3 task 91/150
[   920.1s] cap_par seed=3 task 92/150
[   930.5s] cap_par seed=3 task 93/150
[   941.3s] cap_par seed=3 task 94/150
[   952.2s] cap_par seed=3 task 95/150
[   962.5s] cap_par seed=3 task 96/150
[   972.9s] cap_par seed=3 task 97/150
[   983.0s] cap_par seed=3 task 98/150
[   993.2s] cap_par seed=3 task 99/150
[  1003.2s] cap_par seed=3 task 100/150
[  1013.1s] cap_par seed=3 task 101/150
[  1023.0s] cap_par seed=3 task 102/150
[  1033.1s] cap_par seed=3 task 103/150
[  1043.6s] cap_par seed=3 task 104/150
[  1054.1s] cap_par seed=3 task 105/150
[  1064.0s] cap_par seed=3 task 106/150
[  1073.6s] cap_par seed=3 task 107/150
[  1083.0s] cap_par seed=3 task 108/150
[  1092.5s] cap_par seed=3 task 109/150
[  1102.3s] cap_par seed=3 task 110/150
[  1112.1s] cap_par seed=3 task 111/150
[  1121.8s] cap_par seed=3 task 112/150
[  1132.2s] cap_par seed=3 task 113/150
[  1142.4s] cap_par seed=3 task 114/150
[  1152.4s] cap_par seed=3 task 115/150
[  1162.9s] cap_par seed=3 task 116/150
[  1173.4s] cap_par seed=3 task 117/150
[  1183.9s] cap_par seed=3 task 118/150
[  1194.2s] cap_par seed=3 task 119/150
[  1204.3s] cap_par seed=3 task 120/150
[  1214.7s] cap_par seed=3 task 121/150
[  1225.1s] cap_par seed=3 task 122/150
[  1235.5s] cap_par seed=3 task 123/150
[  1246.0s] cap_par seed=3 task 124/150
[  1258.4s] cap_par seed=3 task 125/150
[  1271.4s] cap_par seed=3 task 126/150
[  1281.9s] cap_par seed=3 task 127/150
[  1292.5s] cap_par seed=3 task 128/150
[  1303.0s] cap_par seed=3 task 129/150
[  1313.3s] cap_par seed=3 task 130/150
[  1323.9s] cap_par seed=3 task 131/150
[  1335.2s] cap_par seed=3 task 132/150
[  1347.3s] cap_par seed=3 task 133/150
[  1360.1s] cap_par seed=3 task 134/150
[  1371.1s] cap_par seed=3 task 135/150
[  1381.7s] cap_par seed=3 task 136/150
[  1392.2s] cap_par seed=3 task 137/150
[  1402.8s] cap_par seed=3 task 138/150
[  1413.7s] cap_par seed=3 task 139/150
[  1426.0s] cap_par seed=3 task 140/150
[  1437.8s] cap_par seed=3 task 141/150
[  1448.7s] cap_par seed=3 task 142/150
[  1459.2s] cap_par seed=3 task 143/150
[  1469.7s] cap_par seed=3 task 144/150
[  1480.7s] cap_par seed=3 task 145/150
[  1491.2s] cap_par seed=3 task 146/150
[  1501.7s] cap_par seed=3 task 147/150
[  1512.4s] cap_par seed=3 task 148/150
[  1523.3s] cap_par seed=3 task 149/150
[  1536.1s] cap_par seed=3 task 150/150
wrote results/mucap_el_0916/runs/cap_par_s3  (150 task rows, 1536.4s)
