[     8.8s] cap_both seed=4 task 1/150
[    21.8s] cap_both seed=4 task 2/150
[    33.5s] cap_both seed=4 task 3/150
[    44.3s] cap_both seed=4 task 4/150
[    55.6s] cap_both seed=4 task 5/150
[    67.5s] cap_both seed=4 task 6/150
[    79.1s] cap_both seed=4 task 7/150
[    90.6s] cap_both seed=4 task 8/150
[   102.0s] cap_both seed=4 task 9/150
[   113.5s] cap_both seed=4 task 10/150
[   125.1s] cap_both seed=4 task 11/150
[   136.3s] cap_both seed=4 task 12/150
[   146.9s] cap_both seed=4 task 13/150
[   158.1s] cap_both seed=4 task 14/150
[   170.3s] cap_both seed=4 task 15/150
[   182.1s] cap_both seed=4 task 16/150
[   194.6s] cap_both seed=4 task 17/150
[   207.0s] cap_both seed=4 task 18/150
[   219.0s] cap_both seed=4 task 19/150
[   231.0s] cap_both seed=4 task 20/150
[   243.2s] cap_both seed=4 task 21/150
[   255.3s] cap_both seed=4 task 22/150
[   267.1s] cap_both seed=4 task 23/150
[   279.9s] cap_both seed=4 task 24/150
[   291.9s] cap_both seed=4 task 25/150
[   303.6s] cap_both seed=4 task 26/150
[   315.4s] cap_both seed=4 task 27/150
[   327.2s] cap_both seed=4 task 28/150
[   338.9s] cap_both seed=4 task 29/150
[   351.8s] cap_both seed=4 task 30/150
[   363.8s] cap_both seed=4 task 31/150
[   375.5s] cap_both seed=4 task 32/150
[   387.2s] cap_both seed=4 task 33/150
[   399.2s] cap_both seed=4 task 34/150
[   410.5s] cap_both seed=4 task 35/150
[   422.3s] cap_both seed=4 task 36/150
[   433.5s] cap_both seed=4 task 37/150
[   444.6s] cap_both seed=4 task 38/150
[   456.1s] cap_both seed=4 task 39/150
[   468.1s] cap_both seed=4 task 40/150
[   480.0s] cap_both seed=4 task 41/150
[   491.7s] cap_both seed=4 task 42/150
[   503.2s] cap_both seed=4 task 43/150
[   514.6s] cap_both seed=4 task 44/150
[   526.1s] cap_both seed=4 task 45/150
[   537.2s] cap_both seed=4 task 46/150
[   548.7s] cap_both seed=4 task 47/150
[   559.7s] cap_both seed=4 task 48/150
[   570.8s] cap_both seed=4 task 49/150
[   582.2s] cap_both seed=4 task 50/150
[   593.3s] cap_both seed=4 task 51/150
[   605.1s] cap_both seed=4 task 52/150
[   616.6s] cap_both seed=4 task 53/150
[   628.2s] cap_both seed=4 task 54/150
[   639.2s] cap_both seed=4 task 55/150
[   650.2s] cap_both seed=4 task 56/150
[   661.8s] cap_both seed=4 task 57/150
[   672.4s] cap_both seed=4 task 58/150
[   683.1s] cap_both seed=4 task 59/150
[   693.4s] cap_both seed=4 task 60/150
[   703.7s] cap_both seed=4 task 61/150
[   714.1s] cap_both seed=4 task 62/150
[   724.9s] cap_both seed=4 task 63/150
[   735.7s] cap_both seed=4 task 64/150
[   746.5s] cap_both seed=4 task 65/150
[   757.2s] cap_both seed=4 task 66/150
[   768.4s] cap_both seed=4 task 67/150
[   779.2s] cap_both seed=4 task 68/150
[   789.9s] cap_both seed=4 task 69/150
[   800.8s] cap_both seed=4 task 70/150
[   811.7s] cap_both seed=4 task 71/150
[   822.3s] cap_both seed=4 task 72/150
[   832.6s] cap_both seed=4 task 73/150
[   842.9s] cap_both seed=4 task 74/150
[   853.4s] cap_both seed=4 task 75/150
[   863.7s] cap_both seed=4 task 76/150
[   874.3s] cap_both seed=4 task 77/150
[   884.9s] cap_both seed=4 task 78/150
[   895.6s] cap_both seed=4 task 79/150
[   906.3s] cap_both seed=4 task 80/150
[   917.0s] cap_both seed=4 task 81/150
[   927.8s] cap_both seed=4 task 82/150
[   938.6s] cap_both seed=4 task 83/150
[   949.4s] cap_both seed=4 task 84/150
[   960.0s] cap_both seed=4 task 85/150
[   970.7s] cap_both seed=4 task 86/150
[   981.4s] cap_both seed=4 task 87/150
[   992.4s] cap_both seed=4 task 88/150
[  1003.3s] cap_both seed=4 task 89/150
[  1014.0s] cap_both seed=4 task 90/150
[  1025.3s] cap_both seed=4 task 91/150
[  1036.9s] cap_both seed=4 task 92/150
[  1048.2s] cap_both seed=4 task 93/150
[  1059.6s] cap_both seed=4 task 94/150
[  1071.1s] cap_both seed=4 task 95/150
[  1082.2s] cap_both seed=4 task 96/150
[  1092.8s] cap_both seed=4 task 97/150
[  1103.0s] cap_both seed=4 task 98/150
[  1113.3s] cap_both seed=4 task 99/150
[  1123.9s] cap_both seed=4 task 100/150
[  1134.4s] cap_both seed=4 task 101/150
[  1144.9s] cap_both seed=4 task 102/150
[  1156.1s] cap_both seed=4 task 103/150
[  1167.2s] cap_both seed=4 task 104/150
[  1178.2s] cap_both seed=4 task 105/150
[  1189.0s] cap_both seed=4 task 106/150
[  1200.1s] cap_both seed=4 task 107/150
[  1210.7s] cap_both seed=4 task 108/150
[  1221.6s] cap_both seed=4 task 109/150
[  1232.5s] cap_both seed=4 task 110/150
[  1243.5s] cap_both seed=4 task 111/150
[  1254.4s] cap_both seed=4 task 112/150
[  1265.4s] cap_both seed=4 task 113/150
[  1277.4s] cap_both seed=4 task 114/150
[  1288.9s] cap_both seed=4 task 115/150
[  1299.9s] cap_both seed=4 task 116/150
[  1311.0s] cap_both seed=4 task 117/150
[  1322.0s] cap_both seed=4 task 118/150
[  1333.1s] cap_both seed=4 task 119/150
[  1343.8s] cap_both seed=4 task 120/150
[  1354.6s] cap_both seed=4 task 121/150
[  1365.7s] cap_both seed=4 task 122/150
[  1377.2s] cap_both seed=4 task 123/150
[  1388.6s] cap_both seed=4 task 124/150
[  1400.2s] cap_both seed=4 task 125/150
[  1411.1s] cap_both seed=4 task 126/150
[  1422.3s] cap_both seed=4 task 127/150
[  1433.3s] cap_both seed=4 task 128/150
[  1444.6s] cap_both seed=4 task 129/150
[  1455.8s] cap_both seed=4 task 130/150
[  1467.0s] cap_both seed=4 task 131/150
[  1478.5s] cap_both seed=4 task 132/150
[  1490.1s] cap_both seed=4 task 133/150
[  1501.8s] cap_both seed=4 task 134/150
[  1512.9s] cap_both seed=4 task 135/150
[  1524.2s] cap_both seed=4 task 136/150
[  1535.4s] cap_both seed=4 task 137/150
[  1546.6s] cap_both seed=4 task 138/150
[  1558.1s] cap_both seed=4 task 139/150
[  1570.1s] cap_both seed=4 task 140/150
[  1582.5s] cap_both seed=4 task 141/150
[  1594.5s] cap_both seed=4 task 142/150
[  1607.0s] cap_both seed=4 task 143/150
[  1618.5s] cap_both seed=4 task 144/150
[  1630.0s] cap_both seed=4 task 145/150
[  1642.0s] cap_both seed=4 task 146/150
[  1653.4s] cap_both seed=4 task 147/150
[  1665.7s] cap_both seed=4 task 148/150
[  1678.3s] cap_both seed=4 task 149/150
[  1690.9s] cap_both seed=4 task 150/150
wrote results/mucap_el_0916/runs/cap_both_s4  (150 task rows, 1691.2s)
