[     7.1s] cap_both seed=7 task 1/150
[    17.7s] cap_both seed=7 task 2/150
[    28.0s] cap_both seed=7 task 3/150
[    38.6s] cap_both seed=7 task 4/150
[    49.2s] cap_both seed=7 task 5/150
[    59.8s] cap_both seed=7 task 6/150
[    70.4s] cap_both seed=7 task 7/150
[    80.9s] cap_both seed=7 task 8/150
[    91.5s] cap_both seed=7 task 9/150
[   102.2s] cap_both seed=7 task 10/150
[   113.1s] cap_both seed=7 task 11/150
[   124.1s] cap_both seed=7 task 12/150
[   134.9s] cap_both seed=7 task 13/150
[   145.4s] cap_both seed=7 task 14/150
[   156.5s] cap_both seed=7 task 15/150
[   167.3s] cap_both seed=7 task 16/150
[   178.2s] cap_both seed=7 task 17/150
[   189.3s] cap_both seed=7 task 18/150
[   200.5s] cap_both seed=7 task 19/150
[   210.8s] cap_both seed=7 task 20/150
[   221.5s] cap_both seed=7 task 21/150
[   232.1s] cap_both seed=7 task 22/150
[   242.7s] cap_both seed=7 task 23/150
[   253.3s] cap_both seed=7 task 24/150
[   263.9s] cap_both seed=7 task 25/150
[   274.4s] cap_both seed=7 task 26/150
[   284.9s] cap_both seed=7 task 27/150
[   295.5s] cap_both seed=7 task 28/150
[   306.2s] cap_both seed=7 task 29/150
[   316.8s] cap_both seed=7 task 30/150
[   327.7s] cap_both seed=7 task 31/150
[   338.6s] cap_both seed=7 task 32/150
[   349.5s] cap_both seed=7 task 33/150
[   360.2s] cap_both seed=7 task 34/150
[   371.0s] cap_both seed=7 task 35/150
[   381.6s] cap_both seed=7 task 36/150
[   392.3s] cap_both seed=7 task 37/150
[   402.8s] cap_both seed=7 task 38/150
[   413.8s] cap_both seed=7 task 39/150
[   424.9s] cap_both seed=7 task 40/150
[   435.9s] cap_both seed=7 task 41/150
[   446.9s] cap_both seed=7 task 42/150
[   457.8s] cap_both seed=7 task 43/150
[   468.8s] cap_both seed=7 task 44/150
[   479.7s] cap_both seed=7 task 45/150
[   491.6s] cap_both seed=7 task 46/150
[   502.1s] cap_both seed=7 task 47/150
[   512.7s] cap_both seed=7 task 48/150
[   523.4s] cap_both seed=7 task 49/150
[   534.2s] cap_both seed=7 task 50/150
[   545.0s] cap_both seed=7 task 51/150
[   555.6s] cap_both seed=7 task 52/150
[   566.3s] cap_both seed=7 task 53/150
[   577.1s] cap_both seed=7 task 54/150
[   587.7s] cap_both seed=7 task 55/150
[   598.5s] cap_both seed=7 task 56/150
[   609.8s] cap_both seed=7 task 57/150
[   620.5s] cap_both seed=7 task 58/150
[   630.9s] cap_both seed=7 task 59/150
[   641.2s] cap_both seed=7 task 60/150
[   651.6s] cap_both seed=7 task 61/150
[   661.9s] cap_both seed=7 task 62/150
[   672.6s] cap_both seed=7 task 63/150
[   683.1s] cap_both seed=7 task 64/150
[   694.2s] cap_both seed=7 task 65/150
[   704.6s] cap_both seed=7 task 66/150
[   715.1s] cap_both seed=7 task 67/150
[   725.7s] cap_both seed=7 task 68/150
[   736.2s] cap_both seed=7 task 69/150
[   746.7s] cap_both seed=7 task 70/150
[   757.0s] cap_both seed=7 task 71/150
[   767.5s] cap_both seed=7 task 72/150
[   777.9s] cap_both seed=7 task 73/150
[   788.3s] cap_both seed=7 task 74/150
[   798.7s] cap_both seed=7 task 75/150
[   809.0s] cap_both seed=7 task 76/150
[   819.4s] cap_both seed=7 task 77/150
[   829.7s] cap_both seed=7 task 78/150
[   840.0s] cap_both seed=7 task 79/150
[   850.3s] cap_both seed=7 task 80/150
[   860.6s] cap_both seed=7 task 81/150
[   870.8s] cap_both seed=7 task 82/150
[   881.2s] cap_both seed=7 task 83/150
[   891.5s] cap_both seed=7 task 84/150
[   901.7s] cap_both seed=7 task 85/150
[   911.9s] cap_both seed=7 task 86/150
[   922.2s] cap_both seed=7 task 87/150
[   932.5s] cap_both seed=7 task 88/150
[   942.8s] cap_both seed=7 task 89/150
[   953.6s] cap_both seed=7 task 90/150
[   965.5s] cap_both seed=7 task 91/150
[   976.8s] cap_both seed=7 task 92/150
[   988.2s] cap_both seed=7 task 93/150
[   998.9s] cap_both seed=7 task 94/150
[  1010.0s] cap_both seed=7 task 95/150
[  1020.9s] cap_both seed=7 task 96/150
[  1031.8s] cap_both seed=7 task 97/150
[  1044.0s] cap_both seed=7 task 98/150
[  1055.7s] cap_both seed=7 task 99/150
[  1067.8s] cap_both seed=7 task 100/150
[  1079.9s] cap_both seed=7 task 101/150
[  1091.8s] cap_both seed=7 task 102/150
[  1103.9s] cap_both seed=7 task 103/150
[  1115.6s] cap_both seed=7 task 104/150
[  1127.2s] cap_both seed=7 task 105/150
[  1138.5s] cap_both seed=7 task 106/150
[  1150.2s] cap_both seed=7 task 107/150
[  1162.0s] cap_both seed=7 task 108/150
[  1174.4s] cap_both seed=7 task 109/150
[  1186.4s] cap_both seed=7 task 110/150
[  1198.5s] cap_both seed=7 task 111/150
[  1211.0s] cap_both seed=7 task 112/150
[  1223.5s] cap_both seed=7 task 113/150
[  1236.5s] cap_both seed=7 task 114/150
[  1248.8s] cap_both seed=7 task 115/150
[  1260.6s] cap_both seed=7 task 116/150
[  1272.0s] cap_both seed=7 task 117/150
[  1283.5s] cap_both seed=7 task 118/150
[  1294.5s] cap_both seed=7 task 119/150
[  1306.0s] cap_both seed=7 task 120/150
[  1317.5s] cap_both seed=7 task 121/150
[  1330.1s] cap_both seed=7 task 122/150
[  1342.9s] cap_both seed=7 task 123/150
[  1355.8s] cap_both seed=7 task 124/150
[  1368.3s] cap_both seed=7 task 125/150
[  1381.1s] cap_both seed=7 task 126/150
[  1393.4s] cap_both seed=7 task 127/150
[  1405.1s] cap_both seed=7 task 128/150
[  1416.9s] cap_both seed=7 task 129/150
[  1427.5s] cap_both seed=7 task 130/150
[  1438.6s] cap_both seed=7 task 131/150
[  1449.5s] cap_both seed=7 task 132/150
[  1460.8s] cap_both seed=7 task 133/150
[  1472.3s] cap_both seed=7 task 134/150
[  1484.2s] cap_both seed=7 task 135/150
[  1496.2s] cap_both seed=7 task 136/150
[  1507.9s] cap_both seed=7 task 137/150
[  1520.1s] cap_both seed=7 task 138/150
[  1532.1s] cap_both seed=7 task 139/150
[  1543.8s] cap_both seed=7 task 140/150
[  1555.7s] cap_both seed=7 task 141/150
[  1567.0s] cap_both seed=7 task 142/150
[  1578.6s] cap_both seed=7 task 143/150
[  1589.9s] cap_both seed=7 task 144/150
[  1601.2s] cap_both seed=7 task 145/150
[  1612.6s] cap_both seed=7 task 146/150
[  1624.4s] cap_both seed=7 task 147/150
[  1636.2s] cap_both seed=7 task 148/150
[  1647.9s] cap_both seed=7 task 149/150
[  1660.2s] cap_both seed=7 task 150/150
wrote results/mucap_el_0916/runs/cap_both_s7  (150 task rows, 1660.5s)
