2026-09-16T18:47:35+09:00 launch: git 01524e08f81b40dba765cfdb3fb110faa4c2c71f  slots 6  avail 19 GiB
2026-09-16T18:47:35+09:00 start ref_s0
2026-09-16T18:47:35+09:00 start cap_par_s0
2026-09-16T18:47:35+09:00 start cap_perp_s0
2026-09-16T18:47:35+09:00 start cap_both_s0
2026-09-16T18:47:35+09:00 start ref_s1
2026-09-16T18:47:35+09:00 start cap_par_s1
2026-09-16T19:11:45+09:00 done  cap_perp_s0
2026-09-16T19:11:45+09:00 start cap_perp_s1
2026-09-16T19:12:06+09:00 done  cap_par_s0
2026-09-16T19:12:06+09:00 start cap_both_s1
2026-09-16T19:12:24+09:00 done  cap_par_s1
2026-09-16T19:12:24+09:00 start ref_s2
2026-09-16T19:12:58+09:00 done  ref_s0
2026-09-16T19:12:58+09:00 start cap_par_s2
2026-09-16T19:13:20+09:00 done  ref_s1
2026-09-16T19:13:20+09:00 start cap_perp_s2
2026-09-16T19:14:00+09:00 done  cap_both_s0
2026-09-16T19:14:00+09:00 start cap_both_s2
2026-09-16T19:36:48+09:00 done  cap_perp_s1
2026-09-16T19:36:48+09:00 start ref_s3
2026-09-16T19:38:06+09:00 done  cap_perp_s2
2026-09-16T19:38:06+09:00 start cap_par_s3
2026-09-16T19:38:30+09:00 done  cap_par_s2
2026-09-16T19:38:30+09:00 start cap_perp_s3
2026-09-16T19:38:54+09:00 done  ref_s2
2026-09-16T19:38:54+09:00 start cap_both_s3
2026-09-16T19:39:53+09:00 done  cap_both_s1
2026-09-16T19:39:53+09:00 start ref_s4
2026-09-16T19:41:46+09:00 done  cap_both_s2
2026-09-16T19:41:46+09:00 start cap_par_s4
2026-09-16T20:03:45+09:00 done  cap_par_s3
2026-09-16T20:03:45+09:00 start cap_perp_s4
2026-09-16T20:03:58+09:00 done  cap_perp_s3
2026-09-16T20:03:58+09:00 start cap_both_s4
2026-09-16T20:04:39+09:00 done  ref_s3
2026-09-16T20:04:39+09:00 start ref_s5
2026-09-16T20:06:18+09:00 done  cap_both_s3
2026-09-16T20:06:18+09:00 start cap_par_s5
2026-09-16T20:07:04+09:00 done  ref_s4
2026-09-16T20:07:04+09:00 start cap_perp_s5
2026-09-16T20:07:58+09:00 done  cap_par_s4
2026-09-16T20:07:58+09:00 start cap_both_s5
2026-09-16T20:29:54+09:00 done  cap_perp_s4
2026-09-16T20:29:54+09:00 start ref_s6
2026-09-16T20:32:13+09:00 done  cap_both_s4
2026-09-16T20:32:13+09:00 start cap_par_s6
2026-09-16T20:32:24+09:00 done  ref_s5
2026-09-16T20:32:24+09:00 start cap_perp_s6
2026-09-16T20:32:52+09:00 done  cap_par_s5
2026-09-16T20:32:52+09:00 start cap_both_s6
2026-09-16T20:33:23+09:00 done  cap_perp_s5
2026-09-16T20:33:23+09:00 start ref_s7
2026-09-16T20:36:29+09:00 done  cap_both_s5
2026-09-16T20:36:29+09:00 start cap_par_s7
2026-09-16T20:59:26+09:00 done  ref_s6
2026-09-16T20:59:26+09:00 start cap_perp_s7
2026-09-16T21:01:26+09:00 done  cap_perp_s6
2026-09-16T21:01:26+09:00 start cap_both_s7
2026-09-16T21:01:47+09:00 done  cap_par_s6
2026-09-16T21:01:47+09:00 start ref_s8
2026-09-16T21:03:09+09:00 done  ref_s7
2026-09-16T21:03:09+09:00 start cap_par_s8
2026-09-16T21:03:47+09:00 done  cap_both_s6
2026-09-16T21:03:47+09:00 start cap_perp_s8
2026-09-16T21:04:51+09:00 done  cap_par_s7
2026-09-16T21:04:51+09:00 start cap_both_s8
2026-09-16T21:25:09+09:00 done  cap_perp_s7
2026-09-16T21:25:09+09:00 start ref_s9
2026-09-16T21:28:44+09:00 done  ref_s8
2026-09-16T21:28:44+09:00 start cap_par_s9
2026-09-16T21:29:09+09:00 done  cap_both_s7
2026-09-16T21:29:09+09:00 start cap_perp_s9
2026-09-16T21:29:58+09:00 done  cap_par_s8
2026-09-16T21:29:58+09:00 start cap_both_s9
2026-09-16T21:29:59+09:00 done  cap_perp_s8
2026-09-16T21:32:45+09:00 done  cap_both_s8
2026-09-16T21:48:07+09:00 done  ref_s9
2026-09-16T21:48:31+09:00 done  cap_perp_s9
2026-09-16T21:48:47+09:00 done  cap_par_s9
2026-09-16T21:50:34+09:00 done  cap_both_s9
2026-09-16T21:50:34+09:00 all jobs returned
