[     8.5s] ref seed=7 task 1/150
[    15.9s] ref seed=7 task 2/150
[    23.2s] ref seed=7 task 3/150
[    30.4s] ref seed=7 task 4/150
[    37.8s] ref seed=7 task 5/150
[    45.0s] ref seed=7 task 6/150
[    52.3s] ref seed=7 task 7/150
[    59.7s] ref seed=7 task 8/150
[    68.0s] ref seed=7 task 9/150
[    76.2s] ref seed=7 task 10/150
[    84.1s] ref seed=7 task 11/150
[    92.6s] ref seed=7 task 12/150
[   100.5s] ref seed=7 task 13/150
[   108.6s] ref seed=7 task 14/150
[   116.9s] ref seed=7 task 15/150
[   125.2s] ref seed=7 task 16/150
[   133.7s] ref seed=7 task 17/150
[   142.5s] ref seed=7 task 18/150
[   151.3s] ref seed=7 task 19/150
[   160.2s] ref seed=7 task 20/150
[   169.5s] ref seed=7 task 21/150
[   179.2s] ref seed=7 task 22/150
[   188.8s] ref seed=7 task 23/150
[   198.8s] ref seed=7 task 24/150
[   209.3s] ref seed=7 task 25/150
[   219.7s] ref seed=7 task 26/150
[   230.2s] ref seed=7 task 27/150
[   240.9s] ref seed=7 task 28/150
[   251.7s] ref seed=7 task 29/150
[   263.2s] ref seed=7 task 30/150
[   274.6s] ref seed=7 task 31/150
[   285.9s] ref seed=7 task 32/150
[   297.3s] ref seed=7 task 33/150
[   308.8s] ref seed=7 task 34/150
[   320.4s] ref seed=7 task 35/150
[   331.0s] ref seed=7 task 36/150
[   342.4s] ref seed=7 task 37/150
[   353.4s] ref seed=7 task 38/150
[   364.0s] ref seed=7 task 39/150
[   374.8s] ref seed=7 task 40/150
[   385.8s] ref seed=7 task 41/150
[   396.8s] ref seed=7 task 42/150
[   408.1s] ref seed=7 task 43/150
[   419.4s] ref seed=7 task 44/150
[   430.5s] ref seed=7 task 45/150
[   441.5s] ref seed=7 task 46/150
[   452.7s] ref seed=7 task 47/150
[   463.7s] ref seed=7 task 48/150
[   475.5s] ref seed=7 task 49/150
[   487.2s] ref seed=7 task 50/150
[   499.2s] ref seed=7 task 51/150
[   511.3s] ref seed=7 task 52/150
[   525.4s] ref seed=7 task 53/150
[   537.2s] ref seed=7 task 54/150
[   548.2s] ref seed=7 task 55/150
[   559.2s] ref seed=7 task 56/150
[   570.5s] ref seed=7 task 57/150
[   581.8s] ref seed=7 task 58/150
[   594.1s] ref seed=7 task 59/150
[   607.9s] ref seed=7 task 60/150
[   622.3s] ref seed=7 task 61/150
[   636.2s] ref seed=7 task 62/150
[   650.1s] ref seed=7 task 63/150
[   665.1s] ref seed=7 task 64/150
[   679.7s] ref seed=7 task 65/150
[   694.3s] ref seed=7 task 66/150
[   710.3s] ref seed=7 task 67/150
[   725.5s] ref seed=7 task 68/150
[   739.6s] ref seed=7 task 69/150
[   753.9s] ref seed=7 task 70/150
[   769.6s] ref seed=7 task 71/150
[   784.6s] ref seed=7 task 72/150
[   803.9s] ref seed=7 task 73/150
[   819.5s] ref seed=7 task 74/150
[   835.1s] ref seed=7 task 75/150
[   849.7s] ref seed=7 task 76/150
[   872.6s] ref seed=7 task 77/150
[   886.3s] ref seed=7 task 78/150
[   900.5s] ref seed=7 task 79/150
[   914.9s] ref seed=7 task 80/150
[   930.0s] ref seed=7 task 81/150
[   944.5s] ref seed=7 task 82/150
[   958.5s] ref seed=7 task 83/150
[   972.7s] ref seed=7 task 84/150
[   987.5s] ref seed=7 task 85/150
[  1001.9s] ref seed=7 task 86/150
[  1016.1s] ref seed=7 task 87/150
[  1029.9s] ref seed=7 task 88/150
[  1043.5s] ref seed=7 task 89/150
[  1056.7s] ref seed=7 task 90/150
[  1069.5s] ref seed=7 task 91/150
[  1082.3s] ref seed=7 task 92/150
[  1095.4s] ref seed=7 task 93/150
[  1108.6s] ref seed=7 task 94/150
[  1121.3s] ref seed=7 task 95/150
[  1133.1s] ref seed=7 task 96/150
[  1144.6s] ref seed=7 task 97/150
[  1156.3s] ref seed=7 task 98/150
[  1168.0s] ref seed=7 task 99/150
[  1180.0s] ref seed=7 task 100/150
[  1191.8s] ref seed=7 task 101/150
[  1203.6s] ref seed=7 task 102/150
[  1215.8s] ref seed=7 task 103/150
[  1228.0s] ref seed=7 task 104/150
[  1239.7s] ref seed=7 task 105/150
[  1251.3s] ref seed=7 task 106/150
[  1262.9s] ref seed=7 task 107/150
[  1274.6s] ref seed=7 task 108/150
[  1287.0s] ref seed=7 task 109/150
[  1299.2s] ref seed=7 task 110/150
[  1311.1s] ref seed=7 task 111/150
[  1323.3s] ref seed=7 task 112/150
[  1335.1s] ref seed=7 task 113/150
[  1346.9s] ref seed=7 task 114/150
[  1358.7s] ref seed=7 task 115/150
[  1370.4s] ref seed=7 task 116/150
[  1382.0s] ref seed=7 task 117/150
[  1393.6s] ref seed=7 task 118/150
[  1405.3s] ref seed=7 task 119/150
[  1417.2s] ref seed=7 task 120/150
[  1428.9s] ref seed=7 task 121/150
[  1440.7s] ref seed=7 task 122/150
[  1452.6s] ref seed=7 task 123/150
[  1464.6s] ref seed=7 task 124/150
[  1476.8s] ref seed=7 task 125/150
[  1488.6s] ref seed=7 task 126/150
[  1500.3s] ref seed=7 task 127/150
[  1512.1s] ref seed=7 task 128/150
[  1524.1s] ref seed=7 task 129/150
[  1536.1s] ref seed=7 task 130/150
[  1548.2s] ref seed=7 task 131/150
[  1560.3s] ref seed=7 task 132/150
[  1572.3s] ref seed=7 task 133/150
[  1584.7s] ref seed=7 task 134/150
[  1597.3s] ref seed=7 task 135/150
[  1609.5s] ref seed=7 task 136/150
[  1621.9s] ref seed=7 task 137/150
[  1634.5s] ref seed=7 task 138/150
[  1647.0s] ref seed=7 task 139/150
[  1659.8s] ref seed=7 task 140/150
[  1672.0s] ref seed=7 task 141/150
[  1684.5s] ref seed=7 task 142/150
[  1697.1s] ref seed=7 task 143/150
[  1709.3s] ref seed=7 task 144/150
[  1721.6s] ref seed=7 task 145/150
[  1733.8s] ref seed=7 task 146/150
[  1746.0s] ref seed=7 task 147/150
[  1758.2s] ref seed=7 task 148/150
[  1770.6s] ref seed=7 task 149/150
[  1783.1s] ref seed=7 task 150/150
wrote results/mucap_el_0916/runs/ref_s7  (150 task rows, 1783.3s)
