[     7.2s] ref seed=0 task 1/150
[    14.0s] ref seed=0 task 2/150
[    20.9s] ref seed=0 task 3/150
[    27.9s] ref seed=0 task 4/150
[    34.8s] ref seed=0 task 5/150
[    41.7s] ref seed=0 task 6/150
[    48.9s] ref seed=0 task 7/150
[    55.7s] ref seed=0 task 8/150
[    62.7s] ref seed=0 task 9/150
[    69.7s] ref seed=0 task 10/150
[    77.1s] ref seed=0 task 11/150
[    84.3s] ref seed=0 task 12/150
[    91.6s] ref seed=0 task 13/150
[    98.5s] ref seed=0 task 14/150
[   105.5s] ref seed=0 task 15/150
[   112.7s] ref seed=0 task 16/150
[   120.0s] ref seed=0 task 17/150
[   127.4s] ref seed=0 task 18/150
[   135.0s] ref seed=0 task 19/150
[   142.7s] ref seed=0 task 20/150
[   150.6s] ref seed=0 task 21/150
[   158.7s] ref seed=0 task 22/150
[   167.0s] ref seed=0 task 23/150
[   175.4s] ref seed=0 task 24/150
[   184.0s] ref seed=0 task 25/150
[   192.4s] ref seed=0 task 26/150
[   200.9s] ref seed=0 task 27/150
[   209.6s] ref seed=0 task 28/150
[   218.5s] ref seed=0 task 29/150
[   227.3s] ref seed=0 task 30/150
[   236.6s] ref seed=0 task 31/150
[   245.7s] ref seed=0 task 32/150
[   255.0s] ref seed=0 task 33/150
[   263.9s] ref seed=0 task 34/150
[   272.7s] ref seed=0 task 35/150
[   281.7s] ref seed=0 task 36/150
[   290.6s] ref seed=0 task 37/150
[   299.4s] ref seed=0 task 38/150
[   308.4s] ref seed=0 task 39/150
[   317.5s] ref seed=0 task 40/150
[   326.9s] ref seed=0 task 41/150
[   336.3s] ref seed=0 task 42/150
[   345.7s] ref seed=0 task 43/150
[   355.3s] ref seed=0 task 44/150
[   365.1s] ref seed=0 task 45/150
[   375.0s] ref seed=0 task 46/150
[   385.1s] ref seed=0 task 47/150
[   395.0s] ref seed=0 task 48/150
[   405.2s] ref seed=0 task 49/150
[   415.3s] ref seed=0 task 50/150
[   425.5s] ref seed=0 task 51/150
[   435.7s] ref seed=0 task 52/150
[   445.9s] ref seed=0 task 53/150
[   456.1s] ref seed=0 task 54/150
[   466.3s] ref seed=0 task 55/150
[   476.4s] ref seed=0 task 56/150
[   486.6s] ref seed=0 task 57/150
[   496.8s] ref seed=0 task 58/150
[   507.0s] ref seed=0 task 59/150
[   517.4s] ref seed=0 task 60/150
[   527.9s] ref seed=0 task 61/150
[   538.5s] ref seed=0 task 62/150
[   549.1s] ref seed=0 task 63/150
[   559.8s] ref seed=0 task 64/150
[   570.6s] ref seed=0 task 65/150
[   581.9s] ref seed=0 task 66/150
[   593.2s] ref seed=0 task 67/150
[   604.7s] ref seed=0 task 68/150
[   616.0s] ref seed=0 task 69/150
[   626.9s] ref seed=0 task 70/150
[   638.4s] ref seed=0 task 71/150
[   649.4s] ref seed=0 task 72/150
[   660.1s] ref seed=0 task 73/150
[   670.7s] ref seed=0 task 74/150
[   681.5s] ref seed=0 task 75/150
[   692.3s] ref seed=0 task 76/150
[   703.2s] ref seed=0 task 77/150
[   714.0s] ref seed=0 task 78/150
[   724.7s] ref seed=0 task 79/150
[   735.6s] ref seed=0 task 80/150
[   746.3s] ref seed=0 task 81/150
[   757.1s] ref seed=0 task 82/150
[   768.0s] ref seed=0 task 83/150
[   778.9s] ref seed=0 task 84/150
[   789.8s] ref seed=0 task 85/150
[   800.5s] ref seed=0 task 86/150
[   811.1s] ref seed=0 task 87/150
[   821.8s] ref seed=0 task 88/150
[   832.5s] ref seed=0 task 89/150
[   843.3s] ref seed=0 task 90/150
[   854.1s] ref seed=0 task 91/150
[   865.1s] ref seed=0 task 92/150
[   876.0s] ref seed=0 task 93/150
[   887.4s] ref seed=0 task 94/150
[   898.9s] ref seed=0 task 95/150
[   910.1s] ref seed=0 task 96/150
[   921.1s] ref seed=0 task 97/150
[   932.0s] ref seed=0 task 98/150
[   942.9s] ref seed=0 task 99/150
[   953.9s] ref seed=0 task 100/150
[   964.9s] ref seed=0 task 101/150
[   976.6s] ref seed=0 task 102/150
[   987.8s] ref seed=0 task 103/150
[   999.0s] ref seed=0 task 104/150
[  1010.2s] ref seed=0 task 105/150
[  1021.7s] ref seed=0 task 106/150
[  1032.9s] ref seed=0 task 107/150
[  1044.1s] ref seed=0 task 108/150
[  1055.1s] ref seed=0 task 109/150
[  1066.1s] ref seed=0 task 110/150
[  1077.3s] ref seed=0 task 111/150
[  1088.8s] ref seed=0 task 112/150
[  1100.1s] ref seed=0 task 113/150
[  1111.5s] ref seed=0 task 114/150
[  1122.7s] ref seed=0 task 115/150
[  1134.2s] ref seed=0 task 116/150
[  1145.5s] ref seed=0 task 117/150
[  1156.9s] ref seed=0 task 118/150
[  1168.4s] ref seed=0 task 119/150
[  1179.9s] ref seed=0 task 120/150
[  1191.3s] ref seed=0 task 121/150
[  1202.8s] ref seed=0 task 122/150
[  1214.7s] ref seed=0 task 123/150
[  1226.0s] ref seed=0 task 124/150
[  1237.2s] ref seed=0 task 125/150
[  1248.2s] ref seed=0 task 126/150
[  1259.4s] ref seed=0 task 127/150
[  1270.8s] ref seed=0 task 128/150
[  1282.2s] ref seed=0 task 129/150
[  1293.5s] ref seed=0 task 130/150
[  1304.7s] ref seed=0 task 131/150
[  1315.7s] ref seed=0 task 132/150
[  1326.7s] ref seed=0 task 133/150
[  1337.6s] ref seed=0 task 134/150
[  1348.6s] ref seed=0 task 135/150
[  1359.5s] ref seed=0 task 136/150
[  1370.6s] ref seed=0 task 137/150
[  1381.8s] ref seed=0 task 138/150
[  1393.2s] ref seed=0 task 139/150
[  1404.8s] ref seed=0 task 140/150
[  1416.6s] ref seed=0 task 141/150
[  1428.1s] ref seed=0 task 142/150
[  1439.7s] ref seed=0 task 143/150
[  1451.0s] ref seed=0 task 144/150
[  1462.7s] ref seed=0 task 145/150
[  1474.1s] ref seed=0 task 146/150
[  1485.4s] ref seed=0 task 147/150
[  1496.5s] ref seed=0 task 148/150
[  1508.2s] ref seed=0 task 149/150
[  1519.9s] ref seed=0 task 150/150
wrote results/mucap_el_0916/runs/ref_s0  (150 task rows, 1520.2s)
