[     6.8s] ref seed=3 task 1/150
[    13.3s] ref seed=3 task 2/150
[    19.7s] ref seed=3 task 3/150
[    26.2s] ref seed=3 task 4/150
[    32.5s] ref seed=3 task 5/150
[    38.9s] ref seed=3 task 6/150
[    45.4s] ref seed=3 task 7/150
[    51.8s] ref seed=3 task 8/150
[    58.2s] ref seed=3 task 9/150
[    64.8s] ref seed=3 task 10/150
[    71.9s] ref seed=3 task 11/150
[    78.6s] ref seed=3 task 12/150
[    85.6s] ref seed=3 task 13/150
[    93.0s] ref seed=3 task 14/150
[   100.2s] ref seed=3 task 15/150
[   107.7s] ref seed=3 task 16/150
[   115.4s] ref seed=3 task 17/150
[   123.1s] ref seed=3 task 18/150
[   130.9s] ref seed=3 task 19/150
[   139.3s] ref seed=3 task 20/150
[   147.8s] ref seed=3 task 21/150
[   156.4s] ref seed=3 task 22/150
[   165.0s] ref seed=3 task 23/150
[   173.8s] ref seed=3 task 24/150
[   182.6s] ref seed=3 task 25/150
[   191.8s] ref seed=3 task 26/150
[   201.2s] ref seed=3 task 27/150
[   210.5s] ref seed=3 task 28/150
[   220.1s] ref seed=3 task 29/150
[   229.7s] ref seed=3 task 30/150
[   239.6s] ref seed=3 task 31/150
[   249.6s] ref seed=3 task 32/150
[   259.4s] ref seed=3 task 33/150
[   269.3s] ref seed=3 task 34/150
[   279.3s] ref seed=3 task 35/150
[   289.3s] ref seed=3 task 36/150
[   299.0s] ref seed=3 task 37/150
[   308.9s] ref seed=3 task 38/150
[   318.8s] ref seed=3 task 39/150
[   328.9s] ref seed=3 task 40/150
[   339.5s] ref seed=3 task 41/150
[   350.8s] ref seed=3 task 42/150
[   362.0s] ref seed=3 task 43/150
[   373.1s] ref seed=3 task 44/150
[   384.2s] ref seed=3 task 45/150
[   395.7s] ref seed=3 task 46/150
[   407.7s] ref seed=3 task 47/150
[   418.9s] ref seed=3 task 48/150
[   429.7s] ref seed=3 task 49/150
[   440.4s] ref seed=3 task 50/150
[   451.4s] ref seed=3 task 51/150
[   462.2s] ref seed=3 task 52/150
[   473.2s] ref seed=3 task 53/150
[   484.2s] ref seed=3 task 54/150
[   495.0s] ref seed=3 task 55/150
[   506.0s] ref seed=3 task 56/150
[   516.6s] ref seed=3 task 57/150
[   527.3s] ref seed=3 task 58/150
[   538.0s] ref seed=3 task 59/150
[   548.9s] ref seed=3 task 60/150
[   559.8s] ref seed=3 task 61/150
[   570.9s] ref seed=3 task 62/150
[   582.1s] ref seed=3 task 63/150
[   593.4s] ref seed=3 task 64/150
[   604.9s] ref seed=3 task 65/150
[   615.9s] ref seed=3 task 66/150
[   627.6s] ref seed=3 task 67/150
[   638.7s] ref seed=3 task 68/150
[   649.8s] ref seed=3 task 69/150
[   661.1s] ref seed=3 task 70/150
[   672.3s] ref seed=3 task 71/150
[   683.6s] ref seed=3 task 72/150
[   695.1s] ref seed=3 task 73/150
[   706.3s] ref seed=3 task 74/150
[   718.1s] ref seed=3 task 75/150
[   730.0s] ref seed=3 task 76/150
[   742.0s] ref seed=3 task 77/150
[   754.2s] ref seed=3 task 78/150
[   766.7s] ref seed=3 task 79/150
[   779.5s] ref seed=3 task 80/150
[   792.2s] ref seed=3 task 81/150
[   804.5s] ref seed=3 task 82/150
[   816.7s] ref seed=3 task 83/150
[   828.7s] ref seed=3 task 84/150
[   841.1s] ref seed=3 task 85/150
[   853.6s] ref seed=3 task 86/150
[   866.3s] ref seed=3 task 87/150
[   878.8s] ref seed=3 task 88/150
[   891.5s] ref seed=3 task 89/150
[   904.4s] ref seed=3 task 90/150
[   917.3s] ref seed=3 task 91/150
[   929.7s] ref seed=3 task 92/150
[   942.3s] ref seed=3 task 93/150
[   954.5s] ref seed=3 task 94/150
[   966.6s] ref seed=3 task 95/150
[   979.1s] ref seed=3 task 96/150
[   991.6s] ref seed=3 task 97/150
[  1004.1s] ref seed=3 task 98/150
[  1016.4s] ref seed=3 task 99/150
[  1028.9s] ref seed=3 task 100/150
[  1041.3s] ref seed=3 task 101/150
[  1053.6s] ref seed=3 task 102/150
[  1066.1s] ref seed=3 task 103/150
[  1078.3s] ref seed=3 task 104/150
[  1090.7s] ref seed=3 task 105/150
[  1103.0s] ref seed=3 task 106/150
[  1115.6s] ref seed=3 task 107/150
[  1128.4s] ref seed=3 task 108/150
[  1141.0s] ref seed=3 task 109/150
[  1153.1s] ref seed=3 task 110/150
[  1165.1s] ref seed=3 task 111/150
[  1177.2s] ref seed=3 task 112/150
[  1189.3s] ref seed=3 task 113/150
[  1201.5s] ref seed=3 task 114/150
[  1214.2s] ref seed=3 task 115/150
[  1226.1s] ref seed=3 task 116/150
[  1238.3s] ref seed=3 task 117/150
[  1251.1s] ref seed=3 task 118/150
[  1263.8s] ref seed=3 task 119/150
[  1275.9s] ref seed=3 task 120/150
[  1288.0s] ref seed=3 task 121/150
[  1301.0s] ref seed=3 task 122/150
[  1313.1s] ref seed=3 task 123/150
[  1325.2s] ref seed=3 task 124/150
[  1340.3s] ref seed=3 task 125/150
[  1353.8s] ref seed=3 task 126/150
[  1366.1s] ref seed=3 task 127/150
[  1378.6s] ref seed=3 task 128/150
[  1391.0s] ref seed=3 task 129/150
[  1403.7s] ref seed=3 task 130/150
[  1416.8s] ref seed=3 task 131/150
[  1430.7s] ref seed=3 task 132/150
[  1444.5s] ref seed=3 task 133/150
[  1457.3s] ref seed=3 task 134/150
[  1469.8s] ref seed=3 task 135/150
[  1482.5s] ref seed=3 task 136/150
[  1495.7s] ref seed=3 task 137/150
[  1509.4s] ref seed=3 task 138/150
[  1522.6s] ref seed=3 task 139/150
[  1535.2s] ref seed=3 task 140/150
[  1547.7s] ref seed=3 task 141/150
[  1560.5s] ref seed=3 task 142/150
[  1573.1s] ref seed=3 task 143/150
[  1585.4s] ref seed=3 task 144/150
[  1598.2s] ref seed=3 task 145/150
[  1612.2s] ref seed=3 task 146/150
[  1626.4s] ref seed=3 task 147/150
[  1640.9s] ref seed=3 task 148/150
[  1654.9s] ref seed=3 task 149/150
[  1667.8s] ref seed=3 task 150/150
wrote results/mucap_el_0916/runs/ref_s3  (150 task rows, 1668.1s)
