[     7.2s] ref seed=4 task 1/150
[    13.7s] ref seed=4 task 2/150
[    20.1s] ref seed=4 task 3/150
[    26.5s] ref seed=4 task 4/150
[    33.0s] ref seed=4 task 5/150
[    39.5s] ref seed=4 task 6/150
[    45.9s] ref seed=4 task 7/150
[    52.5s] ref seed=4 task 8/150
[    59.0s] ref seed=4 task 9/150
[    65.7s] ref seed=4 task 10/150
[    72.3s] ref seed=4 task 11/150
[    78.9s] ref seed=4 task 12/150
[    85.8s] ref seed=4 task 13/150
[    92.9s] ref seed=4 task 14/150
[   100.0s] ref seed=4 task 15/150
[   107.3s] ref seed=4 task 16/150
[   114.6s] ref seed=4 task 17/150
[   122.2s] ref seed=4 task 18/150
[   129.9s] ref seed=4 task 19/150
[   137.8s] ref seed=4 task 20/150
[   145.9s] ref seed=4 task 21/150
[   154.6s] ref seed=4 task 22/150
[   164.1s] ref seed=4 task 23/150
[   173.2s] ref seed=4 task 24/150
[   182.7s] ref seed=4 task 25/150
[   192.2s] ref seed=4 task 26/150
[   201.6s] ref seed=4 task 27/150
[   211.6s] ref seed=4 task 28/150
[   221.8s] ref seed=4 task 29/150
[   231.3s] ref seed=4 task 30/150
[   240.5s] ref seed=4 task 31/150
[   249.4s] ref seed=4 task 32/150
[   258.6s] ref seed=4 task 33/150
[   267.9s] ref seed=4 task 34/150
[   277.2s] ref seed=4 task 35/150
[   286.8s] ref seed=4 task 36/150
[   296.4s] ref seed=4 task 37/150
[   305.8s] ref seed=4 task 38/150
[   315.6s] ref seed=4 task 39/150
[   325.5s] ref seed=4 task 40/150
[   335.4s] ref seed=4 task 41/150
[   345.4s] ref seed=4 task 42/150
[   355.4s] ref seed=4 task 43/150
[   365.5s] ref seed=4 task 44/150
[   375.3s] ref seed=4 task 45/150
[   385.3s] ref seed=4 task 46/150
[   395.3s] ref seed=4 task 47/150
[   405.4s] ref seed=4 task 48/150
[   415.8s] ref seed=4 task 49/150
[   426.2s] ref seed=4 task 50/150
[   436.7s] ref seed=4 task 51/150
[   447.5s] ref seed=4 task 52/150
[   458.0s] ref seed=4 task 53/150
[   468.5s] ref seed=4 task 54/150
[   478.9s] ref seed=4 task 55/150
[   489.4s] ref seed=4 task 56/150
[   499.6s] ref seed=4 task 57/150
[   509.9s] ref seed=4 task 58/150
[   520.2s] ref seed=4 task 59/150
[   530.8s] ref seed=4 task 60/150
[   541.6s] ref seed=4 task 61/150
[   552.5s] ref seed=4 task 62/150
[   563.5s] ref seed=4 task 63/150
[   574.5s] ref seed=4 task 64/150
[   586.0s] ref seed=4 task 65/150
[   597.6s] ref seed=4 task 66/150
[   609.2s] ref seed=4 task 67/150
[   621.2s] ref seed=4 task 68/150
[   633.1s] ref seed=4 task 69/150
[   645.1s] ref seed=4 task 70/150
[   657.4s] ref seed=4 task 71/150
[   669.5s] ref seed=4 task 72/150
[   681.6s] ref seed=4 task 73/150
[   693.4s] ref seed=4 task 74/150
[   705.3s] ref seed=4 task 75/150
[   717.6s] ref seed=4 task 76/150
[   730.2s] ref seed=4 task 77/150
[   742.1s] ref seed=4 task 78/150
[   754.7s] ref seed=4 task 79/150
[   766.7s] ref seed=4 task 80/150
[   778.6s] ref seed=4 task 81/150
[   790.3s] ref seed=4 task 82/150
[   802.6s] ref seed=4 task 83/150
[   814.8s] ref seed=4 task 84/150
[   827.0s] ref seed=4 task 85/150
[   839.5s] ref seed=4 task 86/150
[   851.8s] ref seed=4 task 87/150
[   863.6s] ref seed=4 task 88/150
[   875.2s] ref seed=4 task 89/150
[   886.9s] ref seed=4 task 90/150
[   898.5s] ref seed=4 task 91/150
[   910.1s] ref seed=4 task 92/150
[   921.5s] ref seed=4 task 93/150
[   933.3s] ref seed=4 task 94/150
[   945.2s] ref seed=4 task 95/150
[   956.9s] ref seed=4 task 96/150
[   968.2s] ref seed=4 task 97/150
[   979.2s] ref seed=4 task 98/150
[   990.4s] ref seed=4 task 99/150
[  1001.6s] ref seed=4 task 100/150
[  1012.7s] ref seed=4 task 101/150
[  1024.3s] ref seed=4 task 102/150
[  1035.9s] ref seed=4 task 103/150
[  1047.3s] ref seed=4 task 104/150
[  1059.2s] ref seed=4 task 105/150
[  1071.0s] ref seed=4 task 106/150
[  1082.6s] ref seed=4 task 107/150
[  1094.0s] ref seed=4 task 108/150
[  1105.8s] ref seed=4 task 109/150
[  1118.0s] ref seed=4 task 110/150
[  1130.1s] ref seed=4 task 111/150
[  1141.9s] ref seed=4 task 112/150
[  1157.0s] ref seed=4 task 113/150
[  1169.8s] ref seed=4 task 114/150
[  1181.3s] ref seed=4 task 115/150
[  1193.1s] ref seed=4 task 116/150
[  1204.9s] ref seed=4 task 117/150
[  1216.7s] ref seed=4 task 118/150
[  1229.9s] ref seed=4 task 119/150
[  1243.9s] ref seed=4 task 120/150
[  1257.7s] ref seed=4 task 121/150
[  1270.2s] ref seed=4 task 122/150
[  1282.4s] ref seed=4 task 123/150
[  1295.0s] ref seed=4 task 124/150
[  1308.2s] ref seed=4 task 125/150
[  1322.1s] ref seed=4 task 126/150
[  1335.1s] ref seed=4 task 127/150
[  1347.6s] ref seed=4 task 128/150
[  1359.5s] ref seed=4 task 129/150
[  1372.2s] ref seed=4 task 130/150
[  1384.3s] ref seed=4 task 131/150
[  1396.1s] ref seed=4 task 132/150
[  1408.5s] ref seed=4 task 133/150
[  1421.4s] ref seed=4 task 134/150
[  1436.0s] ref seed=4 task 135/150
[  1449.4s] ref seed=4 task 136/150
[  1463.3s] ref seed=4 task 137/150
[  1476.4s] ref seed=4 task 138/150
[  1488.2s] ref seed=4 task 139/150
[  1500.7s] ref seed=4 task 140/150
[  1513.7s] ref seed=4 task 141/150
[  1526.5s] ref seed=4 task 142/150
[  1539.1s] ref seed=4 task 143/150
[  1551.7s] ref seed=4 task 144/150
[  1564.3s] ref seed=4 task 145/150
[  1577.0s] ref seed=4 task 146/150
[  1589.2s] ref seed=4 task 147/150
[  1601.8s] ref seed=4 task 148/150
[  1615.2s] ref seed=4 task 149/150
[  1628.4s] ref seed=4 task 150/150
wrote results/mucap_el_0916/runs/ref_s4  (150 task rows, 1628.6s)
