[     6.8s] ref seed=2 task 1/150
[    13.1s] ref seed=2 task 2/150
[    19.3s] ref seed=2 task 3/150
[    25.5s] ref seed=2 task 4/150
[    31.6s] ref seed=2 task 5/150
[    37.8s] ref seed=2 task 6/150
[    44.3s] ref seed=2 task 7/150
[    50.8s] ref seed=2 task 8/150
[    57.4s] ref seed=2 task 9/150
[    64.4s] ref seed=2 task 10/150
[    71.1s] ref seed=2 task 11/150
[    78.2s] ref seed=2 task 12/150
[    85.5s] ref seed=2 task 13/150
[    93.0s] ref seed=2 task 14/150
[    99.9s] ref seed=2 task 15/150
[   107.2s] ref seed=2 task 16/150
[   114.9s] ref seed=2 task 17/150
[   122.7s] ref seed=2 task 18/150
[   130.9s] ref seed=2 task 19/150
[   138.8s] ref seed=2 task 20/150
[   147.1s] ref seed=2 task 21/150
[   155.2s] ref seed=2 task 22/150
[   163.5s] ref seed=2 task 23/150
[   171.6s] ref seed=2 task 24/150
[   180.0s] ref seed=2 task 25/150
[   189.2s] ref seed=2 task 26/150
[   198.1s] ref seed=2 task 27/150
[   206.9s] ref seed=2 task 28/150
[   215.9s] ref seed=2 task 29/150
[   225.3s] ref seed=2 task 30/150
[   234.5s] ref seed=2 task 31/150
[   243.7s] ref seed=2 task 32/150
[   253.3s] ref seed=2 task 33/150
[   262.7s] ref seed=2 task 34/150
[   272.4s] ref seed=2 task 35/150
[   282.3s] ref seed=2 task 36/150
[   291.9s] ref seed=2 task 37/150
[   302.4s] ref seed=2 task 38/150
[   312.8s] ref seed=2 task 39/150
[   323.6s] ref seed=2 task 40/150
[   334.5s] ref seed=2 task 41/150
[   345.7s] ref seed=2 task 42/150
[   356.0s] ref seed=2 task 43/150
[   367.4s] ref seed=2 task 44/150
[   378.4s] ref seed=2 task 45/150
[   389.2s] ref seed=2 task 46/150
[   400.5s] ref seed=2 task 47/150
[   411.5s] ref seed=2 task 48/150
[   422.8s] ref seed=2 task 49/150
[   434.4s] ref seed=2 task 50/150
[   445.7s] ref seed=2 task 51/150
[   456.6s] ref seed=2 task 52/150
[   467.0s] ref seed=2 task 53/150
[   477.9s] ref seed=2 task 54/150
[   488.4s] ref seed=2 task 55/150
[   498.7s] ref seed=2 task 56/150
[   509.3s] ref seed=2 task 57/150
[   519.8s] ref seed=2 task 58/150
[   530.5s] ref seed=2 task 59/150
[   541.3s] ref seed=2 task 60/150
[   552.5s] ref seed=2 task 61/150
[   563.8s] ref seed=2 task 62/150
[   575.0s] ref seed=2 task 63/150
[   586.2s] ref seed=2 task 64/150
[   597.6s] ref seed=2 task 65/150
[   609.0s] ref seed=2 task 66/150
[   620.1s] ref seed=2 task 67/150
[   631.2s] ref seed=2 task 68/150
[   642.0s] ref seed=2 task 69/150
[   652.7s] ref seed=2 task 70/150
[   663.3s] ref seed=2 task 71/150
[   674.1s] ref seed=2 task 72/150
[   685.0s] ref seed=2 task 73/150
[   696.0s] ref seed=2 task 74/150
[   707.2s] ref seed=2 task 75/150
[   718.2s] ref seed=2 task 76/150
[   729.3s] ref seed=2 task 77/150
[   740.5s] ref seed=2 task 78/150
[   751.9s] ref seed=2 task 79/150
[   763.6s] ref seed=2 task 80/150
[   775.4s] ref seed=2 task 81/150
[   786.9s] ref seed=2 task 82/150
[   798.0s] ref seed=2 task 83/150
[   809.0s] ref seed=2 task 84/150
[   820.1s] ref seed=2 task 85/150
[   831.1s] ref seed=2 task 86/150
[   842.2s] ref seed=2 task 87/150
[   853.3s] ref seed=2 task 88/150
[   864.3s] ref seed=2 task 89/150
[   875.5s] ref seed=2 task 90/150
[   886.7s] ref seed=2 task 91/150
[   897.9s] ref seed=2 task 92/150
[   909.3s] ref seed=2 task 93/150
[   920.6s] ref seed=2 task 94/150
[   931.8s] ref seed=2 task 95/150
[   942.9s] ref seed=2 task 96/150
[   954.0s] ref seed=2 task 97/150
[   965.0s] ref seed=2 task 98/150
[   976.0s] ref seed=2 task 99/150
[   987.2s] ref seed=2 task 100/150
[   998.5s] ref seed=2 task 101/150
[  1010.0s] ref seed=2 task 102/150
[  1021.8s] ref seed=2 task 103/150
[  1033.8s] ref seed=2 task 104/150
[  1045.7s] ref seed=2 task 105/150
[  1057.5s] ref seed=2 task 106/150
[  1069.2s] ref seed=2 task 107/150
[  1080.8s] ref seed=2 task 108/150
[  1092.2s] ref seed=2 task 109/150
[  1103.6s] ref seed=2 task 110/150
[  1115.0s] ref seed=2 task 111/150
[  1126.6s] ref seed=2 task 112/150
[  1138.1s] ref seed=2 task 113/150
[  1149.6s] ref seed=2 task 114/150
[  1161.3s] ref seed=2 task 115/150
[  1174.1s] ref seed=2 task 116/150
[  1186.4s] ref seed=2 task 117/150
[  1198.8s] ref seed=2 task 118/150
[  1211.2s] ref seed=2 task 119/150
[  1223.7s] ref seed=2 task 120/150
[  1236.0s] ref seed=2 task 121/150
[  1247.9s] ref seed=2 task 122/150
[  1259.9s] ref seed=2 task 123/150
[  1272.4s] ref seed=2 task 124/150
[  1284.9s] ref seed=2 task 125/150
[  1296.8s] ref seed=2 task 126/150
[  1309.0s] ref seed=2 task 127/150
[  1321.5s] ref seed=2 task 128/150
[  1334.1s] ref seed=2 task 129/150
[  1346.5s] ref seed=2 task 130/150
[  1358.7s] ref seed=2 task 131/150
[  1370.7s] ref seed=2 task 132/150
[  1382.7s] ref seed=2 task 133/150
[  1394.9s] ref seed=2 task 134/150
[  1407.4s] ref seed=2 task 135/150
[  1420.3s] ref seed=2 task 136/150
[  1432.6s] ref seed=2 task 137/150
[  1444.4s] ref seed=2 task 138/150
[  1456.6s] ref seed=2 task 139/150
[  1468.4s] ref seed=2 task 140/150
[  1480.6s] ref seed=2 task 141/150
[  1492.6s] ref seed=2 task 142/150
[  1504.5s] ref seed=2 task 143/150
[  1516.5s] ref seed=2 task 144/150
[  1528.4s] ref seed=2 task 145/150
[  1540.3s] ref seed=2 task 146/150
[  1552.0s] ref seed=2 task 147/150
[  1563.7s] ref seed=2 task 148/150
[  1575.8s] ref seed=2 task 149/150
[  1587.7s] ref seed=2 task 150/150
wrote results/mucap_el_0916/runs/ref_s2  (150 task rows, 1587.9s)
