[     7.2s] ref seed=8 task 1/150
[    14.0s] ref seed=8 task 2/150
[    20.7s] ref seed=8 task 3/150
[    27.5s] ref seed=8 task 4/150
[    34.2s] ref seed=8 task 5/150
[    40.8s] ref seed=8 task 6/150
[    47.5s] ref seed=8 task 7/150
[    54.2s] ref seed=8 task 8/150
[    61.0s] ref seed=8 task 9/150
[    67.8s] ref seed=8 task 10/150
[    74.6s] ref seed=8 task 11/150
[    81.4s] ref seed=8 task 12/150
[    88.5s] ref seed=8 task 13/150
[    95.9s] ref seed=8 task 14/150
[   103.3s] ref seed=8 task 15/150
[   110.9s] ref seed=8 task 16/150
[   118.4s] ref seed=8 task 17/150
[   126.2s] ref seed=8 task 18/150
[   134.3s] ref seed=8 task 19/150
[   142.2s] ref seed=8 task 20/150
[   150.3s] ref seed=8 task 21/150
[   158.7s] ref seed=8 task 22/150
[   167.2s] ref seed=8 task 23/150
[   176.2s] ref seed=8 task 24/150
[   184.6s] ref seed=8 task 25/150
[   193.2s] ref seed=8 task 26/150
[   201.8s] ref seed=8 task 27/150
[   210.4s] ref seed=8 task 28/150
[   219.2s] ref seed=8 task 29/150
[   228.2s] ref seed=8 task 30/150
[   237.2s] ref seed=8 task 31/150
[   246.3s] ref seed=8 task 32/150
[   255.4s] ref seed=8 task 33/150
[   264.7s] ref seed=8 task 34/150
[   274.1s] ref seed=8 task 35/150
[   283.4s] ref seed=8 task 36/150
[   292.9s] ref seed=8 task 37/150
[   302.4s] ref seed=8 task 38/150
[   311.7s] ref seed=8 task 39/150
[   321.3s] ref seed=8 task 40/150
[   330.9s] ref seed=8 task 41/150
[   340.7s] ref seed=8 task 42/150
[   350.6s] ref seed=8 task 43/150
[   360.5s] ref seed=8 task 44/150
[   370.5s] ref seed=8 task 45/150
[   380.5s] ref seed=8 task 46/150
[   390.9s] ref seed=8 task 47/150
[   401.4s] ref seed=8 task 48/150
[   411.9s] ref seed=8 task 49/150
[   422.4s] ref seed=8 task 50/150
[   432.8s] ref seed=8 task 51/150
[   443.3s] ref seed=8 task 52/150
[   453.9s] ref seed=8 task 53/150
[   465.0s] ref seed=8 task 54/150
[   476.2s] ref seed=8 task 55/150
[   486.7s] ref seed=8 task 56/150
[   497.4s] ref seed=8 task 57/150
[   508.2s] ref seed=8 task 58/150
[   519.1s] ref seed=8 task 59/150
[   530.3s] ref seed=8 task 60/150
[   541.5s] ref seed=8 task 61/150
[   552.9s] ref seed=8 task 62/150
[   564.0s] ref seed=8 task 63/150
[   574.9s] ref seed=8 task 64/150
[   586.1s] ref seed=8 task 65/150
[   596.9s] ref seed=8 task 66/150
[   607.8s] ref seed=8 task 67/150
[   618.6s] ref seed=8 task 68/150
[   629.6s] ref seed=8 task 69/150
[   640.6s] ref seed=8 task 70/150
[   651.6s] ref seed=8 task 71/150
[   662.6s] ref seed=8 task 72/150
[   674.1s] ref seed=8 task 73/150
[   685.2s] ref seed=8 task 74/150
[   696.2s] ref seed=8 task 75/150
[   707.4s] ref seed=8 task 76/150
[   718.6s] ref seed=8 task 77/150
[   729.6s] ref seed=8 task 78/150
[   740.7s] ref seed=8 task 79/150
[   751.7s] ref seed=8 task 80/150
[   762.7s] ref seed=8 task 81/150
[   773.8s] ref seed=8 task 82/150
[   784.9s] ref seed=8 task 83/150
[   796.0s] ref seed=8 task 84/150
[   807.1s] ref seed=8 task 85/150
[   818.1s] ref seed=8 task 86/150
[   829.1s] ref seed=8 task 87/150
[   840.1s] ref seed=8 task 88/150
[   851.2s] ref seed=8 task 89/150
[   862.4s] ref seed=8 task 90/150
[   873.6s] ref seed=8 task 91/150
[   884.7s] ref seed=8 task 92/150
[   895.7s] ref seed=8 task 93/150
[   906.8s] ref seed=8 task 94/150
[   918.0s] ref seed=8 task 95/150
[   929.6s] ref seed=8 task 96/150
[   942.3s] ref seed=8 task 97/150
[   953.9s] ref seed=8 task 98/150
[   966.1s] ref seed=8 task 99/150
[   977.7s] ref seed=8 task 100/150
[   989.6s] ref seed=8 task 101/150
[  1001.2s] ref seed=8 task 102/150
[  1012.8s] ref seed=8 task 103/150
[  1025.3s] ref seed=8 task 104/150
[  1037.9s] ref seed=8 task 105/150
[  1050.7s] ref seed=8 task 106/150
[  1063.4s] ref seed=8 task 107/150
[  1076.1s] ref seed=8 task 108/150
[  1089.0s] ref seed=8 task 109/150
[  1101.6s] ref seed=8 task 110/150
[  1114.3s] ref seed=8 task 111/150
[  1127.3s] ref seed=8 task 112/150
[  1140.0s] ref seed=8 task 113/150
[  1152.8s] ref seed=8 task 114/150
[  1165.7s] ref seed=8 task 115/150
[  1178.9s] ref seed=8 task 116/150
[  1192.2s] ref seed=8 task 117/150
[  1205.2s] ref seed=8 task 118/150
[  1219.1s] ref seed=8 task 119/150
[  1232.9s] ref seed=8 task 120/150
[  1245.9s] ref seed=8 task 121/150
[  1258.5s] ref seed=8 task 122/150
[  1271.0s] ref seed=8 task 123/150
[  1283.6s] ref seed=8 task 124/150
[  1296.3s] ref seed=8 task 125/150
[  1309.7s] ref seed=8 task 126/150
[  1323.1s] ref seed=8 task 127/150
[  1336.5s] ref seed=8 task 128/150
[  1349.4s] ref seed=8 task 129/150
[  1362.7s] ref seed=8 task 130/150
[  1375.5s] ref seed=8 task 131/150
[  1388.1s] ref seed=8 task 132/150
[  1400.2s] ref seed=8 task 133/150
[  1412.1s] ref seed=8 task 134/150
[  1424.2s] ref seed=8 task 135/150
[  1436.3s] ref seed=8 task 136/150
[  1448.9s] ref seed=8 task 137/150
[  1461.8s] ref seed=8 task 138/150
[  1474.7s] ref seed=8 task 139/150
[  1487.4s] ref seed=8 task 140/150
[  1500.5s] ref seed=8 task 141/150
[  1513.4s] ref seed=8 task 142/150
[  1525.8s] ref seed=8 task 143/150
[  1538.6s] ref seed=8 task 144/150
[  1551.1s] ref seed=8 task 145/150
[  1563.6s] ref seed=8 task 146/150
[  1576.2s] ref seed=8 task 147/150
[  1588.5s] ref seed=8 task 148/150
[  1601.1s] ref seed=8 task 149/150
[  1613.7s] ref seed=8 task 150/150
wrote results/mucap_el_0916/runs/ref_s8  (150 task rows, 1613.9s)
