[     7.2s] ref seed=9 task 1/150
[    13.8s] ref seed=9 task 2/150
[    20.5s] ref seed=9 task 3/150
[    27.0s] ref seed=9 task 4/150
[    33.8s] ref seed=9 task 5/150
[    41.5s] ref seed=9 task 6/150
[    48.7s] ref seed=9 task 7/150
[    56.2s] ref seed=9 task 8/150
[    63.9s] ref seed=9 task 9/150
[    71.5s] ref seed=9 task 10/150
[    78.8s] ref seed=9 task 11/150
[    86.5s] ref seed=9 task 12/150
[    94.4s] ref seed=9 task 13/150
[   102.2s] ref seed=9 task 14/150
[   110.3s] ref seed=9 task 15/150
[   117.9s] ref seed=9 task 16/150
[   125.8s] ref seed=9 task 17/150
[   134.1s] ref seed=9 task 18/150
[   142.2s] ref seed=9 task 19/150
[   150.4s] ref seed=9 task 20/150
[   158.7s] ref seed=9 task 21/150
[   167.1s] ref seed=9 task 22/150
[   175.5s] ref seed=9 task 23/150
[   184.1s] ref seed=9 task 24/150
[   193.0s] ref seed=9 task 25/150
[   202.1s] ref seed=9 task 26/150
[   211.1s] ref seed=9 task 27/150
[   220.5s] ref seed=9 task 28/150
[   230.4s] ref seed=9 task 29/150
[   239.9s] ref seed=9 task 30/150
[   250.0s] ref seed=9 task 31/150
[   260.1s] ref seed=9 task 32/150
[   270.8s] ref seed=9 task 33/150
[   281.1s] ref seed=9 task 34/150
[   290.7s] ref seed=9 task 35/150
[   299.6s] ref seed=9 task 36/150
[   308.4s] ref seed=9 task 37/150
[   317.3s] ref seed=9 task 38/150
[   326.1s] ref seed=9 task 39/150
[   335.1s] ref seed=9 task 40/150
[   344.1s] ref seed=9 task 41/150
[   353.4s] ref seed=9 task 42/150
[   362.6s] ref seed=9 task 43/150
[   372.1s] ref seed=9 task 44/150
[   381.5s] ref seed=9 task 45/150
[   390.9s] ref seed=9 task 46/150
[   400.3s] ref seed=9 task 47/150
[   409.9s] ref seed=9 task 48/150
[   419.3s] ref seed=9 task 49/150
[   428.7s] ref seed=9 task 50/150
[   438.3s] ref seed=9 task 51/150
[   448.1s] ref seed=9 task 52/150
[   457.1s] ref seed=9 task 53/150
[   465.5s] ref seed=9 task 54/150
[   474.0s] ref seed=9 task 55/150
[   482.4s] ref seed=9 task 56/150
[   491.1s] ref seed=9 task 57/150
[   500.0s] ref seed=9 task 58/150
[   508.8s] ref seed=9 task 59/150
[   517.7s] ref seed=9 task 60/150
[   526.4s] ref seed=9 task 61/150
[   535.0s] ref seed=9 task 62/150
[   543.8s] ref seed=9 task 63/150
[   552.6s] ref seed=9 task 64/150
[   561.6s] ref seed=9 task 65/150
[   570.4s] ref seed=9 task 66/150
[   579.2s] ref seed=9 task 67/150
[   588.0s] ref seed=9 task 68/150
[   596.9s] ref seed=9 task 69/150
[   606.0s] ref seed=9 task 70/150
[   614.9s] ref seed=9 task 71/150
[   623.9s] ref seed=9 task 72/150
[   633.0s] ref seed=9 task 73/150
[   642.6s] ref seed=9 task 74/150
[   652.0s] ref seed=9 task 75/150
[   661.6s] ref seed=9 task 76/150
[   671.2s] ref seed=9 task 77/150
[   680.5s] ref seed=9 task 78/150
[   689.7s] ref seed=9 task 79/150
[   699.1s] ref seed=9 task 80/150
[   708.8s] ref seed=9 task 81/150
[   718.1s] ref seed=9 task 82/150
[   727.7s] ref seed=9 task 83/150
[   737.1s] ref seed=9 task 84/150
[   746.6s] ref seed=9 task 85/150
[   756.0s] ref seed=9 task 86/150
[   765.4s] ref seed=9 task 87/150
[   774.9s] ref seed=9 task 88/150
[   784.3s] ref seed=9 task 89/150
[   793.6s] ref seed=9 task 90/150
[   802.9s] ref seed=9 task 91/150
[   812.1s] ref seed=9 task 92/150
[   821.4s] ref seed=9 task 93/150
[   830.6s] ref seed=9 task 94/150
[   840.3s] ref seed=9 task 95/150
[   849.9s] ref seed=9 task 96/150
[   859.5s] ref seed=9 task 97/150
[   869.1s] ref seed=9 task 98/150
[   878.4s] ref seed=9 task 99/150
[   888.0s] ref seed=9 task 100/150
[   897.2s] ref seed=9 task 101/150
[   906.5s] ref seed=9 task 102/150
[   915.7s] ref seed=9 task 103/150
[   925.1s] ref seed=9 task 104/150
[   934.6s] ref seed=9 task 105/150
[   944.1s] ref seed=9 task 106/150
[   953.5s] ref seed=9 task 107/150
[   963.0s] ref seed=9 task 108/150
[   972.6s] ref seed=9 task 109/150
[   982.1s] ref seed=9 task 110/150
[   991.8s] ref seed=9 task 111/150
[  1001.7s] ref seed=9 task 112/150
[  1011.2s] ref seed=9 task 113/150
[  1020.8s] ref seed=9 task 114/150
[  1030.9s] ref seed=9 task 115/150
[  1040.3s] ref seed=9 task 116/150
[  1050.0s] ref seed=9 task 117/150
[  1059.8s] ref seed=9 task 118/150
[  1069.7s] ref seed=9 task 119/150
[  1079.8s] ref seed=9 task 120/150
[  1089.8s] ref seed=9 task 121/150
[  1099.6s] ref seed=9 task 122/150
[  1109.6s] ref seed=9 task 123/150
[  1119.5s] ref seed=9 task 124/150
[  1129.5s] ref seed=9 task 125/150
[  1139.6s] ref seed=9 task 126/150
[  1149.4s] ref seed=9 task 127/150
[  1159.2s] ref seed=9 task 128/150
[  1168.9s] ref seed=9 task 129/150
[  1178.6s] ref seed=9 task 130/150
[  1188.5s] ref seed=9 task 131/150
[  1198.1s] ref seed=9 task 132/150
[  1208.0s] ref seed=9 task 133/150
[  1217.7s] ref seed=9 task 134/150
[  1227.4s] ref seed=9 task 135/150
[  1237.1s] ref seed=9 task 136/150
[  1247.1s] ref seed=9 task 137/150
[  1257.2s] ref seed=9 task 138/150
[  1267.2s] ref seed=9 task 139/150
[  1277.2s] ref seed=9 task 140/150
[  1287.2s] ref seed=9 task 141/150
[  1297.3s] ref seed=9 task 142/150
[  1307.0s] ref seed=9 task 143/150
[  1317.0s] ref seed=9 task 144/150
[  1326.6s] ref seed=9 task 145/150
[  1336.4s] ref seed=9 task 146/150
[  1346.5s] ref seed=9 task 147/150
[  1356.6s] ref seed=9 task 148/150
[  1366.3s] ref seed=9 task 149/150
[  1376.2s] ref seed=9 task 150/150
wrote results/mucap_el_0916/runs/ref_s9  (150 task rows, 1376.5s)
