[     7.9s] ref seed=6 task 1/150
[    14.9s] ref seed=6 task 2/150
[    21.7s] ref seed=6 task 3/150
[    28.7s] ref seed=6 task 4/150
[    35.5s] ref seed=6 task 5/150
[    42.6s] ref seed=6 task 6/150
[    49.6s] ref seed=6 task 7/150
[    56.3s] ref seed=6 task 8/150
[    63.3s] ref seed=6 task 9/150
[    70.6s] ref seed=6 task 10/150
[    77.9s] ref seed=6 task 11/150
[    85.5s] ref seed=6 task 12/150
[    92.8s] ref seed=6 task 13/150
[   100.3s] ref seed=6 task 14/150
[   108.7s] ref seed=6 task 15/150
[   117.5s] ref seed=6 task 16/150
[   126.2s] ref seed=6 task 17/150
[   134.8s] ref seed=6 task 18/150
[   143.1s] ref seed=6 task 19/150
[   151.5s] ref seed=6 task 20/150
[   160.6s] ref seed=6 task 21/150
[   169.8s] ref seed=6 task 22/150
[   178.8s] ref seed=6 task 23/150
[   188.3s] ref seed=6 task 24/150
[   197.8s] ref seed=6 task 25/150
[   207.5s] ref seed=6 task 26/150
[   217.6s] ref seed=6 task 27/150
[   227.7s] ref seed=6 task 28/150
[   237.9s] ref seed=6 task 29/150
[   248.1s] ref seed=6 task 30/150
[   258.2s] ref seed=6 task 31/150
[   268.3s] ref seed=6 task 32/150
[   279.6s] ref seed=6 task 33/150
[   290.7s] ref seed=6 task 34/150
[   301.6s] ref seed=6 task 35/150
[   312.2s] ref seed=6 task 36/150
[   323.0s] ref seed=6 task 37/150
[   334.0s] ref seed=6 task 38/150
[   345.1s] ref seed=6 task 39/150
[   356.6s] ref seed=6 task 40/150
[   367.3s] ref seed=6 task 41/150
[   378.2s] ref seed=6 task 42/150
[   389.7s] ref seed=6 task 43/150
[   401.2s] ref seed=6 task 44/150
[   412.9s] ref seed=6 task 45/150
[   425.9s] ref seed=6 task 46/150
[   438.4s] ref seed=6 task 47/150
[   450.5s] ref seed=6 task 48/150
[   463.5s] ref seed=6 task 49/150
[   477.3s] ref seed=6 task 50/150
[   490.2s] ref seed=6 task 51/150
[   503.2s] ref seed=6 task 52/150
[   517.3s] ref seed=6 task 53/150
[   530.9s] ref seed=6 task 54/150
[   543.5s] ref seed=6 task 55/150
[   556.0s] ref seed=6 task 56/150
[   568.3s] ref seed=6 task 57/150
[   580.3s] ref seed=6 task 58/150
[   592.0s] ref seed=6 task 59/150
[   603.9s] ref seed=6 task 60/150
[   615.9s] ref seed=6 task 61/150
[   627.6s] ref seed=6 task 62/150
[   639.1s] ref seed=6 task 63/150
[   650.6s] ref seed=6 task 64/150
[   662.0s] ref seed=6 task 65/150
[   673.5s] ref seed=6 task 66/150
[   685.8s] ref seed=6 task 67/150
[   697.4s] ref seed=6 task 68/150
[   709.6s] ref seed=6 task 69/150
[   721.6s] ref seed=6 task 70/150
[   733.6s] ref seed=6 task 71/150
[   745.6s] ref seed=6 task 72/150
[   757.2s] ref seed=6 task 73/150
[   768.8s] ref seed=6 task 74/150
[   780.3s] ref seed=6 task 75/150
[   791.9s] ref seed=6 task 76/150
[   803.9s] ref seed=6 task 77/150
[   818.1s] ref seed=6 task 78/150
[   832.5s] ref seed=6 task 79/150
[   846.6s] ref seed=6 task 80/150
[   860.7s] ref seed=6 task 81/150
[   875.3s] ref seed=6 task 82/150
[   889.9s] ref seed=6 task 83/150
[   904.4s] ref seed=6 task 84/150
[   921.8s] ref seed=6 task 85/150
[   937.2s] ref seed=6 task 86/150
[   952.3s] ref seed=6 task 87/150
[   970.6s] ref seed=6 task 88/150
[   986.1s] ref seed=6 task 89/150
[  1001.0s] ref seed=6 task 90/150
[  1014.7s] ref seed=6 task 91/150
[  1028.9s] ref seed=6 task 92/150
[  1043.7s] ref seed=6 task 93/150
[  1058.3s] ref seed=6 task 94/150
[  1071.5s] ref seed=6 task 95/150
[  1084.5s] ref seed=6 task 96/150
[  1098.4s] ref seed=6 task 97/150
[  1112.8s] ref seed=6 task 98/150
[  1127.6s] ref seed=6 task 99/150
[  1142.9s] ref seed=6 task 100/150
[  1159.3s] ref seed=6 task 101/150
[  1179.5s] ref seed=6 task 102/150
[  1194.7s] ref seed=6 task 103/150
[  1209.2s] ref seed=6 task 104/150
[  1223.4s] ref seed=6 task 105/150
[  1237.4s] ref seed=6 task 106/150
[  1251.2s] ref seed=6 task 107/150
[  1264.7s] ref seed=6 task 108/150
[  1277.8s] ref seed=6 task 109/150
[  1290.9s] ref seed=6 task 110/150
[  1304.1s] ref seed=6 task 111/150
[  1317.2s] ref seed=6 task 112/150
[  1329.9s] ref seed=6 task 113/150
[  1341.7s] ref seed=6 task 114/150
[  1353.2s] ref seed=6 task 115/150
[  1364.9s] ref seed=6 task 116/150
[  1377.1s] ref seed=6 task 117/150
[  1388.9s] ref seed=6 task 118/150
[  1400.6s] ref seed=6 task 119/150
[  1412.3s] ref seed=6 task 120/150
[  1424.4s] ref seed=6 task 121/150
[  1436.6s] ref seed=6 task 122/150
[  1448.2s] ref seed=6 task 123/150
[  1459.8s] ref seed=6 task 124/150
[  1471.4s] ref seed=6 task 125/150
[  1482.9s] ref seed=6 task 126/150
[  1495.6s] ref seed=6 task 127/150
[  1507.4s] ref seed=6 task 128/150
[  1519.4s] ref seed=6 task 129/150
[  1531.5s] ref seed=6 task 130/150
[  1543.4s] ref seed=6 task 131/150
[  1555.4s] ref seed=6 task 132/150
[  1567.5s] ref seed=6 task 133/150
[  1579.5s] ref seed=6 task 134/150
[  1591.4s] ref seed=6 task 135/150
[  1603.4s] ref seed=6 task 136/150
[  1615.4s] ref seed=6 task 137/150
[  1627.3s] ref seed=6 task 138/150
[  1639.0s] ref seed=6 task 139/150
[  1650.8s] ref seed=6 task 140/150
[  1662.5s] ref seed=6 task 141/150
[  1674.1s] ref seed=6 task 142/150
[  1686.1s] ref seed=6 task 143/150
[  1697.8s] ref seed=6 task 144/150
[  1709.3s] ref seed=6 task 145/150
[  1720.9s] ref seed=6 task 146/150
[  1732.8s] ref seed=6 task 147/150
[  1744.5s] ref seed=6 task 148/150
[  1756.4s] ref seed=6 task 149/150
[  1768.5s] ref seed=6 task 150/150
wrote results/mucap_el_0916/runs/ref_s6  (150 task rows, 1768.7s)
