[     7.6s] ref seed=1 task 1/150
[    14.8s] ref seed=1 task 2/150
[    21.9s] ref seed=1 task 3/150
[    29.3s] ref seed=1 task 4/150
[    36.5s] ref seed=1 task 5/150
[    43.8s] ref seed=1 task 6/150
[    51.6s] ref seed=1 task 7/150
[    59.0s] ref seed=1 task 8/150
[    66.0s] ref seed=1 task 9/150
[    73.2s] ref seed=1 task 10/150
[    80.7s] ref seed=1 task 11/150
[    88.3s] ref seed=1 task 12/150
[    95.9s] ref seed=1 task 13/150
[   103.2s] ref seed=1 task 14/150
[   110.4s] ref seed=1 task 15/150
[   118.0s] ref seed=1 task 16/150
[   125.8s] ref seed=1 task 17/150
[   133.6s] ref seed=1 task 18/150
[   141.8s] ref seed=1 task 19/150
[   150.0s] ref seed=1 task 20/150
[   158.6s] ref seed=1 task 21/150
[   167.1s] ref seed=1 task 22/150
[   175.7s] ref seed=1 task 23/150
[   184.5s] ref seed=1 task 24/150
[   193.2s] ref seed=1 task 25/150
[   202.1s] ref seed=1 task 26/150
[   211.0s] ref seed=1 task 27/150
[   220.2s] ref seed=1 task 28/150
[   229.5s] ref seed=1 task 29/150
[   238.7s] ref seed=1 task 30/150
[   247.9s] ref seed=1 task 31/150
[   257.1s] ref seed=1 task 32/150
[   266.4s] ref seed=1 task 33/150
[   275.6s] ref seed=1 task 34/150
[   284.8s] ref seed=1 task 35/150
[   293.8s] ref seed=1 task 36/150
[   302.8s] ref seed=1 task 37/150
[   312.0s] ref seed=1 task 38/150
[   321.5s] ref seed=1 task 39/150
[   330.9s] ref seed=1 task 40/150
[   340.4s] ref seed=1 task 41/150
[   349.7s] ref seed=1 task 42/150
[   359.2s] ref seed=1 task 43/150
[   368.9s] ref seed=1 task 44/150
[   378.8s] ref seed=1 task 45/150
[   388.9s] ref seed=1 task 46/150
[   398.7s] ref seed=1 task 47/150
[   408.6s] ref seed=1 task 48/150
[   418.6s] ref seed=1 task 49/150
[   428.9s] ref seed=1 task 50/150
[   439.2s] ref seed=1 task 51/150
[   449.6s] ref seed=1 task 52/150
[   460.0s] ref seed=1 task 53/150
[   470.5s] ref seed=1 task 54/150
[   481.1s] ref seed=1 task 55/150
[   491.7s] ref seed=1 task 56/150
[   502.4s] ref seed=1 task 57/150
[   513.2s] ref seed=1 task 58/150
[   524.1s] ref seed=1 task 59/150
[   535.0s] ref seed=1 task 60/150
[   545.9s] ref seed=1 task 61/150
[   556.7s] ref seed=1 task 62/150
[   567.6s] ref seed=1 task 63/150
[   578.8s] ref seed=1 task 64/150
[   590.4s] ref seed=1 task 65/150
[   602.0s] ref seed=1 task 66/150
[   613.1s] ref seed=1 task 67/150
[   624.3s] ref seed=1 task 68/150
[   635.7s] ref seed=1 task 69/150
[   647.0s] ref seed=1 task 70/150
[   657.9s] ref seed=1 task 71/150
[   668.7s] ref seed=1 task 72/150
[   679.5s] ref seed=1 task 73/150
[   690.3s] ref seed=1 task 74/150
[   701.1s] ref seed=1 task 75/150
[   712.0s] ref seed=1 task 76/150
[   722.8s] ref seed=1 task 77/150
[   733.7s] ref seed=1 task 78/150
[   744.3s] ref seed=1 task 79/150
[   754.9s] ref seed=1 task 80/150
[   765.4s] ref seed=1 task 81/150
[   775.9s] ref seed=1 task 82/150
[   786.7s] ref seed=1 task 83/150
[   797.6s] ref seed=1 task 84/150
[   808.5s] ref seed=1 task 85/150
[   819.6s] ref seed=1 task 86/150
[   830.6s] ref seed=1 task 87/150
[   841.6s] ref seed=1 task 88/150
[   852.5s] ref seed=1 task 89/150
[   863.5s] ref seed=1 task 90/150
[   874.4s] ref seed=1 task 91/150
[   885.4s] ref seed=1 task 92/150
[   896.5s] ref seed=1 task 93/150
[   907.6s] ref seed=1 task 94/150
[   918.7s] ref seed=1 task 95/150
[   929.7s] ref seed=1 task 96/150
[   940.6s] ref seed=1 task 97/150
[   951.7s] ref seed=1 task 98/150
[   962.9s] ref seed=1 task 99/150
[   974.6s] ref seed=1 task 100/150
[   985.9s] ref seed=1 task 101/150
[   996.9s] ref seed=1 task 102/150
[  1007.9s] ref seed=1 task 103/150
[  1019.0s] ref seed=1 task 104/150
[  1029.8s] ref seed=1 task 105/150
[  1040.5s] ref seed=1 task 106/150
[  1051.4s] ref seed=1 task 107/150
[  1062.3s] ref seed=1 task 108/150
[  1073.4s] ref seed=1 task 109/150
[  1084.6s] ref seed=1 task 110/150
[  1096.0s] ref seed=1 task 111/150
[  1107.4s] ref seed=1 task 112/150
[  1118.7s] ref seed=1 task 113/150
[  1129.9s] ref seed=1 task 114/150
[  1141.4s] ref seed=1 task 115/150
[  1152.7s] ref seed=1 task 116/150
[  1164.1s] ref seed=1 task 117/150
[  1175.4s] ref seed=1 task 118/150
[  1186.7s] ref seed=1 task 119/150
[  1198.0s] ref seed=1 task 120/150
[  1209.6s] ref seed=1 task 121/150
[  1221.1s] ref seed=1 task 122/150
[  1232.4s] ref seed=1 task 123/150
[  1243.5s] ref seed=1 task 124/150
[  1254.7s] ref seed=1 task 125/150
[  1266.2s] ref seed=1 task 126/150
[  1277.9s] ref seed=1 task 127/150
[  1289.5s] ref seed=1 task 128/150
[  1300.7s] ref seed=1 task 129/150
[  1311.9s] ref seed=1 task 130/150
[  1322.8s] ref seed=1 task 131/150
[  1333.7s] ref seed=1 task 132/150
[  1344.6s] ref seed=1 task 133/150
[  1355.5s] ref seed=1 task 134/150
[  1366.3s] ref seed=1 task 135/150
[  1377.3s] ref seed=1 task 136/150
[  1388.8s] ref seed=1 task 137/150
[  1400.0s] ref seed=1 task 138/150
[  1411.7s] ref seed=1 task 139/150
[  1423.5s] ref seed=1 task 140/150
[  1435.1s] ref seed=1 task 141/150
[  1447.0s] ref seed=1 task 142/150
[  1458.6s] ref seed=1 task 143/150
[  1470.4s] ref seed=1 task 144/150
[  1482.0s] ref seed=1 task 145/150
[  1493.3s] ref seed=1 task 146/150
[  1505.2s] ref seed=1 task 147/150
[  1517.3s] ref seed=1 task 148/150
[  1529.2s] ref seed=1 task 149/150
[  1541.6s] ref seed=1 task 150/150
wrote results/mucap_el_0916/runs/ref_s1  (150 task rows, 1541.8s)
