[     7.3s] ref seed=5 task 1/150
[    14.3s] ref seed=5 task 2/150
[    21.5s] ref seed=5 task 3/150
[    28.7s] ref seed=5 task 4/150
[    35.9s] ref seed=5 task 5/150
[    43.1s] ref seed=5 task 6/150
[    50.2s] ref seed=5 task 7/150
[    57.4s] ref seed=5 task 8/150
[    64.4s] ref seed=5 task 9/150
[    71.6s] ref seed=5 task 10/150
[    78.8s] ref seed=5 task 11/150
[    86.1s] ref seed=5 task 12/150
[    93.2s] ref seed=5 task 13/150
[   100.3s] ref seed=5 task 14/150
[   107.6s] ref seed=5 task 15/150
[   115.3s] ref seed=5 task 16/150
[   123.5s] ref seed=5 task 17/150
[   131.4s] ref seed=5 task 18/150
[   139.6s] ref seed=5 task 19/150
[   148.2s] ref seed=5 task 20/150
[   157.3s] ref seed=5 task 21/150
[   166.3s] ref seed=5 task 22/150
[   175.2s] ref seed=5 task 23/150
[   184.3s] ref seed=5 task 24/150
[   194.1s] ref seed=5 task 25/150
[   203.4s] ref seed=5 task 26/150
[   213.3s] ref seed=5 task 27/150
[   223.0s] ref seed=5 task 28/150
[   233.4s] ref seed=5 task 29/150
[   243.6s] ref seed=5 task 30/150
[   253.7s] ref seed=5 task 31/150
[   264.1s] ref seed=5 task 32/150
[   274.4s] ref seed=5 task 33/150
[   285.0s] ref seed=5 task 34/150
[   295.7s] ref seed=5 task 35/150
[   306.1s] ref seed=5 task 36/150
[   317.4s] ref seed=5 task 37/150
[   328.1s] ref seed=5 task 38/150
[   339.0s] ref seed=5 task 39/150
[   350.2s] ref seed=5 task 40/150
[   361.5s] ref seed=5 task 41/150
[   372.2s] ref seed=5 task 42/150
[   383.2s] ref seed=5 task 43/150
[   394.4s] ref seed=5 task 44/150
[   405.4s] ref seed=5 task 45/150
[   416.5s] ref seed=5 task 46/150
[   428.2s] ref seed=5 task 47/150
[   439.8s] ref seed=5 task 48/150
[   451.3s] ref seed=5 task 49/150
[   462.6s] ref seed=5 task 50/150
[   473.6s] ref seed=5 task 51/150
[   484.5s] ref seed=5 task 52/150
[   495.4s] ref seed=5 task 53/150
[   506.5s] ref seed=5 task 54/150
[   517.9s] ref seed=5 task 55/150
[   529.3s] ref seed=5 task 56/150
[   541.0s] ref seed=5 task 57/150
[   552.7s] ref seed=5 task 58/150
[   564.7s] ref seed=5 task 59/150
[   576.6s] ref seed=5 task 60/150
[   588.2s] ref seed=5 task 61/150
[   599.5s] ref seed=5 task 62/150
[   611.0s] ref seed=5 task 63/150
[   622.8s] ref seed=5 task 64/150
[   634.2s] ref seed=5 task 65/150
[   645.8s] ref seed=5 task 66/150
[   657.3s] ref seed=5 task 67/150
[   668.9s] ref seed=5 task 68/150
[   680.5s] ref seed=5 task 69/150
[   692.0s] ref seed=5 task 70/150
[   703.8s] ref seed=5 task 71/150
[   715.5s] ref seed=5 task 72/150
[   727.7s] ref seed=5 task 73/150
[   739.7s] ref seed=5 task 74/150
[   751.4s] ref seed=5 task 75/150
[   763.4s] ref seed=5 task 76/150
[   775.3s] ref seed=5 task 77/150
[   787.1s] ref seed=5 task 78/150
[   798.8s] ref seed=5 task 79/150
[   810.5s] ref seed=5 task 80/150
[   822.5s] ref seed=5 task 81/150
[   834.5s] ref seed=5 task 82/150
[   846.6s] ref seed=5 task 83/150
[   858.7s] ref seed=5 task 84/150
[   870.8s] ref seed=5 task 85/150
[   882.7s] ref seed=5 task 86/150
[   894.5s] ref seed=5 task 87/150
[   906.4s] ref seed=5 task 88/150
[   918.2s] ref seed=5 task 89/150
[   930.1s] ref seed=5 task 90/150
[   941.9s] ref seed=5 task 91/150
[   953.7s] ref seed=5 task 92/150
[   965.5s] ref seed=5 task 93/150
[   977.2s] ref seed=5 task 94/150
[   989.0s] ref seed=5 task 95/150
[  1000.8s] ref seed=5 task 96/150
[  1012.6s] ref seed=5 task 97/150
[  1024.7s] ref seed=5 task 98/150
[  1036.7s] ref seed=5 task 99/150
[  1048.7s] ref seed=5 task 100/150
[  1060.3s] ref seed=5 task 101/150
[  1071.9s] ref seed=5 task 102/150
[  1083.4s] ref seed=5 task 103/150
[  1094.9s] ref seed=5 task 104/150
[  1106.7s] ref seed=5 task 105/150
[  1119.3s] ref seed=5 task 106/150
[  1131.5s] ref seed=5 task 107/150
[  1143.8s] ref seed=5 task 108/150
[  1156.1s] ref seed=5 task 109/150
[  1168.1s] ref seed=5 task 110/150
[  1180.1s] ref seed=5 task 111/150
[  1192.2s] ref seed=5 task 112/150
[  1204.2s] ref seed=5 task 113/150
[  1216.3s] ref seed=5 task 114/150
[  1228.9s] ref seed=5 task 115/150
[  1241.5s] ref seed=5 task 116/150
[  1254.0s] ref seed=5 task 117/150
[  1266.1s] ref seed=5 task 118/150
[  1278.4s] ref seed=5 task 119/150
[  1290.3s] ref seed=5 task 120/150
[  1302.1s] ref seed=5 task 121/150
[  1313.9s] ref seed=5 task 122/150
[  1325.9s] ref seed=5 task 123/150
[  1338.6s] ref seed=5 task 124/150
[  1350.9s] ref seed=5 task 125/150
[  1363.1s] ref seed=5 task 126/150
[  1375.0s] ref seed=5 task 127/150
[  1386.9s] ref seed=5 task 128/150
[  1398.9s] ref seed=5 task 129/150
[  1410.9s] ref seed=5 task 130/150
[  1423.0s] ref seed=5 task 131/150
[  1435.1s] ref seed=5 task 132/150
[  1447.7s] ref seed=5 task 133/150
[  1459.8s] ref seed=5 task 134/150
[  1472.0s] ref seed=5 task 135/150
[  1484.3s] ref seed=5 task 136/150
[  1496.4s] ref seed=5 task 137/150
[  1508.7s] ref seed=5 task 138/150
[  1521.2s] ref seed=5 task 139/150
[  1533.9s] ref seed=5 task 140/150
[  1546.6s] ref seed=5 task 141/150
[  1559.7s] ref seed=5 task 142/150
[  1572.3s] ref seed=5 task 143/150
[  1584.7s] ref seed=5 task 144/150
[  1598.2s] ref seed=5 task 145/150
[  1610.7s] ref seed=5 task 146/150
[  1623.4s] ref seed=5 task 147/150
[  1636.6s] ref seed=5 task 148/150
[  1649.7s] ref seed=5 task 149/150
[  1662.3s] ref seed=5 task 150/150
wrote results/mucap_el_0916/runs/ref_s5  (150 task rows, 1662.6s)
