[     3.9s] seed=30 prefix task 1/12 online 0.8046
[     7.7s] seed=30 prefix task 2/12 online 0.7725
[    11.4s] seed=30 prefix task 3/12 online 0.7775
[    15.1s] seed=30 prefix task 4/12 online 0.7741
[    18.8s] seed=30 prefix task 5/12 online 0.7210
[    22.4s] seed=30 prefix task 6/12 online 0.6394
[    26.1s] seed=30 prefix task 7/12 online 0.4247
[    29.7s] seed=30 prefix task 8/12 online 0.3078
[    33.2s] seed=30 prefix task 9/12 online 0.1926
[    36.9s] seed=30 prefix task 10/12 online 0.1420
[    40.5s] seed=30 prefix task 11/12 online 0.1092
[    44.1s] seed=30 prefix task 12/12 online 0.1171
[    52.7s] seed=30 arm S2dyn_10r: done
[    60.6s] seed=30 arm S2dyn_m50: done
[    62.0s] seed=30 arm S2dyn_m25: done
[    61.7s] seed=30 arm S2dyn_s50: done
[    67.9s] seed=30 arm S2dyn_a02: done
[    62.6s] seed=30 arm S2dyn_felu: done
[    67.1s] seed=30 arm S2dyn_c12: done
[    67.2s] seed=30 arm S2dyn_c12_m50: done
[    78.3s] seed=30 arm S2dyn_c12_a02: done
[    10.9s] seed=30 arm S2u30r: done
[     8.0s] seed=30 arm N2r: done
[     8.7s] seed=30 arm N2r_m50: done
wrote results/neffdir_ee_0918/runs/s30  (12 prefix rows, 24 arm rows, 651.8s)
