[     3.8s] seed=31 prefix task 1/12 online 0.7906
[     7.5s] seed=31 prefix task 2/12 online 0.7575
[    11.2s] seed=31 prefix task 3/12 online 0.7897
[    15.0s] seed=31 prefix task 4/12 online 0.7480
[    18.7s] seed=31 prefix task 5/12 online 0.7453
[    22.5s] seed=31 prefix task 6/12 online 0.6302
[    26.3s] seed=31 prefix task 7/12 online 0.4333
[    30.2s] seed=31 prefix task 8/12 online 0.3066
[    34.2s] seed=31 prefix task 9/12 online 0.2257
[    38.0s] seed=31 prefix task 10/12 online 0.1570
[    41.7s] seed=31 prefix task 11/12 online 0.1808
[    45.4s] seed=31 prefix task 12/12 online 0.1484
[    55.7s] seed=31 arm S2dyn_10r: done
[    67.0s] seed=31 arm S2dyn_m50: done
[    60.1s] seed=31 arm S2dyn_m25: done
[    62.5s] seed=31 arm S2dyn_s50: done
[    69.3s] seed=31 arm S2dyn_a02: done
[    61.7s] seed=31 arm S2dyn_felu: done
[    67.2s] seed=31 arm S2dyn_c12: done
[    70.9s] seed=31 arm S2dyn_c12_m50: done
[    77.2s] seed=31 arm S2dyn_c12_a02: done
[    12.7s] seed=31 arm S2u30r: done
[     8.0s] seed=31 arm N2r: done
[     8.3s] seed=31 arm N2r_m50: done
wrote results/neffdir_ee_0918/runs/s31  (12 prefix rows, 24 arm rows, 666.2s)
