[     4.4s] seed=32 prefix task 1/12 online 0.7842
[     8.6s] seed=32 prefix task 2/12 online 0.7553
[    12.5s] seed=32 prefix task 3/12 online 0.7618
[    16.3s] seed=32 prefix task 4/12 online 0.7726
[    20.2s] seed=32 prefix task 5/12 online 0.7372
[    24.0s] seed=32 prefix task 6/12 online 0.5958
[    27.8s] seed=32 prefix task 7/12 online 0.3921
[    31.8s] seed=32 prefix task 8/12 online 0.3075
[    35.6s] seed=32 prefix task 9/12 online 0.2207
[    39.5s] seed=32 prefix task 10/12 online 0.1753
[    43.3s] seed=32 prefix task 11/12 online 0.1272
[    47.3s] seed=32 prefix task 12/12 online 0.1159
[    58.7s] seed=32 arm S2dyn_10r: done
[    61.8s] seed=32 arm S2dyn_m50: done
[    61.1s] seed=32 arm S2dyn_m25: done
[    63.7s] seed=32 arm S2dyn_s50: done
[    68.0s] seed=32 arm S2dyn_a02: done
[    60.4s] seed=32 arm S2dyn_felu: done
[    67.1s] seed=32 arm S2dyn_c12: done
[    76.3s] seed=32 arm S2dyn_c12_m50: done
[    95.5s] seed=32 arm S2dyn_c12_a02: done
[    29.1s] seed=32 arm S2u30r: done
[    22.7s] seed=32 arm N2r: done
[    23.3s] seed=32 arm N2r_m50: done
wrote results/neffdir_ee_0918/runs/s32  (12 prefix rows, 24 arm rows, 735.0s)
