[     9.2s] seed=33 prefix task 1/12 online 0.7999
[    13.2s] seed=33 prefix task 2/12 online 0.7618
[    17.0s] seed=33 prefix task 3/12 online 0.8024
[    20.8s] seed=33 prefix task 4/12 online 0.7829
[    24.6s] seed=33 prefix task 5/12 online 0.7346
[    28.3s] seed=33 prefix task 6/12 online 0.5988
[    32.0s] seed=33 prefix task 7/12 online 0.3798
[    35.7s] seed=33 prefix task 8/12 online 0.2152
[    39.4s] seed=33 prefix task 9/12 online 0.2213
[    43.0s] seed=33 prefix task 10/12 online 0.1607
[    46.7s] seed=33 prefix task 11/12 online 0.1334
[    50.5s] seed=33 prefix task 12/12 online 0.1399
[    51.8s] seed=33 arm S2dyn_10r: done
[    83.3s] seed=33 arm S2dyn_m50: done
[    62.6s] seed=33 arm S2dyn_m25: done
[    67.6s] seed=33 arm S2dyn_s50: done
[    67.6s] seed=33 arm S2dyn_a02: done
[    67.8s] seed=33 arm S2dyn_felu: done
[    67.9s] seed=33 arm S2dyn_c12: done
[    66.5s] seed=33 arm S2dyn_c12_m50: done
[    73.3s] seed=33 arm S2dyn_c12_a02: done
[    11.0s] seed=33 arm S2u30r: done
[     7.9s] seed=33 arm N2r: done
[     8.4s] seed=33 arm N2r_m50: done
wrote results/neffdir_ee_0918/runs/s33  (12 prefix rows, 24 arm rows, 686.5s)
