[     3.9s] seed=34 prefix task 1/12 online 0.8011
[     7.9s] seed=34 prefix task 2/12 online 0.7634
[    12.0s] seed=34 prefix task 3/12 online 0.7461
[    16.1s] seed=34 prefix task 4/12 online 0.6526
[    20.1s] seed=34 prefix task 5/12 online 0.4930
[    24.0s] seed=34 prefix task 6/12 online 0.3268
[    27.9s] seed=34 prefix task 7/12 online 0.2355
[    31.8s] seed=34 prefix task 8/12 online 0.1562
[    35.9s] seed=34 prefix task 9/12 online 0.1606
[    39.9s] seed=34 prefix task 10/12 online 0.1399
[    43.8s] seed=34 prefix task 11/12 online 0.1314
[    47.6s] seed=34 prefix task 12/12 online 0.1422
[    57.2s] seed=34 arm S2dyn_10r: done
[    58.3s] seed=34 arm S2dyn_m50: done
[    65.8s] seed=34 arm S2dyn_m25: done
[    70.4s] seed=34 arm S2dyn_s50: done
[    69.3s] seed=34 arm S2dyn_a02: done
[    64.0s] seed=34 arm S2dyn_felu: done
[    69.7s] seed=34 arm S2dyn_c12: done
[    72.3s] seed=34 arm S2dyn_c12_m50: done
[    71.5s] seed=34 arm S2dyn_c12_a02: done
[    10.3s] seed=34 arm S2u30r: done
[     7.9s] seed=34 arm N2r: done
[     8.3s] seed=34 arm N2r_m50: done
wrote results/neffdir_ee_0918/runs/s34  (12 prefix rows, 24 arm rows, 672.7s)
