[     4.1s] seed=35 prefix task 1/12 online 0.8039
[     8.1s] seed=35 prefix task 2/12 online 0.7942
[    11.9s] seed=35 prefix task 3/12 online 0.7246
[    15.7s] seed=35 prefix task 4/12 online 0.7129
[    19.5s] seed=35 prefix task 5/12 online 0.6538
[    23.3s] seed=35 prefix task 6/12 online 0.3975
[    27.1s] seed=35 prefix task 7/12 online 0.2114
[    30.9s] seed=35 prefix task 8/12 online 0.2106
[    34.7s] seed=35 prefix task 9/12 online 0.1375
[    38.5s] seed=35 prefix task 10/12 online 0.1281
[    42.3s] seed=35 prefix task 11/12 online 0.1175
[    46.1s] seed=35 prefix task 12/12 online 0.1065
[    84.1s] seed=35 arm S2dyn_10r: done
[    66.5s] seed=35 arm S2dyn_m50: done
[    63.1s] seed=35 arm S2dyn_m25: done
[    64.9s] seed=35 arm S2dyn_s50: done
[    73.0s] seed=35 arm S2dyn_a02: done
[    63.0s] seed=35 arm S2dyn_felu: done
[    69.0s] seed=35 arm S2dyn_c12: done
[    58.6s] seed=35 arm S2dyn_c12_m50: done
[    65.6s] seed=35 arm S2dyn_c12_a02: done
[    10.9s] seed=35 arm S2u30r: done
[     8.2s] seed=35 arm N2r: done
[     8.7s] seed=35 arm N2r_m50: done
wrote results/neffdir_ee_0918/runs/s35  (12 prefix rows, 24 arm rows, 681.9s)
