[     4.7s] seed=36 prefix task 1/12 online 0.8048
[    14.1s] seed=36 prefix task 2/12 online 0.7773
[    23.6s] seed=36 prefix task 3/12 online 0.7656
[    27.4s] seed=36 prefix task 4/12 online 0.7513
[    31.2s] seed=36 prefix task 5/12 online 0.6655
[    35.2s] seed=36 prefix task 6/12 online 0.4716
[    38.9s] seed=36 prefix task 7/12 online 0.2361
[    42.7s] seed=36 prefix task 8/12 online 0.1985
[    46.5s] seed=36 prefix task 9/12 online 0.1930
[    50.5s] seed=36 prefix task 10/12 online 0.1467
[    54.7s] seed=36 prefix task 11/12 online 0.1257
[    58.6s] seed=36 prefix task 12/12 online 0.1049
[    58.9s] seed=36 arm S2dyn_10r: done
[    56.3s] seed=36 arm S2dyn_m50: done
[    60.4s] seed=36 arm S2dyn_m25: done
[    85.3s] seed=36 arm S2dyn_s50: done
[   148.1s] seed=36 arm S2dyn_a02: done
[    63.1s] seed=36 arm S2dyn_felu: done
[    67.8s] seed=36 arm S2dyn_c12: done
[    67.5s] seed=36 arm S2dyn_c12_m50: done
[    74.7s] seed=36 arm S2dyn_c12_a02: done
[    10.9s] seed=36 arm S2u30r: done
[     7.9s] seed=36 arm N2r: done
[     8.3s] seed=36 arm N2r_m50: done
wrote results/neffdir_ee_0918/runs/s36  (12 prefix rows, 24 arm rows, 768.0s)
