[     4.6s] seed=37 prefix task 1/12 online 0.7859
[     8.6s] seed=37 prefix task 2/12 online 0.7519
[    12.5s] seed=37 prefix task 3/12 online 0.7878
[    16.4s] seed=37 prefix task 4/12 online 0.7808
[    20.3s] seed=37 prefix task 5/12 online 0.7153
[    24.1s] seed=37 prefix task 6/12 online 0.5911
[    27.9s] seed=37 prefix task 7/12 online 0.3989
[    31.6s] seed=37 prefix task 8/12 online 0.2725
[    35.4s] seed=37 prefix task 9/12 online 0.1907
[    39.3s] seed=37 prefix task 10/12 online 0.1619
[    43.2s] seed=37 prefix task 11/12 online 0.1355
[    51.4s] seed=37 prefix task 12/12 online 0.1122
[    55.6s] seed=37 arm S2dyn_10r: done
[    58.8s] seed=37 arm S2dyn_m50: done
[    62.7s] seed=37 arm S2dyn_m25: done
[   106.3s] seed=37 arm S2dyn_s50: done
[   117.5s] seed=37 arm S2dyn_a02: done
[    62.4s] seed=37 arm S2dyn_felu: done
[    68.2s] seed=37 arm S2dyn_c12: done
[    65.0s] seed=37 arm S2dyn_c12_m50: done
[    70.5s] seed=37 arm S2dyn_c12_a02: done
[    10.9s] seed=37 arm S2u30r: done
[     8.1s] seed=37 arm N2r: done
[     8.5s] seed=37 arm N2r_m50: done
wrote results/neffdir_ee_0918/runs/s37  (12 prefix rows, 24 arm rows, 745.9s)
