[     4.1s] seed=38 prefix task 1/12 online 0.7988
[     8.1s] seed=38 prefix task 2/12 online 0.7527
[    12.0s] seed=38 prefix task 3/12 online 0.7625
[    15.8s] seed=38 prefix task 4/12 online 0.7556
[    19.7s] seed=38 prefix task 5/12 online 0.6905
[    23.5s] seed=38 prefix task 6/12 online 0.6027
[    27.4s] seed=38 prefix task 7/12 online 0.4499
[    31.1s] seed=38 prefix task 8/12 online 0.3213
[    34.9s] seed=38 prefix task 9/12 online 0.2197
[    38.7s] seed=38 prefix task 10/12 online 0.1868
[    42.5s] seed=38 prefix task 11/12 online 0.1468
[    46.4s] seed=38 prefix task 12/12 online 0.1396
[    57.7s] seed=38 arm S2dyn_10r: done
[   111.1s] seed=38 arm S2dyn_m50: done
[   134.1s] seed=38 arm S2dyn_m25: done
[    61.0s] seed=38 arm S2dyn_s50: done
[    65.6s] seed=38 arm S2dyn_a02: done
[    62.4s] seed=38 arm S2dyn_felu: done
[    69.6s] seed=38 arm S2dyn_c12: done
[    60.2s] seed=38 arm S2dyn_c12_m50: done
[    57.0s] seed=38 arm S2dyn_c12_a02: done
[     9.9s] seed=38 arm S2u30r: done
[     7.5s] seed=38 arm N2r: done
[     8.0s] seed=38 arm N2r_m50: done
wrote results/neffdir_ee_0918/runs/s38  (12 prefix rows, 24 arm rows, 750.5s)
