[     3.9s] seed=39 prefix task 1/12 online 0.7991
[     7.6s] seed=39 prefix task 2/12 online 0.7776
[    11.3s] seed=39 prefix task 3/12 online 0.7589
[    15.0s] seed=39 prefix task 4/12 online 0.7496
[    18.7s] seed=39 prefix task 5/12 online 0.6902
[    22.4s] seed=39 prefix task 6/12 online 0.4964
[    26.1s] seed=39 prefix task 7/12 online 0.3199
[    29.8s] seed=39 prefix task 8/12 online 0.2288
[    33.6s] seed=39 prefix task 9/12 online 0.1588
[    37.2s] seed=39 prefix task 10/12 online 0.1600
[    40.9s] seed=39 prefix task 11/12 online 0.1364
[    44.6s] seed=39 prefix task 12/12 online 0.1210
[    50.6s] seed=39 arm S2dyn_10r: done
[    46.3s] seed=39 arm S2dyn_m50: done
[    45.9s] seed=39 arm S2dyn_m25: done
[    46.4s] seed=39 arm S2dyn_s50: done
[    52.5s] seed=39 arm S2dyn_a02: done
[    46.2s] seed=39 arm S2dyn_felu: done
[    51.0s] seed=39 arm S2dyn_c12: done
[    51.2s] seed=39 arm S2dyn_c12_m50: done
[    55.3s] seed=39 arm S2dyn_c12_a02: done
[    11.0s] seed=39 arm S2u30r: done
[     7.6s] seed=39 arm N2r: done
[     7.9s] seed=39 arm N2r_m50: done
wrote results/neffdir_ee_0918/runs/s39  (12 prefix rows, 24 arm rows, 516.6s)
