[     5.0s] cap_par seed=9 task 1/100
[    11.2s] cap_par seed=9 task 2/100
[    17.3s] cap_par seed=9 task 3/100
[    22.9s] cap_par seed=9 task 4/100
[    28.3s] cap_par seed=9 task 5/100
[    33.8s] cap_par seed=9 task 6/100
[    39.3s] cap_par seed=9 task 7/100
[    45.0s] cap_par seed=9 task 8/100
[    51.0s] cap_par seed=9 task 9/100
[    57.2s] cap_par seed=9 task 10/100
[    63.1s] cap_par seed=9 task 11/100
[    69.1s] cap_par seed=9 task 12/100
[    75.5s] cap_par seed=9 task 13/100
[    90.3s] cap_par seed=9 task 14/100
[   107.0s] cap_par seed=9 task 15/100
[   123.8s] cap_par seed=9 task 16/100
[   140.6s] cap_par seed=9 task 17/100
[   157.7s] cap_par seed=9 task 18/100
[   174.2s] cap_par seed=9 task 19/100
[   192.8s] cap_par seed=9 task 20/100
[   210.5s] cap_par seed=9 task 21/100
[   226.7s] cap_par seed=9 task 22/100
[   239.3s] cap_par seed=9 task 23/100
[   251.7s] cap_par seed=9 task 24/100
[   265.5s] cap_par seed=9 task 25/100
[   271.9s] cap_par seed=9 task 26/100
[   283.6s] cap_par seed=9 task 27/100
[   291.4s] cap_par seed=9 task 28/100
[   297.5s] cap_par seed=9 task 29/100
[   324.2s] cap_par seed=9 task 30/100
[   365.4s] cap_par seed=9 task 31/100
[   389.1s] cap_par seed=9 task 32/100
[   409.0s] cap_par seed=9 task 33/100
[   446.2s] cap_par seed=9 task 34/100
[   476.9s] cap_par seed=9 task 35/100
[   505.9s] cap_par seed=9 task 36/100
[   524.5s] cap_par seed=9 task 37/100
[   543.4s] cap_par seed=9 task 38/100
[   563.8s] cap_par seed=9 task 39/100
[   584.5s] cap_par seed=9 task 40/100
[   605.8s] cap_par seed=9 task 41/100
[   621.0s] cap_par seed=9 task 42/100
[   641.0s] cap_par seed=9 task 43/100
[   661.0s] cap_par seed=9 task 44/100
[   680.5s] cap_par seed=9 task 45/100
[   698.8s] cap_par seed=9 task 46/100
[   708.5s] cap_par seed=9 task 47/100
[   715.4s] cap_par seed=9 task 48/100
[   722.2s] cap_par seed=9 task 49/100
[   729.0s] cap_par seed=9 task 50/100
[   735.8s] cap_par seed=9 task 51/100
[   742.8s] cap_par seed=9 task 52/100
[   749.7s] cap_par seed=9 task 53/100
[   756.2s] cap_par seed=9 task 54/100
[   762.8s] cap_par seed=9 task 55/100
[   769.3s] cap_par seed=9 task 56/100
[   776.1s] cap_par seed=9 task 57/100
[   782.2s] cap_par seed=9 task 58/100
[   788.1s] cap_par seed=9 task 59/100
[   793.9s] cap_par seed=9 task 60/100
[   800.6s] cap_par seed=9 task 61/100
[   816.0s] cap_par seed=9 task 62/100
[   821.5s] cap_par seed=9 task 63/100
[   827.1s] cap_par seed=9 task 64/100
[   832.6s] cap_par seed=9 task 65/100
[   838.2s] cap_par seed=9 task 66/100
[   843.8s] cap_par seed=9 task 67/100
[   849.5s] cap_par seed=9 task 68/100
[   855.1s] cap_par seed=9 task 69/100
[   861.0s] cap_par seed=9 task 70/100
[   866.8s] cap_par seed=9 task 71/100
[   872.7s] cap_par seed=9 task 72/100
[   878.8s] cap_par seed=9 task 73/100
[   895.1s] cap_par seed=9 task 74/100
[   907.2s] cap_par seed=9 task 75/100
[   913.0s] cap_par seed=9 task 76/100
[   918.9s] cap_par seed=9 task 77/100
[   924.5s] cap_par seed=9 task 78/100
[   930.1s] cap_par seed=9 task 79/100
[   935.7s] cap_par seed=9 task 80/100
[   941.5s] cap_par seed=9 task 81/100
[   947.5s] cap_par seed=9 task 82/100
[   953.2s] cap_par seed=9 task 83/100
[   958.9s] cap_par seed=9 task 84/100
[   964.7s] cap_par seed=9 task 85/100
[   970.5s] cap_par seed=9 task 86/100
[   976.4s] cap_par seed=9 task 87/100
[   982.6s] cap_par seed=9 task 88/100
[   989.0s] cap_par seed=9 task 89/100
[   995.4s] cap_par seed=9 task 90/100
[  1001.8s] cap_par seed=9 task 91/100
[  1008.1s] cap_par seed=9 task 92/100
[  1014.1s] cap_par seed=9 task 93/100
[  1019.9s] cap_par seed=9 task 94/100
[  1025.5s] cap_par seed=9 task 95/100
[  1031.2s] cap_par seed=9 task 96/100
[  1037.0s] cap_par seed=9 task 97/100
[  1043.0s] cap_par seed=9 task 98/100
[  1049.2s] cap_par seed=9 task 99/100
[  1055.6s] cap_par seed=9 task 100/100
wrote results/mucap_ee_0917/runs/cap_par_s9  (100 task rows, 1055.7s)
