[     5.0s] cap_both seed=8 task 1/100
[    12.3s] cap_both seed=8 task 2/100
[    20.1s] cap_both seed=8 task 3/100
[    37.1s] cap_both seed=8 task 4/100
[    51.2s] cap_both seed=8 task 5/100
[    58.4s] cap_both seed=8 task 6/100
[    66.6s] cap_both seed=8 task 7/100
[    78.0s] cap_both seed=8 task 8/100
[    87.0s] cap_both seed=8 task 9/100
[    95.1s] cap_both seed=8 task 10/100
[   102.7s] cap_both seed=8 task 11/100
[   109.4s] cap_both seed=8 task 12/100
[   116.1s] cap_both seed=8 task 13/100
[   122.8s] cap_both seed=8 task 14/100
[   129.5s] cap_both seed=8 task 15/100
[   136.3s] cap_both seed=8 task 16/100
[   143.0s] cap_both seed=8 task 17/100
[   149.8s] cap_both seed=8 task 18/100
[   156.3s] cap_both seed=8 task 19/100
[   162.7s] cap_both seed=8 task 20/100
[   169.3s] cap_both seed=8 task 21/100
[   175.9s] cap_both seed=8 task 22/100
[   182.4s] cap_both seed=8 task 23/100
[   189.3s] cap_both seed=8 task 24/100
[   195.9s] cap_both seed=8 task 25/100
[   202.6s] cap_both seed=8 task 26/100
[   209.3s] cap_both seed=8 task 27/100
[   216.0s] cap_both seed=8 task 28/100
[   222.0s] cap_both seed=8 task 29/100
[   228.4s] cap_both seed=8 task 30/100
[   234.5s] cap_both seed=8 task 31/100
[   241.0s] cap_both seed=8 task 32/100
[   247.6s] cap_both seed=8 task 33/100
[   254.3s] cap_both seed=8 task 34/100
[   261.0s] cap_both seed=8 task 35/100
[   267.9s] cap_both seed=8 task 36/100
[   274.9s] cap_both seed=8 task 37/100
[   281.7s] cap_both seed=8 task 38/100
[   288.8s] cap_both seed=8 task 39/100
[   296.0s] cap_both seed=8 task 40/100
[   303.7s] cap_both seed=8 task 41/100
[   311.3s] cap_both seed=8 task 42/100
[   318.8s] cap_both seed=8 task 43/100
[   326.4s] cap_both seed=8 task 44/100
[   333.9s] cap_both seed=8 task 45/100
[   341.3s] cap_both seed=8 task 46/100
[   348.5s] cap_both seed=8 task 47/100
[   355.2s] cap_both seed=8 task 48/100
[   361.7s] cap_both seed=8 task 49/100
[   368.8s] cap_both seed=8 task 50/100
[   381.4s] cap_both seed=8 task 51/100
[   400.6s] cap_both seed=8 task 52/100
[   420.1s] cap_both seed=8 task 53/100
[   441.9s] cap_both seed=8 task 54/100
[   463.0s] cap_both seed=8 task 55/100
[   484.5s] cap_both seed=8 task 56/100
[   506.9s] cap_both seed=8 task 57/100
[   535.9s] cap_both seed=8 task 58/100
[   580.6s] cap_both seed=8 task 59/100
[   593.6s] cap_both seed=8 task 60/100
[   622.3s] cap_both seed=8 task 61/100
[   639.5s] cap_both seed=8 task 62/100
[   658.3s] cap_both seed=8 task 63/100
[   679.4s] cap_both seed=8 task 64/100
[   700.0s] cap_both seed=8 task 65/100
[   711.8s] cap_both seed=8 task 66/100
[   719.4s] cap_both seed=8 task 67/100
[   726.9s] cap_both seed=8 task 68/100
[   733.9s] cap_both seed=8 task 69/100
[   741.3s] cap_both seed=8 task 70/100
[   748.7s] cap_both seed=8 task 71/100
[   755.7s] cap_both seed=8 task 72/100
[   763.0s] cap_both seed=8 task 73/100
[   770.4s] cap_both seed=8 task 74/100
[   778.1s] cap_both seed=8 task 75/100
[   785.6s] cap_both seed=8 task 76/100
[   793.2s] cap_both seed=8 task 77/100
[   801.1s] cap_both seed=8 task 78/100
[   809.0s] cap_both seed=8 task 79/100
[   829.5s] cap_both seed=8 task 80/100
[   850.6s] cap_both seed=8 task 81/100
[   871.8s] cap_both seed=8 task 82/100
[   890.2s] cap_both seed=8 task 83/100
[   897.9s] cap_both seed=8 task 84/100
[   905.7s] cap_both seed=8 task 85/100
[   913.4s] cap_both seed=8 task 86/100
[   920.8s] cap_both seed=8 task 87/100
[   928.0s] cap_both seed=8 task 88/100
[   935.5s] cap_both seed=8 task 89/100
[   942.8s] cap_both seed=8 task 90/100
[   949.4s] cap_both seed=8 task 91/100
[   956.0s] cap_both seed=8 task 92/100
[   962.3s] cap_both seed=8 task 93/100
[   969.0s] cap_both seed=8 task 94/100
[   975.5s] cap_both seed=8 task 95/100
[   982.2s] cap_both seed=8 task 96/100
[   989.0s] cap_both seed=8 task 97/100
[   995.7s] cap_both seed=8 task 98/100
[  1002.1s] cap_both seed=8 task 99/100
[  1009.3s] cap_both seed=8 task 100/100
wrote results/mucap_ee_0917/runs/cap_both_s8  (100 task rows, 1009.5s)
