[     8.0s] cap_par seed=7 task 1/100
[    16.9s] cap_par seed=7 task 2/100
[    30.1s] cap_par seed=7 task 3/100
[    44.0s] cap_par seed=7 task 4/100
[    50.1s] cap_par seed=7 task 5/100
[    55.9s] cap_par seed=7 task 6/100
[    61.8s] cap_par seed=7 task 7/100
[    68.8s] cap_par seed=7 task 8/100
[    76.5s] cap_par seed=7 task 9/100
[    82.0s] cap_par seed=7 task 10/100
[    87.4s] cap_par seed=7 task 11/100
[    93.7s] cap_par seed=7 task 12/100
[    99.5s] cap_par seed=7 task 13/100
[   105.4s] cap_par seed=7 task 14/100
[   111.3s] cap_par seed=7 task 15/100
[   117.1s] cap_par seed=7 task 16/100
[   123.3s] cap_par seed=7 task 17/100
[   129.7s] cap_par seed=7 task 18/100
[   142.0s] cap_par seed=7 task 19/100
[   150.0s] cap_par seed=7 task 20/100
[   159.6s] cap_par seed=7 task 21/100
[   166.4s] cap_par seed=7 task 22/100
[   172.8s] cap_par seed=7 task 23/100
[   179.0s] cap_par seed=7 task 24/100
[   185.2s] cap_par seed=7 task 25/100
[   190.7s] cap_par seed=7 task 26/100
[   196.3s] cap_par seed=7 task 27/100
[   201.6s] cap_par seed=7 task 28/100
[   207.1s] cap_par seed=7 task 29/100
[   212.3s] cap_par seed=7 task 30/100
[   217.5s] cap_par seed=7 task 31/100
[   222.7s] cap_par seed=7 task 32/100
[   228.0s] cap_par seed=7 task 33/100
[   233.5s] cap_par seed=7 task 34/100
[   248.3s] cap_par seed=7 task 35/100
[   268.0s] cap_par seed=7 task 36/100
[   284.6s] cap_par seed=7 task 37/100
[   315.5s] cap_par seed=7 task 38/100
[   330.5s] cap_par seed=7 task 39/100
[   338.6s] cap_par seed=7 task 40/100
[   344.7s] cap_par seed=7 task 41/100
[   350.9s] cap_par seed=7 task 42/100
[   357.1s] cap_par seed=7 task 43/100
[   363.2s] cap_par seed=7 task 44/100
[   369.5s] cap_par seed=7 task 45/100
[   375.7s] cap_par seed=7 task 46/100
[   382.2s] cap_par seed=7 task 47/100
[   388.7s] cap_par seed=7 task 48/100
[   395.3s] cap_par seed=7 task 49/100
[   401.9s] cap_par seed=7 task 50/100
[   413.1s] cap_par seed=7 task 51/100
[   432.1s] cap_par seed=7 task 52/100
[   451.3s] cap_par seed=7 task 53/100
[   463.8s] cap_par seed=7 task 54/100
[   482.8s] cap_par seed=7 task 55/100
[   501.2s] cap_par seed=7 task 56/100
[   514.6s] cap_par seed=7 task 57/100
[   524.7s] cap_par seed=7 task 58/100
[   534.4s] cap_par seed=7 task 59/100
[   553.4s] cap_par seed=7 task 60/100
[   575.8s] cap_par seed=7 task 61/100
[   584.3s] cap_par seed=7 task 62/100
[   592.2s] cap_par seed=7 task 63/100
[   600.2s] cap_par seed=7 task 64/100
[   608.5s] cap_par seed=7 task 65/100
[   616.7s] cap_par seed=7 task 66/100
[   624.7s] cap_par seed=7 task 67/100
[   632.6s] cap_par seed=7 task 68/100
[   640.8s] cap_par seed=7 task 69/100
[   652.9s] cap_par seed=7 task 70/100
[   663.8s] cap_par seed=7 task 71/100
[   678.2s] cap_par seed=7 task 72/100
[   689.0s] cap_par seed=7 task 73/100
[   698.1s] cap_par seed=7 task 74/100
[   708.3s] cap_par seed=7 task 75/100
[   732.2s] cap_par seed=7 task 76/100
[   756.1s] cap_par seed=7 task 77/100
[   779.7s] cap_par seed=7 task 78/100
[   802.8s] cap_par seed=7 task 79/100
[   812.2s] cap_par seed=7 task 80/100
[   822.0s] cap_par seed=7 task 81/100
[   833.6s] cap_par seed=7 task 82/100
[   861.9s] cap_par seed=7 task 83/100
[   887.9s] cap_par seed=7 task 84/100
[   911.7s] cap_par seed=7 task 85/100
[   934.5s] cap_par seed=7 task 86/100
[   955.9s] cap_par seed=7 task 87/100
[   973.9s] cap_par seed=7 task 88/100
[   991.3s] cap_par seed=7 task 89/100
[  1008.9s] cap_par seed=7 task 90/100
[  1026.4s] cap_par seed=7 task 91/100
[  1040.7s] cap_par seed=7 task 92/100
[  1047.4s] cap_par seed=7 task 93/100
[  1054.1s] cap_par seed=7 task 94/100
[  1060.6s] cap_par seed=7 task 95/100
[  1067.1s] cap_par seed=7 task 96/100
[  1073.6s] cap_par seed=7 task 97/100
[  1080.1s] cap_par seed=7 task 98/100
[  1086.6s] cap_par seed=7 task 99/100
[  1093.3s] cap_par seed=7 task 100/100
wrote results/mucap_ee_0917/runs/cap_par_s7  (100 task rows, 1093.4s)
