[     5.4s] cap_par seed=8 task 1/100
[    11.7s] cap_par seed=8 task 2/100
[    19.4s] cap_par seed=8 task 3/100
[    25.9s] cap_par seed=8 task 4/100
[    35.7s] cap_par seed=8 task 5/100
[    54.1s] cap_par seed=8 task 6/100
[    72.5s] cap_par seed=8 task 7/100
[    90.7s] cap_par seed=8 task 8/100
[   109.3s] cap_par seed=8 task 9/100
[   127.9s] cap_par seed=8 task 10/100
[   146.1s] cap_par seed=8 task 11/100
[   163.9s] cap_par seed=8 task 12/100
[   176.4s] cap_par seed=8 task 13/100
[   183.0s] cap_par seed=8 task 14/100
[   189.3s] cap_par seed=8 task 15/100
[   195.3s] cap_par seed=8 task 16/100
[   201.5s] cap_par seed=8 task 17/100
[   207.8s] cap_par seed=8 task 18/100
[   214.3s] cap_par seed=8 task 19/100
[   220.8s] cap_par seed=8 task 20/100
[   227.3s] cap_par seed=8 task 21/100
[   233.8s] cap_par seed=8 task 22/100
[   240.0s] cap_par seed=8 task 23/100
[   247.1s] cap_par seed=8 task 24/100
[   253.8s] cap_par seed=8 task 25/100
[   260.6s] cap_par seed=8 task 26/100
[   267.4s] cap_par seed=8 task 27/100
[   274.0s] cap_par seed=8 task 28/100
[   280.7s] cap_par seed=8 task 29/100
[   287.6s] cap_par seed=8 task 30/100
[   294.9s] cap_par seed=8 task 31/100
[   302.0s] cap_par seed=8 task 32/100
[   309.0s] cap_par seed=8 task 33/100
[   316.2s] cap_par seed=8 task 34/100
[   323.1s] cap_par seed=8 task 35/100
[   330.3s] cap_par seed=8 task 36/100
[   337.5s] cap_par seed=8 task 37/100
[   345.1s] cap_par seed=8 task 38/100
[   353.1s] cap_par seed=8 task 39/100
[   360.9s] cap_par seed=8 task 40/100
[   368.1s] cap_par seed=8 task 41/100
[   375.0s] cap_par seed=8 task 42/100
[   381.9s] cap_par seed=8 task 43/100
[   388.9s] cap_par seed=8 task 44/100
[   395.9s] cap_par seed=8 task 45/100
[   403.2s] cap_par seed=8 task 46/100
[   410.2s] cap_par seed=8 task 47/100
[   423.1s] cap_par seed=8 task 48/100
[   431.2s] cap_par seed=8 task 49/100
[   438.4s] cap_par seed=8 task 50/100
[   445.7s] cap_par seed=8 task 51/100
[   453.2s] cap_par seed=8 task 52/100
[   460.5s] cap_par seed=8 task 53/100
[   467.7s] cap_par seed=8 task 54/100
[   474.9s] cap_par seed=8 task 55/100
[   481.9s] cap_par seed=8 task 56/100
[   488.9s] cap_par seed=8 task 57/100
[   496.0s] cap_par seed=8 task 58/100
[   503.5s] cap_par seed=8 task 59/100
[   513.7s] cap_par seed=8 task 60/100
[   521.1s] cap_par seed=8 task 61/100
[   536.1s] cap_par seed=8 task 62/100
[   550.7s] cap_par seed=8 task 63/100
[   558.1s] cap_par seed=8 task 64/100
[   566.8s] cap_par seed=8 task 65/100
[   574.5s] cap_par seed=8 task 66/100
[   588.0s] cap_par seed=8 task 67/100
[   595.1s] cap_par seed=8 task 68/100
[   602.5s] cap_par seed=8 task 69/100
[   613.5s] cap_par seed=8 task 70/100
[   621.8s] cap_par seed=8 task 71/100
[   631.1s] cap_par seed=8 task 72/100
[   641.7s] cap_par seed=8 task 73/100
[   651.2s] cap_par seed=8 task 74/100
[   665.5s] cap_par seed=8 task 75/100
[   685.8s] cap_par seed=8 task 76/100
[   714.9s] cap_par seed=8 task 77/100
[   723.2s] cap_par seed=8 task 78/100
[   731.0s] cap_par seed=8 task 79/100
[   738.6s] cap_par seed=8 task 80/100
[   746.2s] cap_par seed=8 task 81/100
[   753.5s] cap_par seed=8 task 82/100
[   760.5s] cap_par seed=8 task 83/100
[   767.4s] cap_par seed=8 task 84/100
[   774.3s] cap_par seed=8 task 85/100
[   781.2s] cap_par seed=8 task 86/100
[   788.4s] cap_par seed=8 task 87/100
[   796.2s] cap_par seed=8 task 88/100
[   803.4s] cap_par seed=8 task 89/100
[   810.6s] cap_par seed=8 task 90/100
[   822.1s] cap_par seed=8 task 91/100
[   839.3s] cap_par seed=8 task 92/100
[   846.9s] cap_par seed=8 task 93/100
[   853.4s] cap_par seed=8 task 94/100
[   859.8s] cap_par seed=8 task 95/100
[   867.2s] cap_par seed=8 task 96/100
[   894.9s] cap_par seed=8 task 97/100
[   948.4s] cap_par seed=8 task 98/100
[   980.0s] cap_par seed=8 task 99/100
[  1017.0s] cap_par seed=8 task 100/100
wrote results/mucap_ee_0917/runs/cap_par_s8  (100 task rows, 1017.4s)
