2026-09-17T01:23:11+09:00 launch: git 18d3ef08f61c8a389460a51011fe4d1fa89274e3  slots 6  avail 20 GiB
2026-09-17T01:23:11+09:00 start ref_s0
2026-09-17T01:23:11+09:00 start cap_par_s0
2026-09-17T01:23:11+09:00 start cap_perp_s0
2026-09-17T01:23:11+09:00 start cap_both_s0
2026-09-17T01:23:11+09:00 start ref_s1
2026-09-17T01:23:11+09:00 start cap_par_s1
2026-09-17T01:30:05+09:00 done  ref_s0
2026-09-17T01:30:05+09:00 start cap_perp_s1
2026-09-17T01:30:09+09:00 done  ref_s1
2026-09-17T01:30:09+09:00 start cap_both_s1
2026-09-17T01:31:11+09:00 done  cap_par_s1
2026-09-17T01:31:11+09:00 start ref_s2
2026-09-17T01:31:18+09:00 done  cap_par_s0
2026-09-17T01:31:18+09:00 start cap_par_s2
2026-09-17T01:31:30+09:00 done  cap_perp_s0
2026-09-17T01:31:30+09:00 start cap_perp_s2
2026-09-17T01:32:32+09:00 done  cap_both_s0
2026-09-17T01:32:32+09:00 start cap_both_s2
2026-09-17T01:38:21+09:00 done  ref_s2
2026-09-17T01:38:21+09:00 start ref_s3
2026-09-17T01:38:33+09:00 done  cap_perp_s1
2026-09-17T01:38:33+09:00 start cap_par_s3
2026-09-17T01:39:48+09:00 done  cap_par_s2
2026-09-17T01:39:48+09:00 start cap_perp_s3
2026-09-17T01:39:51+09:00 done  cap_perp_s2
2026-09-17T01:39:51+09:00 start cap_both_s3
2026-09-17T01:39:56+09:00 done  cap_both_s1
2026-09-17T01:39:56+09:00 start ref_s4
2026-09-17T01:42:07+09:00 done  cap_both_s2
2026-09-17T01:42:07+09:00 start cap_par_s4
2026-09-17T01:45:28+09:00 done  ref_s3
2026-09-17T01:45:28+09:00 start cap_perp_s4
2026-09-17T01:47:09+09:00 done  cap_par_s3
2026-09-17T01:47:09+09:00 start cap_both_s4
2026-09-17T01:47:13+09:00 done  ref_s4
2026-09-17T01:47:13+09:00 start ref_s5
2026-09-17T01:48:07+09:00 done  cap_perp_s3
2026-09-17T01:48:07+09:00 start cap_par_s5
2026-09-17T01:49:24+09:00 done  cap_both_s3
2026-09-17T01:49:24+09:00 start cap_perp_s5
2026-09-17T01:50:39+09:00 done  cap_par_s4
2026-09-17T01:50:39+09:00 start cap_both_s5
2026-09-17T01:54:06+09:00 done  cap_perp_s4
2026-09-17T01:54:06+09:00 start ref_s6
2026-09-17T01:54:52+09:00 done  ref_s5
2026-09-17T01:54:52+09:00 start cap_par_s6
2026-09-17T01:57:27+09:00 done  cap_both_s4
2026-09-17T01:57:27+09:00 start cap_perp_s6
2026-09-17T01:57:49+09:00 done  cap_par_s5
2026-09-17T01:57:49+09:00 start cap_both_s6
2026-09-17T02:01:09+09:00 done  cap_perp_s5
2026-09-17T02:01:09+09:00 start ref_s7
2026-09-17T02:02:56+09:00 done  ref_s6
2026-09-17T02:02:56+09:00 start cap_par_s7
2026-09-17T02:02:57+09:00 done  cap_both_s5
2026-09-17T02:02:57+09:00 start cap_perp_s7
2026-09-17T02:07:50+09:00 done  cap_par_s6
2026-09-17T02:07:50+09:00 start cap_both_s7
2026-09-17T02:09:12+09:00 done  cap_perp_s6
2026-09-17T02:09:12+09:00 start ref_s8
2026-09-17T02:11:52+09:00 done  cap_both_s6
2026-09-17T02:11:52+09:00 start cap_par_s8
2026-09-17T02:15:46+09:00 done  ref_s7
2026-09-17T02:15:46+09:00 start cap_perp_s8
2026-09-17T02:17:56+09:00 done  cap_perp_s7
2026-09-17T02:17:56+09:00 start cap_both_s8
2026-09-17T02:20:33+09:00 done  ref_s8
2026-09-17T02:20:33+09:00 start ref_s9
2026-09-17T02:21:13+09:00 done  cap_par_s7
2026-09-17T02:21:13+09:00 start cap_par_s9
2026-09-17T02:22:31+09:00 done  cap_both_s7
2026-09-17T02:22:31+09:00 start cap_perp_s9
2026-09-17T02:28:52+09:00 done  cap_par_s8
2026-09-17T02:28:52+09:00 start cap_both_s9
2026-09-17T02:33:42+09:00 done  cap_perp_s8
2026-09-17T02:34:08+09:00 done  ref_s9
2026-09-17T02:34:49+09:00 done  cap_both_s8
2026-09-17T02:35:39+09:00 done  cap_perp_s9
2026-09-17T02:38:52+09:00 done  cap_par_s9
2026-09-17T02:42:25+09:00 done  cap_both_s9
2026-09-17T02:42:25+09:00 all jobs returned
