2026-09-13T11:28:27+00:00 launch: git 4fc2bba8dfac2b53e0dbf06f98bd974f695930cb
2026-09-13T11:28:27+00:00 start R_none_s0
2026-09-13T11:28:27+00:00 start R_l2_s0
2026-09-13T11:28:27+00:00 start R_l2init_s0
2026-09-13T11:28:27+00:00 start R_shell_s0
2026-09-13T11:28:27+00:00 start SNA_none_s0
2026-09-13T11:28:27+00:00 start SNA_l2_s0
2026-09-13T11:28:27+00:00 start SNA_l2init_s0
2026-09-13T11:28:27+00:00 start SNA_shell_s0
2026-09-13T11:28:27+00:00 start R_none_s1
2026-09-13T11:28:27+00:00 start R_l2_s1
2026-09-13T11:28:27+00:00 start R_l2init_s1
2026-09-13T11:28:27+00:00 start R_shell_s1
2026-09-13T11:28:27+00:00 start SNA_none_s1
2026-09-13T11:28:27+00:00 start SNA_l2_s1
2026-09-13T11:28:27+00:00 start SNA_l2init_s1
2026-09-13T11:28:27+00:00 start SNA_shell_s1
2026-09-13T11:52:37+00:00 done  R_l2init_s1
2026-09-13T11:52:37+00:00 start R_none_s2
2026-09-13T11:52:41+00:00 done  R_l2init_s0
2026-09-13T11:52:41+00:00 start R_l2_s2
2026-09-13T11:54:46+00:00 done  SNA_none_s0
2026-09-13T11:54:46+00:00 start R_l2init_s2
2026-09-13T11:54:57+00:00 done  SNA_none_s1
2026-09-13T11:54:57+00:00 start R_shell_s2
2026-09-13T11:56:55+00:00 done  SNA_l2init_s1
2026-09-13T11:56:55+00:00 start SNA_none_s2
2026-09-13T11:57:02+00:00 done  SNA_l2init_s0
2026-09-13T11:57:02+00:00 start SNA_l2_s2
2026-09-13T11:59:28+00:00 done  R_l2_s1
2026-09-13T11:59:28+00:00 start SNA_l2init_s2
2026-09-13T12:00:10+00:00 done  R_l2_s0
2026-09-13T12:00:10+00:00 start SNA_shell_s2
2026-09-13T12:04:08+00:00 done  R_shell_s0
2026-09-13T12:04:08+00:00 start R_none_s3
2026-09-13T12:04:09+00:00 done  R_shell_s1
2026-09-13T12:04:09+00:00 start R_l2_s3
2026-09-13T12:04:17+00:00 done  SNA_l2_s0
2026-09-13T12:04:17+00:00 start R_l2init_s3
2026-09-13T12:04:24+00:00 done  SNA_l2_s1
2026-09-13T12:04:24+00:00 start R_shell_s3
2026-09-13T12:09:29+00:00 done  SNA_shell_s1
2026-09-13T12:09:29+00:00 start SNA_none_s3
2026-09-13T12:09:34+00:00 done  SNA_shell_s0
2026-09-13T12:09:34+00:00 start SNA_l2_s3
2026-09-13T12:19:14+00:00 done  R_l2init_s2
2026-09-13T12:19:14+00:00 start SNA_l2init_s3
2026-09-13T12:19:16+00:00 done  R_none_s0
2026-09-13T12:19:16+00:00 start SNA_shell_s3
2026-09-13T12:19:50+00:00 done  R_none_s1
2026-09-13T12:19:50+00:00 start R_none_s4
2026-09-13T12:23:09+00:00 done  SNA_none_s2
2026-09-13T12:23:09+00:00 start R_l2_s4
2026-09-13T12:23:15+00:00 done  R_l2_s2
2026-09-13T12:23:15+00:00 start R_l2init_s4
2026-09-13T12:27:57+00:00 done  SNA_l2init_s2
2026-09-13T12:27:57+00:00 start R_shell_s4
2026-09-13T12:28:22+00:00 done  R_l2init_s3
2026-09-13T12:28:22+00:00 start SNA_none_s4
2026-09-13T12:30:51+00:00 done  R_shell_s2
2026-09-13T12:30:51+00:00 start SNA_l2_s4
2026-09-13T12:33:14+00:00 done  SNA_l2_s2
2026-09-13T12:33:14+00:00 start SNA_l2init_s4
2026-09-13T12:34:59+00:00 done  R_l2_s3
2026-09-13T12:34:59+00:00 start SNA_shell_s4
2026-09-13T12:35:41+00:00 done  SNA_none_s3
2026-09-13T12:35:41+00:00 start R_none_s5
2026-09-13T12:40:05+00:00 done  SNA_shell_s2
2026-09-13T12:40:05+00:00 start R_l2_s5
2026-09-13T12:40:30+00:00 done  R_shell_s3
2026-09-13T12:40:30+00:00 start R_l2init_s5
2026-09-13T12:43:43+00:00 done  R_none_s2
2026-09-13T12:43:43+00:00 start R_shell_s5
2026-09-13T12:45:28+00:00 done  SNA_l2_s3
2026-09-13T12:45:28+00:00 start SNA_none_s5
2026-09-13T12:47:34+00:00 done  R_l2init_s4
2026-09-13T12:47:34+00:00 start SNA_l2_s5
2026-09-13T12:47:45+00:00 done  SNA_l2init_s3
2026-09-13T12:47:45+00:00 start SNA_l2init_s5
2026-09-13T12:53:32+00:00 done  R_l2_s4
2026-09-13T12:53:32+00:00 start SNA_shell_s5
2026-09-13T12:54:25+00:00 done  SNA_none_s4
2026-09-13T12:54:25+00:00 start R_none_s6
2026-09-13T12:55:45+00:00 done  R_none_s3
2026-09-13T12:55:45+00:00 start R_l2_s6
2026-09-13T12:59:56+00:00 done  SNA_shell_s3
2026-09-13T12:59:56+00:00 start R_l2init_s6
2026-09-13T13:02:14+00:00 done  SNA_l2init_s4
2026-09-13T13:02:14+00:00 start R_shell_s6
2026-09-13T13:03:49+00:00 done  R_shell_s4
2026-09-13T13:03:49+00:00 start SNA_none_s6
2026-09-13T13:04:44+00:00 done  R_l2init_s5
2026-09-13T13:04:44+00:00 start SNA_l2_s6
2026-09-13T13:05:59+00:00 done  SNA_l2_s4
2026-09-13T13:05:59+00:00 start SNA_l2init_s6
2026-09-13T13:09:45+00:00 done  R_none_s4
2026-09-13T13:09:45+00:00 start SNA_shell_s6
2026-09-13T13:10:54+00:00 done  R_l2_s5
2026-09-13T13:10:54+00:00 start R_none_s7
2026-09-13T13:11:40+00:00 done  SNA_none_s5
2026-09-13T13:11:40+00:00 start R_l2_s7
2026-09-13T13:15:30+00:00 done  SNA_shell_s4
2026-09-13T13:15:30+00:00 start R_l2init_s7
2026-09-13T13:16:30+00:00 done  SNA_l2init_s5
2026-09-13T13:16:30+00:00 start R_shell_s7
2026-09-13T13:19:41+00:00 done  R_shell_s5
2026-09-13T13:19:41+00:00 start SNA_none_s7
2026-09-13T13:23:29+00:00 done  SNA_l2_s5
2026-09-13T13:23:29+00:00 start SNA_l2_s7
2026-09-13T13:24:22+00:00 done  R_l2init_s6
2026-09-13T13:24:22+00:00 start SNA_l2init_s7
2026-09-13T13:26:58+00:00 done  R_l2_s6
2026-09-13T13:26:58+00:00 start SNA_shell_s7
2026-09-13T13:27:21+00:00 done  R_none_s5
2026-09-13T13:27:21+00:00 start R_none_s8
2026-09-13T13:30:35+00:00 done  SNA_none_s6
2026-09-13T13:30:35+00:00 start R_l2_s8
2026-09-13T13:34:32+00:00 done  SNA_shell_s5
2026-09-13T13:34:32+00:00 start R_l2init_s8
2026-09-13T13:34:46+00:00 done  SNA_l2init_s6
2026-09-13T13:34:46+00:00 start R_shell_s8
2026-09-13T13:38:46+00:00 done  R_shell_s6
2026-09-13T13:38:46+00:00 start SNA_none_s8
2026-09-13T13:39:49+00:00 done  R_l2init_s7
2026-09-13T13:39:50+00:00 start SNA_l2_s8
2026-09-13T13:40:50+00:00 done  SNA_l2_s6
2026-09-13T13:40:50+00:00 start SNA_l2init_s8
2026-09-13T13:42:15+00:00 done  R_l2_s7
2026-09-13T13:42:15+00:00 start SNA_shell_s8
2026-09-13T13:45:16+00:00 done  R_none_s6
2026-09-13T13:45:16+00:00 start R_none_s9
2026-09-13T13:46:03+00:00 done  SNA_none_s7
2026-09-13T13:46:03+00:00 start R_l2_s9
2026-09-13T13:50:46+00:00 done  SNA_shell_s6
2026-09-13T13:50:46+00:00 start R_l2init_s9
2026-09-13T13:52:43+00:00 done  R_shell_s7
2026-09-13T13:52:43+00:00 start R_shell_s9
2026-09-13T13:52:52+00:00 done  SNA_l2init_s7
2026-09-13T13:52:52+00:00 start SNA_none_s9
2026-09-13T13:58:40+00:00 done  R_l2init_s8
2026-09-13T13:58:40+00:00 start SNA_l2_s9
2026-09-13T13:59:24+00:00 done  SNA_l2_s7
2026-09-13T13:59:24+00:00 start SNA_l2init_s9
2026-09-13T14:01:43+00:00 done  R_l2_s8
2026-09-13T14:01:43+00:00 start SNA_shell_s9
2026-09-13T14:02:09+00:00 done  R_none_s7
2026-09-13T14:05:01+00:00 done  SNA_none_s8
2026-09-13T14:08:46+00:00 done  SNA_shell_s7
2026-09-13T14:09:26+00:00 done  SNA_l2init_s8
2026-09-13T14:11:03+00:00 done  R_shell_s8
2026-09-13T14:15:29+00:00 done  R_l2init_s9
2026-09-13T14:15:46+00:00 done  SNA_l2_s8
2026-09-13T14:16:48+00:00 done  R_l2_s9
2026-09-13T14:18:49+00:00 done  R_none_s8
2026-09-13T14:19:16+00:00 done  SNA_none_s9
2026-09-13T14:23:38+00:00 done  SNA_shell_s8
2026-09-13T14:27:56+00:00 done  SNA_l2init_s9
2026-09-13T14:28:48+00:00 done  R_shell_s9
2026-09-13T14:34:26+00:00 done  SNA_l2_s9
2026-09-13T14:36:39+00:00 done  R_none_s9
2026-09-13T14:42:44+00:00 done  SNA_shell_s9
2026-09-13T14:42:44+00:00 all jobs returned
