[    29.1s] R l2init:1e-3 seed=0 task 1/50
[    57.9s] R l2init:1e-3 seed=0 task 2/50
[    86.8s] R l2init:1e-3 seed=0 task 3/50
[   115.8s] R l2init:1e-3 seed=0 task 4/50
[   145.0s] R l2init:1e-3 seed=0 task 5/50
[   174.0s] R l2init:1e-3 seed=0 task 6/50
[   203.0s] R l2init:1e-3 seed=0 task 7/50
[   232.0s] R l2init:1e-3 seed=0 task 8/50
[   261.1s] R l2init:1e-3 seed=0 task 9/50
[   290.2s] R l2init:1e-3 seed=0 task 10/50
[   319.3s] R l2init:1e-3 seed=0 task 11/50
[   348.6s] R l2init:1e-3 seed=0 task 12/50
[   377.7s] R l2init:1e-3 seed=0 task 13/50
[   406.7s] R l2init:1e-3 seed=0 task 14/50
[   435.8s] R l2init:1e-3 seed=0 task 15/50
[   464.9s] R l2init:1e-3 seed=0 task 16/50
[   493.9s] R l2init:1e-3 seed=0 task 17/50
[   523.0s] R l2init:1e-3 seed=0 task 18/50
[   552.0s] R l2init:1e-3 seed=0 task 19/50
[   581.0s] R l2init:1e-3 seed=0 task 20/50
[   610.1s] R l2init:1e-3 seed=0 task 21/50
[   639.0s] R l2init:1e-3 seed=0 task 22/50
[   668.0s] R l2init:1e-3 seed=0 task 23/50
[   696.9s] R l2init:1e-3 seed=0 task 24/50
[   726.0s] R l2init:1e-3 seed=0 task 25/50
[   754.9s] R l2init:1e-3 seed=0 task 26/50
[   783.9s] R l2init:1e-3 seed=0 task 27/50
[   812.8s] R l2init:1e-3 seed=0 task 28/50
[   841.8s] R l2init:1e-3 seed=0 task 29/50
[   870.8s] R l2init:1e-3 seed=0 task 30/50
[   899.7s] R l2init:1e-3 seed=0 task 31/50
[   928.8s] R l2init:1e-3 seed=0 task 32/50
[   957.8s] R l2init:1e-3 seed=0 task 33/50
[   986.9s] R l2init:1e-3 seed=0 task 34/50
[  1015.9s] R l2init:1e-3 seed=0 task 35/50
[  1044.9s] R l2init:1e-3 seed=0 task 36/50
[  1073.9s] R l2init:1e-3 seed=0 task 37/50
[  1102.9s] R l2init:1e-3 seed=0 task 38/50
[  1132.0s] R l2init:1e-3 seed=0 task 39/50
[  1161.0s] R l2init:1e-3 seed=0 task 40/50
[  1190.0s] R l2init:1e-3 seed=0 task 41/50
[  1218.9s] R l2init:1e-3 seed=0 task 42/50
[  1248.0s] R l2init:1e-3 seed=0 task 43/50
[  1277.0s] R l2init:1e-3 seed=0 task 44/50
[  1305.9s] R l2init:1e-3 seed=0 task 45/50
[  1334.8s] R l2init:1e-3 seed=0 task 46/50
[  1364.0s] R l2init:1e-3 seed=0 task 47/50
[  1393.2s] R l2init:1e-3 seed=0 task 48/50
[  1422.1s] R l2init:1e-3 seed=0 task 49/50
[  1451.1s] R l2init:1e-3 seed=0 task 50/50
[  1451.4s] done R l2init:1e-3 seed=0 tasks=50 1451.1s
wrote results/shell_l2_rlmnist_0913/runs/R_l2init_s0  (50 task rows, 306 layer rows, 1451.4s)
