[    27.6s] R l2:1e-3 seed=5 task 1/50
[    55.5s] R l2:1e-3 seed=5 task 2/50
[    91.9s] R l2:1e-3 seed=5 task 3/50
[   129.2s] R l2:1e-3 seed=5 task 4/50
[   166.3s] R l2:1e-3 seed=5 task 5/50
[   203.5s] R l2:1e-3 seed=5 task 6/50
[   240.8s] R l2:1e-3 seed=5 task 7/50
[   278.1s] R l2:1e-3 seed=5 task 8/50
[   315.2s] R l2:1e-3 seed=5 task 9/50
[   352.4s] R l2:1e-3 seed=5 task 10/50
[   389.6s] R l2:1e-3 seed=5 task 11/50
[   426.7s] R l2:1e-3 seed=5 task 12/50
[   463.9s] R l2:1e-3 seed=5 task 13/50
[   501.1s] R l2:1e-3 seed=5 task 14/50
[   538.1s] R l2:1e-3 seed=5 task 15/50
[   575.0s] R l2:1e-3 seed=5 task 16/50
[   612.0s] R l2:1e-3 seed=5 task 17/50
[   649.1s] R l2:1e-3 seed=5 task 18/50
[   686.1s] R l2:1e-3 seed=5 task 19/50
[   723.2s] R l2:1e-3 seed=5 task 20/50
[   760.4s] R l2:1e-3 seed=5 task 21/50
[   797.5s] R l2:1e-3 seed=5 task 22/50
[   834.7s] R l2:1e-3 seed=5 task 23/50
[   872.0s] R l2:1e-3 seed=5 task 24/50
[   909.3s] R l2:1e-3 seed=5 task 25/50
[   946.9s] R l2:1e-3 seed=5 task 26/50
[   984.9s] R l2:1e-3 seed=5 task 27/50
[  1022.4s] R l2:1e-3 seed=5 task 28/50
[  1059.7s] R l2:1e-3 seed=5 task 29/50
[  1097.1s] R l2:1e-3 seed=5 task 30/50
[  1134.3s] R l2:1e-3 seed=5 task 31/50
[  1171.9s] R l2:1e-3 seed=5 task 32/50
[  1209.2s] R l2:1e-3 seed=5 task 33/50
[  1246.6s] R l2:1e-3 seed=5 task 34/50
[  1284.0s] R l2:1e-3 seed=5 task 35/50
[  1321.9s] R l2:1e-3 seed=5 task 36/50
[  1359.3s] R l2:1e-3 seed=5 task 37/50
[  1396.6s] R l2:1e-3 seed=5 task 38/50
[  1434.4s] R l2:1e-3 seed=5 task 39/50
[  1471.5s] R l2:1e-3 seed=5 task 40/50
[  1509.1s] R l2:1e-3 seed=5 task 41/50
[  1546.9s] R l2:1e-3 seed=5 task 42/50
[  1584.4s] R l2:1e-3 seed=5 task 43/50
[  1621.8s] R l2:1e-3 seed=5 task 44/50
[  1659.2s] R l2:1e-3 seed=5 task 45/50
[  1696.8s] R l2:1e-3 seed=5 task 46/50
[  1734.4s] R l2:1e-3 seed=5 task 47/50
[  1771.9s] R l2:1e-3 seed=5 task 48/50
[  1809.4s] R l2:1e-3 seed=5 task 49/50
[  1847.0s] R l2:1e-3 seed=5 task 50/50
[  1847.3s] done R l2:1e-3 seed=5 tasks=50 1847.0s
wrote results/shell_l2_rlmnist_0913/runs/R_l2_s5  (50 task rows, 306 layer rows, 1847.3s)
