[    28.7s] R l2init:1e-3 seed=8 task 1/50
[    57.3s] R l2init:1e-3 seed=8 task 2/50
[    86.3s] R l2init:1e-3 seed=8 task 3/50
[   115.4s] R l2init:1e-3 seed=8 task 4/50
[   144.4s] R l2init:1e-3 seed=8 task 5/50
[   173.4s] R l2init:1e-3 seed=8 task 6/50
[   202.4s] R l2init:1e-3 seed=8 task 7/50
[   231.6s] R l2init:1e-3 seed=8 task 8/50
[   260.6s] R l2init:1e-3 seed=8 task 9/50
[   289.6s] R l2init:1e-3 seed=8 task 10/50
[   318.6s] R l2init:1e-3 seed=8 task 11/50
[   347.4s] R l2init:1e-3 seed=8 task 12/50
[   376.4s] R l2init:1e-3 seed=8 task 13/50
[   405.3s] R l2init:1e-3 seed=8 task 14/50
[   434.1s] R l2init:1e-3 seed=8 task 15/50
[   462.9s] R l2init:1e-3 seed=8 task 16/50
[   491.8s] R l2init:1e-3 seed=8 task 17/50
[   520.7s] R l2init:1e-3 seed=8 task 18/50
[   549.6s] R l2init:1e-3 seed=8 task 19/50
[   578.4s] R l2init:1e-3 seed=8 task 20/50
[   607.4s] R l2init:1e-3 seed=8 task 21/50
[   636.3s] R l2init:1e-3 seed=8 task 22/50
[   665.2s] R l2init:1e-3 seed=8 task 23/50
[   694.0s] R l2init:1e-3 seed=8 task 24/50
[   723.0s] R l2init:1e-3 seed=8 task 25/50
[   752.0s] R l2init:1e-3 seed=8 task 26/50
[   780.9s] R l2init:1e-3 seed=8 task 27/50
[   809.7s] R l2init:1e-3 seed=8 task 28/50
[   838.6s] R l2init:1e-3 seed=8 task 29/50
[   867.6s] R l2init:1e-3 seed=8 task 30/50
[   896.6s] R l2init:1e-3 seed=8 task 31/50
[   925.4s] R l2init:1e-3 seed=8 task 32/50
[   954.3s] R l2init:1e-3 seed=8 task 33/50
[   983.2s] R l2init:1e-3 seed=8 task 34/50
[  1012.0s] R l2init:1e-3 seed=8 task 35/50
[  1040.8s] R l2init:1e-3 seed=8 task 36/50
[  1069.7s] R l2init:1e-3 seed=8 task 37/50
[  1098.6s] R l2init:1e-3 seed=8 task 38/50
[  1127.5s] R l2init:1e-3 seed=8 task 39/50
[  1156.4s] R l2init:1e-3 seed=8 task 40/50
[  1185.3s] R l2init:1e-3 seed=8 task 41/50
[  1214.2s] R l2init:1e-3 seed=8 task 42/50
[  1243.1s] R l2init:1e-3 seed=8 task 43/50
[  1272.0s] R l2init:1e-3 seed=8 task 44/50
[  1301.0s] R l2init:1e-3 seed=8 task 45/50
[  1329.8s] R l2init:1e-3 seed=8 task 46/50
[  1358.7s] R l2init:1e-3 seed=8 task 47/50
[  1387.5s] R l2init:1e-3 seed=8 task 48/50
[  1416.4s] R l2init:1e-3 seed=8 task 49/50
[  1445.4s] R l2init:1e-3 seed=8 task 50/50
[  1445.6s] done R l2init:1e-3 seed=8 tasks=50 1445.4s
wrote results/shell_l2_rlmnist_0913/runs/R_l2init_s8  (50 task rows, 306 layer rows, 1445.7s)
