[    27.5s] R l2:1e-3 seed=6 task 1/50
[    55.2s] R l2:1e-3 seed=6 task 2/50
[    92.0s] R l2:1e-3 seed=6 task 3/50
[   129.4s] R l2:1e-3 seed=6 task 4/50
[   167.1s] R l2:1e-3 seed=6 task 5/50
[   204.9s] R l2:1e-3 seed=6 task 6/50
[   242.8s] R l2:1e-3 seed=6 task 7/50
[   280.4s] R l2:1e-3 seed=6 task 8/50
[   318.2s] R l2:1e-3 seed=6 task 9/50
[   356.1s] R l2:1e-3 seed=6 task 10/50
[   394.0s] R l2:1e-3 seed=6 task 11/50
[   431.7s] R l2:1e-3 seed=6 task 12/50
[   469.7s] R l2:1e-3 seed=6 task 13/50
[   507.8s] R l2:1e-3 seed=6 task 14/50
[   545.8s] R l2:1e-3 seed=6 task 15/50
[   584.1s] R l2:1e-3 seed=6 task 16/50
[   622.4s] R l2:1e-3 seed=6 task 17/50
[   660.1s] R l2:1e-3 seed=6 task 18/50
[   697.7s] R l2:1e-3 seed=6 task 19/50
[   735.5s] R l2:1e-3 seed=6 task 20/50
[   773.4s] R l2:1e-3 seed=6 task 21/50
[   811.2s] R l2:1e-3 seed=6 task 22/50
[   848.9s] R l2:1e-3 seed=6 task 23/50
[   886.8s] R l2:1e-3 seed=6 task 24/50
[   924.7s] R l2:1e-3 seed=6 task 25/50
[   963.1s] R l2:1e-3 seed=6 task 26/50
[  1001.2s] R l2:1e-3 seed=6 task 27/50
[  1039.1s] R l2:1e-3 seed=6 task 28/50
[  1076.9s] R l2:1e-3 seed=6 task 29/50
[  1114.8s] R l2:1e-3 seed=6 task 30/50
[  1152.6s] R l2:1e-3 seed=6 task 31/50
[  1190.4s] R l2:1e-3 seed=6 task 32/50
[  1228.1s] R l2:1e-3 seed=6 task 33/50
[  1265.9s] R l2:1e-3 seed=6 task 34/50
[  1303.8s] R l2:1e-3 seed=6 task 35/50
[  1341.5s] R l2:1e-3 seed=6 task 36/50
[  1379.3s] R l2:1e-3 seed=6 task 37/50
[  1417.2s] R l2:1e-3 seed=6 task 38/50
[  1455.0s] R l2:1e-3 seed=6 task 39/50
[  1492.7s] R l2:1e-3 seed=6 task 40/50
[  1530.4s] R l2:1e-3 seed=6 task 41/50
[  1568.2s] R l2:1e-3 seed=6 task 42/50
[  1605.9s] R l2:1e-3 seed=6 task 43/50
[  1643.7s] R l2:1e-3 seed=6 task 44/50
[  1681.4s] R l2:1e-3 seed=6 task 45/50
[  1719.2s] R l2:1e-3 seed=6 task 46/50
[  1757.1s] R l2:1e-3 seed=6 task 47/50
[  1794.9s] R l2:1e-3 seed=6 task 48/50
[  1832.8s] R l2:1e-3 seed=6 task 49/50
[  1870.7s] R l2:1e-3 seed=6 task 50/50
[  1870.9s] done R l2:1e-3 seed=6 tasks=50 1870.7s
wrote results/shell_l2_rlmnist_0913/runs/R_l2_s6  (50 task rows, 306 layer rows, 1871.0s)
