[    27.3s] R l2:1e-3 seed=7 task 1/50
[    54.9s] R l2:1e-3 seed=7 task 2/50
[    91.1s] R l2:1e-3 seed=7 task 3/50
[   127.9s] R l2:1e-3 seed=7 task 4/50
[   164.7s] R l2:1e-3 seed=7 task 5/50
[   201.5s] R l2:1e-3 seed=7 task 6/50
[   238.4s] R l2:1e-3 seed=7 task 7/50
[   275.2s] R l2:1e-3 seed=7 task 8/50
[   312.2s] R l2:1e-3 seed=7 task 9/50
[   349.0s] R l2:1e-3 seed=7 task 10/50
[   385.9s] R l2:1e-3 seed=7 task 11/50
[   422.8s] R l2:1e-3 seed=7 task 12/50
[   459.9s] R l2:1e-3 seed=7 task 13/50
[   497.0s] R l2:1e-3 seed=7 task 14/50
[   534.3s] R l2:1e-3 seed=7 task 15/50
[   571.5s] R l2:1e-3 seed=7 task 16/50
[   608.7s] R l2:1e-3 seed=7 task 17/50
[   645.9s] R l2:1e-3 seed=7 task 18/50
[   683.1s] R l2:1e-3 seed=7 task 19/50
[   720.2s] R l2:1e-3 seed=7 task 20/50
[   757.2s] R l2:1e-3 seed=7 task 21/50
[   794.2s] R l2:1e-3 seed=7 task 22/50
[   831.1s] R l2:1e-3 seed=7 task 23/50
[   868.1s] R l2:1e-3 seed=7 task 24/50
[   905.2s] R l2:1e-3 seed=7 task 25/50
[   942.3s] R l2:1e-3 seed=7 task 26/50
[   979.5s] R l2:1e-3 seed=7 task 27/50
[  1016.7s] R l2:1e-3 seed=7 task 28/50
[  1053.9s] R l2:1e-3 seed=7 task 29/50
[  1091.1s] R l2:1e-3 seed=7 task 30/50
[  1128.3s] R l2:1e-3 seed=7 task 31/50
[  1165.3s] R l2:1e-3 seed=7 task 32/50
[  1202.4s] R l2:1e-3 seed=7 task 33/50
[  1239.6s] R l2:1e-3 seed=7 task 34/50
[  1276.7s] R l2:1e-3 seed=7 task 35/50
[  1313.8s] R l2:1e-3 seed=7 task 36/50
[  1351.0s] R l2:1e-3 seed=7 task 37/50
[  1388.2s] R l2:1e-3 seed=7 task 38/50
[  1425.2s] R l2:1e-3 seed=7 task 39/50
[  1462.2s] R l2:1e-3 seed=7 task 40/50
[  1499.2s] R l2:1e-3 seed=7 task 41/50
[  1536.2s] R l2:1e-3 seed=7 task 42/50
[  1573.3s] R l2:1e-3 seed=7 task 43/50
[  1610.5s] R l2:1e-3 seed=7 task 44/50
[  1647.7s] R l2:1e-3 seed=7 task 45/50
[  1684.9s] R l2:1e-3 seed=7 task 46/50
[  1722.0s] R l2:1e-3 seed=7 task 47/50
[  1758.9s] R l2:1e-3 seed=7 task 48/50
[  1795.9s] R l2:1e-3 seed=7 task 49/50
[  1833.0s] R l2:1e-3 seed=7 task 50/50
[  1833.2s] done R l2:1e-3 seed=7 tasks=50 1833.0s
wrote results/shell_l2_rlmnist_0913/runs/R_l2_s7  (50 task rows, 306 layer rows, 1833.3s)
