[    29.0s] R l2init:1e-3 seed=6 task 1/50
[    57.6s] R l2init:1e-3 seed=6 task 2/50
[    86.7s] R l2init:1e-3 seed=6 task 3/50
[   116.0s] R l2init:1e-3 seed=6 task 4/50
[   145.2s] R l2init:1e-3 seed=6 task 5/50
[   174.5s] R l2init:1e-3 seed=6 task 6/50
[   203.8s] R l2init:1e-3 seed=6 task 7/50
[   233.1s] R l2init:1e-3 seed=6 task 8/50
[   262.3s] R l2init:1e-3 seed=6 task 9/50
[   291.6s] R l2init:1e-3 seed=6 task 10/50
[   320.8s] R l2init:1e-3 seed=6 task 11/50
[   350.1s] R l2init:1e-3 seed=6 task 12/50
[   379.3s] R l2init:1e-3 seed=6 task 13/50
[   408.7s] R l2init:1e-3 seed=6 task 14/50
[   438.0s] R l2init:1e-3 seed=6 task 15/50
[   467.4s] R l2init:1e-3 seed=6 task 16/50
[   496.8s] R l2init:1e-3 seed=6 task 17/50
[   526.2s] R l2init:1e-3 seed=6 task 18/50
[   555.7s] R l2init:1e-3 seed=6 task 19/50
[   585.1s] R l2init:1e-3 seed=6 task 20/50
[   614.3s] R l2init:1e-3 seed=6 task 21/50
[   643.6s] R l2init:1e-3 seed=6 task 22/50
[   672.8s] R l2init:1e-3 seed=6 task 23/50
[   702.3s] R l2init:1e-3 seed=6 task 24/50
[   731.7s] R l2init:1e-3 seed=6 task 25/50
[   761.1s] R l2init:1e-3 seed=6 task 26/50
[   790.3s] R l2init:1e-3 seed=6 task 27/50
[   819.5s] R l2init:1e-3 seed=6 task 28/50
[   848.9s] R l2init:1e-3 seed=6 task 29/50
[   878.3s] R l2init:1e-3 seed=6 task 30/50
[   907.7s] R l2init:1e-3 seed=6 task 31/50
[   937.1s] R l2init:1e-3 seed=6 task 32/50
[   966.4s] R l2init:1e-3 seed=6 task 33/50
[   995.7s] R l2init:1e-3 seed=6 task 34/50
[  1025.1s] R l2init:1e-3 seed=6 task 35/50
[  1054.4s] R l2init:1e-3 seed=6 task 36/50
[  1083.8s] R l2init:1e-3 seed=6 task 37/50
[  1113.1s] R l2init:1e-3 seed=6 task 38/50
[  1142.5s] R l2init:1e-3 seed=6 task 39/50
[  1171.8s] R l2init:1e-3 seed=6 task 40/50
[  1201.0s] R l2init:1e-3 seed=6 task 41/50
[  1230.2s] R l2init:1e-3 seed=6 task 42/50
[  1259.3s] R l2init:1e-3 seed=6 task 43/50
[  1288.5s] R l2init:1e-3 seed=6 task 44/50
[  1317.7s] R l2init:1e-3 seed=6 task 45/50
[  1347.0s] R l2init:1e-3 seed=6 task 46/50
[  1376.2s] R l2init:1e-3 seed=6 task 47/50
[  1405.4s] R l2init:1e-3 seed=6 task 48/50
[  1434.5s] R l2init:1e-3 seed=6 task 49/50
[  1463.6s] R l2init:1e-3 seed=6 task 50/50
[  1463.9s] done R l2init:1e-3 seed=6 tasks=50 1463.6s
wrote results/shell_l2_rlmnist_0913/runs/R_l2init_s6  (50 task rows, 306 layer rows, 1463.9s)
