[    27.4s] R l2:1e-3 seed=2 task 1/50
[    55.3s] R l2:1e-3 seed=2 task 2/50
[    91.7s] R l2:1e-3 seed=2 task 3/50
[   128.8s] R l2:1e-3 seed=2 task 4/50
[   165.7s] R l2:1e-3 seed=2 task 5/50
[   202.5s] R l2:1e-3 seed=2 task 6/50
[   239.3s] R l2:1e-3 seed=2 task 7/50
[   276.2s] R l2:1e-3 seed=2 task 8/50
[   313.2s] R l2:1e-3 seed=2 task 9/50
[   350.1s] R l2:1e-3 seed=2 task 10/50
[   387.1s] R l2:1e-3 seed=2 task 11/50
[   424.0s] R l2:1e-3 seed=2 task 12/50
[   461.1s] R l2:1e-3 seed=2 task 13/50
[   498.3s] R l2:1e-3 seed=2 task 14/50
[   535.4s] R l2:1e-3 seed=2 task 15/50
[   572.3s] R l2:1e-3 seed=2 task 16/50
[   609.3s] R l2:1e-3 seed=2 task 17/50
[   646.3s] R l2:1e-3 seed=2 task 18/50
[   683.5s] R l2:1e-3 seed=2 task 19/50
[   720.6s] R l2:1e-3 seed=2 task 20/50
[   757.6s] R l2:1e-3 seed=2 task 21/50
[   794.7s] R l2:1e-3 seed=2 task 22/50
[   831.8s] R l2:1e-3 seed=2 task 23/50
[   869.0s] R l2:1e-3 seed=2 task 24/50
[   906.1s] R l2:1e-3 seed=2 task 25/50
[   943.1s] R l2:1e-3 seed=2 task 26/50
[   980.2s] R l2:1e-3 seed=2 task 27/50
[  1017.4s] R l2:1e-3 seed=2 task 28/50
[  1054.3s] R l2:1e-3 seed=2 task 29/50
[  1091.2s] R l2:1e-3 seed=2 task 30/50
[  1128.4s] R l2:1e-3 seed=2 task 31/50
[  1165.6s] R l2:1e-3 seed=2 task 32/50
[  1202.6s] R l2:1e-3 seed=2 task 33/50
[  1239.5s] R l2:1e-3 seed=2 task 34/50
[  1276.3s] R l2:1e-3 seed=2 task 35/50
[  1313.3s] R l2:1e-3 seed=2 task 36/50
[  1350.6s] R l2:1e-3 seed=2 task 37/50
[  1387.6s] R l2:1e-3 seed=2 task 38/50
[  1424.7s] R l2:1e-3 seed=2 task 39/50
[  1461.8s] R l2:1e-3 seed=2 task 40/50
[  1498.7s] R l2:1e-3 seed=2 task 41/50
[  1535.7s] R l2:1e-3 seed=2 task 42/50
[  1572.6s] R l2:1e-3 seed=2 task 43/50
[  1609.7s] R l2:1e-3 seed=2 task 44/50
[  1646.9s] R l2:1e-3 seed=2 task 45/50
[  1683.9s] R l2:1e-3 seed=2 task 46/50
[  1721.0s] R l2:1e-3 seed=2 task 47/50
[  1758.1s] R l2:1e-3 seed=2 task 48/50
[  1795.2s] R l2:1e-3 seed=2 task 49/50
[  1832.4s] R l2:1e-3 seed=2 task 50/50
[  1832.6s] done R l2:1e-3 seed=2 tasks=50 1832.4s
wrote results/shell_l2_rlmnist_0913/runs/R_l2_s2  (50 task rows, 306 layer rows, 1832.7s)
