[    27.9s] R l2:1e-3 seed=0 task 1/50
[    56.8s] R l2:1e-3 seed=0 task 2/50
[    94.6s] R l2:1e-3 seed=0 task 3/50
[   133.1s] R l2:1e-3 seed=0 task 4/50
[   171.6s] R l2:1e-3 seed=0 task 5/50
[   210.3s] R l2:1e-3 seed=0 task 6/50
[   248.6s] R l2:1e-3 seed=0 task 7/50
[   287.2s] R l2:1e-3 seed=0 task 8/50
[   325.7s] R l2:1e-3 seed=0 task 9/50
[   364.4s] R l2:1e-3 seed=0 task 10/50
[   402.9s] R l2:1e-3 seed=0 task 11/50
[   441.5s] R l2:1e-3 seed=0 task 12/50
[   480.0s] R l2:1e-3 seed=0 task 13/50
[   518.5s] R l2:1e-3 seed=0 task 14/50
[   557.0s] R l2:1e-3 seed=0 task 15/50
[   595.5s] R l2:1e-3 seed=0 task 16/50
[   633.7s] R l2:1e-3 seed=0 task 17/50
[   671.8s] R l2:1e-3 seed=0 task 18/50
[   710.0s] R l2:1e-3 seed=0 task 19/50
[   748.5s] R l2:1e-3 seed=0 task 20/50
[   786.8s] R l2:1e-3 seed=0 task 21/50
[   825.2s] R l2:1e-3 seed=0 task 22/50
[   863.7s] R l2:1e-3 seed=0 task 23/50
[   902.1s] R l2:1e-3 seed=0 task 24/50
[   940.5s] R l2:1e-3 seed=0 task 25/50
[   978.9s] R l2:1e-3 seed=0 task 26/50
[  1017.4s] R l2:1e-3 seed=0 task 27/50
[  1055.9s] R l2:1e-3 seed=0 task 28/50
[  1094.6s] R l2:1e-3 seed=0 task 29/50
[  1133.2s] R l2:1e-3 seed=0 task 30/50
[  1171.7s] R l2:1e-3 seed=0 task 31/50
[  1210.4s] R l2:1e-3 seed=0 task 32/50
[  1248.9s] R l2:1e-3 seed=0 task 33/50
[  1287.3s] R l2:1e-3 seed=0 task 34/50
[  1325.6s] R l2:1e-3 seed=0 task 35/50
[  1364.0s] R l2:1e-3 seed=0 task 36/50
[  1402.2s] R l2:1e-3 seed=0 task 37/50
[  1440.7s] R l2:1e-3 seed=0 task 38/50
[  1479.2s] R l2:1e-3 seed=0 task 39/50
[  1517.8s] R l2:1e-3 seed=0 task 40/50
[  1556.4s] R l2:1e-3 seed=0 task 41/50
[  1595.0s] R l2:1e-3 seed=0 task 42/50
[  1633.4s] R l2:1e-3 seed=0 task 43/50
[  1671.6s] R l2:1e-3 seed=0 task 44/50
[  1709.8s] R l2:1e-3 seed=0 task 45/50
[  1747.9s] R l2:1e-3 seed=0 task 46/50
[  1786.2s] R l2:1e-3 seed=0 task 47/50
[  1824.5s] R l2:1e-3 seed=0 task 48/50
[  1862.6s] R l2:1e-3 seed=0 task 49/50
[  1900.8s] R l2:1e-3 seed=0 task 50/50
[  1901.1s] done R l2:1e-3 seed=0 tasks=50 1900.8s
wrote results/shell_l2_rlmnist_0913/runs/R_l2_s0  (50 task rows, 306 layer rows, 1901.2s)
