[    28.7s] R l2init:1e-3 seed=7 task 1/50
[    57.2s] R l2init:1e-3 seed=7 task 2/50
[    86.0s] R l2init:1e-3 seed=7 task 3/50
[   115.0s] R l2init:1e-3 seed=7 task 4/50
[   144.1s] R l2init:1e-3 seed=7 task 5/50
[   173.2s] R l2init:1e-3 seed=7 task 6/50
[   202.3s] R l2init:1e-3 seed=7 task 7/50
[   231.5s] R l2init:1e-3 seed=7 task 8/50
[   260.6s] R l2init:1e-3 seed=7 task 9/50
[   289.6s] R l2init:1e-3 seed=7 task 10/50
[   318.7s] R l2init:1e-3 seed=7 task 11/50
[   347.9s] R l2init:1e-3 seed=7 task 12/50
[   377.0s] R l2init:1e-3 seed=7 task 13/50
[   406.0s] R l2init:1e-3 seed=7 task 14/50
[   435.2s] R l2init:1e-3 seed=7 task 15/50
[   464.3s] R l2init:1e-3 seed=7 task 16/50
[   493.4s] R l2init:1e-3 seed=7 task 17/50
[   522.5s] R l2init:1e-3 seed=7 task 18/50
[   551.7s] R l2init:1e-3 seed=7 task 19/50
[   580.8s] R l2init:1e-3 seed=7 task 20/50
[   609.8s] R l2init:1e-3 seed=7 task 21/50
[   638.9s] R l2init:1e-3 seed=7 task 22/50
[   668.0s] R l2init:1e-3 seed=7 task 23/50
[   697.3s] R l2init:1e-3 seed=7 task 24/50
[   726.6s] R l2init:1e-3 seed=7 task 25/50
[   755.9s] R l2init:1e-3 seed=7 task 26/50
[   785.2s] R l2init:1e-3 seed=7 task 27/50
[   814.5s] R l2init:1e-3 seed=7 task 28/50
[   843.7s] R l2init:1e-3 seed=7 task 29/50
[   872.9s] R l2init:1e-3 seed=7 task 30/50
[   902.2s] R l2init:1e-3 seed=7 task 31/50
[   931.3s] R l2init:1e-3 seed=7 task 32/50
[   960.5s] R l2init:1e-3 seed=7 task 33/50
[   989.8s] R l2init:1e-3 seed=7 task 34/50
[  1019.1s] R l2init:1e-3 seed=7 task 35/50
[  1048.4s] R l2init:1e-3 seed=7 task 36/50
[  1077.7s] R l2init:1e-3 seed=7 task 37/50
[  1106.9s] R l2init:1e-3 seed=7 task 38/50
[  1136.1s] R l2init:1e-3 seed=7 task 39/50
[  1165.3s] R l2init:1e-3 seed=7 task 40/50
[  1194.4s] R l2init:1e-3 seed=7 task 41/50
[  1223.6s] R l2init:1e-3 seed=7 task 42/50
[  1252.7s] R l2init:1e-3 seed=7 task 43/50
[  1281.8s] R l2init:1e-3 seed=7 task 44/50
[  1311.0s] R l2init:1e-3 seed=7 task 45/50
[  1340.3s] R l2init:1e-3 seed=7 task 46/50
[  1369.5s] R l2init:1e-3 seed=7 task 47/50
[  1398.8s] R l2init:1e-3 seed=7 task 48/50
[  1428.0s] R l2init:1e-3 seed=7 task 49/50
[  1457.3s] R l2init:1e-3 seed=7 task 50/50
[  1457.6s] done R l2init:1e-3 seed=7 tasks=50 1457.3s
wrote results/shell_l2_rlmnist_0913/runs/R_l2init_s7  (50 task rows, 306 layer rows, 1457.6s)
