[    27.5s] R l2:1e-3 seed=9 task 1/50
[    55.6s] R l2:1e-3 seed=9 task 2/50
[    92.1s] R l2:1e-3 seed=9 task 3/50
[   129.2s] R l2:1e-3 seed=9 task 4/50
[   166.3s] R l2:1e-3 seed=9 task 5/50
[   203.5s] R l2:1e-3 seed=9 task 6/50
[   240.7s] R l2:1e-3 seed=9 task 7/50
[   277.9s] R l2:1e-3 seed=9 task 8/50
[   314.9s] R l2:1e-3 seed=9 task 9/50
[   352.0s] R l2:1e-3 seed=9 task 10/50
[   389.2s] R l2:1e-3 seed=9 task 11/50
[   426.4s] R l2:1e-3 seed=9 task 12/50
[   463.6s] R l2:1e-3 seed=9 task 13/50
[   500.7s] R l2:1e-3 seed=9 task 14/50
[   537.8s] R l2:1e-3 seed=9 task 15/50
[   575.0s] R l2:1e-3 seed=9 task 16/50
[   612.1s] R l2:1e-3 seed=9 task 17/50
[   649.1s] R l2:1e-3 seed=9 task 18/50
[   686.2s] R l2:1e-3 seed=9 task 19/50
[   723.2s] R l2:1e-3 seed=9 task 20/50
[   760.2s] R l2:1e-3 seed=9 task 21/50
[   797.2s] R l2:1e-3 seed=9 task 22/50
[   834.2s] R l2:1e-3 seed=9 task 23/50
[   871.5s] R l2:1e-3 seed=9 task 24/50
[   908.8s] R l2:1e-3 seed=9 task 25/50
[   945.9s] R l2:1e-3 seed=9 task 26/50
[   983.2s] R l2:1e-3 seed=9 task 27/50
[  1020.6s] R l2:1e-3 seed=9 task 28/50
[  1058.0s] R l2:1e-3 seed=9 task 29/50
[  1095.3s] R l2:1e-3 seed=9 task 30/50
[  1132.7s] R l2:1e-3 seed=9 task 31/50
[  1169.9s] R l2:1e-3 seed=9 task 32/50
[  1207.2s] R l2:1e-3 seed=9 task 33/50
[  1244.6s] R l2:1e-3 seed=9 task 34/50
[  1282.0s] R l2:1e-3 seed=9 task 35/50
[  1319.6s] R l2:1e-3 seed=9 task 36/50
[  1357.0s] R l2:1e-3 seed=9 task 37/50
[  1394.4s] R l2:1e-3 seed=9 task 38/50
[  1431.6s] R l2:1e-3 seed=9 task 39/50
[  1468.8s] R l2:1e-3 seed=9 task 40/50
[  1506.0s] R l2:1e-3 seed=9 task 41/50
[  1543.4s] R l2:1e-3 seed=9 task 42/50
[  1580.7s] R l2:1e-3 seed=9 task 43/50
[  1618.1s] R l2:1e-3 seed=9 task 44/50
[  1655.4s] R l2:1e-3 seed=9 task 45/50
[  1692.8s] R l2:1e-3 seed=9 task 46/50
[  1730.0s] R l2:1e-3 seed=9 task 47/50
[  1767.5s] R l2:1e-3 seed=9 task 48/50
[  1804.9s] R l2:1e-3 seed=9 task 49/50
[  1842.0s] R l2:1e-3 seed=9 task 50/50
[  1842.3s] done R l2:1e-3 seed=9 tasks=50 1842.0s
wrote results/shell_l2_rlmnist_0913/runs/R_l2_s9  (50 task rows, 306 layer rows, 1842.3s)
