[    28.6s] R l2init:1e-3 seed=4 task 1/50
[    56.9s] R l2init:1e-3 seed=4 task 2/50
[    85.6s] R l2init:1e-3 seed=4 task 3/50
[   114.6s] R l2init:1e-3 seed=4 task 4/50
[   143.6s] R l2init:1e-3 seed=4 task 5/50
[   172.6s] R l2init:1e-3 seed=4 task 6/50
[   201.5s] R l2init:1e-3 seed=4 task 7/50
[   230.5s] R l2init:1e-3 seed=4 task 8/50
[   259.5s] R l2init:1e-3 seed=4 task 9/50
[   288.5s] R l2init:1e-3 seed=4 task 10/50
[   317.4s] R l2init:1e-3 seed=4 task 11/50
[   346.4s] R l2init:1e-3 seed=4 task 12/50
[   375.3s] R l2init:1e-3 seed=4 task 13/50
[   404.3s] R l2init:1e-3 seed=4 task 14/50
[   433.4s] R l2init:1e-3 seed=4 task 15/50
[   462.5s] R l2init:1e-3 seed=4 task 16/50
[   491.6s] R l2init:1e-3 seed=4 task 17/50
[   520.8s] R l2init:1e-3 seed=4 task 18/50
[   549.9s] R l2init:1e-3 seed=4 task 19/50
[   579.0s] R l2init:1e-3 seed=4 task 20/50
[   608.1s] R l2init:1e-3 seed=4 task 21/50
[   637.2s] R l2init:1e-3 seed=4 task 22/50
[   666.4s] R l2init:1e-3 seed=4 task 23/50
[   695.6s] R l2init:1e-3 seed=4 task 24/50
[   724.8s] R l2init:1e-3 seed=4 task 25/50
[   754.0s] R l2init:1e-3 seed=4 task 26/50
[   783.2s] R l2init:1e-3 seed=4 task 27/50
[   812.5s] R l2init:1e-3 seed=4 task 28/50
[   841.6s] R l2init:1e-3 seed=4 task 29/50
[   870.9s] R l2init:1e-3 seed=4 task 30/50
[   900.2s] R l2init:1e-3 seed=4 task 31/50
[   929.5s] R l2init:1e-3 seed=4 task 32/50
[   958.7s] R l2init:1e-3 seed=4 task 33/50
[   988.0s] R l2init:1e-3 seed=4 task 34/50
[  1017.3s] R l2init:1e-3 seed=4 task 35/50
[  1046.5s] R l2init:1e-3 seed=4 task 36/50
[  1075.7s] R l2init:1e-3 seed=4 task 37/50
[  1104.8s] R l2init:1e-3 seed=4 task 38/50
[  1133.9s] R l2init:1e-3 seed=4 task 39/50
[  1163.1s] R l2init:1e-3 seed=4 task 40/50
[  1192.3s] R l2init:1e-3 seed=4 task 41/50
[  1221.5s] R l2init:1e-3 seed=4 task 42/50
[  1250.8s] R l2init:1e-3 seed=4 task 43/50
[  1280.1s] R l2init:1e-3 seed=4 task 44/50
[  1309.4s] R l2init:1e-3 seed=4 task 45/50
[  1338.7s] R l2init:1e-3 seed=4 task 46/50
[  1367.8s] R l2init:1e-3 seed=4 task 47/50
[  1396.9s] R l2init:1e-3 seed=4 task 48/50
[  1426.2s] R l2init:1e-3 seed=4 task 49/50
[  1455.5s] R l2init:1e-3 seed=4 task 50/50
[  1455.7s] done R l2init:1e-3 seed=4 tasks=50 1455.5s
wrote results/shell_l2_rlmnist_0913/runs/R_l2init_s4  (50 task rows, 306 layer rows, 1455.8s)
