[    28.4s] R l2init:1e-3 seed=3 task 1/50
[    56.6s] R l2init:1e-3 seed=3 task 2/50
[    85.2s] R l2init:1e-3 seed=3 task 3/50
[   114.1s] R l2init:1e-3 seed=3 task 4/50
[   142.9s] R l2init:1e-3 seed=3 task 5/50
[   172.0s] R l2init:1e-3 seed=3 task 6/50
[   200.9s] R l2init:1e-3 seed=3 task 7/50
[   229.9s] R l2init:1e-3 seed=3 task 8/50
[   258.8s] R l2init:1e-3 seed=3 task 9/50
[   287.7s] R l2init:1e-3 seed=3 task 10/50
[   316.6s] R l2init:1e-3 seed=3 task 11/50
[   345.4s] R l2init:1e-3 seed=3 task 12/50
[   374.2s] R l2init:1e-3 seed=3 task 13/50
[   403.0s] R l2init:1e-3 seed=3 task 14/50
[   431.9s] R l2init:1e-3 seed=3 task 15/50
[   460.8s] R l2init:1e-3 seed=3 task 16/50
[   489.7s] R l2init:1e-3 seed=3 task 17/50
[   518.6s] R l2init:1e-3 seed=3 task 18/50
[   547.5s] R l2init:1e-3 seed=3 task 19/50
[   576.5s] R l2init:1e-3 seed=3 task 20/50
[   605.5s] R l2init:1e-3 seed=3 task 21/50
[   634.5s] R l2init:1e-3 seed=3 task 22/50
[   663.3s] R l2init:1e-3 seed=3 task 23/50
[   692.1s] R l2init:1e-3 seed=3 task 24/50
[   720.9s] R l2init:1e-3 seed=3 task 25/50
[   749.8s] R l2init:1e-3 seed=3 task 26/50
[   778.8s] R l2init:1e-3 seed=3 task 27/50
[   807.8s] R l2init:1e-3 seed=3 task 28/50
[   836.6s] R l2init:1e-3 seed=3 task 29/50
[   865.4s] R l2init:1e-3 seed=3 task 30/50
[   894.2s] R l2init:1e-3 seed=3 task 31/50
[   923.0s] R l2init:1e-3 seed=3 task 32/50
[   951.8s] R l2init:1e-3 seed=3 task 33/50
[   980.8s] R l2init:1e-3 seed=3 task 34/50
[  1009.7s] R l2init:1e-3 seed=3 task 35/50
[  1038.6s] R l2init:1e-3 seed=3 task 36/50
[  1067.5s] R l2init:1e-3 seed=3 task 37/50
[  1096.4s] R l2init:1e-3 seed=3 task 38/50
[  1125.3s] R l2init:1e-3 seed=3 task 39/50
[  1154.2s] R l2init:1e-3 seed=3 task 40/50
[  1183.1s] R l2init:1e-3 seed=3 task 41/50
[  1212.0s] R l2init:1e-3 seed=3 task 42/50
[  1240.8s] R l2init:1e-3 seed=3 task 43/50
[  1269.5s] R l2init:1e-3 seed=3 task 44/50
[  1298.2s] R l2init:1e-3 seed=3 task 45/50
[  1326.9s] R l2init:1e-3 seed=3 task 46/50
[  1355.7s] R l2init:1e-3 seed=3 task 47/50
[  1384.5s] R l2init:1e-3 seed=3 task 48/50
[  1413.3s] R l2init:1e-3 seed=3 task 49/50
[  1442.1s] R l2init:1e-3 seed=3 task 50/50
[  1442.4s] done R l2init:1e-3 seed=3 tasks=50 1442.1s
wrote results/shell_l2_rlmnist_0913/runs/R_l2init_s3  (50 task rows, 306 layer rows, 1442.4s)
