[    28.7s] R l2init:1e-3 seed=2 task 1/50
[    57.3s] R l2init:1e-3 seed=2 task 2/50
[    86.4s] R l2init:1e-3 seed=2 task 3/50
[   115.7s] R l2init:1e-3 seed=2 task 4/50
[   144.9s] R l2init:1e-3 seed=2 task 5/50
[   174.2s] R l2init:1e-3 seed=2 task 6/50
[   203.5s] R l2init:1e-3 seed=2 task 7/50
[   232.9s] R l2init:1e-3 seed=2 task 8/50
[   262.1s] R l2init:1e-3 seed=2 task 9/50
[   291.3s] R l2init:1e-3 seed=2 task 10/50
[   320.3s] R l2init:1e-3 seed=2 task 11/50
[   349.4s] R l2init:1e-3 seed=2 task 12/50
[   378.6s] R l2init:1e-3 seed=2 task 13/50
[   407.8s] R l2init:1e-3 seed=2 task 14/50
[   437.1s] R l2init:1e-3 seed=2 task 15/50
[   466.5s] R l2init:1e-3 seed=2 task 16/50
[   496.0s] R l2init:1e-3 seed=2 task 17/50
[   525.2s] R l2init:1e-3 seed=2 task 18/50
[   554.4s] R l2init:1e-3 seed=2 task 19/50
[   583.7s] R l2init:1e-3 seed=2 task 20/50
[   613.0s] R l2init:1e-3 seed=2 task 21/50
[   642.5s] R l2init:1e-3 seed=2 task 22/50
[   672.0s] R l2init:1e-3 seed=2 task 23/50
[   701.3s] R l2init:1e-3 seed=2 task 24/50
[   730.8s] R l2init:1e-3 seed=2 task 25/50
[   760.4s] R l2init:1e-3 seed=2 task 26/50
[   789.9s] R l2init:1e-3 seed=2 task 27/50
[   819.5s] R l2init:1e-3 seed=2 task 28/50
[   849.1s] R l2init:1e-3 seed=2 task 29/50
[   878.7s] R l2init:1e-3 seed=2 task 30/50
[   908.0s] R l2init:1e-3 seed=2 task 31/50
[   937.3s] R l2init:1e-3 seed=2 task 32/50
[   966.8s] R l2init:1e-3 seed=2 task 33/50
[   996.3s] R l2init:1e-3 seed=2 task 34/50
[  1025.7s] R l2init:1e-3 seed=2 task 35/50
[  1055.2s] R l2init:1e-3 seed=2 task 36/50
[  1084.6s] R l2init:1e-3 seed=2 task 37/50
[  1113.9s] R l2init:1e-3 seed=2 task 38/50
[  1143.2s] R l2init:1e-3 seed=2 task 39/50
[  1172.6s] R l2init:1e-3 seed=2 task 40/50
[  1202.1s] R l2init:1e-3 seed=2 task 41/50
[  1231.5s] R l2init:1e-3 seed=2 task 42/50
[  1260.9s] R l2init:1e-3 seed=2 task 43/50
[  1290.4s] R l2init:1e-3 seed=2 task 44/50
[  1319.7s] R l2init:1e-3 seed=2 task 45/50
[  1349.0s] R l2init:1e-3 seed=2 task 46/50
[  1378.3s] R l2init:1e-3 seed=2 task 47/50
[  1407.5s] R l2init:1e-3 seed=2 task 48/50
[  1436.7s] R l2init:1e-3 seed=2 task 49/50
[  1466.0s] R l2init:1e-3 seed=2 task 50/50
[  1466.3s] done R l2init:1e-3 seed=2 tasks=50 1466.0s
wrote results/shell_l2_rlmnist_0913/runs/R_l2init_s2  (50 task rows, 306 layer rows, 1466.3s)
