[    28.9s] R l2init:1e-3 seed=1 task 1/50
[    57.6s] R l2init:1e-3 seed=1 task 2/50
[    86.5s] R l2init:1e-3 seed=1 task 3/50
[   115.5s] R l2init:1e-3 seed=1 task 4/50
[   144.7s] R l2init:1e-3 seed=1 task 5/50
[   173.8s] R l2init:1e-3 seed=1 task 6/50
[   202.8s] R l2init:1e-3 seed=1 task 7/50
[   231.9s] R l2init:1e-3 seed=1 task 8/50
[   261.0s] R l2init:1e-3 seed=1 task 9/50
[   289.9s] R l2init:1e-3 seed=1 task 10/50
[   318.8s] R l2init:1e-3 seed=1 task 11/50
[   347.9s] R l2init:1e-3 seed=1 task 12/50
[   376.8s] R l2init:1e-3 seed=1 task 13/50
[   405.7s] R l2init:1e-3 seed=1 task 14/50
[   434.5s] R l2init:1e-3 seed=1 task 15/50
[   463.5s] R l2init:1e-3 seed=1 task 16/50
[   492.4s] R l2init:1e-3 seed=1 task 17/50
[   521.3s] R l2init:1e-3 seed=1 task 18/50
[   550.2s] R l2init:1e-3 seed=1 task 19/50
[   579.2s] R l2init:1e-3 seed=1 task 20/50
[   608.1s] R l2init:1e-3 seed=1 task 21/50
[   637.1s] R l2init:1e-3 seed=1 task 22/50
[   666.0s] R l2init:1e-3 seed=1 task 23/50
[   695.0s] R l2init:1e-3 seed=1 task 24/50
[   723.9s] R l2init:1e-3 seed=1 task 25/50
[   752.8s] R l2init:1e-3 seed=1 task 26/50
[   781.8s] R l2init:1e-3 seed=1 task 27/50
[   810.7s] R l2init:1e-3 seed=1 task 28/50
[   839.6s] R l2init:1e-3 seed=1 task 29/50
[   868.6s] R l2init:1e-3 seed=1 task 30/50
[   897.6s] R l2init:1e-3 seed=1 task 31/50
[   926.6s] R l2init:1e-3 seed=1 task 32/50
[   955.6s] R l2init:1e-3 seed=1 task 33/50
[   984.5s] R l2init:1e-3 seed=1 task 34/50
[  1013.4s] R l2init:1e-3 seed=1 task 35/50
[  1042.3s] R l2init:1e-3 seed=1 task 36/50
[  1071.3s] R l2init:1e-3 seed=1 task 37/50
[  1100.2s] R l2init:1e-3 seed=1 task 38/50
[  1129.0s] R l2init:1e-3 seed=1 task 39/50
[  1157.8s] R l2init:1e-3 seed=1 task 40/50
[  1186.7s] R l2init:1e-3 seed=1 task 41/50
[  1215.7s] R l2init:1e-3 seed=1 task 42/50
[  1244.6s] R l2init:1e-3 seed=1 task 43/50
[  1273.6s] R l2init:1e-3 seed=1 task 44/50
[  1302.5s] R l2init:1e-3 seed=1 task 45/50
[  1331.5s] R l2init:1e-3 seed=1 task 46/50
[  1360.5s] R l2init:1e-3 seed=1 task 47/50
[  1389.5s] R l2init:1e-3 seed=1 task 48/50
[  1418.4s] R l2init:1e-3 seed=1 task 49/50
[  1447.3s] R l2init:1e-3 seed=1 task 50/50
[  1447.7s] done R l2init:1e-3 seed=1 tasks=50 1447.3s
wrote results/shell_l2_rlmnist_0913/runs/R_l2init_s1  (50 task rows, 306 layer rows, 1447.7s)
