[    27.4s] R l2:1e-3 seed=1 task 1/50
[    55.3s] R l2:1e-3 seed=1 task 2/50
[    92.1s] R l2:1e-3 seed=1 task 3/50
[   129.5s] R l2:1e-3 seed=1 task 4/50
[   167.1s] R l2:1e-3 seed=1 task 5/50
[   204.6s] R l2:1e-3 seed=1 task 6/50
[   242.1s] R l2:1e-3 seed=1 task 7/50
[   279.6s] R l2:1e-3 seed=1 task 8/50
[   317.1s] R l2:1e-3 seed=1 task 9/50
[   354.5s] R l2:1e-3 seed=1 task 10/50
[   392.1s] R l2:1e-3 seed=1 task 11/50
[   429.7s] R l2:1e-3 seed=1 task 12/50
[   467.4s] R l2:1e-3 seed=1 task 13/50
[   504.9s] R l2:1e-3 seed=1 task 14/50
[   542.4s] R l2:1e-3 seed=1 task 15/50
[   580.0s] R l2:1e-3 seed=1 task 16/50
[   617.5s] R l2:1e-3 seed=1 task 17/50
[   655.2s] R l2:1e-3 seed=1 task 18/50
[   692.9s] R l2:1e-3 seed=1 task 19/50
[   730.5s] R l2:1e-3 seed=1 task 20/50
[   768.2s] R l2:1e-3 seed=1 task 21/50
[   805.9s] R l2:1e-3 seed=1 task 22/50
[   843.7s] R l2:1e-3 seed=1 task 23/50
[   881.4s] R l2:1e-3 seed=1 task 24/50
[   919.0s] R l2:1e-3 seed=1 task 25/50
[   956.5s] R l2:1e-3 seed=1 task 26/50
[   993.9s] R l2:1e-3 seed=1 task 27/50
[  1031.5s] R l2:1e-3 seed=1 task 28/50
[  1069.1s] R l2:1e-3 seed=1 task 29/50
[  1106.9s] R l2:1e-3 seed=1 task 30/50
[  1144.6s] R l2:1e-3 seed=1 task 31/50
[  1182.2s] R l2:1e-3 seed=1 task 32/50
[  1219.8s] R l2:1e-3 seed=1 task 33/50
[  1257.4s] R l2:1e-3 seed=1 task 34/50
[  1295.4s] R l2:1e-3 seed=1 task 35/50
[  1333.0s] R l2:1e-3 seed=1 task 36/50
[  1370.7s] R l2:1e-3 seed=1 task 37/50
[  1408.3s] R l2:1e-3 seed=1 task 38/50
[  1445.8s] R l2:1e-3 seed=1 task 39/50
[  1483.4s] R l2:1e-3 seed=1 task 40/50
[  1521.0s] R l2:1e-3 seed=1 task 41/50
[  1558.5s] R l2:1e-3 seed=1 task 42/50
[  1596.1s] R l2:1e-3 seed=1 task 43/50
[  1633.6s] R l2:1e-3 seed=1 task 44/50
[  1671.4s] R l2:1e-3 seed=1 task 45/50
[  1709.2s] R l2:1e-3 seed=1 task 46/50
[  1746.7s] R l2:1e-3 seed=1 task 47/50
[  1784.1s] R l2:1e-3 seed=1 task 48/50
[  1821.6s] R l2:1e-3 seed=1 task 49/50
[  1859.0s] R l2:1e-3 seed=1 task 50/50
[  1859.3s] done R l2:1e-3 seed=1 tasks=50 1859.0s
wrote results/shell_l2_rlmnist_0913/runs/R_l2_s1  (50 task rows, 306 layer rows, 1859.3s)
