[    29.0s] R l2init:1e-3 seed=9 task 1/50
[    57.9s] R l2init:1e-3 seed=9 task 2/50
[    87.2s] R l2init:1e-3 seed=9 task 3/50
[   116.7s] R l2init:1e-3 seed=9 task 4/50
[   146.3s] R l2init:1e-3 seed=9 task 5/50
[   175.9s] R l2init:1e-3 seed=9 task 6/50
[   205.4s] R l2init:1e-3 seed=9 task 7/50
[   234.9s] R l2init:1e-3 seed=9 task 8/50
[   264.4s] R l2init:1e-3 seed=9 task 9/50
[   293.8s] R l2init:1e-3 seed=9 task 10/50
[   323.3s] R l2init:1e-3 seed=9 task 11/50
[   352.9s] R l2init:1e-3 seed=9 task 12/50
[   382.4s] R l2init:1e-3 seed=9 task 13/50
[   411.9s] R l2init:1e-3 seed=9 task 14/50
[   441.4s] R l2init:1e-3 seed=9 task 15/50
[   471.1s] R l2init:1e-3 seed=9 task 16/50
[   500.6s] R l2init:1e-3 seed=9 task 17/50
[   530.1s] R l2init:1e-3 seed=9 task 18/50
[   560.1s] R l2init:1e-3 seed=9 task 19/50
[   590.1s] R l2init:1e-3 seed=9 task 20/50
[   619.9s] R l2init:1e-3 seed=9 task 21/50
[   649.7s] R l2init:1e-3 seed=9 task 22/50
[   679.7s] R l2init:1e-3 seed=9 task 23/50
[   709.5s] R l2init:1e-3 seed=9 task 24/50
[   739.3s] R l2init:1e-3 seed=9 task 25/50
[   769.1s] R l2init:1e-3 seed=9 task 26/50
[   798.9s] R l2init:1e-3 seed=9 task 27/50
[   828.8s] R l2init:1e-3 seed=9 task 28/50
[   858.8s] R l2init:1e-3 seed=9 task 29/50
[   888.7s] R l2init:1e-3 seed=9 task 30/50
[   918.6s] R l2init:1e-3 seed=9 task 31/50
[   948.5s] R l2init:1e-3 seed=9 task 32/50
[   978.4s] R l2init:1e-3 seed=9 task 33/50
[  1008.1s] R l2init:1e-3 seed=9 task 34/50
[  1038.1s] R l2init:1e-3 seed=9 task 35/50
[  1067.9s] R l2init:1e-3 seed=9 task 36/50
[  1097.5s] R l2init:1e-3 seed=9 task 37/50
[  1127.0s] R l2init:1e-3 seed=9 task 38/50
[  1156.5s] R l2init:1e-3 seed=9 task 39/50
[  1186.0s] R l2init:1e-3 seed=9 task 40/50
[  1215.5s] R l2init:1e-3 seed=9 task 41/50
[  1245.0s] R l2init:1e-3 seed=9 task 42/50
[  1274.4s] R l2init:1e-3 seed=9 task 43/50
[  1303.7s] R l2init:1e-3 seed=9 task 44/50
[  1333.1s] R l2init:1e-3 seed=9 task 45/50
[  1362.3s] R l2init:1e-3 seed=9 task 46/50
[  1391.7s] R l2init:1e-3 seed=9 task 47/50
[  1421.1s] R l2init:1e-3 seed=9 task 48/50
[  1450.6s] R l2init:1e-3 seed=9 task 49/50
[  1480.1s] R l2init:1e-3 seed=9 task 50/50
[  1480.4s] done R l2init:1e-3 seed=9 tasks=50 1480.1s
wrote results/shell_l2_rlmnist_0913/runs/R_l2init_s9  (50 task rows, 306 layer rows, 1480.4s)
