[    27.7s] R l2:1e-3 seed=8 task 1/50
[    56.0s] R l2:1e-3 seed=8 task 2/50
[    93.0s] R l2:1e-3 seed=8 task 3/50
[   130.6s] R l2:1e-3 seed=8 task 4/50
[   168.3s] R l2:1e-3 seed=8 task 5/50
[   205.9s] R l2:1e-3 seed=8 task 6/50
[   243.8s] R l2:1e-3 seed=8 task 7/50
[   281.8s] R l2:1e-3 seed=8 task 8/50
[   319.7s] R l2:1e-3 seed=8 task 9/50
[   357.8s] R l2:1e-3 seed=8 task 10/50
[   395.8s] R l2:1e-3 seed=8 task 11/50
[   433.8s] R l2:1e-3 seed=8 task 12/50
[   471.9s] R l2:1e-3 seed=8 task 13/50
[   510.0s] R l2:1e-3 seed=8 task 14/50
[   548.1s] R l2:1e-3 seed=8 task 15/50
[   586.5s] R l2:1e-3 seed=8 task 16/50
[   624.7s] R l2:1e-3 seed=8 task 17/50
[   662.5s] R l2:1e-3 seed=8 task 18/50
[   700.1s] R l2:1e-3 seed=8 task 19/50
[   737.6s] R l2:1e-3 seed=8 task 20/50
[   775.2s] R l2:1e-3 seed=8 task 21/50
[   812.8s] R l2:1e-3 seed=8 task 22/50
[   850.3s] R l2:1e-3 seed=8 task 23/50
[   887.8s] R l2:1e-3 seed=8 task 24/50
[   925.4s] R l2:1e-3 seed=8 task 25/50
[   963.0s] R l2:1e-3 seed=8 task 26/50
[  1000.4s] R l2:1e-3 seed=8 task 27/50
[  1037.9s] R l2:1e-3 seed=8 task 28/50
[  1075.6s] R l2:1e-3 seed=8 task 29/50
[  1113.2s] R l2:1e-3 seed=8 task 30/50
[  1150.9s] R l2:1e-3 seed=8 task 31/50
[  1188.5s] R l2:1e-3 seed=8 task 32/50
[  1226.2s] R l2:1e-3 seed=8 task 33/50
[  1263.9s] R l2:1e-3 seed=8 task 34/50
[  1301.6s] R l2:1e-3 seed=8 task 35/50
[  1339.2s] R l2:1e-3 seed=8 task 36/50
[  1376.8s] R l2:1e-3 seed=8 task 37/50
[  1414.2s] R l2:1e-3 seed=8 task 38/50
[  1451.7s] R l2:1e-3 seed=8 task 39/50
[  1489.3s] R l2:1e-3 seed=8 task 40/50
[  1526.8s] R l2:1e-3 seed=8 task 41/50
[  1564.2s] R l2:1e-3 seed=8 task 42/50
[  1601.6s] R l2:1e-3 seed=8 task 43/50
[  1639.0s] R l2:1e-3 seed=8 task 44/50
[  1676.5s] R l2:1e-3 seed=8 task 45/50
[  1714.2s] R l2:1e-3 seed=8 task 46/50
[  1751.9s] R l2:1e-3 seed=8 task 47/50
[  1789.7s] R l2:1e-3 seed=8 task 48/50
[  1827.6s] R l2:1e-3 seed=8 task 49/50
[  1865.3s] R l2:1e-3 seed=8 task 50/50
[  1865.6s] done R l2:1e-3 seed=8 tasks=50 1865.3s
wrote results/shell_l2_rlmnist_0913/runs/R_l2_s8  (50 task rows, 306 layer rows, 1865.6s)
