[    27.5s] R l2:1e-3 seed=3 task 1/50
[    55.5s] R l2:1e-3 seed=3 task 2/50
[    92.3s] R l2:1e-3 seed=3 task 3/50
[   129.6s] R l2:1e-3 seed=3 task 4/50
[   167.0s] R l2:1e-3 seed=3 task 5/50
[   204.4s] R l2:1e-3 seed=3 task 6/50
[   241.8s] R l2:1e-3 seed=3 task 7/50
[   279.3s] R l2:1e-3 seed=3 task 8/50
[   316.5s] R l2:1e-3 seed=3 task 9/50
[   353.7s] R l2:1e-3 seed=3 task 10/50
[   390.8s] R l2:1e-3 seed=3 task 11/50
[   428.1s] R l2:1e-3 seed=3 task 12/50
[   465.4s] R l2:1e-3 seed=3 task 13/50
[   502.6s] R l2:1e-3 seed=3 task 14/50
[   539.9s] R l2:1e-3 seed=3 task 15/50
[   577.1s] R l2:1e-3 seed=3 task 16/50
[   614.4s] R l2:1e-3 seed=3 task 17/50
[   651.7s] R l2:1e-3 seed=3 task 18/50
[   689.0s] R l2:1e-3 seed=3 task 19/50
[   726.2s] R l2:1e-3 seed=3 task 20/50
[   763.6s] R l2:1e-3 seed=3 task 21/50
[   800.9s] R l2:1e-3 seed=3 task 22/50
[   838.2s] R l2:1e-3 seed=3 task 23/50
[   875.4s] R l2:1e-3 seed=3 task 24/50
[   912.7s] R l2:1e-3 seed=3 task 25/50
[   950.3s] R l2:1e-3 seed=3 task 26/50
[   987.7s] R l2:1e-3 seed=3 task 27/50
[  1025.2s] R l2:1e-3 seed=3 task 28/50
[  1062.7s] R l2:1e-3 seed=3 task 29/50
[  1100.1s] R l2:1e-3 seed=3 task 30/50
[  1137.7s] R l2:1e-3 seed=3 task 31/50
[  1175.1s] R l2:1e-3 seed=3 task 32/50
[  1212.5s] R l2:1e-3 seed=3 task 33/50
[  1249.8s] R l2:1e-3 seed=3 task 34/50
[  1287.0s] R l2:1e-3 seed=3 task 35/50
[  1324.3s] R l2:1e-3 seed=3 task 36/50
[  1361.5s] R l2:1e-3 seed=3 task 37/50
[  1399.0s] R l2:1e-3 seed=3 task 38/50
[  1436.4s] R l2:1e-3 seed=3 task 39/50
[  1473.8s] R l2:1e-3 seed=3 task 40/50
[  1511.0s] R l2:1e-3 seed=3 task 41/50
[  1548.3s] R l2:1e-3 seed=3 task 42/50
[  1585.5s] R l2:1e-3 seed=3 task 43/50
[  1622.8s] R l2:1e-3 seed=3 task 44/50
[  1660.0s] R l2:1e-3 seed=3 task 45/50
[  1697.3s] R l2:1e-3 seed=3 task 46/50
[  1734.7s] R l2:1e-3 seed=3 task 47/50
[  1772.1s] R l2:1e-3 seed=3 task 48/50
[  1809.4s] R l2:1e-3 seed=3 task 49/50
[  1846.7s] R l2:1e-3 seed=3 task 50/50
[  1847.0s] done R l2:1e-3 seed=3 tasks=50 1846.7s
wrote results/shell_l2_rlmnist_0913/runs/R_l2_s3  (50 task rows, 306 layer rows, 1847.0s)
