[    28.5s] R l2init:1e-3 seed=5 task 1/50
[    56.8s] R l2init:1e-3 seed=5 task 2/50
[    85.4s] R l2init:1e-3 seed=5 task 3/50
[   114.2s] R l2init:1e-3 seed=5 task 4/50
[   143.2s] R l2init:1e-3 seed=5 task 5/50
[   172.1s] R l2init:1e-3 seed=5 task 6/50
[   201.1s] R l2init:1e-3 seed=5 task 7/50
[   230.1s] R l2init:1e-3 seed=5 task 8/50
[   259.1s] R l2init:1e-3 seed=5 task 9/50
[   288.1s] R l2init:1e-3 seed=5 task 10/50
[   317.1s] R l2init:1e-3 seed=5 task 11/50
[   346.2s] R l2init:1e-3 seed=5 task 12/50
[   375.3s] R l2init:1e-3 seed=5 task 13/50
[   404.3s] R l2init:1e-3 seed=5 task 14/50
[   433.3s] R l2init:1e-3 seed=5 task 15/50
[   462.4s] R l2init:1e-3 seed=5 task 16/50
[   491.4s] R l2init:1e-3 seed=5 task 17/50
[   520.4s] R l2init:1e-3 seed=5 task 18/50
[   549.4s] R l2init:1e-3 seed=5 task 19/50
[   578.7s] R l2init:1e-3 seed=5 task 20/50
[   607.7s] R l2init:1e-3 seed=5 task 21/50
[   636.7s] R l2init:1e-3 seed=5 task 22/50
[   665.7s] R l2init:1e-3 seed=5 task 23/50
[   694.7s] R l2init:1e-3 seed=5 task 24/50
[   723.7s] R l2init:1e-3 seed=5 task 25/50
[   752.8s] R l2init:1e-3 seed=5 task 26/50
[   781.8s] R l2init:1e-3 seed=5 task 27/50
[   810.8s] R l2init:1e-3 seed=5 task 28/50
[   839.8s] R l2init:1e-3 seed=5 task 29/50
[   869.0s] R l2init:1e-3 seed=5 task 30/50
[   897.9s] R l2init:1e-3 seed=5 task 31/50
[   926.9s] R l2init:1e-3 seed=5 task 32/50
[   956.0s] R l2init:1e-3 seed=5 task 33/50
[   985.2s] R l2init:1e-3 seed=5 task 34/50
[  1014.2s] R l2init:1e-3 seed=5 task 35/50
[  1043.4s] R l2init:1e-3 seed=5 task 36/50
[  1072.6s] R l2init:1e-3 seed=5 task 37/50
[  1101.7s] R l2init:1e-3 seed=5 task 38/50
[  1131.0s] R l2init:1e-3 seed=5 task 39/50
[  1159.9s] R l2init:1e-3 seed=5 task 40/50
[  1188.9s] R l2init:1e-3 seed=5 task 41/50
[  1218.0s] R l2init:1e-3 seed=5 task 42/50
[  1247.0s] R l2init:1e-3 seed=5 task 43/50
[  1276.3s] R l2init:1e-3 seed=5 task 44/50
[  1305.4s] R l2init:1e-3 seed=5 task 45/50
[  1334.5s] R l2init:1e-3 seed=5 task 46/50
[  1363.6s] R l2init:1e-3 seed=5 task 47/50
[  1392.7s] R l2init:1e-3 seed=5 task 48/50
[  1421.9s] R l2init:1e-3 seed=5 task 49/50
[  1451.2s] R l2init:1e-3 seed=5 task 50/50
[  1451.4s] done R l2init:1e-3 seed=5 tasks=50 1451.2s
wrote results/shell_l2_rlmnist_0913/runs/R_l2init_s5  (50 task rows, 306 layer rows, 1451.5s)
