[    27.6s] R l2:1e-3 seed=4 task 1/50
[    55.6s] R l2:1e-3 seed=4 task 2/50
[    91.7s] R l2:1e-3 seed=4 task 3/50
[   128.4s] R l2:1e-3 seed=4 task 4/50
[   165.3s] R l2:1e-3 seed=4 task 5/50
[   202.1s] R l2:1e-3 seed=4 task 6/50
[   239.0s] R l2:1e-3 seed=4 task 7/50
[   275.8s] R l2:1e-3 seed=4 task 8/50
[   312.6s] R l2:1e-3 seed=4 task 9/50
[   349.4s] R l2:1e-3 seed=4 task 10/50
[   386.1s] R l2:1e-3 seed=4 task 11/50
[   422.9s] R l2:1e-3 seed=4 task 12/50
[   459.6s] R l2:1e-3 seed=4 task 13/50
[   496.3s] R l2:1e-3 seed=4 task 14/50
[   533.0s] R l2:1e-3 seed=4 task 15/50
[   569.7s] R l2:1e-3 seed=4 task 16/50
[   606.5s] R l2:1e-3 seed=4 task 17/50
[   643.1s] R l2:1e-3 seed=4 task 18/50
[   679.9s] R l2:1e-3 seed=4 task 19/50
[   716.5s] R l2:1e-3 seed=4 task 20/50
[   753.3s] R l2:1e-3 seed=4 task 21/50
[   790.1s] R l2:1e-3 seed=4 task 22/50
[   826.9s] R l2:1e-3 seed=4 task 23/50
[   863.8s] R l2:1e-3 seed=4 task 24/50
[   900.6s] R l2:1e-3 seed=4 task 25/50
[   937.5s] R l2:1e-3 seed=4 task 26/50
[   974.3s] R l2:1e-3 seed=4 task 27/50
[  1011.1s] R l2:1e-3 seed=4 task 28/50
[  1047.9s] R l2:1e-3 seed=4 task 29/50
[  1084.6s] R l2:1e-3 seed=4 task 30/50
[  1121.3s] R l2:1e-3 seed=4 task 31/50
[  1158.0s] R l2:1e-3 seed=4 task 32/50
[  1194.8s] R l2:1e-3 seed=4 task 33/50
[  1231.6s] R l2:1e-3 seed=4 task 34/50
[  1268.4s] R l2:1e-3 seed=4 task 35/50
[  1305.1s] R l2:1e-3 seed=4 task 36/50
[  1341.9s] R l2:1e-3 seed=4 task 37/50
[  1378.7s] R l2:1e-3 seed=4 task 38/50
[  1415.5s] R l2:1e-3 seed=4 task 39/50
[  1452.3s] R l2:1e-3 seed=4 task 40/50
[  1489.2s] R l2:1e-3 seed=4 task 41/50
[  1525.9s] R l2:1e-3 seed=4 task 42/50
[  1562.7s] R l2:1e-3 seed=4 task 43/50
[  1599.6s] R l2:1e-3 seed=4 task 44/50
[  1636.4s] R l2:1e-3 seed=4 task 45/50
[  1673.2s] R l2:1e-3 seed=4 task 46/50
[  1710.1s] R l2:1e-3 seed=4 task 47/50
[  1746.9s] R l2:1e-3 seed=4 task 48/50
[  1783.6s] R l2:1e-3 seed=4 task 49/50
[  1820.5s] R l2:1e-3 seed=4 task 50/50
[  1820.8s] done R l2:1e-3 seed=4 tasks=50 1820.5s
wrote results/shell_l2_rlmnist_0913/runs/R_l2_s4  (50 task rows, 306 layer rows, 1820.8s)
