[    26.5s] R none seed=5 task 1/50
[    53.5s] R none seed=5 task 2/50
[    87.6s] R none seed=5 task 3/50
[   130.7s] R none seed=5 task 4/50
[   183.8s] R none seed=5 task 5/50
[   243.6s] R none seed=5 task 6/50
[   306.3s] R none seed=5 task 7/50
[   370.0s] R none seed=5 task 8/50
[   434.2s] R none seed=5 task 9/50
[   498.6s] R none seed=5 task 10/50
[   563.0s] R none seed=5 task 11/50
[   627.5s] R none seed=5 task 12/50
[   692.1s] R none seed=5 task 13/50
[   756.8s] R none seed=5 task 14/50
[   821.4s] R none seed=5 task 15/50
[   885.9s] R none seed=5 task 16/50
[   950.6s] R none seed=5 task 17/50
[  1015.2s] R none seed=5 task 18/50
[  1079.9s] R none seed=5 task 19/50
[  1144.4s] R none seed=5 task 20/50
[  1208.9s] R none seed=5 task 21/50
[  1273.8s] R none seed=5 task 22/50
[  1338.6s] R none seed=5 task 23/50
[  1403.6s] R none seed=5 task 24/50
[  1468.6s] R none seed=5 task 25/50
[  1533.5s] R none seed=5 task 26/50
[  1599.1s] R none seed=5 task 27/50
[  1664.4s] R none seed=5 task 28/50
[  1729.4s] R none seed=5 task 29/50
[  1794.6s] R none seed=5 task 30/50
[  1859.7s] R none seed=5 task 31/50
[  1924.6s] R none seed=5 task 32/50
[  1989.9s] R none seed=5 task 33/50
[  2054.9s] R none seed=5 task 34/50
[  2120.0s] R none seed=5 task 35/50
[  2185.7s] R none seed=5 task 36/50
[  2251.1s] R none seed=5 task 37/50
[  2316.2s] R none seed=5 task 38/50
[  2381.1s] R none seed=5 task 39/50
[  2446.1s] R none seed=5 task 40/50
[  2511.3s] R none seed=5 task 41/50
[  2576.3s] R none seed=5 task 42/50
[  2641.3s] R none seed=5 task 43/50
[  2706.3s] R none seed=5 task 44/50
[  2771.3s] R none seed=5 task 45/50
[  2836.4s] R none seed=5 task 46/50
[  2901.5s] R none seed=5 task 47/50
[  2966.7s] R none seed=5 task 48/50
[  3031.7s] R none seed=5 task 49/50
[  3096.9s] R none seed=5 task 50/50
[  3097.2s] done R none seed=5 tasks=50 3096.9s
wrote results/shell_l2_rlmnist_0913/runs/R_none_s5  (50 task rows, 306 layer rows, 3097.2s)
