[    26.6s] R none seed=7 task 1/50
[    53.8s] R none seed=7 task 2/50
[    87.6s] R none seed=7 task 3/50
[   130.6s] R none seed=7 task 4/50
[   184.8s] R none seed=7 task 5/50
[   245.4s] R none seed=7 task 6/50
[   308.1s] R none seed=7 task 7/50
[   371.4s] R none seed=7 task 8/50
[   435.0s] R none seed=7 task 9/50
[   498.7s] R none seed=7 task 10/50
[   562.7s] R none seed=7 task 11/50
[   627.1s] R none seed=7 task 12/50
[   691.6s] R none seed=7 task 13/50
[   756.0s] R none seed=7 task 14/50
[   820.4s] R none seed=7 task 15/50
[   885.0s] R none seed=7 task 16/50
[   949.7s] R none seed=7 task 17/50
[  1014.4s] R none seed=7 task 18/50
[  1079.1s] R none seed=7 task 19/50
[  1143.7s] R none seed=7 task 20/50
[  1208.4s] R none seed=7 task 21/50
[  1272.9s] R none seed=7 task 22/50
[  1337.7s] R none seed=7 task 23/50
[  1402.4s] R none seed=7 task 24/50
[  1467.0s] R none seed=7 task 25/50
[  1531.5s] R none seed=7 task 26/50
[  1595.9s] R none seed=7 task 27/50
[  1660.4s] R none seed=7 task 28/50
[  1724.8s] R none seed=7 task 29/50
[  1789.0s] R none seed=7 task 30/50
[  1853.1s] R none seed=7 task 31/50
[  1917.3s] R none seed=7 task 32/50
[  1981.4s] R none seed=7 task 33/50
[  2045.4s] R none seed=7 task 34/50
[  2109.5s] R none seed=7 task 35/50
[  2173.5s] R none seed=7 task 36/50
[  2237.6s] R none seed=7 task 37/50
[  2301.7s] R none seed=7 task 38/50
[  2365.8s] R none seed=7 task 39/50
[  2430.0s] R none seed=7 task 40/50
[  2494.1s] R none seed=7 task 41/50
[  2558.2s] R none seed=7 task 42/50
[  2622.3s] R none seed=7 task 43/50
[  2686.3s] R none seed=7 task 44/50
[  2750.3s] R none seed=7 task 45/50
[  2814.3s] R none seed=7 task 46/50
[  2878.5s] R none seed=7 task 47/50
[  2943.1s] R none seed=7 task 48/50
[  3007.7s] R none seed=7 task 49/50
[  3072.3s] R none seed=7 task 50/50
[  3072.6s] done R none seed=7 tasks=50 3072.3s
wrote results/shell_l2_rlmnist_0913/runs/R_none_s7  (50 task rows, 306 layer rows, 3072.6s)
