[    26.5s] R none seed=8 task 1/50
[    53.4s] R none seed=8 task 2/50
[    87.1s] R none seed=8 task 3/50
[   130.2s] R none seed=8 task 4/50
[   184.5s] R none seed=8 task 5/50
[   245.0s] R none seed=8 task 6/50
[   307.5s] R none seed=8 task 7/50
[   371.5s] R none seed=8 task 8/50
[   436.1s] R none seed=8 task 9/50
[   500.9s] R none seed=8 task 10/50
[   565.5s] R none seed=8 task 11/50
[   630.3s] R none seed=8 task 12/50
[   695.0s] R none seed=8 task 13/50
[   759.8s] R none seed=8 task 14/50
[   824.7s] R none seed=8 task 15/50
[   889.5s] R none seed=8 task 16/50
[   954.2s] R none seed=8 task 17/50
[  1018.9s] R none seed=8 task 18/50
[  1083.6s] R none seed=8 task 19/50
[  1148.2s] R none seed=8 task 20/50
[  1212.8s] R none seed=8 task 21/50
[  1277.5s] R none seed=8 task 22/50
[  1342.2s] R none seed=8 task 23/50
[  1406.8s] R none seed=8 task 24/50
[  1471.4s] R none seed=8 task 25/50
[  1535.9s] R none seed=8 task 26/50
[  1600.4s] R none seed=8 task 27/50
[  1664.9s] R none seed=8 task 28/50
[  1729.4s] R none seed=8 task 29/50
[  1793.9s] R none seed=8 task 30/50
[  1858.4s] R none seed=8 task 31/50
[  1923.0s] R none seed=8 task 32/50
[  1987.7s] R none seed=8 task 33/50
[  2052.3s] R none seed=8 task 34/50
[  2116.8s] R none seed=8 task 35/50
[  2181.4s] R none seed=8 task 36/50
[  2246.2s] R none seed=8 task 37/50
[  2310.8s] R none seed=8 task 38/50
[  2375.5s] R none seed=8 task 39/50
[  2440.3s] R none seed=8 task 40/50
[  2504.7s] R none seed=8 task 41/50
[  2569.3s] R none seed=8 task 42/50
[  2634.0s] R none seed=8 task 43/50
[  2698.3s] R none seed=8 task 44/50
[  2762.7s] R none seed=8 task 45/50
[  2827.0s] R none seed=8 task 46/50
[  2891.4s] R none seed=8 task 47/50
[  2955.9s] R none seed=8 task 48/50
[  3020.7s] R none seed=8 task 49/50
[  3085.5s] R none seed=8 task 50/50
[  3085.8s] done R none seed=8 tasks=50 3085.5s
wrote results/shell_l2_rlmnist_0913/runs/R_none_s8  (50 task rows, 306 layer rows, 3085.8s)
