[    26.6s] R none seed=2 task 1/50
[    53.5s] R none seed=2 task 2/50
[    86.1s] R none seed=2 task 3/50
[   126.2s] R none seed=2 task 4/50
[   175.0s] R none seed=2 task 5/50
[   231.5s] R none seed=2 task 6/50
[   292.1s] R none seed=2 task 7/50
[   354.5s] R none seed=2 task 8/50
[   417.9s] R none seed=2 task 9/50
[   481.7s] R none seed=2 task 10/50
[   545.7s] R none seed=2 task 11/50
[   609.8s] R none seed=2 task 12/50
[   674.2s] R none seed=2 task 13/50
[   738.7s] R none seed=2 task 14/50
[   803.1s] R none seed=2 task 15/50
[   867.6s] R none seed=2 task 16/50
[   932.1s] R none seed=2 task 17/50
[   996.6s] R none seed=2 task 18/50
[  1061.2s] R none seed=2 task 19/50
[  1125.7s] R none seed=2 task 20/50
[  1190.2s] R none seed=2 task 21/50
[  1254.6s] R none seed=2 task 22/50
[  1319.1s] R none seed=2 task 23/50
[  1383.8s] R none seed=2 task 24/50
[  1448.4s] R none seed=2 task 25/50
[  1513.0s] R none seed=2 task 26/50
[  1577.5s] R none seed=2 task 27/50
[  1642.4s] R none seed=2 task 28/50
[  1707.4s] R none seed=2 task 29/50
[  1771.9s] R none seed=2 task 30/50
[  1836.5s] R none seed=2 task 31/50
[  1901.1s] R none seed=2 task 32/50
[  1965.5s] R none seed=2 task 33/50
[  2030.1s] R none seed=2 task 34/50
[  2094.6s] R none seed=2 task 35/50
[  2159.3s] R none seed=2 task 36/50
[  2223.8s] R none seed=2 task 37/50
[  2288.4s] R none seed=2 task 38/50
[  2353.1s] R none seed=2 task 39/50
[  2417.7s] R none seed=2 task 40/50
[  2482.2s] R none seed=2 task 41/50
[  2546.8s] R none seed=2 task 42/50
[  2611.4s] R none seed=2 task 43/50
[  2676.0s] R none seed=2 task 44/50
[  2740.7s] R none seed=2 task 45/50
[  2805.3s] R none seed=2 task 46/50
[  2869.9s] R none seed=2 task 47/50
[  2934.3s] R none seed=2 task 48/50
[  2998.7s] R none seed=2 task 49/50
[  3063.3s] R none seed=2 task 50/50
[  3063.6s] done R none seed=2 tasks=50 3063.3s
wrote results/shell_l2_rlmnist_0913/runs/R_none_s2  (50 task rows, 306 layer rows, 3063.6s)
