[    26.7s] R none seed=3 task 1/50
[    53.4s] R none seed=3 task 2/50
[    88.3s] R none seed=3 task 3/50
[   129.8s] R none seed=3 task 4/50
[   180.8s] R none seed=3 task 5/50
[   240.2s] R none seed=3 task 6/50
[   302.9s] R none seed=3 task 7/50
[   366.7s] R none seed=3 task 8/50
[   431.0s] R none seed=3 task 9/50
[   495.6s] R none seed=3 task 10/50
[   560.4s] R none seed=3 task 11/50
[   625.2s] R none seed=3 task 12/50
[   690.0s] R none seed=3 task 13/50
[   755.0s] R none seed=3 task 14/50
[   819.8s] R none seed=3 task 15/50
[   884.7s] R none seed=3 task 16/50
[   949.8s] R none seed=3 task 17/50
[  1015.0s] R none seed=3 task 18/50
[  1079.9s] R none seed=3 task 19/50
[  1145.0s] R none seed=3 task 20/50
[  1209.9s] R none seed=3 task 21/50
[  1274.8s] R none seed=3 task 22/50
[  1339.7s] R none seed=3 task 23/50
[  1404.6s] R none seed=3 task 24/50
[  1469.5s] R none seed=3 task 25/50
[  1534.3s] R none seed=3 task 26/50
[  1599.2s] R none seed=3 task 27/50
[  1664.0s] R none seed=3 task 28/50
[  1728.8s] R none seed=3 task 29/50
[  1793.7s] R none seed=3 task 30/50
[  1858.5s] R none seed=3 task 31/50
[  1923.4s] R none seed=3 task 32/50
[  1988.2s] R none seed=3 task 33/50
[  2053.1s] R none seed=3 task 34/50
[  2118.0s] R none seed=3 task 35/50
[  2182.8s] R none seed=3 task 36/50
[  2247.6s] R none seed=3 task 37/50
[  2312.4s] R none seed=3 task 38/50
[  2377.2s] R none seed=3 task 39/50
[  2442.0s] R none seed=3 task 40/50
[  2506.7s] R none seed=3 task 41/50
[  2571.3s] R none seed=3 task 42/50
[  2636.4s] R none seed=3 task 43/50
[  2701.7s] R none seed=3 task 44/50
[  2767.1s] R none seed=3 task 45/50
[  2832.6s] R none seed=3 task 46/50
[  2898.3s] R none seed=3 task 47/50
[  2963.8s] R none seed=3 task 48/50
[  3029.1s] R none seed=3 task 49/50
[  3094.4s] R none seed=3 task 50/50
[  3094.7s] done R none seed=3 tasks=50 3094.4s
wrote results/shell_l2_rlmnist_0913/runs/R_none_s3  (50 task rows, 306 layer rows, 3094.7s)
