[    27.1s] R none seed=4 task 1/50
[    54.7s] R none seed=4 task 2/50
[    91.2s] R none seed=4 task 3/50
[   134.9s] R none seed=4 task 4/50
[   184.1s] R none seed=4 task 5/50
[   237.6s] R none seed=4 task 6/50
[   295.4s] R none seed=4 task 7/50
[   355.4s] R none seed=4 task 8/50
[   416.3s] R none seed=4 task 9/50
[   478.0s] R none seed=4 task 10/50
[   540.2s] R none seed=4 task 11/50
[   602.7s] R none seed=4 task 12/50
[   665.3s] R none seed=4 task 13/50
[   727.9s] R none seed=4 task 14/50
[   790.6s] R none seed=4 task 15/50
[   853.3s] R none seed=4 task 16/50
[   916.1s] R none seed=4 task 17/50
[   978.9s] R none seed=4 task 18/50
[  1041.6s] R none seed=4 task 19/50
[  1104.4s] R none seed=4 task 20/50
[  1167.1s] R none seed=4 task 21/50
[  1229.8s] R none seed=4 task 22/50
[  1292.5s] R none seed=4 task 23/50
[  1355.4s] R none seed=4 task 24/50
[  1418.5s] R none seed=4 task 25/50
[  1481.4s] R none seed=4 task 26/50
[  1544.2s] R none seed=4 task 27/50
[  1607.0s] R none seed=4 task 28/50
[  1669.7s] R none seed=4 task 29/50
[  1732.5s] R none seed=4 task 30/50
[  1795.2s] R none seed=4 task 31/50
[  1857.9s] R none seed=4 task 32/50
[  1920.7s] R none seed=4 task 33/50
[  1983.4s] R none seed=4 task 34/50
[  2046.1s] R none seed=4 task 35/50
[  2108.8s] R none seed=4 task 36/50
[  2171.6s] R none seed=4 task 37/50
[  2234.4s] R none seed=4 task 38/50
[  2297.2s] R none seed=4 task 39/50
[  2360.2s] R none seed=4 task 40/50
[  2423.2s] R none seed=4 task 41/50
[  2486.1s] R none seed=4 task 42/50
[  2549.6s] R none seed=4 task 43/50
[  2612.8s] R none seed=4 task 44/50
[  2675.8s] R none seed=4 task 45/50
[  2739.0s] R none seed=4 task 46/50
[  2802.1s] R none seed=4 task 47/50
[  2865.1s] R none seed=4 task 48/50
[  2928.4s] R none seed=4 task 49/50
[  2991.6s] R none seed=4 task 50/50
[  2991.8s] done R none seed=4 tasks=50 2991.6s
wrote results/shell_l2_rlmnist_0913/runs/R_none_s4  (50 task rows, 306 layer rows, 2991.9s)
