[    26.9s] R none seed=9 task 1/50
[    54.3s] R none seed=9 task 2/50
[    89.5s] R none seed=9 task 3/50
[   133.5s] R none seed=9 task 4/50
[   187.9s] R none seed=9 task 5/50
[   249.1s] R none seed=9 task 6/50
[   312.1s] R none seed=9 task 7/50
[   375.7s] R none seed=9 task 8/50
[   439.4s] R none seed=9 task 9/50
[   503.4s] R none seed=9 task 10/50
[   567.4s] R none seed=9 task 11/50
[   631.5s] R none seed=9 task 12/50
[   695.7s] R none seed=9 task 13/50
[   759.9s] R none seed=9 task 14/50
[   824.1s] R none seed=9 task 15/50
[   888.2s] R none seed=9 task 16/50
[   952.2s] R none seed=9 task 17/50
[  1016.4s] R none seed=9 task 18/50
[  1080.7s] R none seed=9 task 19/50
[  1145.1s] R none seed=9 task 20/50
[  1209.5s] R none seed=9 task 21/50
[  1273.8s] R none seed=9 task 22/50
[  1338.1s] R none seed=9 task 23/50
[  1402.7s] R none seed=9 task 24/50
[  1467.0s] R none seed=9 task 25/50
[  1531.5s] R none seed=9 task 26/50
[  1595.9s] R none seed=9 task 27/50
[  1660.1s] R none seed=9 task 28/50
[  1724.5s] R none seed=9 task 29/50
[  1788.8s] R none seed=9 task 30/50
[  1853.3s] R none seed=9 task 31/50
[  1917.6s] R none seed=9 task 32/50
[  1982.0s] R none seed=9 task 33/50
[  2046.5s] R none seed=9 task 34/50
[  2111.1s] R none seed=9 task 35/50
[  2175.7s] R none seed=9 task 36/50
[  2240.3s] R none seed=9 task 37/50
[  2304.9s] R none seed=9 task 38/50
[  2369.6s] R none seed=9 task 39/50
[  2434.4s] R none seed=9 task 40/50
[  2499.3s] R none seed=9 task 41/50
[  2564.2s] R none seed=9 task 42/50
[  2628.8s] R none seed=9 task 43/50
[  2693.6s] R none seed=9 task 44/50
[  2758.3s] R none seed=9 task 45/50
[  2822.7s] R none seed=9 task 46/50
[  2887.0s] R none seed=9 task 47/50
[  2951.4s] R none seed=9 task 48/50
[  3016.1s] R none seed=9 task 49/50
[  3080.8s] R none seed=9 task 50/50
[  3081.1s] done R none seed=9 tasks=50 3080.8s
wrote results/shell_l2_rlmnist_0913/runs/R_none_s9  (50 task rows, 306 layer rows, 3081.1s)
