[    27.0s] R none seed=0 task 1/50
[    54.3s] R none seed=0 task 2/50
[    90.0s] R none seed=0 task 3/50
[   134.6s] R none seed=0 task 4/50
[   189.5s] R none seed=0 task 5/50
[   250.0s] R none seed=0 task 6/50
[   311.9s] R none seed=0 task 7/50
[   374.5s] R none seed=0 task 8/50
[   437.3s] R none seed=0 task 9/50
[   500.2s] R none seed=0 task 10/50
[   563.3s] R none seed=0 task 11/50
[   626.4s] R none seed=0 task 12/50
[   689.7s] R none seed=0 task 13/50
[   753.0s] R none seed=0 task 14/50
[   816.3s] R none seed=0 task 15/50
[   879.9s] R none seed=0 task 16/50
[   943.6s] R none seed=0 task 17/50
[  1007.4s] R none seed=0 task 18/50
[  1071.1s] R none seed=0 task 19/50
[  1134.7s] R none seed=0 task 20/50
[  1198.4s] R none seed=0 task 21/50
[  1262.0s] R none seed=0 task 22/50
[  1325.7s] R none seed=0 task 23/50
[  1389.4s] R none seed=0 task 24/50
[  1453.0s] R none seed=0 task 25/50
[  1516.7s] R none seed=0 task 26/50
[  1580.4s] R none seed=0 task 27/50
[  1644.2s] R none seed=0 task 28/50
[  1708.0s] R none seed=0 task 29/50
[  1771.9s] R none seed=0 task 30/50
[  1835.7s] R none seed=0 task 31/50
[  1899.6s] R none seed=0 task 32/50
[  1963.5s] R none seed=0 task 33/50
[  2027.5s] R none seed=0 task 34/50
[  2091.5s] R none seed=0 task 35/50
[  2155.4s] R none seed=0 task 36/50
[  2219.1s] R none seed=0 task 37/50
[  2282.8s] R none seed=0 task 38/50
[  2346.3s] R none seed=0 task 39/50
[  2410.0s] R none seed=0 task 40/50
[  2473.6s] R none seed=0 task 41/50
[  2537.2s] R none seed=0 task 42/50
[  2600.9s] R none seed=0 task 43/50
[  2664.5s] R none seed=0 task 44/50
[  2728.1s] R none seed=0 task 45/50
[  2791.8s] R none seed=0 task 46/50
[  2855.4s] R none seed=0 task 47/50
[  2919.1s] R none seed=0 task 48/50
[  2982.7s] R none seed=0 task 49/50
[  3046.3s] R none seed=0 task 50/50
[  3046.6s] done R none seed=0 tasks=50 3046.3s
wrote results/shell_l2_rlmnist_0913/runs/R_none_s0  (50 task rows, 306 layer rows, 3046.6s)
