[    26.7s] R none seed=6 task 1/50
[    53.8s] R none seed=6 task 2/50
[    88.7s] R none seed=6 task 3/50
[   131.4s] R none seed=6 task 4/50
[   181.8s] R none seed=6 task 5/50
[   239.7s] R none seed=6 task 6/50
[   301.2s] R none seed=6 task 7/50
[   363.5s] R none seed=6 task 8/50
[   426.4s] R none seed=6 task 9/50
[   490.0s] R none seed=6 task 10/50
[   553.5s] R none seed=6 task 11/50
[   617.3s] R none seed=6 task 12/50
[   681.9s] R none seed=6 task 13/50
[   745.5s] R none seed=6 task 14/50
[   808.9s] R none seed=6 task 15/50
[   872.7s] R none seed=6 task 16/50
[   936.2s] R none seed=6 task 17/50
[   999.9s] R none seed=6 task 18/50
[  1064.7s] R none seed=6 task 19/50
[  1128.9s] R none seed=6 task 20/50
[  1192.9s] R none seed=6 task 21/50
[  1256.7s] R none seed=6 task 22/50
[  1320.5s] R none seed=6 task 23/50
[  1384.5s] R none seed=6 task 24/50
[  1448.5s] R none seed=6 task 25/50
[  1512.6s] R none seed=6 task 26/50
[  1576.7s] R none seed=6 task 27/50
[  1640.8s] R none seed=6 task 28/50
[  1704.9s] R none seed=6 task 29/50
[  1768.9s] R none seed=6 task 30/50
[  1833.1s] R none seed=6 task 31/50
[  1897.4s] R none seed=6 task 32/50
[  1961.7s] R none seed=6 task 33/50
[  2026.1s] R none seed=6 task 34/50
[  2090.4s] R none seed=6 task 35/50
[  2154.7s] R none seed=6 task 36/50
[  2218.7s] R none seed=6 task 37/50
[  2282.6s] R none seed=6 task 38/50
[  2346.6s] R none seed=6 task 39/50
[  2410.5s] R none seed=6 task 40/50
[  2474.3s] R none seed=6 task 41/50
[  2538.1s] R none seed=6 task 42/50
[  2601.9s] R none seed=6 task 43/50
[  2665.9s] R none seed=6 task 44/50
[  2729.8s] R none seed=6 task 45/50
[  2793.6s] R none seed=6 task 46/50
[  2857.3s] R none seed=6 task 47/50
[  2921.0s] R none seed=6 task 48/50
[  2984.7s] R none seed=6 task 49/50
[  3048.4s] R none seed=6 task 50/50
[  3048.7s] done R none seed=6 tasks=50 3048.4s
wrote results/shell_l2_rlmnist_0913/runs/R_none_s6  (50 task rows, 306 layer rows, 3048.7s)
