[    27.0s] R none seed=1 task 1/50
[    54.2s] R none seed=1 task 2/50
[    89.8s] R none seed=1 task 3/50
[   134.0s] R none seed=1 task 4/50
[   188.4s] R none seed=1 task 5/50
[   249.5s] R none seed=1 task 6/50
[   312.8s] R none seed=1 task 7/50
[   376.9s] R none seed=1 task 8/50
[   441.1s] R none seed=1 task 9/50
[   505.5s] R none seed=1 task 10/50
[   569.9s] R none seed=1 task 11/50
[   634.4s] R none seed=1 task 12/50
[   698.9s] R none seed=1 task 13/50
[   763.4s] R none seed=1 task 14/50
[   827.7s] R none seed=1 task 15/50
[   892.1s] R none seed=1 task 16/50
[   956.5s] R none seed=1 task 17/50
[  1020.9s] R none seed=1 task 18/50
[  1085.2s] R none seed=1 task 19/50
[  1149.6s] R none seed=1 task 20/50
[  1214.0s] R none seed=1 task 21/50
[  1278.4s] R none seed=1 task 22/50
[  1342.9s] R none seed=1 task 23/50
[  1407.4s] R none seed=1 task 24/50
[  1471.9s] R none seed=1 task 25/50
[  1536.3s] R none seed=1 task 26/50
[  1600.7s] R none seed=1 task 27/50
[  1664.9s] R none seed=1 task 28/50
[  1729.1s] R none seed=1 task 29/50
[  1793.3s] R none seed=1 task 30/50
[  1857.4s] R none seed=1 task 31/50
[  1921.7s] R none seed=1 task 32/50
[  1985.8s] R none seed=1 task 33/50
[  2050.1s] R none seed=1 task 34/50
[  2114.5s] R none seed=1 task 35/50
[  2179.0s] R none seed=1 task 36/50
[  2243.6s] R none seed=1 task 37/50
[  2308.1s] R none seed=1 task 38/50
[  2372.7s] R none seed=1 task 39/50
[  2437.3s] R none seed=1 task 40/50
[  2501.7s] R none seed=1 task 41/50
[  2566.1s] R none seed=1 task 42/50
[  2630.5s] R none seed=1 task 43/50
[  2694.9s] R none seed=1 task 44/50
[  2759.2s] R none seed=1 task 45/50
[  2823.6s] R none seed=1 task 46/50
[  2887.9s] R none seed=1 task 47/50
[  2952.3s] R none seed=1 task 48/50
[  3016.7s] R none seed=1 task 49/50
[  3081.1s] R none seed=1 task 50/50
[  3081.4s] done R none seed=1 tasks=50 3081.1s
wrote results/shell_l2_rlmnist_0913/runs/R_none_s1  (50 task rows, 306 layer rows, 3081.4s)
