[    41.9s] R shell:1e-3 seed=9 task 1/50
[    83.7s] R shell:1e-3 seed=9 task 2/50
[   126.2s] R shell:1e-3 seed=9 task 3/50
[   169.4s] R shell:1e-3 seed=9 task 4/50
[   212.6s] R shell:1e-3 seed=9 task 5/50
[   255.8s] R shell:1e-3 seed=9 task 6/50
[   299.0s] R shell:1e-3 seed=9 task 7/50
[   342.3s] R shell:1e-3 seed=9 task 8/50
[   385.5s] R shell:1e-3 seed=9 task 9/50
[   428.8s] R shell:1e-3 seed=9 task 10/50
[   472.1s] R shell:1e-3 seed=9 task 11/50
[   515.4s] R shell:1e-3 seed=9 task 12/50
[   559.0s] R shell:1e-3 seed=9 task 13/50
[   602.2s] R shell:1e-3 seed=9 task 14/50
[   645.5s] R shell:1e-3 seed=9 task 15/50
[   688.9s] R shell:1e-3 seed=9 task 16/50
[   732.5s] R shell:1e-3 seed=9 task 17/50
[   775.9s] R shell:1e-3 seed=9 task 18/50
[   819.3s] R shell:1e-3 seed=9 task 19/50
[   862.8s] R shell:1e-3 seed=9 task 20/50
[   906.1s] R shell:1e-3 seed=9 task 21/50
[   949.4s] R shell:1e-3 seed=9 task 22/50
[   992.6s] R shell:1e-3 seed=9 task 23/50
[  1035.9s] R shell:1e-3 seed=9 task 24/50
[  1079.2s] R shell:1e-3 seed=9 task 25/50
[  1122.4s] R shell:1e-3 seed=9 task 26/50
[  1165.4s] R shell:1e-3 seed=9 task 27/50
[  1208.4s] R shell:1e-3 seed=9 task 28/50
[  1251.4s] R shell:1e-3 seed=9 task 29/50
[  1294.4s] R shell:1e-3 seed=9 task 30/50
[  1337.4s] R shell:1e-3 seed=9 task 31/50
[  1380.5s] R shell:1e-3 seed=9 task 32/50
[  1423.6s] R shell:1e-3 seed=9 task 33/50
[  1466.9s] R shell:1e-3 seed=9 task 34/50
[  1510.3s] R shell:1e-3 seed=9 task 35/50
[  1553.8s] R shell:1e-3 seed=9 task 36/50
[  1597.3s] R shell:1e-3 seed=9 task 37/50
[  1640.7s] R shell:1e-3 seed=9 task 38/50
[  1684.1s] R shell:1e-3 seed=9 task 39/50
[  1727.3s] R shell:1e-3 seed=9 task 40/50
[  1770.6s] R shell:1e-3 seed=9 task 41/50
[  1813.9s] R shell:1e-3 seed=9 task 42/50
[  1857.3s] R shell:1e-3 seed=9 task 43/50
[  1900.8s] R shell:1e-3 seed=9 task 44/50
[  1944.2s] R shell:1e-3 seed=9 task 45/50
[  1987.8s] R shell:1e-3 seed=9 task 46/50
[  2031.5s] R shell:1e-3 seed=9 task 47/50
[  2075.3s] R shell:1e-3 seed=9 task 48/50
[  2118.9s] R shell:1e-3 seed=9 task 49/50
[  2162.6s] R shell:1e-3 seed=9 task 50/50
[  2162.9s] done R shell:1e-3 seed=9 tasks=50 2162.6s
wrote results/shell_l2_rlmnist_0913/runs/R_shell_s9  (50 task rows, 306 layer rows, 2162.9s)
