[    41.5s] R shell:1e-3 seed=4 task 1/50
[    83.3s] R shell:1e-3 seed=4 task 2/50
[   125.5s] R shell:1e-3 seed=4 task 3/50
[   168.1s] R shell:1e-3 seed=4 task 4/50
[   210.8s] R shell:1e-3 seed=4 task 5/50
[   253.5s] R shell:1e-3 seed=4 task 6/50
[   296.4s] R shell:1e-3 seed=4 task 7/50
[   339.2s] R shell:1e-3 seed=4 task 8/50
[   381.9s] R shell:1e-3 seed=4 task 9/50
[   424.5s] R shell:1e-3 seed=4 task 10/50
[   467.3s] R shell:1e-3 seed=4 task 11/50
[   510.0s] R shell:1e-3 seed=4 task 12/50
[   552.8s] R shell:1e-3 seed=4 task 13/50
[   595.6s] R shell:1e-3 seed=4 task 14/50
[   638.4s] R shell:1e-3 seed=4 task 15/50
[   681.3s] R shell:1e-3 seed=4 task 16/50
[   724.2s] R shell:1e-3 seed=4 task 17/50
[   767.1s] R shell:1e-3 seed=4 task 18/50
[   810.1s] R shell:1e-3 seed=4 task 19/50
[   853.0s] R shell:1e-3 seed=4 task 20/50
[   895.9s] R shell:1e-3 seed=4 task 21/50
[   938.9s] R shell:1e-3 seed=4 task 22/50
[   981.9s] R shell:1e-3 seed=4 task 23/50
[  1024.9s] R shell:1e-3 seed=4 task 24/50
[  1068.0s] R shell:1e-3 seed=4 task 25/50
[  1111.0s] R shell:1e-3 seed=4 task 26/50
[  1154.0s] R shell:1e-3 seed=4 task 27/50
[  1197.2s] R shell:1e-3 seed=4 task 28/50
[  1240.5s] R shell:1e-3 seed=4 task 29/50
[  1283.9s] R shell:1e-3 seed=4 task 30/50
[  1327.3s] R shell:1e-3 seed=4 task 31/50
[  1370.6s] R shell:1e-3 seed=4 task 32/50
[  1414.0s] R shell:1e-3 seed=4 task 33/50
[  1457.2s] R shell:1e-3 seed=4 task 34/50
[  1500.5s] R shell:1e-3 seed=4 task 35/50
[  1543.8s] R shell:1e-3 seed=4 task 36/50
[  1587.1s] R shell:1e-3 seed=4 task 37/50
[  1630.5s] R shell:1e-3 seed=4 task 38/50
[  1673.6s] R shell:1e-3 seed=4 task 39/50
[  1716.8s] R shell:1e-3 seed=4 task 40/50
[  1759.8s] R shell:1e-3 seed=4 task 41/50
[  1802.8s] R shell:1e-3 seed=4 task 42/50
[  1846.0s] R shell:1e-3 seed=4 task 43/50
[  1889.2s] R shell:1e-3 seed=4 task 44/50
[  1932.3s] R shell:1e-3 seed=4 task 45/50
[  1975.7s] R shell:1e-3 seed=4 task 46/50
[  2019.2s] R shell:1e-3 seed=4 task 47/50
[  2062.7s] R shell:1e-3 seed=4 task 48/50
[  2106.2s] R shell:1e-3 seed=4 task 49/50
[  2149.8s] R shell:1e-3 seed=4 task 50/50
[  2150.1s] done R shell:1e-3 seed=4 tasks=50 2149.8s
wrote results/shell_l2_rlmnist_0913/runs/R_shell_s4  (50 task rows, 306 layer rows, 2150.1s)
