[    42.2s] R shell:1e-3 seed=8 task 1/50
[    84.4s] R shell:1e-3 seed=8 task 2/50
[   127.4s] R shell:1e-3 seed=8 task 3/50
[   170.6s] R shell:1e-3 seed=8 task 4/50
[   214.0s] R shell:1e-3 seed=8 task 5/50
[   257.5s] R shell:1e-3 seed=8 task 6/50
[   301.1s] R shell:1e-3 seed=8 task 7/50
[   344.8s] R shell:1e-3 seed=8 task 8/50
[   388.2s] R shell:1e-3 seed=8 task 9/50
[   431.3s] R shell:1e-3 seed=8 task 10/50
[   474.6s] R shell:1e-3 seed=8 task 11/50
[   517.8s] R shell:1e-3 seed=8 task 12/50
[   561.2s] R shell:1e-3 seed=8 task 13/50
[   604.5s] R shell:1e-3 seed=8 task 14/50
[   647.8s] R shell:1e-3 seed=8 task 15/50
[   691.1s] R shell:1e-3 seed=8 task 16/50
[   734.4s] R shell:1e-3 seed=8 task 17/50
[   777.7s] R shell:1e-3 seed=8 task 18/50
[   821.1s] R shell:1e-3 seed=8 task 19/50
[   864.6s] R shell:1e-3 seed=8 task 20/50
[   908.0s] R shell:1e-3 seed=8 task 21/50
[   951.4s] R shell:1e-3 seed=8 task 22/50
[   994.8s] R shell:1e-3 seed=8 task 23/50
[  1038.2s] R shell:1e-3 seed=8 task 24/50
[  1081.6s] R shell:1e-3 seed=8 task 25/50
[  1125.1s] R shell:1e-3 seed=8 task 26/50
[  1168.5s] R shell:1e-3 seed=8 task 27/50
[  1212.0s] R shell:1e-3 seed=8 task 28/50
[  1255.5s] R shell:1e-3 seed=8 task 29/50
[  1299.1s] R shell:1e-3 seed=8 task 30/50
[  1342.7s] R shell:1e-3 seed=8 task 31/50
[  1386.4s] R shell:1e-3 seed=8 task 32/50
[  1430.1s] R shell:1e-3 seed=8 task 33/50
[  1473.9s] R shell:1e-3 seed=8 task 34/50
[  1517.9s] R shell:1e-3 seed=8 task 35/50
[  1561.8s] R shell:1e-3 seed=8 task 36/50
[  1605.5s] R shell:1e-3 seed=8 task 37/50
[  1649.1s] R shell:1e-3 seed=8 task 38/50
[  1692.9s] R shell:1e-3 seed=8 task 39/50
[  1736.7s] R shell:1e-3 seed=8 task 40/50
[  1780.5s] R shell:1e-3 seed=8 task 41/50
[  1824.3s] R shell:1e-3 seed=8 task 42/50
[  1868.1s] R shell:1e-3 seed=8 task 43/50
[  1911.9s] R shell:1e-3 seed=8 task 44/50
[  1955.6s] R shell:1e-3 seed=8 task 45/50
[  1999.4s] R shell:1e-3 seed=8 task 46/50
[  2043.2s] R shell:1e-3 seed=8 task 47/50
[  2087.0s] R shell:1e-3 seed=8 task 48/50
[  2130.9s] R shell:1e-3 seed=8 task 49/50
[  2174.8s] R shell:1e-3 seed=8 task 50/50
[  2175.1s] done R shell:1e-3 seed=8 tasks=50 2174.8s
wrote results/shell_l2_rlmnist_0913/runs/R_shell_s8  (50 task rows, 306 layer rows, 2175.1s)
