[    41.8s] R shell:1e-3 seed=2 task 1/50
[    83.6s] R shell:1e-3 seed=2 task 2/50
[   126.1s] R shell:1e-3 seed=2 task 3/50
[   169.0s] R shell:1e-3 seed=2 task 4/50
[   211.9s] R shell:1e-3 seed=2 task 5/50
[   255.0s] R shell:1e-3 seed=2 task 6/50
[   298.0s] R shell:1e-3 seed=2 task 7/50
[   341.1s] R shell:1e-3 seed=2 task 8/50
[   384.3s] R shell:1e-3 seed=2 task 9/50
[   427.5s] R shell:1e-3 seed=2 task 10/50
[   470.7s] R shell:1e-3 seed=2 task 11/50
[   513.7s] R shell:1e-3 seed=2 task 12/50
[   556.8s] R shell:1e-3 seed=2 task 13/50
[   599.4s] R shell:1e-3 seed=2 task 14/50
[   642.4s] R shell:1e-3 seed=2 task 15/50
[   685.4s] R shell:1e-3 seed=2 task 16/50
[   728.1s] R shell:1e-3 seed=2 task 17/50
[   770.8s] R shell:1e-3 seed=2 task 18/50
[   813.7s] R shell:1e-3 seed=2 task 19/50
[   856.4s] R shell:1e-3 seed=2 task 20/50
[   899.3s] R shell:1e-3 seed=2 task 21/50
[   942.2s] R shell:1e-3 seed=2 task 22/50
[   985.1s] R shell:1e-3 seed=2 task 23/50
[  1028.0s] R shell:1e-3 seed=2 task 24/50
[  1070.9s] R shell:1e-3 seed=2 task 25/50
[  1113.8s] R shell:1e-3 seed=2 task 26/50
[  1156.9s] R shell:1e-3 seed=2 task 27/50
[  1200.1s] R shell:1e-3 seed=2 task 28/50
[  1243.2s] R shell:1e-3 seed=2 task 29/50
[  1286.6s] R shell:1e-3 seed=2 task 30/50
[  1329.9s] R shell:1e-3 seed=2 task 31/50
[  1373.0s] R shell:1e-3 seed=2 task 32/50
[  1415.9s] R shell:1e-3 seed=2 task 33/50
[  1458.9s] R shell:1e-3 seed=2 task 34/50
[  1502.3s] R shell:1e-3 seed=2 task 35/50
[  1545.6s] R shell:1e-3 seed=2 task 36/50
[  1588.8s] R shell:1e-3 seed=2 task 37/50
[  1632.1s] R shell:1e-3 seed=2 task 38/50
[  1675.5s] R shell:1e-3 seed=2 task 39/50
[  1718.7s] R shell:1e-3 seed=2 task 40/50
[  1762.1s] R shell:1e-3 seed=2 task 41/50
[  1805.3s] R shell:1e-3 seed=2 task 42/50
[  1848.6s] R shell:1e-3 seed=2 task 43/50
[  1892.0s] R shell:1e-3 seed=2 task 44/50
[  1935.3s] R shell:1e-3 seed=2 task 45/50
[  1978.5s] R shell:1e-3 seed=2 task 46/50
[  2021.7s] R shell:1e-3 seed=2 task 47/50
[  2065.0s] R shell:1e-3 seed=2 task 48/50
[  2108.2s] R shell:1e-3 seed=2 task 49/50
[  2151.4s] R shell:1e-3 seed=2 task 50/50
[  2151.7s] done R shell:1e-3 seed=2 tasks=50 2151.4s
wrote results/shell_l2_rlmnist_0913/runs/R_shell_s2  (50 task rows, 306 layer rows, 2151.7s)
