[    42.1s] R shell:1e-3 seed=0 task 1/50
[    84.0s] R shell:1e-3 seed=0 task 2/50
[   126.2s] R shell:1e-3 seed=0 task 3/50
[   168.8s] R shell:1e-3 seed=0 task 4/50
[   211.4s] R shell:1e-3 seed=0 task 5/50
[   254.1s] R shell:1e-3 seed=0 task 6/50
[   296.8s] R shell:1e-3 seed=0 task 7/50
[   339.5s] R shell:1e-3 seed=0 task 8/50
[   382.6s] R shell:1e-3 seed=0 task 9/50
[   425.3s] R shell:1e-3 seed=0 task 10/50
[   468.0s] R shell:1e-3 seed=0 task 11/50
[   510.7s] R shell:1e-3 seed=0 task 12/50
[   553.2s] R shell:1e-3 seed=0 task 13/50
[   596.0s] R shell:1e-3 seed=0 task 14/50
[   638.7s] R shell:1e-3 seed=0 task 15/50
[   681.4s] R shell:1e-3 seed=0 task 16/50
[   724.2s] R shell:1e-3 seed=0 task 17/50
[   767.0s] R shell:1e-3 seed=0 task 18/50
[   809.7s] R shell:1e-3 seed=0 task 19/50
[   852.5s] R shell:1e-3 seed=0 task 20/50
[   895.3s] R shell:1e-3 seed=0 task 21/50
[   938.3s] R shell:1e-3 seed=0 task 22/50
[   981.0s] R shell:1e-3 seed=0 task 23/50
[  1023.6s] R shell:1e-3 seed=0 task 24/50
[  1066.2s] R shell:1e-3 seed=0 task 25/50
[  1108.9s] R shell:1e-3 seed=0 task 26/50
[  1151.6s] R shell:1e-3 seed=0 task 27/50
[  1194.4s] R shell:1e-3 seed=0 task 28/50
[  1237.2s] R shell:1e-3 seed=0 task 29/50
[  1280.0s] R shell:1e-3 seed=0 task 30/50
[  1322.9s] R shell:1e-3 seed=0 task 31/50
[  1365.7s] R shell:1e-3 seed=0 task 32/50
[  1408.5s] R shell:1e-3 seed=0 task 33/50
[  1451.3s] R shell:1e-3 seed=0 task 34/50
[  1494.3s] R shell:1e-3 seed=0 task 35/50
[  1537.3s] R shell:1e-3 seed=0 task 36/50
[  1580.1s] R shell:1e-3 seed=0 task 37/50
[  1622.8s] R shell:1e-3 seed=0 task 38/50
[  1665.7s] R shell:1e-3 seed=0 task 39/50
[  1708.6s] R shell:1e-3 seed=0 task 40/50
[  1751.5s] R shell:1e-3 seed=0 task 41/50
[  1794.4s] R shell:1e-3 seed=0 task 42/50
[  1837.3s] R shell:1e-3 seed=0 task 43/50
[  1880.3s] R shell:1e-3 seed=0 task 44/50
[  1923.5s] R shell:1e-3 seed=0 task 45/50
[  1966.5s] R shell:1e-3 seed=0 task 46/50
[  2009.5s] R shell:1e-3 seed=0 task 47/50
[  2052.6s] R shell:1e-3 seed=0 task 48/50
[  2095.6s] R shell:1e-3 seed=0 task 49/50
[  2138.7s] R shell:1e-3 seed=0 task 50/50
[  2139.0s] done R shell:1e-3 seed=0 tasks=50 2138.7s
wrote results/shell_l2_rlmnist_0913/runs/R_shell_s0  (50 task rows, 306 layer rows, 2139.0s)
