[    41.7s] R shell:1e-3 seed=5 task 1/50
[    83.5s] R shell:1e-3 seed=5 task 2/50
[   125.8s] R shell:1e-3 seed=5 task 3/50
[   168.4s] R shell:1e-3 seed=5 task 4/50
[   210.9s] R shell:1e-3 seed=5 task 5/50
[   253.5s] R shell:1e-3 seed=5 task 6/50
[   296.2s] R shell:1e-3 seed=5 task 7/50
[   338.8s] R shell:1e-3 seed=5 task 8/50
[   381.4s] R shell:1e-3 seed=5 task 9/50
[   424.1s] R shell:1e-3 seed=5 task 10/50
[   466.7s] R shell:1e-3 seed=5 task 11/50
[   509.3s] R shell:1e-3 seed=5 task 12/50
[   552.0s] R shell:1e-3 seed=5 task 13/50
[   594.9s] R shell:1e-3 seed=5 task 14/50
[   637.5s] R shell:1e-3 seed=5 task 15/50
[   680.3s] R shell:1e-3 seed=5 task 16/50
[   723.2s] R shell:1e-3 seed=5 task 17/50
[   766.2s] R shell:1e-3 seed=5 task 18/50
[   809.1s] R shell:1e-3 seed=5 task 19/50
[   852.0s] R shell:1e-3 seed=5 task 20/50
[   895.1s] R shell:1e-3 seed=5 task 21/50
[   938.5s] R shell:1e-3 seed=5 task 22/50
[   981.6s] R shell:1e-3 seed=5 task 23/50
[  1024.7s] R shell:1e-3 seed=5 task 24/50
[  1067.8s] R shell:1e-3 seed=5 task 25/50
[  1111.2s] R shell:1e-3 seed=5 task 26/50
[  1154.3s] R shell:1e-3 seed=5 task 27/50
[  1197.5s] R shell:1e-3 seed=5 task 28/50
[  1240.8s] R shell:1e-3 seed=5 task 29/50
[  1284.0s] R shell:1e-3 seed=5 task 30/50
[  1327.6s] R shell:1e-3 seed=5 task 31/50
[  1371.0s] R shell:1e-3 seed=5 task 32/50
[  1414.3s] R shell:1e-3 seed=5 task 33/50
[  1457.7s] R shell:1e-3 seed=5 task 34/50
[  1501.2s] R shell:1e-3 seed=5 task 35/50
[  1544.5s] R shell:1e-3 seed=5 task 36/50
[  1587.9s] R shell:1e-3 seed=5 task 37/50
[  1631.4s] R shell:1e-3 seed=5 task 38/50
[  1675.1s] R shell:1e-3 seed=5 task 39/50
[  1718.8s] R shell:1e-3 seed=5 task 40/50
[  1762.4s] R shell:1e-3 seed=5 task 41/50
[  1806.0s] R shell:1e-3 seed=5 task 42/50
[  1849.5s] R shell:1e-3 seed=5 task 43/50
[  1893.0s] R shell:1e-3 seed=5 task 44/50
[  1936.6s] R shell:1e-3 seed=5 task 45/50
[  1980.3s] R shell:1e-3 seed=5 task 46/50
[  2024.0s] R shell:1e-3 seed=5 task 47/50
[  2067.8s] R shell:1e-3 seed=5 task 48/50
[  2111.7s] R shell:1e-3 seed=5 task 49/50
[  2155.6s] R shell:1e-3 seed=5 task 50/50
[  2155.9s] done R shell:1e-3 seed=5 tasks=50 2155.6s
wrote results/shell_l2_rlmnist_0913/runs/R_shell_s5  (50 task rows, 306 layer rows, 2155.9s)
