[    42.1s] R shell:1e-3 seed=1 task 1/50
[    84.1s] R shell:1e-3 seed=1 task 2/50
[   126.4s] R shell:1e-3 seed=1 task 3/50
[   168.9s] R shell:1e-3 seed=1 task 4/50
[   211.3s] R shell:1e-3 seed=1 task 5/50
[   253.9s] R shell:1e-3 seed=1 task 6/50
[   296.5s] R shell:1e-3 seed=1 task 7/50
[   339.1s] R shell:1e-3 seed=1 task 8/50
[   381.8s] R shell:1e-3 seed=1 task 9/50
[   424.3s] R shell:1e-3 seed=1 task 10/50
[   466.9s] R shell:1e-3 seed=1 task 11/50
[   509.5s] R shell:1e-3 seed=1 task 12/50
[   552.1s] R shell:1e-3 seed=1 task 13/50
[   594.7s] R shell:1e-3 seed=1 task 14/50
[   637.3s] R shell:1e-3 seed=1 task 15/50
[   679.8s] R shell:1e-3 seed=1 task 16/50
[   722.4s] R shell:1e-3 seed=1 task 17/50
[   765.1s] R shell:1e-3 seed=1 task 18/50
[   807.8s] R shell:1e-3 seed=1 task 19/50
[   850.5s] R shell:1e-3 seed=1 task 20/50
[   893.3s] R shell:1e-3 seed=1 task 21/50
[   936.3s] R shell:1e-3 seed=1 task 22/50
[   979.2s] R shell:1e-3 seed=1 task 23/50
[  1022.1s] R shell:1e-3 seed=1 task 24/50
[  1065.0s] R shell:1e-3 seed=1 task 25/50
[  1107.7s] R shell:1e-3 seed=1 task 26/50
[  1150.6s] R shell:1e-3 seed=1 task 27/50
[  1193.5s] R shell:1e-3 seed=1 task 28/50
[  1236.3s] R shell:1e-3 seed=1 task 29/50
[  1279.2s] R shell:1e-3 seed=1 task 30/50
[  1322.1s] R shell:1e-3 seed=1 task 31/50
[  1365.0s] R shell:1e-3 seed=1 task 32/50
[  1408.0s] R shell:1e-3 seed=1 task 33/50
[  1450.9s] R shell:1e-3 seed=1 task 34/50
[  1493.8s] R shell:1e-3 seed=1 task 35/50
[  1536.8s] R shell:1e-3 seed=1 task 36/50
[  1579.7s] R shell:1e-3 seed=1 task 37/50
[  1622.6s] R shell:1e-3 seed=1 task 38/50
[  1665.6s] R shell:1e-3 seed=1 task 39/50
[  1708.5s] R shell:1e-3 seed=1 task 40/50
[  1751.6s] R shell:1e-3 seed=1 task 41/50
[  1794.8s] R shell:1e-3 seed=1 task 42/50
[  1837.9s] R shell:1e-3 seed=1 task 43/50
[  1881.0s] R shell:1e-3 seed=1 task 44/50
[  1924.2s] R shell:1e-3 seed=1 task 45/50
[  1967.4s] R shell:1e-3 seed=1 task 46/50
[  2010.5s] R shell:1e-3 seed=1 task 47/50
[  2053.6s] R shell:1e-3 seed=1 task 48/50
[  2096.8s] R shell:1e-3 seed=1 task 49/50
[  2140.0s] R shell:1e-3 seed=1 task 50/50
[  2140.3s] done R shell:1e-3 seed=1 tasks=50 2140.0s
wrote results/shell_l2_rlmnist_0913/runs/R_shell_s1  (50 task rows, 306 layer rows, 2140.3s)
