[    42.0s] R shell:1e-3 seed=3 task 1/50
[    83.9s] R shell:1e-3 seed=3 task 2/50
[   126.5s] R shell:1e-3 seed=3 task 3/50
[   169.5s] R shell:1e-3 seed=3 task 4/50
[   212.7s] R shell:1e-3 seed=3 task 5/50
[   256.0s] R shell:1e-3 seed=3 task 6/50
[   299.3s] R shell:1e-3 seed=3 task 7/50
[   342.7s] R shell:1e-3 seed=3 task 8/50
[   386.1s] R shell:1e-3 seed=3 task 9/50
[   429.4s] R shell:1e-3 seed=3 task 10/50
[   472.7s] R shell:1e-3 seed=3 task 11/50
[   516.0s] R shell:1e-3 seed=3 task 12/50
[   559.0s] R shell:1e-3 seed=3 task 13/50
[   601.9s] R shell:1e-3 seed=3 task 14/50
[   645.1s] R shell:1e-3 seed=3 task 15/50
[   688.4s] R shell:1e-3 seed=3 task 16/50
[   731.9s] R shell:1e-3 seed=3 task 17/50
[   775.4s] R shell:1e-3 seed=3 task 18/50
[   818.9s] R shell:1e-3 seed=3 task 19/50
[   862.0s] R shell:1e-3 seed=3 task 20/50
[   905.1s] R shell:1e-3 seed=3 task 21/50
[   948.2s] R shell:1e-3 seed=3 task 22/50
[   991.4s] R shell:1e-3 seed=3 task 23/50
[  1034.5s] R shell:1e-3 seed=3 task 24/50
[  1077.7s] R shell:1e-3 seed=3 task 25/50
[  1121.0s] R shell:1e-3 seed=3 task 26/50
[  1164.3s] R shell:1e-3 seed=3 task 27/50
[  1207.4s] R shell:1e-3 seed=3 task 28/50
[  1250.7s] R shell:1e-3 seed=3 task 29/50
[  1294.3s] R shell:1e-3 seed=3 task 30/50
[  1337.9s] R shell:1e-3 seed=3 task 31/50
[  1381.4s] R shell:1e-3 seed=3 task 32/50
[  1424.9s] R shell:1e-3 seed=3 task 33/50
[  1468.1s] R shell:1e-3 seed=3 task 34/50
[  1511.3s] R shell:1e-3 seed=3 task 35/50
[  1554.6s] R shell:1e-3 seed=3 task 36/50
[  1597.8s] R shell:1e-3 seed=3 task 37/50
[  1641.2s] R shell:1e-3 seed=3 task 38/50
[  1684.9s] R shell:1e-3 seed=3 task 39/50
[  1728.5s] R shell:1e-3 seed=3 task 40/50
[  1772.1s] R shell:1e-3 seed=3 task 41/50
[  1815.6s] R shell:1e-3 seed=3 task 42/50
[  1858.8s] R shell:1e-3 seed=3 task 43/50
[  1902.2s] R shell:1e-3 seed=3 task 44/50
[  1945.6s] R shell:1e-3 seed=3 task 45/50
[  1989.0s] R shell:1e-3 seed=3 task 46/50
[  2032.3s] R shell:1e-3 seed=3 task 47/50
[  2075.7s] R shell:1e-3 seed=3 task 48/50
[  2119.3s] R shell:1e-3 seed=3 task 49/50
[  2162.7s] R shell:1e-3 seed=3 task 50/50
[  2163.0s] done R shell:1e-3 seed=3 tasks=50 2162.7s
wrote results/shell_l2_rlmnist_0913/runs/R_shell_s3  (50 task rows, 306 layer rows, 2163.0s)
