[    42.5s] R shell:1e-3 seed=6 task 1/50
[    85.0s] R shell:1e-3 seed=6 task 2/50
[   127.8s] R shell:1e-3 seed=6 task 3/50
[   171.0s] R shell:1e-3 seed=6 task 4/50
[   214.6s] R shell:1e-3 seed=6 task 5/50
[   258.2s] R shell:1e-3 seed=6 task 6/50
[   301.9s] R shell:1e-3 seed=6 task 7/50
[   345.6s] R shell:1e-3 seed=6 task 8/50
[   389.7s] R shell:1e-3 seed=6 task 9/50
[   433.5s] R shell:1e-3 seed=6 task 10/50
[   477.2s] R shell:1e-3 seed=6 task 11/50
[   521.0s] R shell:1e-3 seed=6 task 12/50
[   565.1s] R shell:1e-3 seed=6 task 13/50
[   609.1s] R shell:1e-3 seed=6 task 14/50
[   653.1s] R shell:1e-3 seed=6 task 15/50
[   697.0s] R shell:1e-3 seed=6 task 16/50
[   740.8s] R shell:1e-3 seed=6 task 17/50
[   784.7s] R shell:1e-3 seed=6 task 18/50
[   828.5s] R shell:1e-3 seed=6 task 19/50
[   872.4s] R shell:1e-3 seed=6 task 20/50
[   915.7s] R shell:1e-3 seed=6 task 21/50
[   959.3s] R shell:1e-3 seed=6 task 22/50
[  1003.2s] R shell:1e-3 seed=6 task 23/50
[  1046.8s] R shell:1e-3 seed=6 task 24/50
[  1090.6s] R shell:1e-3 seed=6 task 25/50
[  1134.4s] R shell:1e-3 seed=6 task 26/50
[  1178.3s] R shell:1e-3 seed=6 task 27/50
[  1222.2s] R shell:1e-3 seed=6 task 28/50
[  1266.3s] R shell:1e-3 seed=6 task 29/50
[  1310.2s] R shell:1e-3 seed=6 task 30/50
[  1354.4s] R shell:1e-3 seed=6 task 31/50
[  1398.2s] R shell:1e-3 seed=6 task 32/50
[  1442.1s] R shell:1e-3 seed=6 task 33/50
[  1486.1s] R shell:1e-3 seed=6 task 34/50
[  1530.1s] R shell:1e-3 seed=6 task 35/50
[  1573.9s] R shell:1e-3 seed=6 task 36/50
[  1617.9s] R shell:1e-3 seed=6 task 37/50
[  1661.9s] R shell:1e-3 seed=6 task 38/50
[  1705.6s] R shell:1e-3 seed=6 task 39/50
[  1749.6s] R shell:1e-3 seed=6 task 40/50
[  1793.7s] R shell:1e-3 seed=6 task 41/50
[  1837.8s] R shell:1e-3 seed=6 task 42/50
[  1881.7s] R shell:1e-3 seed=6 task 43/50
[  1925.7s] R shell:1e-3 seed=6 task 44/50
[  1969.5s] R shell:1e-3 seed=6 task 45/50
[  2013.4s] R shell:1e-3 seed=6 task 46/50
[  2057.5s] R shell:1e-3 seed=6 task 47/50
[  2101.6s] R shell:1e-3 seed=6 task 48/50
[  2145.3s] R shell:1e-3 seed=6 task 49/50
[  2189.3s] R shell:1e-3 seed=6 task 50/50
[  2189.6s] done R shell:1e-3 seed=6 tasks=50 2189.3s
wrote results/shell_l2_rlmnist_0913/runs/R_shell_s6  (50 task rows, 306 layer rows, 2189.6s)
