[    42.3s] R shell:1e-3 seed=7 task 1/50
[    84.6s] R shell:1e-3 seed=7 task 2/50
[   127.6s] R shell:1e-3 seed=7 task 3/50
[   171.0s] R shell:1e-3 seed=7 task 4/50
[   214.1s] R shell:1e-3 seed=7 task 5/50
[   257.5s] R shell:1e-3 seed=7 task 6/50
[   300.8s] R shell:1e-3 seed=7 task 7/50
[   344.2s] R shell:1e-3 seed=7 task 8/50
[   387.7s] R shell:1e-3 seed=7 task 9/50
[   431.3s] R shell:1e-3 seed=7 task 10/50
[   474.7s] R shell:1e-3 seed=7 task 11/50
[   518.3s] R shell:1e-3 seed=7 task 12/50
[   561.9s] R shell:1e-3 seed=7 task 13/50
[   605.5s] R shell:1e-3 seed=7 task 14/50
[   649.0s] R shell:1e-3 seed=7 task 15/50
[   692.4s] R shell:1e-3 seed=7 task 16/50
[   735.9s] R shell:1e-3 seed=7 task 17/50
[   779.5s] R shell:1e-3 seed=7 task 18/50
[   823.1s] R shell:1e-3 seed=7 task 19/50
[   866.4s] R shell:1e-3 seed=7 task 20/50
[   909.9s] R shell:1e-3 seed=7 task 21/50
[   953.3s] R shell:1e-3 seed=7 task 22/50
[   996.9s] R shell:1e-3 seed=7 task 23/50
[  1040.4s] R shell:1e-3 seed=7 task 24/50
[  1083.8s] R shell:1e-3 seed=7 task 25/50
[  1127.4s] R shell:1e-3 seed=7 task 26/50
[  1170.6s] R shell:1e-3 seed=7 task 27/50
[  1214.0s] R shell:1e-3 seed=7 task 28/50
[  1257.4s] R shell:1e-3 seed=7 task 29/50
[  1301.1s] R shell:1e-3 seed=7 task 30/50
[  1344.7s] R shell:1e-3 seed=7 task 31/50
[  1388.2s] R shell:1e-3 seed=7 task 32/50
[  1431.6s] R shell:1e-3 seed=7 task 33/50
[  1475.4s] R shell:1e-3 seed=7 task 34/50
[  1518.9s] R shell:1e-3 seed=7 task 35/50
[  1562.5s] R shell:1e-3 seed=7 task 36/50
[  1606.0s] R shell:1e-3 seed=7 task 37/50
[  1649.7s] R shell:1e-3 seed=7 task 38/50
[  1693.4s] R shell:1e-3 seed=7 task 39/50
[  1736.9s] R shell:1e-3 seed=7 task 40/50
[  1780.2s] R shell:1e-3 seed=7 task 41/50
[  1823.4s] R shell:1e-3 seed=7 task 42/50
[  1866.6s] R shell:1e-3 seed=7 task 43/50
[  1909.9s] R shell:1e-3 seed=7 task 44/50
[  1953.3s] R shell:1e-3 seed=7 task 45/50
[  1996.7s] R shell:1e-3 seed=7 task 46/50
[  2040.1s] R shell:1e-3 seed=7 task 47/50
[  2083.5s] R shell:1e-3 seed=7 task 48/50
[  2126.8s] R shell:1e-3 seed=7 task 49/50
[  2170.2s] R shell:1e-3 seed=7 task 50/50
[  2170.5s] done R shell:1e-3 seed=7 tasks=50 2170.2s
wrote results/shell_l2_rlmnist_0913/runs/R_shell_s7  (50 task rows, 306 layer rows, 2170.5s)
