[    32.2s] SNA none seed=6 task 1/50
[    64.4s] SNA none seed=6 task 2/50
[    96.8s] SNA none seed=6 task 3/50
[   129.2s] SNA none seed=6 task 4/50
[   161.1s] SNA none seed=6 task 5/50
[   193.0s] SNA none seed=6 task 6/50
[   224.9s] SNA none seed=6 task 7/50
[   256.9s] SNA none seed=6 task 8/50
[   289.1s] SNA none seed=6 task 9/50
[   321.2s] SNA none seed=6 task 10/50
[   353.2s] SNA none seed=6 task 11/50
[   385.2s] SNA none seed=6 task 12/50
[   417.2s] SNA none seed=6 task 13/50
[   449.3s] SNA none seed=6 task 14/50
[   481.8s] SNA none seed=6 task 15/50
[   514.1s] SNA none seed=6 task 16/50
[   546.4s] SNA none seed=6 task 17/50
[   578.4s] SNA none seed=6 task 18/50
[   610.5s] SNA none seed=6 task 19/50
[   642.5s] SNA none seed=6 task 20/50
[   674.4s] SNA none seed=6 task 21/50
[   706.4s] SNA none seed=6 task 22/50
[   738.5s] SNA none seed=6 task 23/50
[   770.5s] SNA none seed=6 task 24/50
[   802.6s] SNA none seed=6 task 25/50
[   834.6s] SNA none seed=6 task 26/50
[   866.8s] SNA none seed=6 task 27/50
[   898.8s] SNA none seed=6 task 28/50
[   930.9s] SNA none seed=6 task 29/50
[   963.0s] SNA none seed=6 task 30/50
[   995.0s] SNA none seed=6 task 31/50
[  1027.1s] SNA none seed=6 task 32/50
[  1059.1s] SNA none seed=6 task 33/50
[  1091.2s] SNA none seed=6 task 34/50
[  1123.3s] SNA none seed=6 task 35/50
[  1155.3s] SNA none seed=6 task 36/50
[  1187.3s] SNA none seed=6 task 37/50
[  1219.3s] SNA none seed=6 task 38/50
[  1251.4s] SNA none seed=6 task 39/50
[  1283.4s] SNA none seed=6 task 40/50
[  1315.4s] SNA none seed=6 task 41/50
[  1347.4s] SNA none seed=6 task 42/50
[  1379.4s] SNA none seed=6 task 43/50
[  1411.4s] SNA none seed=6 task 44/50
[  1443.4s] SNA none seed=6 task 45/50
[  1475.4s] SNA none seed=6 task 46/50
[  1507.4s] SNA none seed=6 task 47/50
[  1539.4s] SNA none seed=6 task 48/50
[  1571.5s] SNA none seed=6 task 49/50
[  1603.3s] SNA none seed=6 task 50/50
[  1603.6s] done SNA none seed=6 tasks=50 1603.3s
wrote results/shell_l2_rlmnist_0913/runs/SNA_none_s6  (50 task rows, 306 layer rows, 1603.6s)
