[    34.2s] SNA l2init:1e-3 seed=7 task 1/50
[    68.2s] SNA l2init:1e-3 seed=7 task 2/50
[   102.2s] SNA l2init:1e-3 seed=7 task 3/50
[   136.2s] SNA l2init:1e-3 seed=7 task 4/50
[   170.6s] SNA l2init:1e-3 seed=7 task 5/50
[   205.1s] SNA l2init:1e-3 seed=7 task 6/50
[   239.6s] SNA l2init:1e-3 seed=7 task 7/50
[   274.0s] SNA l2init:1e-3 seed=7 task 8/50
[   308.4s] SNA l2init:1e-3 seed=7 task 9/50
[   342.6s] SNA l2init:1e-3 seed=7 task 10/50
[   376.9s] SNA l2init:1e-3 seed=7 task 11/50
[   411.0s] SNA l2init:1e-3 seed=7 task 12/50
[   445.1s] SNA l2init:1e-3 seed=7 task 13/50
[   479.2s] SNA l2init:1e-3 seed=7 task 14/50
[   513.3s] SNA l2init:1e-3 seed=7 task 15/50
[   547.4s] SNA l2init:1e-3 seed=7 task 16/50
[   581.5s] SNA l2init:1e-3 seed=7 task 17/50
[   615.6s] SNA l2init:1e-3 seed=7 task 18/50
[   649.8s] SNA l2init:1e-3 seed=7 task 19/50
[   684.0s] SNA l2init:1e-3 seed=7 task 20/50
[   718.3s] SNA l2init:1e-3 seed=7 task 21/50
[   752.5s] SNA l2init:1e-3 seed=7 task 22/50
[   786.8s] SNA l2init:1e-3 seed=7 task 23/50
[   821.2s] SNA l2init:1e-3 seed=7 task 24/50
[   855.5s] SNA l2init:1e-3 seed=7 task 25/50
[   889.7s] SNA l2init:1e-3 seed=7 task 26/50
[   924.1s] SNA l2init:1e-3 seed=7 task 27/50
[   958.2s] SNA l2init:1e-3 seed=7 task 28/50
[   992.4s] SNA l2init:1e-3 seed=7 task 29/50
[  1026.4s] SNA l2init:1e-3 seed=7 task 30/50
[  1060.4s] SNA l2init:1e-3 seed=7 task 31/50
[  1094.4s] SNA l2init:1e-3 seed=7 task 32/50
[  1128.5s] SNA l2init:1e-3 seed=7 task 33/50
[  1162.5s] SNA l2init:1e-3 seed=7 task 34/50
[  1196.5s] SNA l2init:1e-3 seed=7 task 35/50
[  1230.6s] SNA l2init:1e-3 seed=7 task 36/50
[  1264.6s] SNA l2init:1e-3 seed=7 task 37/50
[  1298.7s] SNA l2init:1e-3 seed=7 task 38/50
[  1332.7s] SNA l2init:1e-3 seed=7 task 39/50
[  1366.7s] SNA l2init:1e-3 seed=7 task 40/50
[  1400.8s] SNA l2init:1e-3 seed=7 task 41/50
[  1434.8s] SNA l2init:1e-3 seed=7 task 42/50
[  1468.9s] SNA l2init:1e-3 seed=7 task 43/50
[  1502.9s] SNA l2init:1e-3 seed=7 task 44/50
[  1537.0s] SNA l2init:1e-3 seed=7 task 45/50
[  1571.1s] SNA l2init:1e-3 seed=7 task 46/50
[  1605.2s] SNA l2init:1e-3 seed=7 task 47/50
[  1639.3s] SNA l2init:1e-3 seed=7 task 48/50
[  1673.4s] SNA l2init:1e-3 seed=7 task 49/50
[  1707.4s] SNA l2init:1e-3 seed=7 task 50/50
[  1707.7s] done SNA l2init:1e-3 seed=7 tasks=50 1707.4s
wrote results/shell_l2_rlmnist_0913/runs/SNA_l2init_s7  (50 task rows, 306 layer rows, 1707.7s)
