[    31.4s] SNA none seed=2 task 1/50
[    62.6s] SNA none seed=2 task 2/50
[    93.9s] SNA none seed=2 task 3/50
[   125.4s] SNA none seed=2 task 4/50
[   156.8s] SNA none seed=2 task 5/50
[   188.1s] SNA none seed=2 task 6/50
[   219.4s] SNA none seed=2 task 7/50
[   250.6s] SNA none seed=2 task 8/50
[   281.9s] SNA none seed=2 task 9/50
[   313.2s] SNA none seed=2 task 10/50
[   344.5s] SNA none seed=2 task 11/50
[   375.8s] SNA none seed=2 task 12/50
[   407.2s] SNA none seed=2 task 13/50
[   438.6s] SNA none seed=2 task 14/50
[   470.1s] SNA none seed=2 task 15/50
[   501.6s] SNA none seed=2 task 16/50
[   533.2s] SNA none seed=2 task 17/50
[   564.7s] SNA none seed=2 task 18/50
[   596.2s] SNA none seed=2 task 19/50
[   627.7s] SNA none seed=2 task 20/50
[   659.2s] SNA none seed=2 task 21/50
[   690.7s] SNA none seed=2 task 22/50
[   722.2s] SNA none seed=2 task 23/50
[   753.7s] SNA none seed=2 task 24/50
[   785.1s] SNA none seed=2 task 25/50
[   816.5s] SNA none seed=2 task 26/50
[   847.9s] SNA none seed=2 task 27/50
[   879.4s] SNA none seed=2 task 28/50
[   910.8s] SNA none seed=2 task 29/50
[   942.2s] SNA none seed=2 task 30/50
[   973.6s] SNA none seed=2 task 31/50
[  1005.0s] SNA none seed=2 task 32/50
[  1036.4s] SNA none seed=2 task 33/50
[  1067.9s] SNA none seed=2 task 34/50
[  1099.5s] SNA none seed=2 task 35/50
[  1131.0s] SNA none seed=2 task 36/50
[  1162.4s] SNA none seed=2 task 37/50
[  1193.9s] SNA none seed=2 task 38/50
[  1225.4s] SNA none seed=2 task 39/50
[  1256.8s] SNA none seed=2 task 40/50
[  1288.2s] SNA none seed=2 task 41/50
[  1319.6s] SNA none seed=2 task 42/50
[  1351.0s] SNA none seed=2 task 43/50
[  1382.5s] SNA none seed=2 task 44/50
[  1413.9s] SNA none seed=2 task 45/50
[  1445.4s] SNA none seed=2 task 46/50
[  1476.8s] SNA none seed=2 task 47/50
[  1508.2s] SNA none seed=2 task 48/50
[  1539.9s] SNA none seed=2 task 49/50
[  1571.6s] SNA none seed=2 task 50/50
[  1571.8s] done SNA none seed=2 tasks=50 1571.6s
wrote results/shell_l2_rlmnist_0913/runs/SNA_none_s2  (50 task rows, 306 layer rows, 1571.9s)
