[    33.7s] SNA l2:1e-3 seed=6 task 1/50
[    68.0s] SNA l2:1e-3 seed=6 task 2/50
[   111.5s] SNA l2:1e-3 seed=6 task 3/50
[   155.2s] SNA l2:1e-3 seed=6 task 4/50
[   199.0s] SNA l2:1e-3 seed=6 task 5/50
[   243.1s] SNA l2:1e-3 seed=6 task 6/50
[   287.0s] SNA l2:1e-3 seed=6 task 7/50
[   330.8s] SNA l2:1e-3 seed=6 task 8/50
[   374.2s] SNA l2:1e-3 seed=6 task 9/50
[   417.9s] SNA l2:1e-3 seed=6 task 10/50
[   461.6s] SNA l2:1e-3 seed=6 task 11/50
[   505.3s] SNA l2:1e-3 seed=6 task 12/50
[   548.9s] SNA l2:1e-3 seed=6 task 13/50
[   592.4s] SNA l2:1e-3 seed=6 task 14/50
[   635.6s] SNA l2:1e-3 seed=6 task 15/50
[   679.0s] SNA l2:1e-3 seed=6 task 16/50
[   722.5s] SNA l2:1e-3 seed=6 task 17/50
[   765.9s] SNA l2:1e-3 seed=6 task 18/50
[   809.2s] SNA l2:1e-3 seed=6 task 19/50
[   852.6s] SNA l2:1e-3 seed=6 task 20/50
[   896.2s] SNA l2:1e-3 seed=6 task 21/50
[   940.1s] SNA l2:1e-3 seed=6 task 22/50
[   984.1s] SNA l2:1e-3 seed=6 task 23/50
[  1027.9s] SNA l2:1e-3 seed=6 task 24/50
[  1071.9s] SNA l2:1e-3 seed=6 task 25/50
[  1115.6s] SNA l2:1e-3 seed=6 task 26/50
[  1159.1s] SNA l2:1e-3 seed=6 task 27/50
[  1202.6s] SNA l2:1e-3 seed=6 task 28/50
[  1246.1s] SNA l2:1e-3 seed=6 task 29/50
[  1289.5s] SNA l2:1e-3 seed=6 task 30/50
[  1332.9s] SNA l2:1e-3 seed=6 task 31/50
[  1377.0s] SNA l2:1e-3 seed=6 task 32/50
[  1421.1s] SNA l2:1e-3 seed=6 task 33/50
[  1465.1s] SNA l2:1e-3 seed=6 task 34/50
[  1508.9s] SNA l2:1e-3 seed=6 task 35/50
[  1552.9s] SNA l2:1e-3 seed=6 task 36/50
[  1596.7s] SNA l2:1e-3 seed=6 task 37/50
[  1640.4s] SNA l2:1e-3 seed=6 task 38/50
[  1684.0s] SNA l2:1e-3 seed=6 task 39/50
[  1727.7s] SNA l2:1e-3 seed=6 task 40/50
[  1771.3s] SNA l2:1e-3 seed=6 task 41/50
[  1814.9s] SNA l2:1e-3 seed=6 task 42/50
[  1858.7s] SNA l2:1e-3 seed=6 task 43/50
[  1902.4s] SNA l2:1e-3 seed=6 task 44/50
[  1946.1s] SNA l2:1e-3 seed=6 task 45/50
[  1989.5s] SNA l2:1e-3 seed=6 task 46/50
[  2033.1s] SNA l2:1e-3 seed=6 task 47/50
[  2076.7s] SNA l2:1e-3 seed=6 task 48/50
[  2120.3s] SNA l2:1e-3 seed=6 task 49/50
[  2163.9s] SNA l2:1e-3 seed=6 task 50/50
[  2164.2s] done SNA l2:1e-3 seed=6 tasks=50 2163.9s
wrote results/shell_l2_rlmnist_0913/runs/SNA_l2_s6  (50 task rows, 306 layer rows, 2164.2s)
