[    33.7s] SNA l2:1e-3 seed=7 task 1/50
[    67.9s] SNA l2:1e-3 seed=7 task 2/50
[   110.4s] SNA l2:1e-3 seed=7 task 3/50
[   153.5s] SNA l2:1e-3 seed=7 task 4/50
[   196.5s] SNA l2:1e-3 seed=7 task 5/50
[   239.8s] SNA l2:1e-3 seed=7 task 6/50
[   283.3s] SNA l2:1e-3 seed=7 task 7/50
[   326.7s] SNA l2:1e-3 seed=7 task 8/50
[   370.2s] SNA l2:1e-3 seed=7 task 9/50
[   413.7s] SNA l2:1e-3 seed=7 task 10/50
[   457.1s] SNA l2:1e-3 seed=7 task 11/50
[   500.6s] SNA l2:1e-3 seed=7 task 12/50
[   544.2s] SNA l2:1e-3 seed=7 task 13/50
[   587.9s] SNA l2:1e-3 seed=7 task 14/50
[   631.5s] SNA l2:1e-3 seed=7 task 15/50
[   675.1s] SNA l2:1e-3 seed=7 task 16/50
[   718.8s] SNA l2:1e-3 seed=7 task 17/50
[   762.3s] SNA l2:1e-3 seed=7 task 18/50
[   805.7s] SNA l2:1e-3 seed=7 task 19/50
[   849.4s] SNA l2:1e-3 seed=7 task 20/50
[   892.9s] SNA l2:1e-3 seed=7 task 21/50
[   936.4s] SNA l2:1e-3 seed=7 task 22/50
[   979.7s] SNA l2:1e-3 seed=7 task 23/50
[  1023.1s] SNA l2:1e-3 seed=7 task 24/50
[  1066.5s] SNA l2:1e-3 seed=7 task 25/50
[  1109.7s] SNA l2:1e-3 seed=7 task 26/50
[  1153.0s] SNA l2:1e-3 seed=7 task 27/50
[  1196.3s] SNA l2:1e-3 seed=7 task 28/50
[  1239.5s] SNA l2:1e-3 seed=7 task 29/50
[  1282.9s] SNA l2:1e-3 seed=7 task 30/50
[  1326.2s] SNA l2:1e-3 seed=7 task 31/50
[  1369.7s] SNA l2:1e-3 seed=7 task 32/50
[  1413.3s] SNA l2:1e-3 seed=7 task 33/50
[  1457.0s] SNA l2:1e-3 seed=7 task 34/50
[  1500.5s] SNA l2:1e-3 seed=7 task 35/50
[  1544.1s] SNA l2:1e-3 seed=7 task 36/50
[  1587.7s] SNA l2:1e-3 seed=7 task 37/50
[  1631.3s] SNA l2:1e-3 seed=7 task 38/50
[  1674.8s] SNA l2:1e-3 seed=7 task 39/50
[  1718.4s] SNA l2:1e-3 seed=7 task 40/50
[  1761.8s] SNA l2:1e-3 seed=7 task 41/50
[  1805.1s] SNA l2:1e-3 seed=7 task 42/50
[  1848.3s] SNA l2:1e-3 seed=7 task 43/50
[  1891.6s] SNA l2:1e-3 seed=7 task 44/50
[  1935.0s] SNA l2:1e-3 seed=7 task 45/50
[  1978.3s] SNA l2:1e-3 seed=7 task 46/50
[  2021.8s] SNA l2:1e-3 seed=7 task 47/50
[  2065.2s] SNA l2:1e-3 seed=7 task 48/50
[  2108.7s] SNA l2:1e-3 seed=7 task 49/50
[  2152.1s] SNA l2:1e-3 seed=7 task 50/50
[  2152.4s] done SNA l2:1e-3 seed=7 tasks=50 2152.1s
wrote results/shell_l2_rlmnist_0913/runs/SNA_l2_s7  (50 task rows, 306 layer rows, 2152.4s)
