[    34.3s] SNA l2init:1e-3 seed=9 task 1/50
[    68.6s] SNA l2init:1e-3 seed=9 task 2/50
[   102.8s] SNA l2init:1e-3 seed=9 task 3/50
[   136.9s] SNA l2init:1e-3 seed=9 task 4/50
[   171.3s] SNA l2init:1e-3 seed=9 task 5/50
[   205.5s] SNA l2init:1e-3 seed=9 task 6/50
[   239.8s] SNA l2init:1e-3 seed=9 task 7/50
[   274.0s] SNA l2init:1e-3 seed=9 task 8/50
[   308.3s] SNA l2init:1e-3 seed=9 task 9/50
[   342.6s] SNA l2init:1e-3 seed=9 task 10/50
[   376.8s] SNA l2init:1e-3 seed=9 task 11/50
[   411.1s] SNA l2init:1e-3 seed=9 task 12/50
[   445.4s] SNA l2init:1e-3 seed=9 task 13/50
[   479.7s] SNA l2init:1e-3 seed=9 task 14/50
[   514.0s] SNA l2init:1e-3 seed=9 task 15/50
[   548.2s] SNA l2init:1e-3 seed=9 task 16/50
[   582.5s] SNA l2init:1e-3 seed=9 task 17/50
[   616.8s] SNA l2init:1e-3 seed=9 task 18/50
[   651.1s] SNA l2init:1e-3 seed=9 task 19/50
[   685.5s] SNA l2init:1e-3 seed=9 task 20/50
[   719.8s] SNA l2init:1e-3 seed=9 task 21/50
[   754.2s] SNA l2init:1e-3 seed=9 task 22/50
[   788.4s] SNA l2init:1e-3 seed=9 task 23/50
[   822.8s] SNA l2init:1e-3 seed=9 task 24/50
[   857.0s] SNA l2init:1e-3 seed=9 task 25/50
[   891.3s] SNA l2init:1e-3 seed=9 task 26/50
[   925.6s] SNA l2init:1e-3 seed=9 task 27/50
[   960.0s] SNA l2init:1e-3 seed=9 task 28/50
[   994.3s] SNA l2init:1e-3 seed=9 task 29/50
[  1028.3s] SNA l2init:1e-3 seed=9 task 30/50
[  1062.5s] SNA l2init:1e-3 seed=9 task 31/50
[  1096.8s] SNA l2init:1e-3 seed=9 task 32/50
[  1131.0s] SNA l2init:1e-3 seed=9 task 33/50
[  1165.3s] SNA l2init:1e-3 seed=9 task 34/50
[  1199.3s] SNA l2init:1e-3 seed=9 task 35/50
[  1233.2s] SNA l2init:1e-3 seed=9 task 36/50
[  1267.2s] SNA l2init:1e-3 seed=9 task 37/50
[  1301.1s] SNA l2init:1e-3 seed=9 task 38/50
[  1335.1s] SNA l2init:1e-3 seed=9 task 39/50
[  1369.1s] SNA l2init:1e-3 seed=9 task 40/50
[  1403.0s] SNA l2init:1e-3 seed=9 task 41/50
[  1436.9s] SNA l2init:1e-3 seed=9 task 42/50
[  1470.9s] SNA l2init:1e-3 seed=9 task 43/50
[  1504.9s] SNA l2init:1e-3 seed=9 task 44/50
[  1539.0s] SNA l2init:1e-3 seed=9 task 45/50
[  1573.1s] SNA l2init:1e-3 seed=9 task 46/50
[  1607.2s] SNA l2init:1e-3 seed=9 task 47/50
[  1641.3s] SNA l2init:1e-3 seed=9 task 48/50
[  1675.3s] SNA l2init:1e-3 seed=9 task 49/50
[  1709.4s] SNA l2init:1e-3 seed=9 task 50/50
[  1709.7s] done SNA l2init:1e-3 seed=9 tasks=50 1709.5s
wrote results/shell_l2_rlmnist_0913/runs/SNA_l2init_s9  (50 task rows, 306 layer rows, 1709.7s)
