[    31.5s] SNA none seed=3 task 1/50
[    63.0s] SNA none seed=3 task 2/50
[    94.4s] SNA none seed=3 task 3/50
[   125.7s] SNA none seed=3 task 4/50
[   157.2s] SNA none seed=3 task 5/50
[   188.5s] SNA none seed=3 task 6/50
[   219.9s] SNA none seed=3 task 7/50
[   251.3s] SNA none seed=3 task 8/50
[   282.6s] SNA none seed=3 task 9/50
[   314.1s] SNA none seed=3 task 10/50
[   345.6s] SNA none seed=3 task 11/50
[   377.0s] SNA none seed=3 task 12/50
[   408.5s] SNA none seed=3 task 13/50
[   440.0s] SNA none seed=3 task 14/50
[   471.4s] SNA none seed=3 task 15/50
[   502.7s] SNA none seed=3 task 16/50
[   534.1s] SNA none seed=3 task 17/50
[   565.5s] SNA none seed=3 task 18/50
[   596.9s] SNA none seed=3 task 19/50
[   628.4s] SNA none seed=3 task 20/50
[   659.9s] SNA none seed=3 task 21/50
[   691.3s] SNA none seed=3 task 22/50
[   722.8s] SNA none seed=3 task 23/50
[   754.2s] SNA none seed=3 task 24/50
[   785.6s] SNA none seed=3 task 25/50
[   817.0s] SNA none seed=3 task 26/50
[   848.5s] SNA none seed=3 task 27/50
[   879.8s] SNA none seed=3 task 28/50
[   911.2s] SNA none seed=3 task 29/50
[   942.5s] SNA none seed=3 task 30/50
[   973.9s] SNA none seed=3 task 31/50
[  1005.2s] SNA none seed=3 task 32/50
[  1036.5s] SNA none seed=3 task 33/50
[  1067.8s] SNA none seed=3 task 34/50
[  1099.3s] SNA none seed=3 task 35/50
[  1130.7s] SNA none seed=3 task 36/50
[  1162.0s] SNA none seed=3 task 37/50
[  1193.4s] SNA none seed=3 task 38/50
[  1225.0s] SNA none seed=3 task 39/50
[  1256.5s] SNA none seed=3 task 40/50
[  1287.8s] SNA none seed=3 task 41/50
[  1319.1s] SNA none seed=3 task 42/50
[  1350.4s] SNA none seed=3 task 43/50
[  1381.8s] SNA none seed=3 task 44/50
[  1413.1s] SNA none seed=3 task 45/50
[  1444.4s] SNA none seed=3 task 46/50
[  1475.8s] SNA none seed=3 task 47/50
[  1507.2s] SNA none seed=3 task 48/50
[  1538.5s] SNA none seed=3 task 49/50
[  1569.8s] SNA none seed=3 task 50/50
[  1570.1s] done SNA none seed=3 tasks=50 1569.8s
wrote results/shell_l2_rlmnist_0913/runs/SNA_none_s3  (50 task rows, 306 layer rows, 1570.1s)
