[    33.7s] SNA l2:1e-3 seed=1 task 1/50
[    67.6s] SNA l2:1e-3 seed=1 task 2/50
[   110.6s] SNA l2:1e-3 seed=1 task 3/50
[   154.1s] SNA l2:1e-3 seed=1 task 4/50
[   197.4s] SNA l2:1e-3 seed=1 task 5/50
[   240.9s] SNA l2:1e-3 seed=1 task 6/50
[   284.2s] SNA l2:1e-3 seed=1 task 7/50
[   327.8s] SNA l2:1e-3 seed=1 task 8/50
[   371.4s] SNA l2:1e-3 seed=1 task 9/50
[   414.8s] SNA l2:1e-3 seed=1 task 10/50
[   458.4s] SNA l2:1e-3 seed=1 task 11/50
[   501.9s] SNA l2:1e-3 seed=1 task 12/50
[   545.4s] SNA l2:1e-3 seed=1 task 13/50
[   588.7s] SNA l2:1e-3 seed=1 task 14/50
[   632.2s] SNA l2:1e-3 seed=1 task 15/50
[   675.7s] SNA l2:1e-3 seed=1 task 16/50
[   719.2s] SNA l2:1e-3 seed=1 task 17/50
[   762.8s] SNA l2:1e-3 seed=1 task 18/50
[   806.1s] SNA l2:1e-3 seed=1 task 19/50
[   849.5s] SNA l2:1e-3 seed=1 task 20/50
[   892.9s] SNA l2:1e-3 seed=1 task 21/50
[   936.4s] SNA l2:1e-3 seed=1 task 22/50
[   979.8s] SNA l2:1e-3 seed=1 task 23/50
[  1023.3s] SNA l2:1e-3 seed=1 task 24/50
[  1066.7s] SNA l2:1e-3 seed=1 task 25/50
[  1110.2s] SNA l2:1e-3 seed=1 task 26/50
[  1153.7s] SNA l2:1e-3 seed=1 task 27/50
[  1197.3s] SNA l2:1e-3 seed=1 task 28/50
[  1240.8s] SNA l2:1e-3 seed=1 task 29/50
[  1284.2s] SNA l2:1e-3 seed=1 task 30/50
[  1327.5s] SNA l2:1e-3 seed=1 task 31/50
[  1371.1s] SNA l2:1e-3 seed=1 task 32/50
[  1414.5s] SNA l2:1e-3 seed=1 task 33/50
[  1457.7s] SNA l2:1e-3 seed=1 task 34/50
[  1501.0s] SNA l2:1e-3 seed=1 task 35/50
[  1544.4s] SNA l2:1e-3 seed=1 task 36/50
[  1587.8s] SNA l2:1e-3 seed=1 task 37/50
[  1631.3s] SNA l2:1e-3 seed=1 task 38/50
[  1674.7s] SNA l2:1e-3 seed=1 task 39/50
[  1718.1s] SNA l2:1e-3 seed=1 task 40/50
[  1761.6s] SNA l2:1e-3 seed=1 task 41/50
[  1805.2s] SNA l2:1e-3 seed=1 task 42/50
[  1848.9s] SNA l2:1e-3 seed=1 task 43/50
[  1892.6s] SNA l2:1e-3 seed=1 task 44/50
[  1936.3s] SNA l2:1e-3 seed=1 task 45/50
[  1980.0s] SNA l2:1e-3 seed=1 task 46/50
[  2023.8s] SNA l2:1e-3 seed=1 task 47/50
[  2067.5s] SNA l2:1e-3 seed=1 task 48/50
[  2111.2s] SNA l2:1e-3 seed=1 task 49/50
[  2154.9s] SNA l2:1e-3 seed=1 task 50/50
[  2155.2s] done SNA l2:1e-3 seed=1 tasks=50 2154.9s
wrote results/shell_l2_rlmnist_0913/runs/SNA_l2_s1  (50 task rows, 306 layer rows, 2155.2s)
