[    31.9s] SNA none seed=1 task 1/50
[    63.6s] SNA none seed=1 task 2/50
[    95.1s] SNA none seed=1 task 3/50
[   126.7s] SNA none seed=1 task 4/50
[   158.3s] SNA none seed=1 task 5/50
[   190.0s] SNA none seed=1 task 6/50
[   221.7s] SNA none seed=1 task 7/50
[   253.4s] SNA none seed=1 task 8/50
[   285.1s] SNA none seed=1 task 9/50
[   316.8s] SNA none seed=1 task 10/50
[   348.6s] SNA none seed=1 task 11/50
[   380.3s] SNA none seed=1 task 12/50
[   412.1s] SNA none seed=1 task 13/50
[   444.0s] SNA none seed=1 task 14/50
[   475.9s] SNA none seed=1 task 15/50
[   507.6s] SNA none seed=1 task 16/50
[   539.4s] SNA none seed=1 task 17/50
[   571.2s] SNA none seed=1 task 18/50
[   603.0s] SNA none seed=1 task 19/50
[   634.8s] SNA none seed=1 task 20/50
[   666.5s] SNA none seed=1 task 21/50
[   698.2s] SNA none seed=1 task 22/50
[   730.1s] SNA none seed=1 task 23/50
[   761.9s] SNA none seed=1 task 24/50
[   793.6s] SNA none seed=1 task 25/50
[   825.4s] SNA none seed=1 task 26/50
[   857.2s] SNA none seed=1 task 27/50
[   889.0s] SNA none seed=1 task 28/50
[   920.9s] SNA none seed=1 task 29/50
[   952.6s] SNA none seed=1 task 30/50
[   984.4s] SNA none seed=1 task 31/50
[  1016.1s] SNA none seed=1 task 32/50
[  1047.9s] SNA none seed=1 task 33/50
[  1079.6s] SNA none seed=1 task 34/50
[  1111.3s] SNA none seed=1 task 35/50
[  1143.0s] SNA none seed=1 task 36/50
[  1174.7s] SNA none seed=1 task 37/50
[  1206.4s] SNA none seed=1 task 38/50
[  1238.1s] SNA none seed=1 task 39/50
[  1269.8s] SNA none seed=1 task 40/50
[  1301.6s] SNA none seed=1 task 41/50
[  1333.3s] SNA none seed=1 task 42/50
[  1365.1s] SNA none seed=1 task 43/50
[  1396.9s] SNA none seed=1 task 44/50
[  1428.6s] SNA none seed=1 task 45/50
[  1460.3s] SNA none seed=1 task 46/50
[  1492.1s] SNA none seed=1 task 47/50
[  1523.7s] SNA none seed=1 task 48/50
[  1555.4s] SNA none seed=1 task 49/50
[  1587.2s] SNA none seed=1 task 50/50
[  1587.5s] done SNA none seed=1 tasks=50 1587.2s
wrote results/shell_l2_rlmnist_0913/runs/SNA_none_s1  (50 task rows, 306 layer rows, 1587.5s)
