[    31.3s] SNA none seed=5 task 1/50
[    62.8s] SNA none seed=5 task 2/50
[    94.1s] SNA none seed=5 task 3/50
[   125.5s] SNA none seed=5 task 4/50
[   156.9s] SNA none seed=5 task 5/50
[   188.1s] SNA none seed=5 task 6/50
[   219.4s] SNA none seed=5 task 7/50
[   250.6s] SNA none seed=5 task 8/50
[   281.9s] SNA none seed=5 task 9/50
[   313.1s] SNA none seed=5 task 10/50
[   344.2s] SNA none seed=5 task 11/50
[   375.5s] SNA none seed=5 task 12/50
[   406.7s] SNA none seed=5 task 13/50
[   437.9s] SNA none seed=5 task 14/50
[   469.2s] SNA none seed=5 task 15/50
[   500.6s] SNA none seed=5 task 16/50
[   531.8s] SNA none seed=5 task 17/50
[   563.0s] SNA none seed=5 task 18/50
[   594.3s] SNA none seed=5 task 19/50
[   625.6s] SNA none seed=5 task 20/50
[   657.0s] SNA none seed=5 task 21/50
[   688.2s] SNA none seed=5 task 22/50
[   719.4s] SNA none seed=5 task 23/50
[   750.7s] SNA none seed=5 task 24/50
[   782.1s] SNA none seed=5 task 25/50
[   813.4s] SNA none seed=5 task 26/50
[   844.9s] SNA none seed=5 task 27/50
[   876.2s] SNA none seed=5 task 28/50
[   907.5s] SNA none seed=5 task 29/50
[   938.9s] SNA none seed=5 task 30/50
[   970.4s] SNA none seed=5 task 31/50
[  1002.1s] SNA none seed=5 task 32/50
[  1033.4s] SNA none seed=5 task 33/50
[  1064.9s] SNA none seed=5 task 34/50
[  1096.3s] SNA none seed=5 task 35/50
[  1127.9s] SNA none seed=5 task 36/50
[  1159.5s] SNA none seed=5 task 37/50
[  1191.3s] SNA none seed=5 task 38/50
[  1223.0s] SNA none seed=5 task 39/50
[  1254.6s] SNA none seed=5 task 40/50
[  1286.0s] SNA none seed=5 task 41/50
[  1317.5s] SNA none seed=5 task 42/50
[  1349.0s] SNA none seed=5 task 43/50
[  1380.7s] SNA none seed=5 task 44/50
[  1412.3s] SNA none seed=5 task 45/50
[  1443.9s] SNA none seed=5 task 46/50
[  1475.2s] SNA none seed=5 task 47/50
[  1506.4s] SNA none seed=5 task 48/50
[  1537.7s] SNA none seed=5 task 49/50
[  1569.2s] SNA none seed=5 task 50/50
[  1569.5s] done SNA none seed=5 tasks=50 1569.2s
wrote results/shell_l2_rlmnist_0913/runs/SNA_none_s5  (50 task rows, 306 layer rows, 1569.5s)
