[    47.3s] SNA shell:1e-3 seed=6 task 1/50
[    95.1s] SNA shell:1e-3 seed=6 task 2/50
[   144.4s] SNA shell:1e-3 seed=6 task 3/50
[   193.8s] SNA shell:1e-3 seed=6 task 4/50
[   243.1s] SNA shell:1e-3 seed=6 task 5/50
[   292.4s] SNA shell:1e-3 seed=6 task 6/50
[   341.7s] SNA shell:1e-3 seed=6 task 7/50
[   391.0s] SNA shell:1e-3 seed=6 task 8/50
[   440.2s] SNA shell:1e-3 seed=6 task 9/50
[   489.4s] SNA shell:1e-3 seed=6 task 10/50
[   538.7s] SNA shell:1e-3 seed=6 task 11/50
[   587.9s] SNA shell:1e-3 seed=6 task 12/50
[   637.6s] SNA shell:1e-3 seed=6 task 13/50
[   687.1s] SNA shell:1e-3 seed=6 task 14/50
[   736.3s] SNA shell:1e-3 seed=6 task 15/50
[   785.7s] SNA shell:1e-3 seed=6 task 16/50
[   834.9s] SNA shell:1e-3 seed=6 task 17/50
[   884.2s] SNA shell:1e-3 seed=6 task 18/50
[   933.6s] SNA shell:1e-3 seed=6 task 19/50
[   982.9s] SNA shell:1e-3 seed=6 task 20/50
[  1032.3s] SNA shell:1e-3 seed=6 task 21/50
[  1081.6s] SNA shell:1e-3 seed=6 task 22/50
[  1130.8s] SNA shell:1e-3 seed=6 task 23/50
[  1180.0s] SNA shell:1e-3 seed=6 task 24/50
[  1229.2s] SNA shell:1e-3 seed=6 task 25/50
[  1278.4s] SNA shell:1e-3 seed=6 task 26/50
[  1327.7s] SNA shell:1e-3 seed=6 task 27/50
[  1376.9s] SNA shell:1e-3 seed=6 task 28/50
[  1426.2s] SNA shell:1e-3 seed=6 task 29/50
[  1475.4s] SNA shell:1e-3 seed=6 task 30/50
[  1524.7s] SNA shell:1e-3 seed=6 task 31/50
[  1573.9s] SNA shell:1e-3 seed=6 task 32/50
[  1623.1s] SNA shell:1e-3 seed=6 task 33/50
[  1672.4s] SNA shell:1e-3 seed=6 task 34/50
[  1721.6s] SNA shell:1e-3 seed=6 task 35/50
[  1770.9s] SNA shell:1e-3 seed=6 task 36/50
[  1819.9s] SNA shell:1e-3 seed=6 task 37/50
[  1869.1s] SNA shell:1e-3 seed=6 task 38/50
[  1918.2s] SNA shell:1e-3 seed=6 task 39/50
[  1967.4s] SNA shell:1e-3 seed=6 task 40/50
[  2016.4s] SNA shell:1e-3 seed=6 task 41/50
[  2065.5s] SNA shell:1e-3 seed=6 task 42/50
[  2114.6s] SNA shell:1e-3 seed=6 task 43/50
[  2163.7s] SNA shell:1e-3 seed=6 task 44/50
[  2212.9s] SNA shell:1e-3 seed=6 task 45/50
[  2262.1s] SNA shell:1e-3 seed=6 task 46/50
[  2311.3s] SNA shell:1e-3 seed=6 task 47/50
[  2360.6s] SNA shell:1e-3 seed=6 task 48/50
[  2409.8s] SNA shell:1e-3 seed=6 task 49/50
[  2459.2s] SNA shell:1e-3 seed=6 task 50/50
[  2459.5s] done SNA shell:1e-3 seed=6 tasks=50 2459.2s
wrote results/shell_l2_rlmnist_0913/runs/SNA_shell_s6  (50 task rows, 306 layer rows, 2459.5s)
