[    47.7s] SNA shell:1e-3 seed=9 task 1/50
[    95.3s] SNA shell:1e-3 seed=9 task 2/50
[   143.6s] SNA shell:1e-3 seed=9 task 3/50
[   192.3s] SNA shell:1e-3 seed=9 task 4/50
[   241.0s] SNA shell:1e-3 seed=9 task 5/50
[   289.8s] SNA shell:1e-3 seed=9 task 6/50
[   338.7s] SNA shell:1e-3 seed=9 task 7/50
[   387.7s] SNA shell:1e-3 seed=9 task 8/50
[   436.6s] SNA shell:1e-3 seed=9 task 9/50
[   485.5s] SNA shell:1e-3 seed=9 task 10/50
[   534.2s] SNA shell:1e-3 seed=9 task 11/50
[   583.1s] SNA shell:1e-3 seed=9 task 12/50
[   632.0s] SNA shell:1e-3 seed=9 task 13/50
[   680.7s] SNA shell:1e-3 seed=9 task 14/50
[   729.4s] SNA shell:1e-3 seed=9 task 15/50
[   778.2s] SNA shell:1e-3 seed=9 task 16/50
[   827.3s] SNA shell:1e-3 seed=9 task 17/50
[   876.1s] SNA shell:1e-3 seed=9 task 18/50
[   925.0s] SNA shell:1e-3 seed=9 task 19/50
[   974.0s] SNA shell:1e-3 seed=9 task 20/50
[  1023.0s] SNA shell:1e-3 seed=9 task 21/50
[  1072.0s] SNA shell:1e-3 seed=9 task 22/50
[  1121.2s] SNA shell:1e-3 seed=9 task 23/50
[  1170.4s] SNA shell:1e-3 seed=9 task 24/50
[  1219.5s] SNA shell:1e-3 seed=9 task 25/50
[  1268.6s] SNA shell:1e-3 seed=9 task 26/50
[  1317.7s] SNA shell:1e-3 seed=9 task 27/50
[  1367.1s] SNA shell:1e-3 seed=9 task 28/50
[  1416.5s] SNA shell:1e-3 seed=9 task 29/50
[  1465.8s] SNA shell:1e-3 seed=9 task 30/50
[  1515.2s] SNA shell:1e-3 seed=9 task 31/50
[  1564.5s] SNA shell:1e-3 seed=9 task 32/50
[  1613.8s] SNA shell:1e-3 seed=9 task 33/50
[  1663.2s] SNA shell:1e-3 seed=9 task 34/50
[  1712.6s] SNA shell:1e-3 seed=9 task 35/50
[  1762.4s] SNA shell:1e-3 seed=9 task 36/50
[  1811.7s] SNA shell:1e-3 seed=9 task 37/50
[  1860.6s] SNA shell:1e-3 seed=9 task 38/50
[  1909.6s] SNA shell:1e-3 seed=9 task 39/50
[  1958.7s] SNA shell:1e-3 seed=9 task 40/50
[  2008.5s] SNA shell:1e-3 seed=9 task 41/50
[  2058.4s] SNA shell:1e-3 seed=9 task 42/50
[  2108.4s] SNA shell:1e-3 seed=9 task 43/50
[  2158.3s] SNA shell:1e-3 seed=9 task 44/50
[  2208.3s] SNA shell:1e-3 seed=9 task 45/50
[  2258.4s] SNA shell:1e-3 seed=9 task 46/50
[  2308.6s] SNA shell:1e-3 seed=9 task 47/50
[  2358.8s] SNA shell:1e-3 seed=9 task 48/50
[  2408.9s] SNA shell:1e-3 seed=9 task 49/50
[  2459.0s] SNA shell:1e-3 seed=9 task 50/50
[  2459.3s] done SNA shell:1e-3 seed=9 tasks=50 2459.0s
wrote results/shell_l2_rlmnist_0913/runs/SNA_shell_s9  (50 task rows, 306 layer rows, 2459.3s)
