[    33.8s] SNA l2:1e-3 seed=8 task 1/50
[    68.0s] SNA l2:1e-3 seed=8 task 2/50
[   110.6s] SNA l2:1e-3 seed=8 task 3/50
[   153.8s] SNA l2:1e-3 seed=8 task 4/50
[   197.2s] SNA l2:1e-3 seed=8 task 5/50
[   240.6s] SNA l2:1e-3 seed=8 task 6/50
[   283.8s] SNA l2:1e-3 seed=8 task 7/50
[   327.1s] SNA l2:1e-3 seed=8 task 8/50
[   370.4s] SNA l2:1e-3 seed=8 task 9/50
[   413.6s] SNA l2:1e-3 seed=8 task 10/50
[   456.7s] SNA l2:1e-3 seed=8 task 11/50
[   499.8s] SNA l2:1e-3 seed=8 task 12/50
[   543.3s] SNA l2:1e-3 seed=8 task 13/50
[   586.4s] SNA l2:1e-3 seed=8 task 14/50
[   629.5s] SNA l2:1e-3 seed=8 task 15/50
[   672.6s] SNA l2:1e-3 seed=8 task 16/50
[   715.7s] SNA l2:1e-3 seed=8 task 17/50
[   758.9s] SNA l2:1e-3 seed=8 task 18/50
[   802.1s] SNA l2:1e-3 seed=8 task 19/50
[   845.3s] SNA l2:1e-3 seed=8 task 20/50
[   888.4s] SNA l2:1e-3 seed=8 task 21/50
[   931.5s] SNA l2:1e-3 seed=8 task 22/50
[   974.6s] SNA l2:1e-3 seed=8 task 23/50
[  1017.8s] SNA l2:1e-3 seed=8 task 24/50
[  1061.1s] SNA l2:1e-3 seed=8 task 25/50
[  1104.4s] SNA l2:1e-3 seed=8 task 26/50
[  1147.7s] SNA l2:1e-3 seed=8 task 27/50
[  1191.4s] SNA l2:1e-3 seed=8 task 28/50
[  1235.2s] SNA l2:1e-3 seed=8 task 29/50
[  1278.9s] SNA l2:1e-3 seed=8 task 30/50
[  1322.7s] SNA l2:1e-3 seed=8 task 31/50
[  1366.3s] SNA l2:1e-3 seed=8 task 32/50
[  1410.1s] SNA l2:1e-3 seed=8 task 33/50
[  1453.7s] SNA l2:1e-3 seed=8 task 34/50
[  1497.6s] SNA l2:1e-3 seed=8 task 35/50
[  1541.2s] SNA l2:1e-3 seed=8 task 36/50
[  1584.9s] SNA l2:1e-3 seed=8 task 37/50
[  1628.7s] SNA l2:1e-3 seed=8 task 38/50
[  1672.4s] SNA l2:1e-3 seed=8 task 39/50
[  1716.2s] SNA l2:1e-3 seed=8 task 40/50
[  1759.9s] SNA l2:1e-3 seed=8 task 41/50
[  1803.5s] SNA l2:1e-3 seed=8 task 42/50
[  1847.5s] SNA l2:1e-3 seed=8 task 43/50
[  1891.3s] SNA l2:1e-3 seed=8 task 44/50
[  1935.0s] SNA l2:1e-3 seed=8 task 45/50
[  1978.7s] SNA l2:1e-3 seed=8 task 46/50
[  2022.5s] SNA l2:1e-3 seed=8 task 47/50
[  2066.2s] SNA l2:1e-3 seed=8 task 48/50
[  2109.9s] SNA l2:1e-3 seed=8 task 49/50
[  2153.9s] SNA l2:1e-3 seed=8 task 50/50
[  2154.2s] done SNA l2:1e-3 seed=8 tasks=50 2153.9s
wrote results/shell_l2_rlmnist_0913/runs/SNA_l2_s8  (50 task rows, 306 layer rows, 2154.2s)
