[    47.9s] SNA shell:1e-3 seed=1 task 1/50
[    95.6s] SNA shell:1e-3 seed=1 task 2/50
[   143.9s] SNA shell:1e-3 seed=1 task 3/50
[   192.7s] SNA shell:1e-3 seed=1 task 4/50
[   241.6s] SNA shell:1e-3 seed=1 task 5/50
[   290.5s] SNA shell:1e-3 seed=1 task 6/50
[   339.7s] SNA shell:1e-3 seed=1 task 7/50
[   388.9s] SNA shell:1e-3 seed=1 task 8/50
[   437.8s] SNA shell:1e-3 seed=1 task 9/50
[   486.9s] SNA shell:1e-3 seed=1 task 10/50
[   535.9s] SNA shell:1e-3 seed=1 task 11/50
[   584.8s] SNA shell:1e-3 seed=1 task 12/50
[   633.8s] SNA shell:1e-3 seed=1 task 13/50
[   682.8s] SNA shell:1e-3 seed=1 task 14/50
[   731.8s] SNA shell:1e-3 seed=1 task 15/50
[   780.9s] SNA shell:1e-3 seed=1 task 16/50
[   829.9s] SNA shell:1e-3 seed=1 task 17/50
[   879.3s] SNA shell:1e-3 seed=1 task 18/50
[   928.6s] SNA shell:1e-3 seed=1 task 19/50
[   977.9s] SNA shell:1e-3 seed=1 task 20/50
[  1027.1s] SNA shell:1e-3 seed=1 task 21/50
[  1076.4s] SNA shell:1e-3 seed=1 task 22/50
[  1125.7s] SNA shell:1e-3 seed=1 task 23/50
[  1174.9s] SNA shell:1e-3 seed=1 task 24/50
[  1224.2s] SNA shell:1e-3 seed=1 task 25/50
[  1273.6s] SNA shell:1e-3 seed=1 task 26/50
[  1323.1s] SNA shell:1e-3 seed=1 task 27/50
[  1372.5s] SNA shell:1e-3 seed=1 task 28/50
[  1422.0s] SNA shell:1e-3 seed=1 task 29/50
[  1471.5s] SNA shell:1e-3 seed=1 task 30/50
[  1520.7s] SNA shell:1e-3 seed=1 task 31/50
[  1569.9s] SNA shell:1e-3 seed=1 task 32/50
[  1619.2s] SNA shell:1e-3 seed=1 task 33/50
[  1668.4s] SNA shell:1e-3 seed=1 task 34/50
[  1717.7s] SNA shell:1e-3 seed=1 task 35/50
[  1766.9s] SNA shell:1e-3 seed=1 task 36/50
[  1816.1s] SNA shell:1e-3 seed=1 task 37/50
[  1865.3s] SNA shell:1e-3 seed=1 task 38/50
[  1914.6s] SNA shell:1e-3 seed=1 task 39/50
[  1964.1s] SNA shell:1e-3 seed=1 task 40/50
[  2013.5s] SNA shell:1e-3 seed=1 task 41/50
[  2062.8s] SNA shell:1e-3 seed=1 task 42/50
[  2112.3s] SNA shell:1e-3 seed=1 task 43/50
[  2161.9s] SNA shell:1e-3 seed=1 task 44/50
[  2211.5s] SNA shell:1e-3 seed=1 task 45/50
[  2261.1s] SNA shell:1e-3 seed=1 task 46/50
[  2310.7s] SNA shell:1e-3 seed=1 task 47/50
[  2360.3s] SNA shell:1e-3 seed=1 task 48/50
[  2409.8s] SNA shell:1e-3 seed=1 task 49/50
[  2459.4s] SNA shell:1e-3 seed=1 task 50/50
[  2459.7s] done SNA shell:1e-3 seed=1 tasks=50 2459.4s
wrote results/shell_l2_rlmnist_0913/runs/SNA_shell_s1  (50 task rows, 306 layer rows, 2459.8s)
