[    33.4s] SNA l2:1e-3 seed=4 task 1/50
[    67.2s] SNA l2:1e-3 seed=4 task 2/50
[   109.1s] SNA l2:1e-3 seed=4 task 3/50
[   151.5s] SNA l2:1e-3 seed=4 task 4/50
[   194.0s] SNA l2:1e-3 seed=4 task 5/50
[   236.4s] SNA l2:1e-3 seed=4 task 6/50
[   278.9s] SNA l2:1e-3 seed=4 task 7/50
[   321.4s] SNA l2:1e-3 seed=4 task 8/50
[   363.9s] SNA l2:1e-3 seed=4 task 9/50
[   406.3s] SNA l2:1e-3 seed=4 task 10/50
[   448.8s] SNA l2:1e-3 seed=4 task 11/50
[   491.1s] SNA l2:1e-3 seed=4 task 12/50
[   533.5s] SNA l2:1e-3 seed=4 task 13/50
[   575.9s] SNA l2:1e-3 seed=4 task 14/50
[   618.3s] SNA l2:1e-3 seed=4 task 15/50
[   660.6s] SNA l2:1e-3 seed=4 task 16/50
[   703.1s] SNA l2:1e-3 seed=4 task 17/50
[   745.6s] SNA l2:1e-3 seed=4 task 18/50
[   788.1s] SNA l2:1e-3 seed=4 task 19/50
[   830.5s] SNA l2:1e-3 seed=4 task 20/50
[   873.0s] SNA l2:1e-3 seed=4 task 21/50
[   915.4s] SNA l2:1e-3 seed=4 task 22/50
[   957.8s] SNA l2:1e-3 seed=4 task 23/50
[  1000.3s] SNA l2:1e-3 seed=4 task 24/50
[  1042.6s] SNA l2:1e-3 seed=4 task 25/50
[  1085.1s] SNA l2:1e-3 seed=4 task 26/50
[  1127.5s] SNA l2:1e-3 seed=4 task 27/50
[  1170.0s] SNA l2:1e-3 seed=4 task 28/50
[  1212.5s] SNA l2:1e-3 seed=4 task 29/50
[  1254.8s] SNA l2:1e-3 seed=4 task 30/50
[  1297.3s] SNA l2:1e-3 seed=4 task 31/50
[  1339.7s] SNA l2:1e-3 seed=4 task 32/50
[  1382.1s] SNA l2:1e-3 seed=4 task 33/50
[  1424.5s] SNA l2:1e-3 seed=4 task 34/50
[  1466.9s] SNA l2:1e-3 seed=4 task 35/50
[  1509.4s] SNA l2:1e-3 seed=4 task 36/50
[  1552.0s] SNA l2:1e-3 seed=4 task 37/50
[  1594.4s] SNA l2:1e-3 seed=4 task 38/50
[  1636.9s] SNA l2:1e-3 seed=4 task 39/50
[  1679.5s] SNA l2:1e-3 seed=4 task 40/50
[  1722.2s] SNA l2:1e-3 seed=4 task 41/50
[  1764.7s] SNA l2:1e-3 seed=4 task 42/50
[  1807.3s] SNA l2:1e-3 seed=4 task 43/50
[  1850.0s] SNA l2:1e-3 seed=4 task 44/50
[  1892.8s] SNA l2:1e-3 seed=4 task 45/50
[  1935.6s] SNA l2:1e-3 seed=4 task 46/50
[  1978.2s] SNA l2:1e-3 seed=4 task 47/50
[  2020.6s] SNA l2:1e-3 seed=4 task 48/50
[  2063.3s] SNA l2:1e-3 seed=4 task 49/50
[  2106.1s] SNA l2:1e-3 seed=4 task 50/50
[  2106.4s] done SNA l2:1e-3 seed=4 tasks=50 2106.1s
wrote results/shell_l2_rlmnist_0913/runs/SNA_l2_s4  (50 task rows, 306 layer rows, 2106.4s)
