[    34.4s] SNA l2init:1e-3 seed=1 task 1/50
[    68.9s] SNA l2init:1e-3 seed=1 task 2/50
[   103.1s] SNA l2init:1e-3 seed=1 task 3/50
[   137.6s] SNA l2init:1e-3 seed=1 task 4/50
[   171.7s] SNA l2init:1e-3 seed=1 task 5/50
[   205.8s] SNA l2init:1e-3 seed=1 task 6/50
[   239.9s] SNA l2init:1e-3 seed=1 task 7/50
[   274.0s] SNA l2init:1e-3 seed=1 task 8/50
[   308.0s] SNA l2init:1e-3 seed=1 task 9/50
[   342.1s] SNA l2init:1e-3 seed=1 task 10/50
[   376.2s] SNA l2init:1e-3 seed=1 task 11/50
[   410.2s] SNA l2init:1e-3 seed=1 task 12/50
[   444.2s] SNA l2init:1e-3 seed=1 task 13/50
[   478.3s] SNA l2init:1e-3 seed=1 task 14/50
[   512.3s] SNA l2init:1e-3 seed=1 task 15/50
[   546.3s] SNA l2init:1e-3 seed=1 task 16/50
[   580.3s] SNA l2init:1e-3 seed=1 task 17/50
[   614.4s] SNA l2init:1e-3 seed=1 task 18/50
[   648.4s] SNA l2init:1e-3 seed=1 task 19/50
[   682.4s] SNA l2init:1e-3 seed=1 task 20/50
[   716.4s] SNA l2init:1e-3 seed=1 task 21/50
[   750.5s] SNA l2init:1e-3 seed=1 task 22/50
[   784.5s] SNA l2init:1e-3 seed=1 task 23/50
[   818.6s] SNA l2init:1e-3 seed=1 task 24/50
[   852.8s] SNA l2init:1e-3 seed=1 task 25/50
[   887.0s] SNA l2init:1e-3 seed=1 task 26/50
[   921.3s] SNA l2init:1e-3 seed=1 task 27/50
[   955.5s] SNA l2init:1e-3 seed=1 task 28/50
[   989.7s] SNA l2init:1e-3 seed=1 task 29/50
[  1023.7s] SNA l2init:1e-3 seed=1 task 30/50
[  1057.7s] SNA l2init:1e-3 seed=1 task 31/50
[  1091.8s] SNA l2init:1e-3 seed=1 task 32/50
[  1125.8s] SNA l2init:1e-3 seed=1 task 33/50
[  1159.9s] SNA l2init:1e-3 seed=1 task 34/50
[  1194.0s] SNA l2init:1e-3 seed=1 task 35/50
[  1228.1s] SNA l2init:1e-3 seed=1 task 36/50
[  1262.1s] SNA l2init:1e-3 seed=1 task 37/50
[  1296.3s] SNA l2init:1e-3 seed=1 task 38/50
[  1330.4s] SNA l2init:1e-3 seed=1 task 39/50
[  1364.5s] SNA l2init:1e-3 seed=1 task 40/50
[  1398.6s] SNA l2init:1e-3 seed=1 task 41/50
[  1432.7s] SNA l2init:1e-3 seed=1 task 42/50
[  1466.7s] SNA l2init:1e-3 seed=1 task 43/50
[  1500.8s] SNA l2init:1e-3 seed=1 task 44/50
[  1534.9s] SNA l2init:1e-3 seed=1 task 45/50
[  1569.1s] SNA l2init:1e-3 seed=1 task 46/50
[  1603.2s] SNA l2init:1e-3 seed=1 task 47/50
[  1637.3s] SNA l2init:1e-3 seed=1 task 48/50
[  1671.5s] SNA l2init:1e-3 seed=1 task 49/50
[  1705.6s] SNA l2init:1e-3 seed=1 task 50/50
[  1705.9s] done SNA l2init:1e-3 seed=1 tasks=50 1705.6s
wrote results/shell_l2_rlmnist_0913/runs/SNA_l2init_s1  (50 task rows, 306 layer rows, 1705.9s)
