[    34.4s] SNA l2init:1e-3 seed=5 task 1/50
[    68.7s] SNA l2init:1e-3 seed=5 task 2/50
[   103.0s] SNA l2init:1e-3 seed=5 task 3/50
[   137.4s] SNA l2init:1e-3 seed=5 task 4/50
[   171.7s] SNA l2init:1e-3 seed=5 task 5/50
[   206.1s] SNA l2init:1e-3 seed=5 task 6/50
[   240.4s] SNA l2init:1e-3 seed=5 task 7/50
[   274.8s] SNA l2init:1e-3 seed=5 task 8/50
[   309.1s] SNA l2init:1e-3 seed=5 task 9/50
[   343.3s] SNA l2init:1e-3 seed=5 task 10/50
[   377.6s] SNA l2init:1e-3 seed=5 task 11/50
[   411.8s] SNA l2init:1e-3 seed=5 task 12/50
[   446.1s] SNA l2init:1e-3 seed=5 task 13/50
[   480.4s] SNA l2init:1e-3 seed=5 task 14/50
[   514.9s] SNA l2init:1e-3 seed=5 task 15/50
[   549.3s] SNA l2init:1e-3 seed=5 task 16/50
[   583.6s] SNA l2init:1e-3 seed=5 task 17/50
[   617.9s] SNA l2init:1e-3 seed=5 task 18/50
[   652.3s] SNA l2init:1e-3 seed=5 task 19/50
[   686.7s] SNA l2init:1e-3 seed=5 task 20/50
[   721.0s] SNA l2init:1e-3 seed=5 task 21/50
[   755.3s] SNA l2init:1e-3 seed=5 task 22/50
[   789.7s] SNA l2init:1e-3 seed=5 task 23/50
[   824.1s] SNA l2init:1e-3 seed=5 task 24/50
[   858.7s] SNA l2init:1e-3 seed=5 task 25/50
[   893.1s] SNA l2init:1e-3 seed=5 task 26/50
[   927.5s] SNA l2init:1e-3 seed=5 task 27/50
[   961.9s] SNA l2init:1e-3 seed=5 task 28/50
[   996.2s] SNA l2init:1e-3 seed=5 task 29/50
[  1030.5s] SNA l2init:1e-3 seed=5 task 30/50
[  1064.8s] SNA l2init:1e-3 seed=5 task 31/50
[  1099.3s] SNA l2init:1e-3 seed=5 task 32/50
[  1133.9s] SNA l2init:1e-3 seed=5 task 33/50
[  1168.4s] SNA l2init:1e-3 seed=5 task 34/50
[  1203.1s] SNA l2init:1e-3 seed=5 task 35/50
[  1237.7s] SNA l2init:1e-3 seed=5 task 36/50
[  1272.3s] SNA l2init:1e-3 seed=5 task 37/50
[  1307.0s] SNA l2init:1e-3 seed=5 task 38/50
[  1341.6s] SNA l2init:1e-3 seed=5 task 39/50
[  1376.0s] SNA l2init:1e-3 seed=5 task 40/50
[  1410.7s] SNA l2init:1e-3 seed=5 task 41/50
[  1445.6s] SNA l2init:1e-3 seed=5 task 42/50
[  1480.4s] SNA l2init:1e-3 seed=5 task 43/50
[  1515.1s] SNA l2init:1e-3 seed=5 task 44/50
[  1549.6s] SNA l2init:1e-3 seed=5 task 45/50
[  1584.2s] SNA l2init:1e-3 seed=5 task 46/50
[  1618.7s] SNA l2init:1e-3 seed=5 task 47/50
[  1653.2s] SNA l2init:1e-3 seed=5 task 48/50
[  1687.7s] SNA l2init:1e-3 seed=5 task 49/50
[  1722.2s] SNA l2init:1e-3 seed=5 task 50/50
[  1722.5s] done SNA l2init:1e-3 seed=5 tasks=50 1722.2s
wrote results/shell_l2_rlmnist_0913/runs/SNA_l2init_s5  (50 task rows, 306 layer rows, 1722.5s)
