[    34.6s] SNA l2init:1e-3 seed=6 task 1/50
[    69.1s] SNA l2init:1e-3 seed=6 task 2/50
[   103.6s] SNA l2init:1e-3 seed=6 task 3/50
[   138.2s] SNA l2init:1e-3 seed=6 task 4/50
[   172.7s] SNA l2init:1e-3 seed=6 task 5/50
[   207.2s] SNA l2init:1e-3 seed=6 task 6/50
[   241.6s] SNA l2init:1e-3 seed=6 task 7/50
[   275.9s] SNA l2init:1e-3 seed=6 task 8/50
[   310.2s] SNA l2init:1e-3 seed=6 task 9/50
[   344.8s] SNA l2init:1e-3 seed=6 task 10/50
[   379.4s] SNA l2init:1e-3 seed=6 task 11/50
[   413.8s] SNA l2init:1e-3 seed=6 task 12/50
[   448.2s] SNA l2init:1e-3 seed=6 task 13/50
[   482.6s] SNA l2init:1e-3 seed=6 task 14/50
[   517.0s] SNA l2init:1e-3 seed=6 task 15/50
[   551.3s] SNA l2init:1e-3 seed=6 task 16/50
[   585.7s] SNA l2init:1e-3 seed=6 task 17/50
[   620.3s] SNA l2init:1e-3 seed=6 task 18/50
[   654.8s] SNA l2init:1e-3 seed=6 task 19/50
[   689.3s] SNA l2init:1e-3 seed=6 task 20/50
[   723.8s] SNA l2init:1e-3 seed=6 task 21/50
[   758.3s] SNA l2init:1e-3 seed=6 task 22/50
[   792.9s] SNA l2init:1e-3 seed=6 task 23/50
[   827.4s] SNA l2init:1e-3 seed=6 task 24/50
[   861.8s] SNA l2init:1e-3 seed=6 task 25/50
[   896.3s] SNA l2init:1e-3 seed=6 task 26/50
[   930.7s] SNA l2init:1e-3 seed=6 task 27/50
[   965.2s] SNA l2init:1e-3 seed=6 task 28/50
[   999.6s] SNA l2init:1e-3 seed=6 task 29/50
[  1034.0s] SNA l2init:1e-3 seed=6 task 30/50
[  1068.4s] SNA l2init:1e-3 seed=6 task 31/50
[  1102.8s] SNA l2init:1e-3 seed=6 task 32/50
[  1137.2s] SNA l2init:1e-3 seed=6 task 33/50
[  1171.7s] SNA l2init:1e-3 seed=6 task 34/50
[  1206.1s] SNA l2init:1e-3 seed=6 task 35/50
[  1240.6s] SNA l2init:1e-3 seed=6 task 36/50
[  1275.1s] SNA l2init:1e-3 seed=6 task 37/50
[  1309.7s] SNA l2init:1e-3 seed=6 task 38/50
[  1344.2s] SNA l2init:1e-3 seed=6 task 39/50
[  1378.7s] SNA l2init:1e-3 seed=6 task 40/50
[  1413.2s] SNA l2init:1e-3 seed=6 task 41/50
[  1447.6s] SNA l2init:1e-3 seed=6 task 42/50
[  1482.1s] SNA l2init:1e-3 seed=6 task 43/50
[  1516.6s] SNA l2init:1e-3 seed=6 task 44/50
[  1551.0s] SNA l2init:1e-3 seed=6 task 45/50
[  1585.6s] SNA l2init:1e-3 seed=6 task 46/50
[  1620.1s] SNA l2init:1e-3 seed=6 task 47/50
[  1654.7s] SNA l2init:1e-3 seed=6 task 48/50
[  1689.2s] SNA l2init:1e-3 seed=6 task 49/50
[  1723.7s] SNA l2init:1e-3 seed=6 task 50/50
[  1724.0s] done SNA l2init:1e-3 seed=6 tasks=50 1723.7s
wrote results/shell_l2_rlmnist_0913/runs/SNA_l2init_s6  (50 task rows, 306 layer rows, 1724.0s)
