[    47.2s] SNA shell:1e-3 seed=5 task 1/50
[    94.4s] SNA shell:1e-3 seed=5 task 2/50
[   142.4s] SNA shell:1e-3 seed=5 task 3/50
[   190.9s] SNA shell:1e-3 seed=5 task 4/50
[   239.3s] SNA shell:1e-3 seed=5 task 5/50
[   288.0s] SNA shell:1e-3 seed=5 task 6/50
[   336.7s] SNA shell:1e-3 seed=5 task 7/50
[   385.4s] SNA shell:1e-3 seed=5 task 8/50
[   434.3s] SNA shell:1e-3 seed=5 task 9/50
[   483.3s] SNA shell:1e-3 seed=5 task 10/50
[   532.3s] SNA shell:1e-3 seed=5 task 11/50
[   581.1s] SNA shell:1e-3 seed=5 task 12/50
[   630.1s] SNA shell:1e-3 seed=5 task 13/50
[   678.9s] SNA shell:1e-3 seed=5 task 14/50
[   727.9s] SNA shell:1e-3 seed=5 task 15/50
[   777.0s] SNA shell:1e-3 seed=5 task 16/50
[   826.1s] SNA shell:1e-3 seed=5 task 17/50
[   875.4s] SNA shell:1e-3 seed=5 task 18/50
[   924.8s] SNA shell:1e-3 seed=5 task 19/50
[   974.1s] SNA shell:1e-3 seed=5 task 20/50
[  1023.2s] SNA shell:1e-3 seed=5 task 21/50
[  1072.5s] SNA shell:1e-3 seed=5 task 22/50
[  1122.2s] SNA shell:1e-3 seed=5 task 23/50
[  1171.5s] SNA shell:1e-3 seed=5 task 24/50
[  1220.7s] SNA shell:1e-3 seed=5 task 25/50
[  1269.9s] SNA shell:1e-3 seed=5 task 26/50
[  1319.0s] SNA shell:1e-3 seed=5 task 27/50
[  1368.2s] SNA shell:1e-3 seed=5 task 28/50
[  1417.5s] SNA shell:1e-3 seed=5 task 29/50
[  1466.8s] SNA shell:1e-3 seed=5 task 30/50
[  1516.3s] SNA shell:1e-3 seed=5 task 31/50
[  1565.9s] SNA shell:1e-3 seed=5 task 32/50
[  1615.4s] SNA shell:1e-3 seed=5 task 33/50
[  1664.9s] SNA shell:1e-3 seed=5 task 34/50
[  1714.4s] SNA shell:1e-3 seed=5 task 35/50
[  1763.9s] SNA shell:1e-3 seed=5 task 36/50
[  1813.4s] SNA shell:1e-3 seed=5 task 37/50
[  1862.9s] SNA shell:1e-3 seed=5 task 38/50
[  1912.5s] SNA shell:1e-3 seed=5 task 39/50
[  1962.1s] SNA shell:1e-3 seed=5 task 40/50
[  2011.6s] SNA shell:1e-3 seed=5 task 41/50
[  2061.1s] SNA shell:1e-3 seed=5 task 42/50
[  2110.6s] SNA shell:1e-3 seed=5 task 43/50
[  2160.1s] SNA shell:1e-3 seed=5 task 44/50
[  2209.7s] SNA shell:1e-3 seed=5 task 45/50
[  2259.1s] SNA shell:1e-3 seed=5 task 46/50
[  2308.5s] SNA shell:1e-3 seed=5 task 47/50
[  2358.0s] SNA shell:1e-3 seed=5 task 48/50
[  2407.5s] SNA shell:1e-3 seed=5 task 49/50
[  2457.0s] SNA shell:1e-3 seed=5 task 50/50
[  2457.3s] done SNA shell:1e-3 seed=5 tasks=50 2457.0s
wrote results/shell_l2_rlmnist_0913/runs/SNA_shell_s5  (50 task rows, 306 layer rows, 2457.3s)
