[    34.6s] SNA l2init:1e-3 seed=4 task 1/50
[    69.3s] SNA l2init:1e-3 seed=4 task 2/50
[   104.2s] SNA l2init:1e-3 seed=4 task 3/50
[   139.0s] SNA l2init:1e-3 seed=4 task 4/50
[   173.8s] SNA l2init:1e-3 seed=4 task 5/50
[   208.7s] SNA l2init:1e-3 seed=4 task 6/50
[   243.5s] SNA l2init:1e-3 seed=4 task 7/50
[   278.3s] SNA l2init:1e-3 seed=4 task 8/50
[   313.2s] SNA l2init:1e-3 seed=4 task 9/50
[   347.9s] SNA l2init:1e-3 seed=4 task 10/50
[   382.6s] SNA l2init:1e-3 seed=4 task 11/50
[   417.5s] SNA l2init:1e-3 seed=4 task 12/50
[   452.3s] SNA l2init:1e-3 seed=4 task 13/50
[   487.2s] SNA l2init:1e-3 seed=4 task 14/50
[   522.0s] SNA l2init:1e-3 seed=4 task 15/50
[   556.9s] SNA l2init:1e-3 seed=4 task 16/50
[   591.5s] SNA l2init:1e-3 seed=4 task 17/50
[   626.3s] SNA l2init:1e-3 seed=4 task 18/50
[   661.2s] SNA l2init:1e-3 seed=4 task 19/50
[   695.9s] SNA l2init:1e-3 seed=4 task 20/50
[   730.7s] SNA l2init:1e-3 seed=4 task 21/50
[   765.5s] SNA l2init:1e-3 seed=4 task 22/50
[   800.2s] SNA l2init:1e-3 seed=4 task 23/50
[   835.2s] SNA l2init:1e-3 seed=4 task 24/50
[   869.8s] SNA l2init:1e-3 seed=4 task 25/50
[   904.6s] SNA l2init:1e-3 seed=4 task 26/50
[   939.3s] SNA l2init:1e-3 seed=4 task 27/50
[   974.0s] SNA l2init:1e-3 seed=4 task 28/50
[  1008.7s] SNA l2init:1e-3 seed=4 task 29/50
[  1043.5s] SNA l2init:1e-3 seed=4 task 30/50
[  1078.3s] SNA l2init:1e-3 seed=4 task 31/50
[  1113.0s] SNA l2init:1e-3 seed=4 task 32/50
[  1147.9s] SNA l2init:1e-3 seed=4 task 33/50
[  1182.8s] SNA l2init:1e-3 seed=4 task 34/50
[  1217.6s] SNA l2init:1e-3 seed=4 task 35/50
[  1252.3s] SNA l2init:1e-3 seed=4 task 36/50
[  1286.9s] SNA l2init:1e-3 seed=4 task 37/50
[  1321.6s] SNA l2init:1e-3 seed=4 task 38/50
[  1356.1s] SNA l2init:1e-3 seed=4 task 39/50
[  1390.7s] SNA l2init:1e-3 seed=4 task 40/50
[  1425.4s] SNA l2init:1e-3 seed=4 task 41/50
[  1459.9s] SNA l2init:1e-3 seed=4 task 42/50
[  1494.6s] SNA l2init:1e-3 seed=4 task 43/50
[  1529.4s] SNA l2init:1e-3 seed=4 task 44/50
[  1564.1s] SNA l2init:1e-3 seed=4 task 45/50
[  1598.9s] SNA l2init:1e-3 seed=4 task 46/50
[  1633.6s] SNA l2init:1e-3 seed=4 task 47/50
[  1668.5s] SNA l2init:1e-3 seed=4 task 48/50
[  1703.2s] SNA l2init:1e-3 seed=4 task 49/50
[  1738.1s] SNA l2init:1e-3 seed=4 task 50/50
[  1738.4s] done SNA l2init:1e-3 seed=4 tasks=50 1738.1s
wrote results/shell_l2_rlmnist_0913/runs/SNA_l2init_s4  (50 task rows, 306 layer rows, 1738.4s)
