[    33.7s] SNA l2:1e-3 seed=0 task 1/50
[    67.5s] SNA l2:1e-3 seed=0 task 2/50
[   110.0s] SNA l2:1e-3 seed=0 task 3/50
[   153.2s] SNA l2:1e-3 seed=0 task 4/50
[   196.5s] SNA l2:1e-3 seed=0 task 5/50
[   239.9s] SNA l2:1e-3 seed=0 task 6/50
[   283.2s] SNA l2:1e-3 seed=0 task 7/50
[   326.5s] SNA l2:1e-3 seed=0 task 8/50
[   370.0s] SNA l2:1e-3 seed=0 task 9/50
[   413.5s] SNA l2:1e-3 seed=0 task 10/50
[   457.0s] SNA l2:1e-3 seed=0 task 11/50
[   500.5s] SNA l2:1e-3 seed=0 task 12/50
[   543.8s] SNA l2:1e-3 seed=0 task 13/50
[   587.2s] SNA l2:1e-3 seed=0 task 14/50
[   630.7s] SNA l2:1e-3 seed=0 task 15/50
[   674.1s] SNA l2:1e-3 seed=0 task 16/50
[   717.5s] SNA l2:1e-3 seed=0 task 17/50
[   760.9s] SNA l2:1e-3 seed=0 task 18/50
[   804.2s] SNA l2:1e-3 seed=0 task 19/50
[   847.6s] SNA l2:1e-3 seed=0 task 20/50
[   891.1s] SNA l2:1e-3 seed=0 task 21/50
[   934.5s] SNA l2:1e-3 seed=0 task 22/50
[   977.8s] SNA l2:1e-3 seed=0 task 23/50
[  1021.2s] SNA l2:1e-3 seed=0 task 24/50
[  1064.5s] SNA l2:1e-3 seed=0 task 25/50
[  1107.8s] SNA l2:1e-3 seed=0 task 26/50
[  1151.1s] SNA l2:1e-3 seed=0 task 27/50
[  1194.6s] SNA l2:1e-3 seed=0 task 28/50
[  1237.9s] SNA l2:1e-3 seed=0 task 29/50
[  1281.3s] SNA l2:1e-3 seed=0 task 30/50
[  1324.7s] SNA l2:1e-3 seed=0 task 31/50
[  1368.3s] SNA l2:1e-3 seed=0 task 32/50
[  1411.7s] SNA l2:1e-3 seed=0 task 33/50
[  1455.0s] SNA l2:1e-3 seed=0 task 34/50
[  1498.4s] SNA l2:1e-3 seed=0 task 35/50
[  1541.7s] SNA l2:1e-3 seed=0 task 36/50
[  1585.0s] SNA l2:1e-3 seed=0 task 37/50
[  1628.3s] SNA l2:1e-3 seed=0 task 38/50
[  1671.5s] SNA l2:1e-3 seed=0 task 39/50
[  1714.8s] SNA l2:1e-3 seed=0 task 40/50
[  1758.2s] SNA l2:1e-3 seed=0 task 41/50
[  1801.5s] SNA l2:1e-3 seed=0 task 42/50
[  1844.7s] SNA l2:1e-3 seed=0 task 43/50
[  1888.0s] SNA l2:1e-3 seed=0 task 44/50
[  1931.3s] SNA l2:1e-3 seed=0 task 45/50
[  1974.5s] SNA l2:1e-3 seed=0 task 46/50
[  2017.8s] SNA l2:1e-3 seed=0 task 47/50
[  2061.2s] SNA l2:1e-3 seed=0 task 48/50
[  2104.4s] SNA l2:1e-3 seed=0 task 49/50
[  2147.8s] SNA l2:1e-3 seed=0 task 50/50
[  2148.2s] done SNA l2:1e-3 seed=0 tasks=50 2147.8s
wrote results/shell_l2_rlmnist_0913/runs/SNA_l2_s0  (50 task rows, 306 layer rows, 2148.2s)
