[    31.8s] SNA none seed=0 task 1/50
[    63.4s] SNA none seed=0 task 2/50
[    94.7s] SNA none seed=0 task 3/50
[   126.2s] SNA none seed=0 task 4/50
[   157.8s] SNA none seed=0 task 5/50
[   189.2s] SNA none seed=0 task 6/50
[   220.7s] SNA none seed=0 task 7/50
[   252.2s] SNA none seed=0 task 8/50
[   283.6s] SNA none seed=0 task 9/50
[   315.1s] SNA none seed=0 task 10/50
[   346.7s] SNA none seed=0 task 11/50
[   378.4s] SNA none seed=0 task 12/50
[   409.9s] SNA none seed=0 task 13/50
[   441.4s] SNA none seed=0 task 14/50
[   473.0s] SNA none seed=0 task 15/50
[   504.5s] SNA none seed=0 task 16/50
[   536.1s] SNA none seed=0 task 17/50
[   567.6s] SNA none seed=0 task 18/50
[   599.1s] SNA none seed=0 task 19/50
[   630.6s] SNA none seed=0 task 20/50
[   662.1s] SNA none seed=0 task 21/50
[   693.6s] SNA none seed=0 task 22/50
[   725.3s] SNA none seed=0 task 23/50
[   756.8s] SNA none seed=0 task 24/50
[   788.4s] SNA none seed=0 task 25/50
[   819.9s] SNA none seed=0 task 26/50
[   851.4s] SNA none seed=0 task 27/50
[   883.0s] SNA none seed=0 task 28/50
[   914.6s] SNA none seed=0 task 29/50
[   946.1s] SNA none seed=0 task 30/50
[   977.6s] SNA none seed=0 task 31/50
[  1009.1s] SNA none seed=0 task 32/50
[  1040.6s] SNA none seed=0 task 33/50
[  1072.2s] SNA none seed=0 task 34/50
[  1103.7s] SNA none seed=0 task 35/50
[  1135.1s] SNA none seed=0 task 36/50
[  1166.6s] SNA none seed=0 task 37/50
[  1198.1s] SNA none seed=0 task 38/50
[  1229.6s] SNA none seed=0 task 39/50
[  1261.1s] SNA none seed=0 task 40/50
[  1292.6s] SNA none seed=0 task 41/50
[  1324.2s] SNA none seed=0 task 42/50
[  1355.7s] SNA none seed=0 task 43/50
[  1387.2s] SNA none seed=0 task 44/50
[  1418.7s] SNA none seed=0 task 45/50
[  1450.2s] SNA none seed=0 task 46/50
[  1481.8s] SNA none seed=0 task 47/50
[  1513.3s] SNA none seed=0 task 48/50
[  1544.8s] SNA none seed=0 task 49/50
[  1576.3s] SNA none seed=0 task 50/50
[  1576.6s] done SNA none seed=0 tasks=50 1576.3s
wrote results/shell_l2_rlmnist_0913/runs/SNA_none_s0  (50 task rows, 306 layer rows, 1576.6s)
