[    34.6s] SNA l2init:1e-3 seed=0 task 1/50
[    68.9s] SNA l2init:1e-3 seed=0 task 2/50
[   103.2s] SNA l2init:1e-3 seed=0 task 3/50
[   137.5s] SNA l2init:1e-3 seed=0 task 4/50
[   171.8s] SNA l2init:1e-3 seed=0 task 5/50
[   206.1s] SNA l2init:1e-3 seed=0 task 6/50
[   240.4s] SNA l2init:1e-3 seed=0 task 7/50
[   274.6s] SNA l2init:1e-3 seed=0 task 8/50
[   308.8s] SNA l2init:1e-3 seed=0 task 9/50
[   343.0s] SNA l2init:1e-3 seed=0 task 10/50
[   377.3s] SNA l2init:1e-3 seed=0 task 11/50
[   411.5s] SNA l2init:1e-3 seed=0 task 12/50
[   445.8s] SNA l2init:1e-3 seed=0 task 13/50
[   480.0s] SNA l2init:1e-3 seed=0 task 14/50
[   514.2s] SNA l2init:1e-3 seed=0 task 15/50
[   548.5s] SNA l2init:1e-3 seed=0 task 16/50
[   582.7s] SNA l2init:1e-3 seed=0 task 17/50
[   616.9s] SNA l2init:1e-3 seed=0 task 18/50
[   651.1s] SNA l2init:1e-3 seed=0 task 19/50
[   685.3s] SNA l2init:1e-3 seed=0 task 20/50
[   719.5s] SNA l2init:1e-3 seed=0 task 21/50
[   753.7s] SNA l2init:1e-3 seed=0 task 22/50
[   787.9s] SNA l2init:1e-3 seed=0 task 23/50
[   822.1s] SNA l2init:1e-3 seed=0 task 24/50
[   856.4s] SNA l2init:1e-3 seed=0 task 25/50
[   890.6s] SNA l2init:1e-3 seed=0 task 26/50
[   925.0s] SNA l2init:1e-3 seed=0 task 27/50
[   959.4s] SNA l2init:1e-3 seed=0 task 28/50
[   993.6s] SNA l2init:1e-3 seed=0 task 29/50
[  1027.9s] SNA l2init:1e-3 seed=0 task 30/50
[  1062.1s] SNA l2init:1e-3 seed=0 task 31/50
[  1096.4s] SNA l2init:1e-3 seed=0 task 32/50
[  1130.6s] SNA l2init:1e-3 seed=0 task 33/50
[  1164.8s] SNA l2init:1e-3 seed=0 task 34/50
[  1199.1s] SNA l2init:1e-3 seed=0 task 35/50
[  1233.3s] SNA l2init:1e-3 seed=0 task 36/50
[  1267.6s] SNA l2init:1e-3 seed=0 task 37/50
[  1301.8s] SNA l2init:1e-3 seed=0 task 38/50
[  1336.1s] SNA l2init:1e-3 seed=0 task 39/50
[  1370.4s] SNA l2init:1e-3 seed=0 task 40/50
[  1404.7s] SNA l2init:1e-3 seed=0 task 41/50
[  1438.9s] SNA l2init:1e-3 seed=0 task 42/50
[  1473.2s] SNA l2init:1e-3 seed=0 task 43/50
[  1507.4s] SNA l2init:1e-3 seed=0 task 44/50
[  1541.6s] SNA l2init:1e-3 seed=0 task 45/50
[  1575.9s] SNA l2init:1e-3 seed=0 task 46/50
[  1610.2s] SNA l2init:1e-3 seed=0 task 47/50
[  1644.3s] SNA l2init:1e-3 seed=0 task 48/50
[  1678.6s] SNA l2init:1e-3 seed=0 task 49/50
[  1712.9s] SNA l2init:1e-3 seed=0 task 50/50
[  1713.2s] done SNA l2init:1e-3 seed=0 tasks=50 1712.9s
wrote results/shell_l2_rlmnist_0913/runs/SNA_l2init_s0  (50 task rows, 306 layer rows, 1713.2s)
