[    31.8s] SNA none seed=7 task 1/50
[    63.6s] SNA none seed=7 task 2/50
[    95.5s] SNA none seed=7 task 3/50
[   127.3s] SNA none seed=7 task 4/50
[   159.1s] SNA none seed=7 task 5/50
[   190.9s] SNA none seed=7 task 6/50
[   222.8s] SNA none seed=7 task 7/50
[   254.4s] SNA none seed=7 task 8/50
[   285.9s] SNA none seed=7 task 9/50
[   317.3s] SNA none seed=7 task 10/50
[   348.9s] SNA none seed=7 task 11/50
[   380.3s] SNA none seed=7 task 12/50
[   411.9s] SNA none seed=7 task 13/50
[   443.5s] SNA none seed=7 task 14/50
[   475.2s] SNA none seed=7 task 15/50
[   506.8s] SNA none seed=7 task 16/50
[   538.4s] SNA none seed=7 task 17/50
[   570.0s] SNA none seed=7 task 18/50
[   601.6s] SNA none seed=7 task 19/50
[   633.2s] SNA none seed=7 task 20/50
[   664.8s] SNA none seed=7 task 21/50
[   696.3s] SNA none seed=7 task 22/50
[   727.9s] SNA none seed=7 task 23/50
[   759.5s] SNA none seed=7 task 24/50
[   791.1s] SNA none seed=7 task 25/50
[   822.7s] SNA none seed=7 task 26/50
[   854.4s] SNA none seed=7 task 27/50
[   886.0s] SNA none seed=7 task 28/50
[   917.7s] SNA none seed=7 task 29/50
[   949.3s] SNA none seed=7 task 30/50
[   980.9s] SNA none seed=7 task 31/50
[  1012.4s] SNA none seed=7 task 32/50
[  1044.0s] SNA none seed=7 task 33/50
[  1075.6s] SNA none seed=7 task 34/50
[  1107.4s] SNA none seed=7 task 35/50
[  1139.0s] SNA none seed=7 task 36/50
[  1170.4s] SNA none seed=7 task 37/50
[  1202.2s] SNA none seed=7 task 38/50
[  1233.7s] SNA none seed=7 task 39/50
[  1265.1s] SNA none seed=7 task 40/50
[  1296.7s] SNA none seed=7 task 41/50
[  1328.2s] SNA none seed=7 task 42/50
[  1359.8s] SNA none seed=7 task 43/50
[  1391.3s] SNA none seed=7 task 44/50
[  1422.8s] SNA none seed=7 task 45/50
[  1454.2s] SNA none seed=7 task 46/50
[  1485.6s] SNA none seed=7 task 47/50
[  1517.0s] SNA none seed=7 task 48/50
[  1548.5s] SNA none seed=7 task 49/50
[  1580.0s] SNA none seed=7 task 50/50
[  1580.2s] done SNA none seed=7 tasks=50 1580.0s
wrote results/shell_l2_rlmnist_0913/runs/SNA_none_s7  (50 task rows, 306 layer rows, 1580.3s)
