[    48.1s] SNA shell:1e-3 seed=7 task 1/50
[    96.5s] SNA shell:1e-3 seed=7 task 2/50
[   145.4s] SNA shell:1e-3 seed=7 task 3/50
[   194.6s] SNA shell:1e-3 seed=7 task 4/50
[   243.8s] SNA shell:1e-3 seed=7 task 5/50
[   292.7s] SNA shell:1e-3 seed=7 task 6/50
[   341.6s] SNA shell:1e-3 seed=7 task 7/50
[   390.5s] SNA shell:1e-3 seed=7 task 8/50
[   439.6s] SNA shell:1e-3 seed=7 task 9/50
[   488.7s] SNA shell:1e-3 seed=7 task 10/50
[   538.1s] SNA shell:1e-3 seed=7 task 11/50
[   587.5s] SNA shell:1e-3 seed=7 task 12/50
[   636.9s] SNA shell:1e-3 seed=7 task 13/50
[   686.5s] SNA shell:1e-3 seed=7 task 14/50
[   736.1s] SNA shell:1e-3 seed=7 task 15/50
[   786.0s] SNA shell:1e-3 seed=7 task 16/50
[   836.3s] SNA shell:1e-3 seed=7 task 17/50
[   886.3s] SNA shell:1e-3 seed=7 task 18/50
[   936.3s] SNA shell:1e-3 seed=7 task 19/50
[   986.3s] SNA shell:1e-3 seed=7 task 20/50
[  1036.3s] SNA shell:1e-3 seed=7 task 21/50
[  1086.4s] SNA shell:1e-3 seed=7 task 22/50
[  1136.6s] SNA shell:1e-3 seed=7 task 23/50
[  1186.9s] SNA shell:1e-3 seed=7 task 24/50
[  1237.4s] SNA shell:1e-3 seed=7 task 25/50
[  1288.0s] SNA shell:1e-3 seed=7 task 26/50
[  1338.4s] SNA shell:1e-3 seed=7 task 27/50
[  1388.8s] SNA shell:1e-3 seed=7 task 28/50
[  1439.3s] SNA shell:1e-3 seed=7 task 29/50
[  1489.3s] SNA shell:1e-3 seed=7 task 30/50
[  1539.9s] SNA shell:1e-3 seed=7 task 31/50
[  1590.3s] SNA shell:1e-3 seed=7 task 32/50
[  1640.6s] SNA shell:1e-3 seed=7 task 33/50
[  1690.7s] SNA shell:1e-3 seed=7 task 34/50
[  1740.9s] SNA shell:1e-3 seed=7 task 35/50
[  1790.9s] SNA shell:1e-3 seed=7 task 36/50
[  1841.5s] SNA shell:1e-3 seed=7 task 37/50
[  1891.6s] SNA shell:1e-3 seed=7 task 38/50
[  1942.3s] SNA shell:1e-3 seed=7 task 39/50
[  1993.3s] SNA shell:1e-3 seed=7 task 40/50
[  2044.1s] SNA shell:1e-3 seed=7 task 41/50
[  2095.1s] SNA shell:1e-3 seed=7 task 42/50
[  2146.1s] SNA shell:1e-3 seed=7 task 43/50
[  2197.3s] SNA shell:1e-3 seed=7 task 44/50
[  2248.3s] SNA shell:1e-3 seed=7 task 45/50
[  2299.5s] SNA shell:1e-3 seed=7 task 46/50
[  2350.7s] SNA shell:1e-3 seed=7 task 47/50
[  2402.0s] SNA shell:1e-3 seed=7 task 48/50
[  2453.3s] SNA shell:1e-3 seed=7 task 49/50
[  2504.5s] SNA shell:1e-3 seed=7 task 50/50
[  2504.8s] done SNA shell:1e-3 seed=7 tasks=50 2504.5s
wrote results/shell_l2_rlmnist_0913/runs/SNA_shell_s7  (50 task rows, 306 layer rows, 2504.8s)
