[    47.0s] SNA shell:1e-3 seed=2 task 1/50
[    94.0s] SNA shell:1e-3 seed=2 task 2/50
[   141.2s] SNA shell:1e-3 seed=2 task 3/50
[   188.6s] SNA shell:1e-3 seed=2 task 4/50
[   236.2s] SNA shell:1e-3 seed=2 task 5/50
[   284.0s] SNA shell:1e-3 seed=2 task 6/50
[   332.1s] SNA shell:1e-3 seed=2 task 7/50
[   380.0s] SNA shell:1e-3 seed=2 task 8/50
[   428.0s] SNA shell:1e-3 seed=2 task 9/50
[   476.0s] SNA shell:1e-3 seed=2 task 10/50
[   524.1s] SNA shell:1e-3 seed=2 task 11/50
[   572.1s] SNA shell:1e-3 seed=2 task 12/50
[   619.9s] SNA shell:1e-3 seed=2 task 13/50
[   667.9s] SNA shell:1e-3 seed=2 task 14/50
[   715.8s] SNA shell:1e-3 seed=2 task 15/50
[   763.6s] SNA shell:1e-3 seed=2 task 16/50
[   811.5s] SNA shell:1e-3 seed=2 task 17/50
[   859.4s] SNA shell:1e-3 seed=2 task 18/50
[   907.4s] SNA shell:1e-3 seed=2 task 19/50
[   955.4s] SNA shell:1e-3 seed=2 task 20/50
[  1003.3s] SNA shell:1e-3 seed=2 task 21/50
[  1051.3s] SNA shell:1e-3 seed=2 task 22/50
[  1099.1s] SNA shell:1e-3 seed=2 task 23/50
[  1147.0s] SNA shell:1e-3 seed=2 task 24/50
[  1194.8s] SNA shell:1e-3 seed=2 task 25/50
[  1242.8s] SNA shell:1e-3 seed=2 task 26/50
[  1290.6s] SNA shell:1e-3 seed=2 task 27/50
[  1338.5s] SNA shell:1e-3 seed=2 task 28/50
[  1386.4s] SNA shell:1e-3 seed=2 task 29/50
[  1434.2s] SNA shell:1e-3 seed=2 task 30/50
[  1482.0s] SNA shell:1e-3 seed=2 task 31/50
[  1529.8s] SNA shell:1e-3 seed=2 task 32/50
[  1577.5s] SNA shell:1e-3 seed=2 task 33/50
[  1625.3s] SNA shell:1e-3 seed=2 task 34/50
[  1673.1s] SNA shell:1e-3 seed=2 task 35/50
[  1721.0s] SNA shell:1e-3 seed=2 task 36/50
[  1768.9s] SNA shell:1e-3 seed=2 task 37/50
[  1816.7s] SNA shell:1e-3 seed=2 task 38/50
[  1864.6s] SNA shell:1e-3 seed=2 task 39/50
[  1912.4s] SNA shell:1e-3 seed=2 task 40/50
[  1960.3s] SNA shell:1e-3 seed=2 task 41/50
[  2008.2s] SNA shell:1e-3 seed=2 task 42/50
[  2056.1s] SNA shell:1e-3 seed=2 task 43/50
[  2104.0s] SNA shell:1e-3 seed=2 task 44/50
[  2152.0s] SNA shell:1e-3 seed=2 task 45/50
[  2200.0s] SNA shell:1e-3 seed=2 task 46/50
[  2248.0s] SNA shell:1e-3 seed=2 task 47/50
[  2296.0s] SNA shell:1e-3 seed=2 task 48/50
[  2344.0s] SNA shell:1e-3 seed=2 task 49/50
[  2391.9s] SNA shell:1e-3 seed=2 task 50/50
[  2392.2s] done SNA shell:1e-3 seed=2 tasks=50 2391.9s
wrote results/shell_l2_rlmnist_0913/runs/SNA_shell_s2  (50 task rows, 306 layer rows, 2392.2s)
