[    34.3s] SNA l2init:1e-3 seed=8 task 1/50
[    68.3s] SNA l2init:1e-3 seed=8 task 2/50
[   102.5s] SNA l2init:1e-3 seed=8 task 3/50
[   136.6s] SNA l2init:1e-3 seed=8 task 4/50
[   170.8s] SNA l2init:1e-3 seed=8 task 5/50
[   204.8s] SNA l2init:1e-3 seed=8 task 6/50
[   238.9s] SNA l2init:1e-3 seed=8 task 7/50
[   273.0s] SNA l2init:1e-3 seed=8 task 8/50
[   307.2s] SNA l2init:1e-3 seed=8 task 9/50
[   341.3s] SNA l2init:1e-3 seed=8 task 10/50
[   375.4s] SNA l2init:1e-3 seed=8 task 11/50
[   409.4s] SNA l2init:1e-3 seed=8 task 12/50
[   443.4s] SNA l2init:1e-3 seed=8 task 13/50
[   477.7s] SNA l2init:1e-3 seed=8 task 14/50
[   511.7s] SNA l2init:1e-3 seed=8 task 15/50
[   545.8s] SNA l2init:1e-3 seed=8 task 16/50
[   579.8s] SNA l2init:1e-3 seed=8 task 17/50
[   613.9s] SNA l2init:1e-3 seed=8 task 18/50
[   647.8s] SNA l2init:1e-3 seed=8 task 19/50
[   681.8s] SNA l2init:1e-3 seed=8 task 20/50
[   715.8s] SNA l2init:1e-3 seed=8 task 21/50
[   749.8s] SNA l2init:1e-3 seed=8 task 22/50
[   783.7s] SNA l2init:1e-3 seed=8 task 23/50
[   817.7s] SNA l2init:1e-3 seed=8 task 24/50
[   851.7s] SNA l2init:1e-3 seed=8 task 25/50
[   885.7s] SNA l2init:1e-3 seed=8 task 26/50
[   919.6s] SNA l2init:1e-3 seed=8 task 27/50
[   953.7s] SNA l2init:1e-3 seed=8 task 28/50
[   987.7s] SNA l2init:1e-3 seed=8 task 29/50
[  1021.7s] SNA l2init:1e-3 seed=8 task 30/50
[  1055.7s] SNA l2init:1e-3 seed=8 task 31/50
[  1089.9s] SNA l2init:1e-3 seed=8 task 32/50
[  1124.2s] SNA l2init:1e-3 seed=8 task 33/50
[  1158.9s] SNA l2init:1e-3 seed=8 task 34/50
[  1193.6s] SNA l2init:1e-3 seed=8 task 35/50
[  1228.5s] SNA l2init:1e-3 seed=8 task 36/50
[  1263.3s] SNA l2init:1e-3 seed=8 task 37/50
[  1297.8s] SNA l2init:1e-3 seed=8 task 38/50
[  1332.3s] SNA l2init:1e-3 seed=8 task 39/50
[  1366.8s] SNA l2init:1e-3 seed=8 task 40/50
[  1401.4s] SNA l2init:1e-3 seed=8 task 41/50
[  1436.0s] SNA l2init:1e-3 seed=8 task 42/50
[  1470.8s] SNA l2init:1e-3 seed=8 task 43/50
[  1505.4s] SNA l2init:1e-3 seed=8 task 44/50
[  1540.1s] SNA l2init:1e-3 seed=8 task 45/50
[  1574.9s] SNA l2init:1e-3 seed=8 task 46/50
[  1609.7s] SNA l2init:1e-3 seed=8 task 47/50
[  1644.4s] SNA l2init:1e-3 seed=8 task 48/50
[  1679.1s] SNA l2init:1e-3 seed=8 task 49/50
[  1713.4s] SNA l2init:1e-3 seed=8 task 50/50
[  1713.7s] done SNA l2init:1e-3 seed=8 tasks=50 1713.4s
wrote results/shell_l2_rlmnist_0913/runs/SNA_l2init_s8  (50 task rows, 306 layer rows, 1713.7s)
