[    34.2s] SNA l2init:1e-3 seed=2 task 1/50
[    68.5s] SNA l2init:1e-3 seed=2 task 2/50
[   102.7s] SNA l2init:1e-3 seed=2 task 3/50
[   136.8s] SNA l2init:1e-3 seed=2 task 4/50
[   171.0s] SNA l2init:1e-3 seed=2 task 5/50
[   205.1s] SNA l2init:1e-3 seed=2 task 6/50
[   239.3s] SNA l2init:1e-3 seed=2 task 7/50
[   273.5s] SNA l2init:1e-3 seed=2 task 8/50
[   307.7s] SNA l2init:1e-3 seed=2 task 9/50
[   341.8s] SNA l2init:1e-3 seed=2 task 10/50
[   375.9s] SNA l2init:1e-3 seed=2 task 11/50
[   409.9s] SNA l2init:1e-3 seed=2 task 12/50
[   444.0s] SNA l2init:1e-3 seed=2 task 13/50
[   477.9s] SNA l2init:1e-3 seed=2 task 14/50
[   511.9s] SNA l2init:1e-3 seed=2 task 15/50
[   545.9s] SNA l2init:1e-3 seed=2 task 16/50
[   579.9s] SNA l2init:1e-3 seed=2 task 17/50
[   614.0s] SNA l2init:1e-3 seed=2 task 18/50
[   647.9s] SNA l2init:1e-3 seed=2 task 19/50
[   681.8s] SNA l2init:1e-3 seed=2 task 20/50
[   715.9s] SNA l2init:1e-3 seed=2 task 21/50
[   750.0s] SNA l2init:1e-3 seed=2 task 22/50
[   783.9s] SNA l2init:1e-3 seed=2 task 23/50
[   818.0s] SNA l2init:1e-3 seed=2 task 24/50
[   852.0s] SNA l2init:1e-3 seed=2 task 25/50
[   886.0s] SNA l2init:1e-3 seed=2 task 26/50
[   920.1s] SNA l2init:1e-3 seed=2 task 27/50
[   954.2s] SNA l2init:1e-3 seed=2 task 28/50
[   988.3s] SNA l2init:1e-3 seed=2 task 29/50
[  1022.4s] SNA l2init:1e-3 seed=2 task 30/50
[  1056.6s] SNA l2init:1e-3 seed=2 task 31/50
[  1090.6s] SNA l2init:1e-3 seed=2 task 32/50
[  1124.7s] SNA l2init:1e-3 seed=2 task 33/50
[  1158.8s] SNA l2init:1e-3 seed=2 task 34/50
[  1192.9s] SNA l2init:1e-3 seed=2 task 35/50
[  1227.1s] SNA l2init:1e-3 seed=2 task 36/50
[  1261.4s] SNA l2init:1e-3 seed=2 task 37/50
[  1295.6s] SNA l2init:1e-3 seed=2 task 38/50
[  1329.7s] SNA l2init:1e-3 seed=2 task 39/50
[  1363.9s] SNA l2init:1e-3 seed=2 task 40/50
[  1398.2s] SNA l2init:1e-3 seed=2 task 41/50
[  1432.3s] SNA l2init:1e-3 seed=2 task 42/50
[  1466.7s] SNA l2init:1e-3 seed=2 task 43/50
[  1500.8s] SNA l2init:1e-3 seed=2 task 44/50
[  1534.9s] SNA l2init:1e-3 seed=2 task 45/50
[  1569.0s] SNA l2init:1e-3 seed=2 task 46/50
[  1603.2s] SNA l2init:1e-3 seed=2 task 47/50
[  1637.3s] SNA l2init:1e-3 seed=2 task 48/50
[  1671.4s] SNA l2init:1e-3 seed=2 task 49/50
[  1705.6s] SNA l2init:1e-3 seed=2 task 50/50
[  1705.9s] done SNA l2init:1e-3 seed=2 tasks=50 1705.6s
wrote results/shell_l2_rlmnist_0913/runs/SNA_l2init_s2  (50 task rows, 306 layer rows, 1705.9s)
