[    47.2s] SNA shell:1e-3 seed=4 task 1/50
[    94.5s] SNA shell:1e-3 seed=4 task 2/50
[   142.4s] SNA shell:1e-3 seed=4 task 3/50
[   190.7s] SNA shell:1e-3 seed=4 task 4/50
[   239.0s] SNA shell:1e-3 seed=4 task 5/50
[   287.4s] SNA shell:1e-3 seed=4 task 6/50
[   335.7s] SNA shell:1e-3 seed=4 task 7/50
[   384.1s] SNA shell:1e-3 seed=4 task 8/50
[   432.4s] SNA shell:1e-3 seed=4 task 9/50
[   480.8s] SNA shell:1e-3 seed=4 task 10/50
[   529.3s] SNA shell:1e-3 seed=4 task 11/50
[   577.7s] SNA shell:1e-3 seed=4 task 12/50
[   626.0s] SNA shell:1e-3 seed=4 task 13/50
[   674.4s] SNA shell:1e-3 seed=4 task 14/50
[   722.8s] SNA shell:1e-3 seed=4 task 15/50
[   771.3s] SNA shell:1e-3 seed=4 task 16/50
[   819.8s] SNA shell:1e-3 seed=4 task 17/50
[   868.5s] SNA shell:1e-3 seed=4 task 18/50
[   917.1s] SNA shell:1e-3 seed=4 task 19/50
[   965.7s] SNA shell:1e-3 seed=4 task 20/50
[  1014.4s] SNA shell:1e-3 seed=4 task 21/50
[  1063.2s] SNA shell:1e-3 seed=4 task 22/50
[  1111.9s] SNA shell:1e-3 seed=4 task 23/50
[  1160.6s] SNA shell:1e-3 seed=4 task 24/50
[  1209.2s] SNA shell:1e-3 seed=4 task 25/50
[  1257.8s] SNA shell:1e-3 seed=4 task 26/50
[  1306.5s] SNA shell:1e-3 seed=4 task 27/50
[  1355.0s] SNA shell:1e-3 seed=4 task 28/50
[  1403.6s] SNA shell:1e-3 seed=4 task 29/50
[  1452.2s] SNA shell:1e-3 seed=4 task 30/50
[  1500.9s] SNA shell:1e-3 seed=4 task 31/50
[  1549.8s] SNA shell:1e-3 seed=4 task 32/50
[  1598.7s] SNA shell:1e-3 seed=4 task 33/50
[  1647.6s] SNA shell:1e-3 seed=4 task 34/50
[  1696.4s] SNA shell:1e-3 seed=4 task 35/50
[  1745.2s] SNA shell:1e-3 seed=4 task 36/50
[  1793.9s] SNA shell:1e-3 seed=4 task 37/50
[  1842.8s] SNA shell:1e-3 seed=4 task 38/50
[  1891.6s] SNA shell:1e-3 seed=4 task 39/50
[  1940.2s] SNA shell:1e-3 seed=4 task 40/50
[  1989.0s] SNA shell:1e-3 seed=4 task 41/50
[  2037.9s] SNA shell:1e-3 seed=4 task 42/50
[  2086.6s] SNA shell:1e-3 seed=4 task 43/50
[  2135.3s] SNA shell:1e-3 seed=4 task 44/50
[  2184.1s] SNA shell:1e-3 seed=4 task 45/50
[  2233.1s] SNA shell:1e-3 seed=4 task 46/50
[  2282.0s] SNA shell:1e-3 seed=4 task 47/50
[  2330.8s] SNA shell:1e-3 seed=4 task 48/50
[  2379.5s] SNA shell:1e-3 seed=4 task 49/50
[  2428.3s] SNA shell:1e-3 seed=4 task 50/50
[  2428.6s] done SNA shell:1e-3 seed=4 tasks=50 2428.3s
wrote results/shell_l2_rlmnist_0913/runs/SNA_shell_s4  (50 task rows, 306 layer rows, 2428.6s)
