[    33.7s] SNA l2:1e-3 seed=5 task 1/50
[    67.6s] SNA l2:1e-3 seed=5 task 2/50
[   110.0s] SNA l2:1e-3 seed=5 task 3/50
[   153.0s] SNA l2:1e-3 seed=5 task 4/50
[   196.1s] SNA l2:1e-3 seed=5 task 5/50
[   239.2s] SNA l2:1e-3 seed=5 task 6/50
[   282.4s] SNA l2:1e-3 seed=5 task 7/50
[   325.5s] SNA l2:1e-3 seed=5 task 8/50
[   368.6s] SNA l2:1e-3 seed=5 task 9/50
[   411.4s] SNA l2:1e-3 seed=5 task 10/50
[   454.4s] SNA l2:1e-3 seed=5 task 11/50
[   497.6s] SNA l2:1e-3 seed=5 task 12/50
[   541.3s] SNA l2:1e-3 seed=5 task 13/50
[   584.5s] SNA l2:1e-3 seed=5 task 14/50
[   628.0s] SNA l2:1e-3 seed=5 task 15/50
[   671.4s] SNA l2:1e-3 seed=5 task 16/50
[   714.9s] SNA l2:1e-3 seed=5 task 17/50
[   758.6s] SNA l2:1e-3 seed=5 task 18/50
[   802.2s] SNA l2:1e-3 seed=5 task 19/50
[   846.1s] SNA l2:1e-3 seed=5 task 20/50
[   890.1s] SNA l2:1e-3 seed=5 task 21/50
[   934.0s] SNA l2:1e-3 seed=5 task 22/50
[   977.7s] SNA l2:1e-3 seed=5 task 23/50
[  1021.3s] SNA l2:1e-3 seed=5 task 24/50
[  1065.1s] SNA l2:1e-3 seed=5 task 25/50
[  1109.1s] SNA l2:1e-3 seed=5 task 26/50
[  1152.7s] SNA l2:1e-3 seed=5 task 27/50
[  1196.2s] SNA l2:1e-3 seed=5 task 28/50
[  1240.0s] SNA l2:1e-3 seed=5 task 29/50
[  1283.7s] SNA l2:1e-3 seed=5 task 30/50
[  1327.3s] SNA l2:1e-3 seed=5 task 31/50
[  1370.7s] SNA l2:1e-3 seed=5 task 32/50
[  1414.1s] SNA l2:1e-3 seed=5 task 33/50
[  1458.0s] SNA l2:1e-3 seed=5 task 34/50
[  1501.9s] SNA l2:1e-3 seed=5 task 35/50
[  1545.4s] SNA l2:1e-3 seed=5 task 36/50
[  1588.9s] SNA l2:1e-3 seed=5 task 37/50
[  1632.3s] SNA l2:1e-3 seed=5 task 38/50
[  1675.8s] SNA l2:1e-3 seed=5 task 39/50
[  1719.4s] SNA l2:1e-3 seed=5 task 40/50
[  1762.9s] SNA l2:1e-3 seed=5 task 41/50
[  1806.4s] SNA l2:1e-3 seed=5 task 42/50
[  1849.9s] SNA l2:1e-3 seed=5 task 43/50
[  1893.6s] SNA l2:1e-3 seed=5 task 44/50
[  1937.1s] SNA l2:1e-3 seed=5 task 45/50
[  1980.5s] SNA l2:1e-3 seed=5 task 46/50
[  2023.7s] SNA l2:1e-3 seed=5 task 47/50
[  2067.0s] SNA l2:1e-3 seed=5 task 48/50
[  2110.1s] SNA l2:1e-3 seed=5 task 49/50
[  2153.2s] SNA l2:1e-3 seed=5 task 50/50
[  2153.5s] done SNA l2:1e-3 seed=5 tasks=50 2153.2s
wrote results/shell_l2_rlmnist_0913/runs/SNA_l2_s5  (50 task rows, 306 layer rows, 2153.5s)
