[    34.2s] SNA l2init:1e-3 seed=3 task 1/50
[    68.4s] SNA l2init:1e-3 seed=3 task 2/50
[   102.8s] SNA l2init:1e-3 seed=3 task 3/50
[   136.9s] SNA l2init:1e-3 seed=3 task 4/50
[   171.0s] SNA l2init:1e-3 seed=3 task 5/50
[   205.2s] SNA l2init:1e-3 seed=3 task 6/50
[   239.3s] SNA l2init:1e-3 seed=3 task 7/50
[   273.3s] SNA l2init:1e-3 seed=3 task 8/50
[   307.4s] SNA l2init:1e-3 seed=3 task 9/50
[   341.5s] SNA l2init:1e-3 seed=3 task 10/50
[   375.6s] SNA l2init:1e-3 seed=3 task 11/50
[   409.7s] SNA l2init:1e-3 seed=3 task 12/50
[   443.8s] SNA l2init:1e-3 seed=3 task 13/50
[   477.8s] SNA l2init:1e-3 seed=3 task 14/50
[   511.9s] SNA l2init:1e-3 seed=3 task 15/50
[   546.0s] SNA l2init:1e-3 seed=3 task 16/50
[   580.2s] SNA l2init:1e-3 seed=3 task 17/50
[   614.3s] SNA l2init:1e-3 seed=3 task 18/50
[   648.5s] SNA l2init:1e-3 seed=3 task 19/50
[   682.6s] SNA l2init:1e-3 seed=3 task 20/50
[   716.8s] SNA l2init:1e-3 seed=3 task 21/50
[   750.9s] SNA l2init:1e-3 seed=3 task 22/50
[   785.0s] SNA l2init:1e-3 seed=3 task 23/50
[   819.1s] SNA l2init:1e-3 seed=3 task 24/50
[   853.2s] SNA l2init:1e-3 seed=3 task 25/50
[   887.4s] SNA l2init:1e-3 seed=3 task 26/50
[   921.5s] SNA l2init:1e-3 seed=3 task 27/50
[   955.7s] SNA l2init:1e-3 seed=3 task 28/50
[   989.9s] SNA l2init:1e-3 seed=3 task 29/50
[  1024.0s] SNA l2init:1e-3 seed=3 task 30/50
[  1058.2s] SNA l2init:1e-3 seed=3 task 31/50
[  1092.4s] SNA l2init:1e-3 seed=3 task 32/50
[  1126.6s] SNA l2init:1e-3 seed=3 task 33/50
[  1160.9s] SNA l2init:1e-3 seed=3 task 34/50
[  1195.0s] SNA l2init:1e-3 seed=3 task 35/50
[  1229.2s] SNA l2init:1e-3 seed=3 task 36/50
[  1263.4s] SNA l2init:1e-3 seed=3 task 37/50
[  1297.6s] SNA l2init:1e-3 seed=3 task 38/50
[  1331.8s] SNA l2init:1e-3 seed=3 task 39/50
[  1366.0s] SNA l2init:1e-3 seed=3 task 40/50
[  1400.2s] SNA l2init:1e-3 seed=3 task 41/50
[  1434.5s] SNA l2init:1e-3 seed=3 task 42/50
[  1468.9s] SNA l2init:1e-3 seed=3 task 43/50
[  1503.2s] SNA l2init:1e-3 seed=3 task 44/50
[  1537.3s] SNA l2init:1e-3 seed=3 task 45/50
[  1571.5s] SNA l2init:1e-3 seed=3 task 46/50
[  1605.7s] SNA l2init:1e-3 seed=3 task 47/50
[  1639.9s] SNA l2init:1e-3 seed=3 task 48/50
[  1674.1s] SNA l2init:1e-3 seed=3 task 49/50
[  1708.2s] SNA l2init:1e-3 seed=3 task 50/50
[  1708.5s] done SNA l2init:1e-3 seed=3 tasks=50 1708.2s
wrote results/shell_l2_rlmnist_0913/runs/SNA_l2init_s3  (50 task rows, 306 layer rows, 1708.5s)
