[    48.1s] SNA shell:1e-3 seed=0 task 1/50
[    95.8s] SNA shell:1e-3 seed=0 task 2/50
[   144.4s] SNA shell:1e-3 seed=0 task 3/50
[   193.4s] SNA shell:1e-3 seed=0 task 4/50
[   242.8s] SNA shell:1e-3 seed=0 task 5/50
[   292.0s] SNA shell:1e-3 seed=0 task 6/50
[   341.1s] SNA shell:1e-3 seed=0 task 7/50
[   390.3s] SNA shell:1e-3 seed=0 task 8/50
[   439.4s] SNA shell:1e-3 seed=0 task 9/50
[   488.7s] SNA shell:1e-3 seed=0 task 10/50
[   537.9s] SNA shell:1e-3 seed=0 task 11/50
[   587.0s] SNA shell:1e-3 seed=0 task 12/50
[   636.5s] SNA shell:1e-3 seed=0 task 13/50
[   686.1s] SNA shell:1e-3 seed=0 task 14/50
[   735.6s] SNA shell:1e-3 seed=0 task 15/50
[   785.0s] SNA shell:1e-3 seed=0 task 16/50
[   834.2s] SNA shell:1e-3 seed=0 task 17/50
[   883.5s] SNA shell:1e-3 seed=0 task 18/50
[   933.1s] SNA shell:1e-3 seed=0 task 19/50
[   982.6s] SNA shell:1e-3 seed=0 task 20/50
[  1031.8s] SNA shell:1e-3 seed=0 task 21/50
[  1081.2s] SNA shell:1e-3 seed=0 task 22/50
[  1130.5s] SNA shell:1e-3 seed=0 task 23/50
[  1179.7s] SNA shell:1e-3 seed=0 task 24/50
[  1228.9s] SNA shell:1e-3 seed=0 task 25/50
[  1278.2s] SNA shell:1e-3 seed=0 task 26/50
[  1327.6s] SNA shell:1e-3 seed=0 task 27/50
[  1377.2s] SNA shell:1e-3 seed=0 task 28/50
[  1426.7s] SNA shell:1e-3 seed=0 task 29/50
[  1476.0s] SNA shell:1e-3 seed=0 task 30/50
[  1525.4s] SNA shell:1e-3 seed=0 task 31/50
[  1574.8s] SNA shell:1e-3 seed=0 task 32/50
[  1624.2s] SNA shell:1e-3 seed=0 task 33/50
[  1673.8s] SNA shell:1e-3 seed=0 task 34/50
[  1723.2s] SNA shell:1e-3 seed=0 task 35/50
[  1772.5s] SNA shell:1e-3 seed=0 task 36/50
[  1821.7s] SNA shell:1e-3 seed=0 task 37/50
[  1871.3s] SNA shell:1e-3 seed=0 task 38/50
[  1921.0s] SNA shell:1e-3 seed=0 task 39/50
[  1970.3s] SNA shell:1e-3 seed=0 task 40/50
[  2019.7s] SNA shell:1e-3 seed=0 task 41/50
[  2069.0s] SNA shell:1e-3 seed=0 task 42/50
[  2118.4s] SNA shell:1e-3 seed=0 task 43/50
[  2167.8s] SNA shell:1e-3 seed=0 task 44/50
[  2217.4s] SNA shell:1e-3 seed=0 task 45/50
[  2267.0s] SNA shell:1e-3 seed=0 task 46/50
[  2316.4s] SNA shell:1e-3 seed=0 task 47/50
[  2365.9s] SNA shell:1e-3 seed=0 task 48/50
[  2415.5s] SNA shell:1e-3 seed=0 task 49/50
[  2465.0s] SNA shell:1e-3 seed=0 task 50/50
[  2465.3s] done SNA shell:1e-3 seed=0 tasks=50 2465.0s
wrote results/shell_l2_rlmnist_0913/runs/SNA_shell_s0  (50 task rows, 306 layer rows, 2465.3s)
