[    31.4s] SNA none seed=9 task 1/50
[    62.8s] SNA none seed=9 task 2/50
[    94.3s] SNA none seed=9 task 3/50
[   125.7s] SNA none seed=9 task 4/50
[   157.0s] SNA none seed=9 task 5/50
[   188.4s] SNA none seed=9 task 6/50
[   219.8s] SNA none seed=9 task 7/50
[   251.2s] SNA none seed=9 task 8/50
[   282.6s] SNA none seed=9 task 9/50
[   314.0s] SNA none seed=9 task 10/50
[   345.4s] SNA none seed=9 task 11/50
[   377.1s] SNA none seed=9 task 12/50
[   408.8s] SNA none seed=9 task 13/50
[   440.6s] SNA none seed=9 task 14/50
[   472.5s] SNA none seed=9 task 15/50
[   504.3s] SNA none seed=9 task 16/50
[   536.1s] SNA none seed=9 task 17/50
[   567.8s] SNA none seed=9 task 18/50
[   599.5s] SNA none seed=9 task 19/50
[   631.1s] SNA none seed=9 task 20/50
[   662.8s] SNA none seed=9 task 21/50
[   694.5s] SNA none seed=9 task 22/50
[   726.2s] SNA none seed=9 task 23/50
[   757.9s] SNA none seed=9 task 24/50
[   789.6s] SNA none seed=9 task 25/50
[   821.4s] SNA none seed=9 task 26/50
[   853.1s] SNA none seed=9 task 27/50
[   884.7s] SNA none seed=9 task 28/50
[   916.5s] SNA none seed=9 task 29/50
[   948.1s] SNA none seed=9 task 30/50
[   979.8s] SNA none seed=9 task 31/50
[  1011.5s] SNA none seed=9 task 32/50
[  1043.1s] SNA none seed=9 task 33/50
[  1074.9s] SNA none seed=9 task 34/50
[  1106.6s] SNA none seed=9 task 35/50
[  1138.2s] SNA none seed=9 task 36/50
[  1170.0s] SNA none seed=9 task 37/50
[  1201.6s] SNA none seed=9 task 38/50
[  1233.3s] SNA none seed=9 task 39/50
[  1265.0s] SNA none seed=9 task 40/50
[  1296.6s] SNA none seed=9 task 41/50
[  1328.3s] SNA none seed=9 task 42/50
[  1360.1s] SNA none seed=9 task 43/50
[  1391.7s] SNA none seed=9 task 44/50
[  1423.2s] SNA none seed=9 task 45/50
[  1454.8s] SNA none seed=9 task 46/50
[  1486.4s] SNA none seed=9 task 47/50
[  1518.1s] SNA none seed=9 task 48/50
[  1549.7s] SNA none seed=9 task 49/50
[  1581.4s] SNA none seed=9 task 50/50
[  1581.7s] done SNA none seed=9 tasks=50 1581.4s
wrote results/shell_l2_rlmnist_0913/runs/SNA_none_s9  (50 task rows, 306 layer rows, 1581.7s)
