[    31.6s] SNA none seed=8 task 1/50
[    63.3s] SNA none seed=8 task 2/50
[    95.2s] SNA none seed=8 task 3/50
[   127.0s] SNA none seed=8 task 4/50
[   158.5s] SNA none seed=8 task 5/50
[   190.0s] SNA none seed=8 task 6/50
[   221.5s] SNA none seed=8 task 7/50
[   253.0s] SNA none seed=8 task 8/50
[   284.5s] SNA none seed=8 task 9/50
[   316.0s] SNA none seed=8 task 10/50
[   347.5s] SNA none seed=8 task 11/50
[   379.0s] SNA none seed=8 task 12/50
[   410.4s] SNA none seed=8 task 13/50
[   441.8s] SNA none seed=8 task 14/50
[   473.2s] SNA none seed=8 task 15/50
[   504.6s] SNA none seed=8 task 16/50
[   535.9s] SNA none seed=8 task 17/50
[   567.2s] SNA none seed=8 task 18/50
[   598.6s] SNA none seed=8 task 19/50
[   630.0s] SNA none seed=8 task 20/50
[   661.5s] SNA none seed=8 task 21/50
[   692.8s] SNA none seed=8 task 22/50
[   724.2s] SNA none seed=8 task 23/50
[   755.6s] SNA none seed=8 task 24/50
[   787.0s] SNA none seed=8 task 25/50
[   818.5s] SNA none seed=8 task 26/50
[   849.8s] SNA none seed=8 task 27/50
[   881.2s] SNA none seed=8 task 28/50
[   912.5s] SNA none seed=8 task 29/50
[   943.9s] SNA none seed=8 task 30/50
[   975.3s] SNA none seed=8 task 31/50
[  1006.7s] SNA none seed=8 task 32/50
[  1038.1s] SNA none seed=8 task 33/50
[  1069.4s] SNA none seed=8 task 34/50
[  1100.8s] SNA none seed=8 task 35/50
[  1132.2s] SNA none seed=8 task 36/50
[  1163.5s] SNA none seed=8 task 37/50
[  1195.0s] SNA none seed=8 task 38/50
[  1226.4s] SNA none seed=8 task 39/50
[  1257.8s] SNA none seed=8 task 40/50
[  1289.3s] SNA none seed=8 task 41/50
[  1320.8s] SNA none seed=8 task 42/50
[  1352.2s] SNA none seed=8 task 43/50
[  1383.7s] SNA none seed=8 task 44/50
[  1415.1s] SNA none seed=8 task 45/50
[  1446.5s] SNA none seed=8 task 46/50
[  1478.0s] SNA none seed=8 task 47/50
[  1509.4s] SNA none seed=8 task 48/50
[  1540.9s] SNA none seed=8 task 49/50
[  1572.3s] SNA none seed=8 task 50/50
[  1572.6s] done SNA none seed=8 tasks=50 1572.3s
wrote results/shell_l2_rlmnist_0913/runs/SNA_none_s8  (50 task rows, 306 layer rows, 1572.6s)
