[    33.2s] SNA l2:1e-3 seed=9 task 1/50
[    67.0s] SNA l2:1e-3 seed=9 task 2/50
[   109.2s] SNA l2:1e-3 seed=9 task 3/50
[   152.0s] SNA l2:1e-3 seed=9 task 4/50
[   194.7s] SNA l2:1e-3 seed=9 task 5/50
[   237.5s] SNA l2:1e-3 seed=9 task 6/50
[   280.4s] SNA l2:1e-3 seed=9 task 7/50
[   323.3s] SNA l2:1e-3 seed=9 task 8/50
[   366.3s] SNA l2:1e-3 seed=9 task 9/50
[   409.1s] SNA l2:1e-3 seed=9 task 10/50
[   452.1s] SNA l2:1e-3 seed=9 task 11/50
[   495.0s] SNA l2:1e-3 seed=9 task 12/50
[   538.0s] SNA l2:1e-3 seed=9 task 13/50
[   581.0s] SNA l2:1e-3 seed=9 task 14/50
[   623.8s] SNA l2:1e-3 seed=9 task 15/50
[   667.0s] SNA l2:1e-3 seed=9 task 16/50
[   710.7s] SNA l2:1e-3 seed=9 task 17/50
[   754.6s] SNA l2:1e-3 seed=9 task 18/50
[   798.5s] SNA l2:1e-3 seed=9 task 19/50
[   842.0s] SNA l2:1e-3 seed=9 task 20/50
[   885.5s] SNA l2:1e-3 seed=9 task 21/50
[   928.9s] SNA l2:1e-3 seed=9 task 22/50
[   972.3s] SNA l2:1e-3 seed=9 task 23/50
[  1016.0s] SNA l2:1e-3 seed=9 task 24/50
[  1059.3s] SNA l2:1e-3 seed=9 task 25/50
[  1102.7s] SNA l2:1e-3 seed=9 task 26/50
[  1146.3s] SNA l2:1e-3 seed=9 task 27/50
[  1189.8s] SNA l2:1e-3 seed=9 task 28/50
[  1233.4s] SNA l2:1e-3 seed=9 task 29/50
[  1276.9s] SNA l2:1e-3 seed=9 task 30/50
[  1320.4s] SNA l2:1e-3 seed=9 task 31/50
[  1364.0s] SNA l2:1e-3 seed=9 task 32/50
[  1407.5s] SNA l2:1e-3 seed=9 task 33/50
[  1451.0s] SNA l2:1e-3 seed=9 task 34/50
[  1494.5s] SNA l2:1e-3 seed=9 task 35/50
[  1538.0s] SNA l2:1e-3 seed=9 task 36/50
[  1581.4s] SNA l2:1e-3 seed=9 task 37/50
[  1624.8s] SNA l2:1e-3 seed=9 task 38/50
[  1668.3s] SNA l2:1e-3 seed=9 task 39/50
[  1711.8s] SNA l2:1e-3 seed=9 task 40/50
[  1755.3s] SNA l2:1e-3 seed=9 task 41/50
[  1798.9s] SNA l2:1e-3 seed=9 task 42/50
[  1842.6s] SNA l2:1e-3 seed=9 task 43/50
[  1886.3s] SNA l2:1e-3 seed=9 task 44/50
[  1929.5s] SNA l2:1e-3 seed=9 task 45/50
[  1972.5s] SNA l2:1e-3 seed=9 task 46/50
[  2015.3s] SNA l2:1e-3 seed=9 task 47/50
[  2058.1s] SNA l2:1e-3 seed=9 task 48/50
[  2101.0s] SNA l2:1e-3 seed=9 task 49/50
[  2143.8s] SNA l2:1e-3 seed=9 task 50/50
[  2144.1s] done SNA l2:1e-3 seed=9 tasks=50 2143.8s
wrote results/shell_l2_rlmnist_0913/runs/SNA_l2_s9  (50 task rows, 306 layer rows, 2144.1s)
