[    31.2s] SNA none seed=4 task 1/50
[    62.4s] SNA none seed=4 task 2/50
[    93.6s] SNA none seed=4 task 3/50
[   124.8s] SNA none seed=4 task 4/50
[   156.0s] SNA none seed=4 task 5/50
[   187.1s] SNA none seed=4 task 6/50
[   218.3s] SNA none seed=4 task 7/50
[   249.4s] SNA none seed=4 task 8/50
[   280.6s] SNA none seed=4 task 9/50
[   311.8s] SNA none seed=4 task 10/50
[   342.9s] SNA none seed=4 task 11/50
[   374.1s] SNA none seed=4 task 12/50
[   405.4s] SNA none seed=4 task 13/50
[   436.6s] SNA none seed=4 task 14/50
[   467.8s] SNA none seed=4 task 15/50
[   499.1s] SNA none seed=4 task 16/50
[   530.3s] SNA none seed=4 task 17/50
[   561.5s] SNA none seed=4 task 18/50
[   592.7s] SNA none seed=4 task 19/50
[   623.9s] SNA none seed=4 task 20/50
[   655.1s] SNA none seed=4 task 21/50
[   686.3s] SNA none seed=4 task 22/50
[   717.5s] SNA none seed=4 task 23/50
[   748.8s] SNA none seed=4 task 24/50
[   780.0s] SNA none seed=4 task 25/50
[   811.2s] SNA none seed=4 task 26/50
[   842.5s] SNA none seed=4 task 27/50
[   873.8s] SNA none seed=4 task 28/50
[   905.1s] SNA none seed=4 task 29/50
[   936.4s] SNA none seed=4 task 30/50
[   967.6s] SNA none seed=4 task 31/50
[   998.8s] SNA none seed=4 task 32/50
[  1030.1s] SNA none seed=4 task 33/50
[  1061.2s] SNA none seed=4 task 34/50
[  1092.4s] SNA none seed=4 task 35/50
[  1123.6s] SNA none seed=4 task 36/50
[  1154.8s] SNA none seed=4 task 37/50
[  1185.9s] SNA none seed=4 task 38/50
[  1217.1s] SNA none seed=4 task 39/50
[  1248.4s] SNA none seed=4 task 40/50
[  1279.5s] SNA none seed=4 task 41/50
[  1310.7s] SNA none seed=4 task 42/50
[  1341.9s] SNA none seed=4 task 43/50
[  1373.2s] SNA none seed=4 task 44/50
[  1404.5s] SNA none seed=4 task 45/50
[  1435.8s] SNA none seed=4 task 46/50
[  1467.0s] SNA none seed=4 task 47/50
[  1498.2s] SNA none seed=4 task 48/50
[  1529.4s] SNA none seed=4 task 49/50
[  1560.5s] SNA none seed=4 task 50/50
[  1560.8s] done SNA none seed=4 tasks=50 1560.5s
wrote results/shell_l2_rlmnist_0913/runs/SNA_none_s4  (50 task rows, 306 layer rows, 1560.8s)
