[    33.6s] SNA l2:1e-3 seed=3 task 1/50
[    67.7s] SNA l2:1e-3 seed=3 task 2/50
[   110.7s] SNA l2:1e-3 seed=3 task 3/50
[   154.0s] SNA l2:1e-3 seed=3 task 4/50
[   197.3s] SNA l2:1e-3 seed=3 task 5/50
[   240.5s] SNA l2:1e-3 seed=3 task 6/50
[   284.0s] SNA l2:1e-3 seed=3 task 7/50
[   327.3s] SNA l2:1e-3 seed=3 task 8/50
[   371.0s] SNA l2:1e-3 seed=3 task 9/50
[   414.5s] SNA l2:1e-3 seed=3 task 10/50
[   458.2s] SNA l2:1e-3 seed=3 task 11/50
[   501.6s] SNA l2:1e-3 seed=3 task 12/50
[   544.9s] SNA l2:1e-3 seed=3 task 13/50
[   588.5s] SNA l2:1e-3 seed=3 task 14/50
[   632.1s] SNA l2:1e-3 seed=3 task 15/50
[   675.5s] SNA l2:1e-3 seed=3 task 16/50
[   719.0s] SNA l2:1e-3 seed=3 task 17/50
[   762.3s] SNA l2:1e-3 seed=3 task 18/50
[   805.8s] SNA l2:1e-3 seed=3 task 19/50
[   849.4s] SNA l2:1e-3 seed=3 task 20/50
[   892.8s] SNA l2:1e-3 seed=3 task 21/50
[   936.1s] SNA l2:1e-3 seed=3 task 22/50
[   979.4s] SNA l2:1e-3 seed=3 task 23/50
[  1022.7s] SNA l2:1e-3 seed=3 task 24/50
[  1066.0s] SNA l2:1e-3 seed=3 task 25/50
[  1109.6s] SNA l2:1e-3 seed=3 task 26/50
[  1153.1s] SNA l2:1e-3 seed=3 task 27/50
[  1196.4s] SNA l2:1e-3 seed=3 task 28/50
[  1239.9s] SNA l2:1e-3 seed=3 task 29/50
[  1283.4s] SNA l2:1e-3 seed=3 task 30/50
[  1326.6s] SNA l2:1e-3 seed=3 task 31/50
[  1369.9s] SNA l2:1e-3 seed=3 task 32/50
[  1413.3s] SNA l2:1e-3 seed=3 task 33/50
[  1456.7s] SNA l2:1e-3 seed=3 task 34/50
[  1499.9s] SNA l2:1e-3 seed=3 task 35/50
[  1543.4s] SNA l2:1e-3 seed=3 task 36/50
[  1586.7s] SNA l2:1e-3 seed=3 task 37/50
[  1629.9s] SNA l2:1e-3 seed=3 task 38/50
[  1673.3s] SNA l2:1e-3 seed=3 task 39/50
[  1716.9s] SNA l2:1e-3 seed=3 task 40/50
[  1760.4s] SNA l2:1e-3 seed=3 task 41/50
[  1803.8s] SNA l2:1e-3 seed=3 task 42/50
[  1847.3s] SNA l2:1e-3 seed=3 task 43/50
[  1890.9s] SNA l2:1e-3 seed=3 task 44/50
[  1934.2s] SNA l2:1e-3 seed=3 task 45/50
[  1977.4s] SNA l2:1e-3 seed=3 task 46/50
[  2020.7s] SNA l2:1e-3 seed=3 task 47/50
[  2064.3s] SNA l2:1e-3 seed=3 task 48/50
[  2107.9s] SNA l2:1e-3 seed=3 task 49/50
[  2151.2s] SNA l2:1e-3 seed=3 task 50/50
[  2151.5s] done SNA l2:1e-3 seed=3 tasks=50 2151.2s
wrote results/shell_l2_rlmnist_0913/runs/SNA_l2_s3  (50 task rows, 306 layer rows, 2151.5s)
