[    47.2s] SNA shell:1e-3 seed=3 task 1/50
[    94.5s] SNA shell:1e-3 seed=3 task 2/50
[   142.4s] SNA shell:1e-3 seed=3 task 3/50
[   190.7s] SNA shell:1e-3 seed=3 task 4/50
[   239.1s] SNA shell:1e-3 seed=3 task 5/50
[   287.6s] SNA shell:1e-3 seed=3 task 6/50
[   336.0s] SNA shell:1e-3 seed=3 task 7/50
[   384.5s] SNA shell:1e-3 seed=3 task 8/50
[   433.0s] SNA shell:1e-3 seed=3 task 9/50
[   481.5s] SNA shell:1e-3 seed=3 task 10/50
[   530.0s] SNA shell:1e-3 seed=3 task 11/50
[   578.6s] SNA shell:1e-3 seed=3 task 12/50
[   627.3s] SNA shell:1e-3 seed=3 task 13/50
[   676.0s] SNA shell:1e-3 seed=3 task 14/50
[   724.8s] SNA shell:1e-3 seed=3 task 15/50
[   773.5s] SNA shell:1e-3 seed=3 task 16/50
[   822.4s] SNA shell:1e-3 seed=3 task 17/50
[   871.2s] SNA shell:1e-3 seed=3 task 18/50
[   920.0s] SNA shell:1e-3 seed=3 task 19/50
[   968.7s] SNA shell:1e-3 seed=3 task 20/50
[  1017.5s] SNA shell:1e-3 seed=3 task 21/50
[  1066.3s] SNA shell:1e-3 seed=3 task 22/50
[  1115.0s] SNA shell:1e-3 seed=3 task 23/50
[  1163.8s] SNA shell:1e-3 seed=3 task 24/50
[  1212.6s] SNA shell:1e-3 seed=3 task 25/50
[  1261.4s] SNA shell:1e-3 seed=3 task 26/50
[  1310.3s] SNA shell:1e-3 seed=3 task 27/50
[  1359.2s] SNA shell:1e-3 seed=3 task 28/50
[  1408.1s] SNA shell:1e-3 seed=3 task 29/50
[  1457.0s] SNA shell:1e-3 seed=3 task 30/50
[  1506.0s] SNA shell:1e-3 seed=3 task 31/50
[  1554.9s] SNA shell:1e-3 seed=3 task 32/50
[  1603.7s] SNA shell:1e-3 seed=3 task 33/50
[  1652.7s] SNA shell:1e-3 seed=3 task 34/50
[  1701.6s] SNA shell:1e-3 seed=3 task 35/50
[  1750.6s] SNA shell:1e-3 seed=3 task 36/50
[  1799.7s] SNA shell:1e-3 seed=3 task 37/50
[  1848.8s] SNA shell:1e-3 seed=3 task 38/50
[  1897.8s] SNA shell:1e-3 seed=3 task 39/50
[  1947.0s] SNA shell:1e-3 seed=3 task 40/50
[  1996.2s] SNA shell:1e-3 seed=3 task 41/50
[  2045.3s] SNA shell:1e-3 seed=3 task 42/50
[  2094.5s] SNA shell:1e-3 seed=3 task 43/50
[  2143.5s] SNA shell:1e-3 seed=3 task 44/50
[  2192.6s] SNA shell:1e-3 seed=3 task 45/50
[  2241.7s] SNA shell:1e-3 seed=3 task 46/50
[  2290.7s] SNA shell:1e-3 seed=3 task 47/50
[  2339.6s] SNA shell:1e-3 seed=3 task 48/50
[  2388.6s] SNA shell:1e-3 seed=3 task 49/50
[  2437.7s] SNA shell:1e-3 seed=3 task 50/50
[  2438.0s] done SNA shell:1e-3 seed=3 tasks=50 2437.7s
wrote results/shell_l2_rlmnist_0913/runs/SNA_shell_s3  (50 task rows, 306 layer rows, 2438.0s)
