[    33.4s] SNA l2:1e-3 seed=2 task 1/50
[    67.5s] SNA l2:1e-3 seed=2 task 2/50
[   110.2s] SNA l2:1e-3 seed=2 task 3/50
[   153.6s] SNA l2:1e-3 seed=2 task 4/50
[   196.5s] SNA l2:1e-3 seed=2 task 5/50
[   240.5s] SNA l2:1e-3 seed=2 task 6/50
[   284.5s] SNA l2:1e-3 seed=2 task 7/50
[   328.5s] SNA l2:1e-3 seed=2 task 8/50
[   372.4s] SNA l2:1e-3 seed=2 task 9/50
[   416.4s] SNA l2:1e-3 seed=2 task 10/50
[   460.2s] SNA l2:1e-3 seed=2 task 11/50
[   504.2s] SNA l2:1e-3 seed=2 task 12/50
[   548.2s] SNA l2:1e-3 seed=2 task 13/50
[   592.1s] SNA l2:1e-3 seed=2 task 14/50
[   636.1s] SNA l2:1e-3 seed=2 task 15/50
[   680.1s] SNA l2:1e-3 seed=2 task 16/50
[   724.2s] SNA l2:1e-3 seed=2 task 17/50
[   768.2s] SNA l2:1e-3 seed=2 task 18/50
[   811.7s] SNA l2:1e-3 seed=2 task 19/50
[   855.3s] SNA l2:1e-3 seed=2 task 20/50
[   898.9s] SNA l2:1e-3 seed=2 task 21/50
[   942.4s] SNA l2:1e-3 seed=2 task 22/50
[   986.0s] SNA l2:1e-3 seed=2 task 23/50
[  1030.1s] SNA l2:1e-3 seed=2 task 24/50
[  1073.7s] SNA l2:1e-3 seed=2 task 25/50
[  1117.4s] SNA l2:1e-3 seed=2 task 26/50
[  1161.1s] SNA l2:1e-3 seed=2 task 27/50
[  1204.7s] SNA l2:1e-3 seed=2 task 28/50
[  1248.3s] SNA l2:1e-3 seed=2 task 29/50
[  1292.0s] SNA l2:1e-3 seed=2 task 30/50
[  1336.0s] SNA l2:1e-3 seed=2 task 31/50
[  1379.9s] SNA l2:1e-3 seed=2 task 32/50
[  1424.1s] SNA l2:1e-3 seed=2 task 33/50
[  1468.1s] SNA l2:1e-3 seed=2 task 34/50
[  1512.0s] SNA l2:1e-3 seed=2 task 35/50
[  1555.9s] SNA l2:1e-3 seed=2 task 36/50
[  1599.8s] SNA l2:1e-3 seed=2 task 37/50
[  1643.7s] SNA l2:1e-3 seed=2 task 38/50
[  1687.5s] SNA l2:1e-3 seed=2 task 39/50
[  1731.1s] SNA l2:1e-3 seed=2 task 40/50
[  1774.7s] SNA l2:1e-3 seed=2 task 41/50
[  1818.2s] SNA l2:1e-3 seed=2 task 42/50
[  1861.8s] SNA l2:1e-3 seed=2 task 43/50
[  1905.7s] SNA l2:1e-3 seed=2 task 44/50
[  1949.6s] SNA l2:1e-3 seed=2 task 45/50
[  1993.4s] SNA l2:1e-3 seed=2 task 46/50
[  2037.4s] SNA l2:1e-3 seed=2 task 47/50
[  2081.4s] SNA l2:1e-3 seed=2 task 48/50
[  2125.0s] SNA l2:1e-3 seed=2 task 49/50
[  2168.7s] SNA l2:1e-3 seed=2 task 50/50
[  2169.0s] done SNA l2:1e-3 seed=2 tasks=50 2168.7s
wrote results/shell_l2_rlmnist_0913/runs/SNA_l2_s2  (50 task rows, 306 layer rows, 2169.0s)
