[    47.6s] SNA shell:1e-3 seed=8 task 1/50
[    95.2s] SNA shell:1e-3 seed=8 task 2/50
[   143.6s] SNA shell:1e-3 seed=8 task 3/50
[   192.6s] SNA shell:1e-3 seed=8 task 4/50
[   241.5s] SNA shell:1e-3 seed=8 task 5/50
[   290.7s] SNA shell:1e-3 seed=8 task 6/50
[   339.9s] SNA shell:1e-3 seed=8 task 7/50
[   389.2s] SNA shell:1e-3 seed=8 task 8/50
[   438.5s] SNA shell:1e-3 seed=8 task 9/50
[   487.9s] SNA shell:1e-3 seed=8 task 10/50
[   537.4s] SNA shell:1e-3 seed=8 task 11/50
[   586.7s] SNA shell:1e-3 seed=8 task 12/50
[   636.0s] SNA shell:1e-3 seed=8 task 13/50
[   685.3s] SNA shell:1e-3 seed=8 task 14/50
[   734.5s] SNA shell:1e-3 seed=8 task 15/50
[   783.8s] SNA shell:1e-3 seed=8 task 16/50
[   833.0s] SNA shell:1e-3 seed=8 task 17/50
[   882.3s] SNA shell:1e-3 seed=8 task 18/50
[   931.7s] SNA shell:1e-3 seed=8 task 19/50
[   981.0s] SNA shell:1e-3 seed=8 task 20/50
[  1030.5s] SNA shell:1e-3 seed=8 task 21/50
[  1080.5s] SNA shell:1e-3 seed=8 task 22/50
[  1130.5s] SNA shell:1e-3 seed=8 task 23/50
[  1180.6s] SNA shell:1e-3 seed=8 task 24/50
[  1230.6s] SNA shell:1e-3 seed=8 task 25/50
[  1280.6s] SNA shell:1e-3 seed=8 task 26/50
[  1330.7s] SNA shell:1e-3 seed=8 task 27/50
[  1381.1s] SNA shell:1e-3 seed=8 task 28/50
[  1431.2s] SNA shell:1e-3 seed=8 task 29/50
[  1481.5s] SNA shell:1e-3 seed=8 task 30/50
[  1531.7s] SNA shell:1e-3 seed=8 task 31/50
[  1582.1s] SNA shell:1e-3 seed=8 task 32/50
[  1631.7s] SNA shell:1e-3 seed=8 task 33/50
[  1681.2s] SNA shell:1e-3 seed=8 task 34/50
[  1730.9s] SNA shell:1e-3 seed=8 task 35/50
[  1780.5s] SNA shell:1e-3 seed=8 task 36/50
[  1830.0s] SNA shell:1e-3 seed=8 task 37/50
[  1879.6s] SNA shell:1e-3 seed=8 task 38/50
[  1929.1s] SNA shell:1e-3 seed=8 task 39/50
[  1979.3s] SNA shell:1e-3 seed=8 task 40/50
[  2029.3s] SNA shell:1e-3 seed=8 task 41/50
[  2079.1s] SNA shell:1e-3 seed=8 task 42/50
[  2129.1s] SNA shell:1e-3 seed=8 task 43/50
[  2179.2s] SNA shell:1e-3 seed=8 task 44/50
[  2229.3s] SNA shell:1e-3 seed=8 task 45/50
[  2279.5s] SNA shell:1e-3 seed=8 task 46/50
[  2329.8s] SNA shell:1e-3 seed=8 task 47/50
[  2380.0s] SNA shell:1e-3 seed=8 task 48/50
[  2430.3s] SNA shell:1e-3 seed=8 task 49/50
[  2480.6s] SNA shell:1e-3 seed=8 task 50/50
[  2480.9s] done SNA shell:1e-3 seed=8 tasks=50 2480.6s
wrote results/shell_l2_rlmnist_0913/runs/SNA_shell_s8  (50 task rows, 306 layer rows, 2480.9s)
