[     5.9s] seed=0 prefix task 1/22 online 0.7915
[    10.0s] seed=0 prefix task 2/22 online 0.7690
[    14.5s] seed=0 prefix task 3/22 online 0.7931
[    18.6s] seed=0 prefix task 4/22 online 0.7400
[    22.5s] seed=0 prefix task 5/22 online 0.6830
[    26.6s] seed=0 prefix task 6/22 online 0.5035
[    30.6s] seed=0 prefix task 7/22 online 0.2808
[    34.7s] seed=0 prefix task 8/22 online 0.2398
[    38.9s] seed=0 prefix task 9/22 online 0.1631
[    43.0s] seed=0 prefix task 10/22 online 0.1313
[    47.0s] seed=0 prefix task 11/22 online 0.1273
[    52.3s] seed=0 prefix task 12/22 online 0.1220
[    56.6s] seed=0 prefix task 13/22 online 0.1117
[    60.9s] seed=0 prefix task 14/22 online 0.1134
[    65.3s] seed=0 prefix task 15/22 online 0.1098
[    69.8s] seed=0 prefix task 16/22 online 0.1098
[    74.6s] seed=0 prefix task 17/22 online 0.1081
[    79.7s] seed=0 prefix task 18/22 online 0.1004
[    84.8s] seed=0 prefix task 19/22 online 0.1023
[    89.9s] seed=0 prefix task 20/22 online 0.1058
[    95.0s] seed=0 prefix task 21/22 online 0.0994
[   102.1s] seed=0 prefix task 22/22 online 0.1012
[    11.7s] seed=0 arm S2_5r: t3 0.7808 t4 0.9004
[    11.7s] seed=0 arm S2_7r: t3 0.6334 t4 0.6856
[    11.5s] seed=0 arm S2_10r: t3 0.4130 t4 0.4175
[    11.3s] seed=0 arm S2_15r: t3 0.2899 t4 0.2835
[    11.3s] seed=0 arm S2_20r: t3 0.2670 t4 0.2787
[    10.8s] seed=0 arm S2_10: t3 0.3534 t4 0.4047
[    11.1s] seed=0 arm S2u5r: t3 0.6492 t4 0.7932
[    10.3s] seed=0 arm S2u10r: t3 0.6640 t4 0.6950
[    10.8s] seed=0 arm S2u15r: t3 0.6182 t4 0.6170
[    11.6s] seed=0 arm S2u20r: t3 0.5429 t4 0.6099
[    13.1s] seed=0 arm S2u30r: t3 0.2076 t4 0.2228
[    12.2s] seed=0 arm S1u20r: t3 0.4278 t4 0.6533
[    11.8s] seed=0 arm R2_5: t6 0.9130 t7 0.9138
[    11.8s] seed=0 arm R2_7: t8 0.9101 t9 0.8918
[    11.7s] seed=0 arm R2_10: t11 0.8930 t12 0.8786
[    11.7s] seed=0 arm R2_15: t16 0.8629 t17 0.8362
[    11.8s] seed=0 arm R2_20: t21 0.8583 t22 0.8279
[    11.2s] seed=0 arm R2_10r: t11 0.9117 t12 0.9009
[     9.0s] seed=0 arm N2r: t3 0.7196 t4 0.7417
[     9.2s] seed=0 arm N10r: t11 0.1785 t12 0.1359
[     9.2s] seed=0 arm N2: t3 0.7931 t4 0.7400
[     9.1s] seed=0 arm N5: t6 0.5035 t7 0.2808
[     9.2s] seed=0 arm N7: t8 0.2398 t9 0.1631
[     9.0s] seed=0 arm N10: t11 0.1273 t12 0.1220
[    10.2s] seed=0 arm N15: t16 0.1098 t17 0.1081
[    10.2s] seed=0 arm N20: t21 0.0994 t22 0.1012
wrote results/resp_ee_0917/runs/s0  (22 prefix rows, 52 arm rows, 384.6s)
