[     6.1s] seed=1 prefix task 1/22 online 0.7876
[    10.6s] seed=1 prefix task 2/22 online 0.7458
[    14.8s] seed=1 prefix task 3/22 online 0.7910
[    20.0s] seed=1 prefix task 4/22 online 0.7735
[    25.8s] seed=1 prefix task 5/22 online 0.7064
[    30.1s] seed=1 prefix task 6/22 online 0.6181
[    34.3s] seed=1 prefix task 7/22 online 0.3631
[    38.6s] seed=1 prefix task 8/22 online 0.3412
[    43.0s] seed=1 prefix task 9/22 online 0.1791
[    47.8s] seed=1 prefix task 10/22 online 0.1836
[    60.6s] seed=1 prefix task 11/22 online 0.1571
[    73.9s] seed=1 prefix task 12/22 online 0.1280
[    87.5s] seed=1 prefix task 13/22 online 0.1284
[   100.7s] seed=1 prefix task 14/22 online 0.1168
[   114.2s] seed=1 prefix task 15/22 online 0.1223
[   127.9s] seed=1 prefix task 16/22 online 0.1144
[   141.6s] seed=1 prefix task 17/22 online 0.1124
[   155.3s] seed=1 prefix task 18/22 online 0.1110
[   161.5s] seed=1 prefix task 19/22 online 0.1186
[   168.7s] seed=1 prefix task 20/22 online 0.1030
[   173.5s] seed=1 prefix task 21/22 online 0.1013
[   178.5s] seed=1 prefix task 22/22 online 0.1044
[    12.4s] seed=1 arm S2_5r: t3 0.7829 t4 0.9029
[    12.3s] seed=1 arm S2_7r: t3 0.7050 t4 0.7801
[    12.0s] seed=1 arm S2_10r: t3 0.5058 t4 0.5035
[    11.8s] seed=1 arm S2_15r: t3 0.3224 t4 0.3070
[    13.1s] seed=1 arm S2_20r: t3 0.2704 t4 0.2659
[    12.4s] seed=1 arm S2_10: t3 0.4765 t4 0.5189
[    12.7s] seed=1 arm S2u5r: t3 0.5995 t4 0.8318
[    12.5s] seed=1 arm S2u10r: t3 0.6491 t4 0.7449
[    11.7s] seed=1 arm S2u15r: t3 0.6129 t4 0.6906
[    14.3s] seed=1 arm S2u20r: t3 0.4734 t4 0.5917
[    13.8s] seed=1 arm S2u30r: t3 0.2121 t4 0.2211
[    12.5s] seed=1 arm S1u20r: t3 0.4079 t4 0.6124
[    12.1s] seed=1 arm R2_5: t6 0.9228 t7 0.9100
[    12.1s] seed=1 arm R2_7: t8 0.9288 t9 0.9158
[    11.8s] seed=1 arm R2_10: t11 0.9030 t12 0.8839
[    12.3s] seed=1 arm R2_15: t16 0.8535 t17 0.8227
[    12.2s] seed=1 arm R2_20: t21 0.8327 t22 0.8167
[    12.3s] seed=1 arm R2_10r: t11 0.9193 t12 0.9117
[     9.5s] seed=1 arm N2r: t3 0.7157 t4 0.7495
[     9.5s] seed=1 arm N10r: t11 0.1718 t12 0.1324
[     9.4s] seed=1 arm N2: t3 0.7910 t4 0.7735
[     9.1s] seed=1 arm N5: t6 0.6181 t7 0.3631
[     8.9s] seed=1 arm N7: t8 0.3412 t9 0.1791
[     8.8s] seed=1 arm N10: t11 0.1571 t12 0.1280
[     9.2s] seed=1 arm N15: t16 0.1144 t17 0.1124
[     9.9s] seed=1 arm N20: t21 0.1013 t22 0.1044
wrote results/resp_ee_0917/runs/s1  (22 prefix rows, 52 arm rows, 477.4s)
