[     5.0s] seed=2 prefix task 1/22 online 0.7992
[     9.5s] seed=2 prefix task 2/22 online 0.7609
[    16.4s] seed=2 prefix task 3/22 online 0.7843
[    21.8s] seed=2 prefix task 4/22 online 0.7390
[    26.4s] seed=2 prefix task 5/22 online 0.7037
[    31.0s] seed=2 prefix task 6/22 online 0.5772
[    35.5s] seed=2 prefix task 7/22 online 0.3327
[    41.4s] seed=2 prefix task 8/22 online 0.2416
[    45.8s] seed=2 prefix task 9/22 online 0.1752
[    51.2s] seed=2 prefix task 10/22 online 0.1417
[    55.8s] seed=2 prefix task 11/22 online 0.1314
[    60.2s] seed=2 prefix task 12/22 online 0.1340
[    64.6s] seed=2 prefix task 13/22 online 0.1219
[    69.1s] seed=2 prefix task 14/22 online 0.1245
[    73.5s] seed=2 prefix task 15/22 online 0.1131
[    78.0s] seed=2 prefix task 16/22 online 0.1204
[    87.6s] seed=2 prefix task 17/22 online 0.1201
[    96.7s] seed=2 prefix task 18/22 online 0.1091
[   101.3s] seed=2 prefix task 19/22 online 0.1122
[   105.8s] seed=2 prefix task 20/22 online 0.1139
[   110.5s] seed=2 prefix task 21/22 online 0.1074
[   115.1s] seed=2 prefix task 22/22 online 0.1106
[    11.3s] seed=2 arm S2_5r: t3 0.7836 t4 0.8951
[    11.2s] seed=2 arm S2_7r: t3 0.6964 t4 0.7981
[    19.2s] seed=2 arm S2_10r: t3 0.4186 t4 0.4228
[    18.7s] seed=2 arm S2_15r: t3 0.3331 t4 0.3394
[    13.3s] seed=2 arm S2_20r: t3 0.2695 t4 0.3089
[    14.2s] seed=2 arm S2_10: t3 0.3527 t4 0.3895
[    13.6s] seed=2 arm S2u5r: t3 0.6593 t4 0.8151
[    12.4s] seed=2 arm S2u10r: t3 0.6938 t4 0.7697
[    25.7s] seed=2 arm S2u15r: t3 0.6106 t4 0.6546
[    31.2s] seed=2 arm S2u20r: t3 0.5324 t4 0.5679
[    34.3s] seed=2 arm S2u30r: t3 0.2168 t4 0.2136
[    31.9s] seed=2 arm S1u20r: t3 0.4249 t4 0.6234
[    32.5s] seed=2 arm R2_5: t6 0.9101 t7 0.8971
[    32.3s] seed=2 arm R2_7: t8 0.9142 t9 0.9013
[    30.1s] seed=2 arm R2_10: t11 0.8990 t12 0.8841
[    23.6s] seed=2 arm R2_15: t16 0.8654 t17 0.8385
[    19.4s] seed=2 arm R2_20: t21 0.8380 t22 0.8098
[    10.8s] seed=2 arm R2_10r: t11 0.9071 t12 0.9045
[     9.0s] seed=2 arm N2r: t3 0.7224 t4 0.7221
[     8.7s] seed=2 arm N10r: t11 0.1622 t12 0.1342
[     9.1s] seed=2 arm N2: t3 0.7843 t4 0.7390
[     9.0s] seed=2 arm N5: t6 0.5772 t7 0.3327
[    17.7s] seed=2 arm N7: t8 0.2416 t9 0.1752
[     9.9s] seed=2 arm N10: t11 0.1314 t12 0.1340
[     9.4s] seed=2 arm N15: t16 0.1204 t17 0.1201
[     9.7s] seed=2 arm N20: t21 0.1074 t22 0.1106
wrote results/resp_ee_0917/runs/s2  (22 prefix rows, 52 arm rows, 583.9s)
