[     4.6s] seed=3 prefix task 1/22 online 0.7920
[     9.1s] seed=3 prefix task 2/22 online 0.7828
[    13.5s] seed=3 prefix task 3/22 online 0.7810
[    18.2s] seed=3 prefix task 4/22 online 0.7724
[    22.8s] seed=3 prefix task 5/22 online 0.6951
[    27.4s] seed=3 prefix task 6/22 online 0.5435
[    31.8s] seed=3 prefix task 7/22 online 0.2991
[    36.3s] seed=3 prefix task 8/22 online 0.1836
[    41.1s] seed=3 prefix task 9/22 online 0.1950
[    45.7s] seed=3 prefix task 10/22 online 0.1561
[    50.4s] seed=3 prefix task 11/22 online 0.1242
[    55.0s] seed=3 prefix task 12/22 online 0.1313
[    59.4s] seed=3 prefix task 13/22 online 0.1468
[    63.8s] seed=3 prefix task 14/22 online 0.1241
[    68.2s] seed=3 prefix task 15/22 online 0.1179
[    72.8s] seed=3 prefix task 16/22 online 0.1018
[    77.3s] seed=3 prefix task 17/22 online 0.1042
[    83.5s] seed=3 prefix task 18/22 online 0.1142
[    88.3s] seed=3 prefix task 19/22 online 0.1045
[    93.1s] seed=3 prefix task 20/22 online 0.1034
[    99.8s] seed=3 prefix task 21/22 online 0.1015
[   107.0s] seed=3 prefix task 22/22 online 0.1031
[    10.8s] seed=3 arm S2_5r: t3 0.7853 t4 0.8915
[    11.1s] seed=3 arm S2_7r: t3 0.6698 t4 0.7293
[    11.9s] seed=3 arm S2_10r: t3 0.4791 t4 0.4843
[    11.7s] seed=3 arm S2_15r: t3 0.3272 t4 0.2933
[    11.4s] seed=3 arm S2_20r: t3 0.2550 t4 0.2434
[    11.5s] seed=3 arm S2_10: t3 0.4001 t4 0.4382
[    11.9s] seed=3 arm S2u5r: t3 0.6187 t4 0.8232
[    11.7s] seed=3 arm S2u10r: t3 0.6496 t4 0.7264
[    11.6s] seed=3 arm S2u15r: t3 0.6090 t4 0.5934
[    11.7s] seed=3 arm S2u20r: t3 0.5857 t4 0.6022
[    12.6s] seed=3 arm S2u30r: t3 0.2213 t4 0.2257
[    12.1s] seed=3 arm S1u20r: t3 0.4317 t4 0.5762
[    12.0s] seed=3 arm R2_5: t6 0.9198 t7 0.9224
[    11.7s] seed=3 arm R2_7: t8 0.9138 t9 0.9053
[    11.6s] seed=3 arm R2_10: t11 0.9065 t12 0.8756
[    11.7s] seed=3 arm R2_15: t16 0.8652 t17 0.8323
[    11.1s] seed=3 arm R2_20: t21 0.8152 t22 0.7642
[    11.8s] seed=3 arm R2_10r: t11 0.9218 t12 0.8956
[     9.4s] seed=3 arm N2r: t3 0.7356 t4 0.7633
[     9.4s] seed=3 arm N10r: t11 0.1605 t12 0.1324
[     9.3s] seed=3 arm N2: t3 0.7810 t4 0.7724
[     9.9s] seed=3 arm N5: t6 0.5435 t7 0.2991
[     9.9s] seed=3 arm N7: t8 0.1836 t9 0.1950
[    10.2s] seed=3 arm N10: t11 0.1242 t12 0.1313
[    10.3s] seed=3 arm N15: t16 0.1018 t17 0.1042
[    10.5s] seed=3 arm N20: t21 0.1015 t22 0.1031
wrote results/resp_ee_0917/runs/s3  (22 prefix rows, 52 arm rows, 395.9s)
