[     6.3s] seed=4 prefix task 1/22 online 0.7929
[    11.1s] seed=4 prefix task 2/22 online 0.7380
[    15.8s] seed=4 prefix task 3/22 online 0.7599
[    20.3s] seed=4 prefix task 4/22 online 0.7111
[    24.9s] seed=4 prefix task 5/22 online 0.7005
[    29.3s] seed=4 prefix task 6/22 online 0.5376
[    33.8s] seed=4 prefix task 7/22 online 0.3229
[    38.3s] seed=4 prefix task 8/22 online 0.2557
[    42.6s] seed=4 prefix task 9/22 online 0.1941
[    46.9s] seed=4 prefix task 10/22 online 0.1582
[    51.3s] seed=4 prefix task 11/22 online 0.1177
[    55.7s] seed=4 prefix task 12/22 online 0.1117
[    60.2s] seed=4 prefix task 13/22 online 0.1153
[    69.3s] seed=4 prefix task 14/22 online 0.1200
[    79.8s] seed=4 prefix task 15/22 online 0.1123
[    86.1s] seed=4 prefix task 16/22 online 0.1126
[    90.6s] seed=4 prefix task 17/22 online 0.1107
[    95.1s] seed=4 prefix task 18/22 online 0.1073
[    99.7s] seed=4 prefix task 19/22 online 0.1041
[   104.4s] seed=4 prefix task 20/22 online 0.1037
[   109.1s] seed=4 prefix task 21/22 online 0.1107
[   113.8s] seed=4 prefix task 22/22 online 0.1084
[    10.3s] seed=4 arm S2_5r: t3 0.7909 t4 0.9002
[    10.6s] seed=4 arm S2_7r: t3 0.6770 t4 0.7585
[    10.4s] seed=4 arm S2_10r: t3 0.4803 t4 0.4344
[    10.8s] seed=4 arm S2_15r: t3 0.3468 t4 0.2990
[    13.6s] seed=4 arm S2_20r: t3 0.2392 t4 0.2652
[    12.3s] seed=4 arm S2_10: t3 0.3448 t4 0.4280
[    17.0s] seed=4 arm S2u5r: t3 0.6827 t4 0.8181
[    16.0s] seed=4 arm S2u10r: t3 0.6977 t4 0.7217
[    15.0s] seed=4 arm S2u15r: t3 0.6459 t4 0.6564
[    12.2s] seed=4 arm S2u20r: t3 0.5986 t4 0.5889
[    12.9s] seed=4 arm S2u30r: t3 0.2028 t4 0.2356
[    11.0s] seed=4 arm S1u20r: t3 0.3981 t4 0.5988
[    10.4s] seed=4 arm R2_5: t6 0.9104 t7 0.9019
[    10.4s] seed=4 arm R2_7: t8 0.9225 t9 0.9090
[    10.8s] seed=4 arm R2_10: t11 0.8914 t12 0.8789
[    10.8s] seed=4 arm R2_15: t16 0.8820 t17 0.8472
[    11.0s] seed=4 arm R2_20: t21 0.8409 t22 0.8154
[    13.9s] seed=4 arm R2_10r: t11 0.9052 t12 0.9147
[     9.4s] seed=4 arm N2r: t3 0.7174 t4 0.7370
[     9.5s] seed=4 arm N10r: t11 0.1415 t12 0.1361
[    18.1s] seed=4 arm N2: t3 0.7599 t4 0.7111
[     9.1s] seed=4 arm N5: t6 0.5376 t7 0.3229
[     9.8s] seed=4 arm N7: t8 0.2557 t9 0.1941
[     8.8s] seed=4 arm N10: t11 0.1177 t12 0.1117
[     9.4s] seed=4 arm N15: t16 0.1126 t17 0.1107
[    13.9s] seed=4 arm N20: t21 0.1107 t22 0.1084
wrote results/resp_ee_0917/runs/s4  (22 prefix rows, 52 arm rows, 421.7s)
