[    11.7s] seed=5 prefix task 1/22 online 0.8077
[    18.3s] seed=5 prefix task 2/22 online 0.7662
[    22.7s] seed=5 prefix task 3/22 online 0.7735
[    28.2s] seed=5 prefix task 4/22 online 0.6666
[    32.5s] seed=5 prefix task 5/22 online 0.4263
[    37.0s] seed=5 prefix task 6/22 online 0.3244
[    42.5s] seed=5 prefix task 7/22 online 0.1716
[    46.8s] seed=5 prefix task 8/22 online 0.1698
[    50.9s] seed=5 prefix task 9/22 online 0.1411
[    55.0s] seed=5 prefix task 10/22 online 0.1229
[    59.4s] seed=5 prefix task 11/22 online 0.1144
[    63.6s] seed=5 prefix task 12/22 online 0.1080
[    67.8s] seed=5 prefix task 13/22 online 0.1102
[    72.1s] seed=5 prefix task 14/22 online 0.1029
[    81.0s] seed=5 prefix task 15/22 online 0.1048
[    95.6s] seed=5 prefix task 16/22 online 0.0998
[   110.9s] seed=5 prefix task 17/22 online 0.0967
[   126.6s] seed=5 prefix task 18/22 online 0.1010
[   141.2s] seed=5 prefix task 19/22 online 0.1051
[   147.2s] seed=5 prefix task 20/22 online 0.1077
[   156.5s] seed=5 prefix task 21/22 online 0.1066
[   164.8s] seed=5 prefix task 22/22 online 0.1033
[    11.8s] seed=5 arm S2_5r: t3 0.7549 t4 0.8657
[    12.2s] seed=5 arm S2_7r: t3 0.5693 t4 0.5938
[    15.1s] seed=5 arm S2_10r: t3 0.3270 t4 0.3649
[    14.3s] seed=5 arm S2_15r: t3 0.2516 t4 0.2878
[    17.9s] seed=5 arm S2_20r: t3 0.2428 t4 0.2338
[    25.2s] seed=5 arm S2_10: t3 0.2994 t4 0.3297
[    15.3s] seed=5 arm S2u5r: t3 0.6463 t4 0.7776
[    17.3s] seed=5 arm S2u10r: t3 0.6758 t4 0.7437
[    21.7s] seed=5 arm S2u15r: t3 0.6512 t4 0.6447
[    12.3s] seed=5 arm S2u20r: t3 0.5617 t4 0.6039
[    12.1s] seed=5 arm S2u30r: t3 0.2138 t4 0.2252
[    23.0s] seed=5 arm S1u20r: t3 0.5087 t4 0.7339
[    32.4s] seed=5 arm R2_5: t6 0.9137 t7 0.9023
[    17.2s] seed=5 arm R2_7: t8 0.8993 t9 0.8612
[    11.2s] seed=5 arm R2_10: t11 0.8700 t12 0.8263
[    11.4s] seed=5 arm R2_15: t16 0.7999 t17 0.7163
[    11.5s] seed=5 arm R2_20: t21 0.7091 t22 0.4399
[    11.7s] seed=5 arm R2_10r: t11 0.9066 t12 0.8673
[     9.4s] seed=5 arm N2r: t3 0.7053 t4 0.6600
[    12.2s] seed=5 arm N10r: t11 0.1546 t12 0.1183
[     9.0s] seed=5 arm N2: t3 0.7735 t4 0.6666
[     9.3s] seed=5 arm N5: t6 0.3244 t7 0.1716
[     9.7s] seed=5 arm N7: t8 0.1698 t9 0.1411
[    13.2s] seed=5 arm N10: t11 0.1144 t12 0.1080
[    24.5s] seed=5 arm N15: t16 0.0998 t17 0.0967
[    28.8s] seed=5 arm N20: t21 0.1066 t22 0.1033
wrote results/resp_ee_0917/runs/s5  (22 prefix rows, 52 arm rows, 574.9s)
