[    12.7s] seed=6 prefix task 1/22 online 0.7884
[    25.6s] seed=6 prefix task 2/22 online 0.7672
[    38.8s] seed=6 prefix task 3/22 online 0.7656
[    52.1s] seed=6 prefix task 4/22 online 0.7531
[    63.7s] seed=6 prefix task 5/22 online 0.6994
[    72.2s] seed=6 prefix task 6/22 online 0.6510
[    78.9s] seed=6 prefix task 7/22 online 0.5050
[    83.1s] seed=6 prefix task 8/22 online 0.4007
[    87.3s] seed=6 prefix task 9/22 online 0.2721
[    91.6s] seed=6 prefix task 10/22 online 0.2219
[    96.1s] seed=6 prefix task 11/22 online 0.1928
[   100.4s] seed=6 prefix task 12/22 online 0.1271
[   104.8s] seed=6 prefix task 13/22 online 0.1388
[   109.2s] seed=6 prefix task 14/22 online 0.1325
[   113.7s] seed=6 prefix task 15/22 online 0.1071
[   118.3s] seed=6 prefix task 16/22 online 0.1062
[   123.0s] seed=6 prefix task 17/22 online 0.1072
[   127.7s] seed=6 prefix task 18/22 online 0.1047
[   132.5s] seed=6 prefix task 19/22 online 0.1122
[   137.5s] seed=6 prefix task 20/22 online 0.1066
[   142.8s] seed=6 prefix task 21/22 online 0.1108
[   148.1s] seed=6 prefix task 22/22 online 0.1055
[    11.6s] seed=6 arm S2_5r: t3 0.7808 t4 0.8982
[    12.0s] seed=6 arm S2_7r: t3 0.7322 t4 0.8486
[    11.7s] seed=6 arm S2_10r: t3 0.5788 t4 0.5685
[    13.1s] seed=6 arm S2_15r: t3 0.2963 t4 0.2907
[    18.5s] seed=6 arm S2_20r: t3 0.2277 t4 0.2464
[    11.9s] seed=6 arm S2_10: t3 0.4853 t4 0.5587
[    14.5s] seed=6 arm S2u5r: t3 0.6528 t4 0.8236
[    15.0s] seed=6 arm S2u10r: t3 0.7021 t4 0.7871
[    14.1s] seed=6 arm S2u15r: t3 0.6659 t4 0.7101
[    11.4s] seed=6 arm S2u20r: t3 0.5562 t4 0.5765
[    12.6s] seed=6 arm S2u30r: t3 0.2106 t4 0.2224
[    12.1s] seed=6 arm S1u20r: t3 0.3362 t4 0.4974
[    11.7s] seed=6 arm R2_5: t6 0.9132 t7 0.8895
[    14.3s] seed=6 arm R2_7: t8 0.9143 t9 0.9026
[    32.3s] seed=6 arm R2_10: t11 0.9186 t12 0.9026
[    32.9s] seed=6 arm R2_15: t16 0.8725 t17 0.8641
[    33.1s] seed=6 arm R2_20: t21 0.8355 t22 0.8064
[    20.0s] seed=6 arm R2_10r: t11 0.9016 t12 0.9092
[     9.5s] seed=6 arm N2r: t3 0.7172 t4 0.7446
[     9.4s] seed=6 arm N10r: t11 0.1979 t12 0.1321
[    11.8s] seed=6 arm N2: t3 0.7656 t4 0.7531
[     9.4s] seed=6 arm N5: t6 0.6510 t7 0.5050
[    12.2s] seed=6 arm N7: t8 0.4007 t9 0.2721
[     9.2s] seed=6 arm N10: t11 0.1928 t12 0.1271
[     9.5s] seed=6 arm N15: t16 0.1062 t17 0.1072
[    10.5s] seed=6 arm N20: t21 0.1108 t22 0.1055
wrote results/resp_ee_0917/runs/s6  (22 prefix rows, 52 arm rows, 532.7s)
