[     4.6s] seed=8 prefix task 1/22 online 0.8092
[     9.3s] seed=8 prefix task 2/22 online 0.7614
[    20.8s] seed=8 prefix task 3/22 online 0.7653
[    30.0s] seed=8 prefix task 4/22 online 0.7927
[    34.6s] seed=8 prefix task 5/22 online 0.6955
[    39.2s] seed=8 prefix task 6/22 online 0.5455
[    49.4s] seed=8 prefix task 7/22 online 0.3550
[    55.5s] seed=8 prefix task 8/22 online 0.2883
[    59.7s] seed=8 prefix task 9/22 online 0.2123
[    63.9s] seed=8 prefix task 10/22 online 0.1630
[    68.1s] seed=8 prefix task 11/22 online 0.1259
[    72.3s] seed=8 prefix task 12/22 online 0.1167
[    76.5s] seed=8 prefix task 13/22 online 0.1072
[    80.7s] seed=8 prefix task 14/22 online 0.1078
[    84.8s] seed=8 prefix task 15/22 online 0.1051
[    89.1s] seed=8 prefix task 16/22 online 0.1242
[    93.6s] seed=8 prefix task 17/22 online 0.1102
[    98.2s] seed=8 prefix task 18/22 online 0.0948
[   102.8s] seed=8 prefix task 19/22 online 0.0956
[   107.6s] seed=8 prefix task 20/22 online 0.1062
[   112.6s] seed=8 prefix task 21/22 online 0.1041
[   117.6s] seed=8 prefix task 22/22 online 0.1003
[    11.6s] seed=8 arm S2_5r: t3 0.8023 t4 0.9097
[    11.6s] seed=8 arm S2_7r: t3 0.7075 t4 0.7930
[    11.8s] seed=8 arm S2_10r: t3 0.4456 t4 0.4578
[    12.3s] seed=8 arm S2_15r: t3 0.2834 t4 0.2810
[    12.2s] seed=8 arm S2_20r: t3 0.2292 t4 0.2626
[    11.6s] seed=8 arm S2_10: t3 0.3290 t4 0.4622
[    12.2s] seed=8 arm S2u5r: t3 0.6779 t4 0.8286
[    11.4s] seed=8 arm S2u10r: t3 0.6878 t4 0.7674
[    11.3s] seed=8 arm S2u15r: t3 0.6521 t4 0.6664
[    11.2s] seed=8 arm S2u20r: t3 0.6036 t4 0.6090
[    12.4s] seed=8 arm S2u30r: t3 0.2002 t4 0.2329
[    11.8s] seed=8 arm S1u20r: t3 0.3485 t4 0.5528
[    10.8s] seed=8 arm R2_5: t6 0.9175 t7 0.9132
[    10.4s] seed=8 arm R2_7: t8 0.9232 t9 0.9036
[    10.7s] seed=8 arm R2_10: t11 0.8880 t12 0.8568
[    10.8s] seed=8 arm R2_15: t16 0.8641 t17 0.8091
[    10.6s] seed=8 arm R2_20: t21 0.8253 t22 0.7416
[    10.7s] seed=8 arm R2_10r: t11 0.9201 t12 0.8757
[     8.3s] seed=8 arm N2r: t3 0.7591 t4 0.8132
[     8.5s] seed=8 arm N10r: t11 0.1471 t12 0.1175
[     8.6s] seed=8 arm N2: t3 0.7653 t4 0.7927
[     8.6s] seed=8 arm N5: t6 0.5455 t7 0.3550
[     8.5s] seed=8 arm N7: t8 0.2883 t9 0.2123
[     8.3s] seed=8 arm N10: t11 0.1259 t12 0.1167
[     8.9s] seed=8 arm N15: t16 0.1242 t17 0.1102
[     9.8s] seed=8 arm N20: t21 0.1041 t22 0.1003
wrote results/resp_ee_0917/runs/s8  (22 prefix rows, 52 arm rows, 392.9s)
