[     8.7s] seed=9 prefix task 1/22 online 0.8000
[    18.8s] seed=9 prefix task 2/22 online 0.7772
[    26.0s] seed=9 prefix task 3/22 online 0.7929
[    30.5s] seed=9 prefix task 4/22 online 0.7707
[    34.9s] seed=9 prefix task 5/22 online 0.7316
[    39.0s] seed=9 prefix task 6/22 online 0.6403
[    46.1s] seed=9 prefix task 7/22 online 0.4627
[    52.7s] seed=9 prefix task 8/22 online 0.3026
[    58.2s] seed=9 prefix task 9/22 online 0.1990
[    62.5s] seed=9 prefix task 10/22 online 0.1492
[    66.9s] seed=9 prefix task 11/22 online 0.1347
[    71.1s] seed=9 prefix task 12/22 online 0.1203
[    75.5s] seed=9 prefix task 13/22 online 0.1115
[    79.8s] seed=9 prefix task 14/22 online 0.1127
[    84.0s] seed=9 prefix task 15/22 online 0.1056
[    88.6s] seed=9 prefix task 16/22 online 0.1017
[    93.2s] seed=9 prefix task 17/22 online 0.1029
[    98.1s] seed=9 prefix task 18/22 online 0.1002
[   103.2s] seed=9 prefix task 19/22 online 0.1069
[   108.1s] seed=9 prefix task 20/22 online 0.1011
[   113.0s] seed=9 prefix task 21/22 online 0.1086
[   117.9s] seed=9 prefix task 22/22 online 0.1003
[     9.8s] seed=9 arm S2_5r: t3 0.7885 t4 0.9025
[     9.7s] seed=9 arm S2_7r: t3 0.7209 t4 0.8415
[     9.6s] seed=9 arm S2_10r: t3 0.5051 t4 0.5024
[     9.7s] seed=9 arm S2_15r: t3 0.2652 t4 0.2631
[     9.9s] seed=9 arm S2_20r: t3 0.2437 t4 0.2338
[     9.5s] seed=9 arm S2_10: t3 0.4468 t4 0.4480
[    10.2s] seed=9 arm S2u5r: t3 0.6518 t4 0.8203
[     9.7s] seed=9 arm S2u10r: t3 0.6897 t4 0.7322
[     9.9s] seed=9 arm S2u15r: t3 0.6413 t4 0.6989
[     9.4s] seed=9 arm S2u20r: t3 0.5702 t4 0.6172
[    10.8s] seed=9 arm S2u30r: t3 0.2210 t4 0.2277
[    10.0s] seed=9 arm S1u20r: t3 0.3982 t4 0.6456
[     9.6s] seed=9 arm R2_5: t6 0.9223 t7 0.9170
[     9.5s] seed=9 arm R2_7: t8 0.9016 t9 0.8920
[     9.6s] seed=9 arm R2_10: t11 0.8857 t12 0.8729
[     9.7s] seed=9 arm R2_15: t16 0.8551 t17 0.8264
[     9.5s] seed=9 arm R2_20: t21 0.8064 t22 0.7574
[     9.8s] seed=9 arm R2_10r: t11 0.8942 t12 0.9014
[     7.9s] seed=9 arm N2r: t3 0.7298 t4 0.7889
[     7.9s] seed=9 arm N10r: t11 0.2101 t12 0.1386
[     7.8s] seed=9 arm N2: t3 0.7929 t4 0.7707
[     7.8s] seed=9 arm N5: t6 0.6403 t7 0.4627
[     7.8s] seed=9 arm N7: t8 0.3026 t9 0.1990
[     7.8s] seed=9 arm N10: t11 0.1347 t12 0.1203
[     8.4s] seed=9 arm N15: t16 0.1017 t17 0.1029
[    10.0s] seed=9 arm N20: t21 0.1086 t22 0.1003
wrote results/resp_ee_0917/runs/s9  (22 prefix rows, 52 arm rows, 359.4s)
