[18:36:39] CH/std task  1/30 hard alive 10/10 online 0.857 test 0.660 0.65 ms/step  0.1 min, ETA 3.7 min
[18:36:44] CH/std task  2/30 easy alive 10/10 online 0.770 test 0.565 0.65 ms/step  0.2 min, ETA 3.0 min
[18:36:49] CH/std task  3/30 hard alive 10/10 online 0.529 test 0.498 0.65 ms/step  0.3 min, ETA 2.7 min
[18:36:55] CH/std task  4/30 easy alive 10/10 online 0.906 test 0.621 0.65 ms/step  0.4 min, ETA 2.5 min
[18:37:00] CH/std task  5/30 hard alive 10/10 online 0.667 test 0.529 0.65 ms/step  0.5 min, ETA 2.3 min
[18:37:05] CH/std task  6/30 easy alive 10/10 online 0.882 test 0.582 0.65 ms/step  0.6 min, ETA 2.2 min
[18:37:10] CH/std task  7/30 hard alive 10/10 online 0.739 test 0.557 0.65 ms/step  0.6 min, ETA 2.1 min
[18:37:15] CH/std task  8/30 easy alive 10/10 online 0.906 test 0.501 0.65 ms/step  0.7 min, ETA 2.0 min
[18:37:20] CH/std task  9/30 hard alive 10/10 online 0.745 test 0.566 0.65 ms/step  0.8 min, ETA 1.9 min
[18:37:25] CH/std task 10/30 easy alive 10/10 online 0.953 test 0.672 0.65 ms/step  0.9 min, ETA 1.8 min
[18:37:30] CH/std task 11/30 hard alive 10/10 online 0.746 test 0.594 0.65 ms/step  1.0 min, ETA 1.7 min
[18:37:35] CH/std task 12/30 easy alive 10/10 online 0.929 test 0.497 0.65 ms/step  1.1 min, ETA 1.6 min
[18:37:40] CH/std task 13/30 hard alive 10/10 online 0.738 test 0.610 0.65 ms/step  1.1 min, ETA 1.5 min
[18:37:45] CH/std task 14/30 easy alive 10/10 online 0.940 test 0.565 0.65 ms/step  1.2 min, ETA 1.4 min
[18:37:51] CH/std task 15/30 hard alive 10/10 online 0.727 test 0.560 0.65 ms/step  1.3 min, ETA 1.3 min
[18:37:56] CH/std task 16/30 easy alive 10/10 online 0.968 test 0.635 0.65 ms/step  1.4 min, ETA 1.2 min
[18:38:01] CH/std task 17/30 hard alive 10/10 online 0.785 test 0.606 0.65 ms/step  1.5 min, ETA 1.1 min
[18:38:06] CH/std task 18/30 easy alive 10/10 online 0.946 test 0.544 0.65 ms/step  1.6 min, ETA 1.0 min
[18:38:11] CH/std task 19/30 hard alive 10/10 online 0.691 test 0.564 0.65 ms/step  1.7 min, ETA 1.0 min
[18:38:16] CH/std task 20/30 easy alive 10/10 online 0.990 test 0.614 0.65 ms/step  1.7 min, ETA 0.9 min
[18:38:21] CH/std task 21/30 hard alive 10/10 online 0.770 test 0.577 0.65 ms/step  1.8 min, ETA 0.8 min
[18:38:26] CH/std task 22/30 easy alive 10/10 online 0.987 test 0.663 0.65 ms/step  1.9 min, ETA 0.7 min
[18:38:31] CH/std task 23/30 hard alive 10/10 online 0.826 test 0.614 0.65 ms/step  2.0 min, ETA 0.6 min
[18:38:36] CH/std task 24/30 easy alive 10/10 online 0.990 test 0.504 0.65 ms/step  2.1 min, ETA 0.5 min
[18:38:41] CH/std task 25/30 hard alive 10/10 online 0.724 test 0.605 0.65 ms/step  2.2 min, ETA 0.4 min
[18:38:47] CH/std task 26/30 easy alive 10/10 online 0.984 test 0.691 0.65 ms/step  2.2 min, ETA 0.3 min
[18:38:52] CH/std task 27/30 hard alive 10/10 online 0.769 test 0.601 0.65 ms/step  2.3 min, ETA 0.3 min
[18:38:57] CH/std task 28/30 easy alive 10/10 online 0.990 test 0.656 0.65 ms/step  2.4 min, ETA 0.2 min
[18:39:02] CH/std task 29/30 hard alive 10/10 online 0.746 test 0.570 0.65 ms/step  2.5 min, ETA 0.1 min
[18:39:07] CH/std task 30/30 easy alive 10/10 online 0.986 test 0.626 0.65 ms/step  2.6 min, ETA 0.0 min
[18:39:12] CH/std fresh control on task 29: gap median +0.065 (8/10 positive)
wrote results/cifar5p1_mlp_0920/CH_std_x10_7800x7800/per_task.csv (300 rows, 2.7 min)
