[18:45:04] CH/std task  1/30 hard alive 10/10 online 0.857 test 0.660 0.65 ms/step  0.1 min, ETA 3.7 min
[18:45:05] CH/std task  2/30 easy alive 10/10 online 0.905 test 0.602 0.65 ms/step  0.1 min, ETA 1.9 min
[18:45:10] CH/std task  3/30 hard alive 10/10 online 0.525 test 0.571 0.65 ms/step  0.2 min, ETA 2.0 min
[18:45:11] CH/std task  4/30 easy alive 10/10 online 0.913 test 0.821 0.65 ms/step  0.2 min, ETA 1.5 min
[18:45:16] CH/std task  5/30 hard alive 10/10 online 0.643 test 0.576 0.65 ms/step  0.3 min, ETA 1.6 min
[18:45:16] CH/std task  6/30 easy alive 10/10 online 0.905 test 0.784 0.65 ms/step  0.3 min, ETA 1.3 min
[18:45:21] CH/std task  7/30 hard alive 10/10 online 0.749 test 0.602 0.65 ms/step  0.4 min, ETA 1.3 min
[18:45:22] CH/std task  8/30 easy alive 10/10 online 0.919 test 0.792 0.65 ms/step  0.4 min, ETA 1.2 min
[18:45:27] CH/std task  9/30 hard alive 10/10 online 0.786 test 0.623 0.65 ms/step  0.5 min, ETA 1.2 min
[18:45:27] CH/std task 10/30 easy alive 10/10 online 0.934 test 0.813 0.65 ms/step  0.5 min, ETA 1.0 min
[18:45:32] CH/std task 11/30 hard alive 10/10 online 0.783 test 0.623 0.65 ms/step  0.6 min, ETA 1.0 min
[18:45:33] CH/std task 12/30 easy alive 10/10 online 0.949 test 0.794 0.65 ms/step  0.6 min, ETA 0.9 min
[18:45:38] CH/std task 13/30 hard alive 10/10 online 0.847 test 0.664 0.65 ms/step  0.7 min, ETA 0.9 min
[18:45:39] CH/std task 14/30 easy alive 10/10 online 0.948 test 0.851 0.65 ms/step  0.7 min, ETA 0.8 min
[18:45:44] CH/std task 15/30 hard alive 10/10 online 0.840 test 0.647 0.65 ms/step  0.8 min, ETA 0.8 min
[18:45:44] CH/std task 16/30 easy alive 10/10 online 0.939 test 0.839 0.65 ms/step  0.8 min, ETA 0.7 min
[18:45:49] CH/std task 17/30 hard alive 10/10 online 0.789 test 0.648 0.65 ms/step  0.9 min, ETA 0.7 min
[18:45:50] CH/std task 18/30 easy alive 10/10 online 0.937 test 0.818 0.65 ms/step  0.9 min, ETA 0.6 min
[18:45:55] CH/std task 19/30 hard alive 10/10 online 0.790 test 0.618 0.65 ms/step  1.0 min, ETA 0.6 min
[18:45:55] CH/std task 20/30 easy alive 10/10 online 0.925 test 0.832 0.65 ms/step  1.0 min, ETA 0.5 min
[18:46:01] CH/std task 21/30 hard alive 10/10 online 0.765 test 0.608 0.65 ms/step  1.1 min, ETA 0.5 min
[18:46:01] CH/std task 22/30 easy alive 10/10 online 0.925 test 0.845 0.65 ms/step  1.1 min, ETA 0.4 min
[18:46:06] CH/std task 23/30 hard alive 10/10 online 0.804 test 0.634 0.65 ms/step  1.2 min, ETA 0.4 min
[18:46:07] CH/std task 24/30 easy alive 10/10 online 0.928 test 0.828 0.65 ms/step  1.2 min, ETA 0.3 min
[18:46:12] CH/std task 25/30 hard alive 10/10 online 0.800 test 0.636 0.65 ms/step  1.3 min, ETA 0.3 min
[18:46:12] CH/std task 26/30 easy alive 10/10 online 0.928 test 0.801 0.65 ms/step  1.3 min, ETA 0.2 min
[18:46:17] CH/std task 27/30 hard alive 10/10 online 0.793 test 0.628 0.65 ms/step  1.3 min, ETA 0.1 min
[18:46:18] CH/std task 28/30 easy alive 10/10 online 0.936 test 0.833 0.65 ms/step  1.4 min, ETA 0.1 min
[18:46:23] CH/std task 29/30 hard alive 10/10 online 0.780 test 0.598 0.65 ms/step  1.4 min, ETA 0.0 min
[18:46:24] CH/std task 30/30 easy alive 10/10 online 0.926 test 0.823 0.65 ms/step  1.4 min, ETA 0.0 min
[18:46:29] CH/std fresh control on task 29: gap median +0.029 (6/10 positive)
wrote results/cifar5p1_mlp_0920/CH_std_x10_7800x780/per_task.csv (300 rows, 1.5 min)
