[18:46:39] KKT1/std task  1/30 hard alive 10/10 online 0.950 test 0.659 0.74 ms/step  0.1 min, ETA 4.1 min
[18:46:39] KKT1/std task  2/30 easy alive 10/10 online 0.973 test 0.953 0.74 ms/step  0.2 min, ETA 2.1 min
[18:46:45] KKT1/std task  3/30 hard alive 10/10 online 0.950 test 0.667 0.74 ms/step  0.2 min, ETA 2.2 min
[18:46:46] KKT1/std task  4/30 easy alive 10/10 online 0.973 test 0.957 0.74 ms/step  0.3 min, ETA 1.7 min
[18:46:51] KKT1/std task  5/30 hard alive 10/10 online 0.942 test 0.646 0.74 ms/step  0.4 min, ETA 1.8 min
[18:46:52] KKT1/std task  6/30 easy alive 10/10 online 0.971 test 0.958 0.74 ms/step  0.4 min, ETA 1.5 min
[18:46:58] KKT1/std task  7/30 hard alive 10/10 online 0.946 test 0.658 0.74 ms/step  0.5 min, ETA 1.5 min
[18:46:58] KKT1/std task  8/30 easy alive 10/10 online 0.974 test 0.969 0.74 ms/step  0.5 min, ETA 1.3 min
[18:47:04] KKT1/std task  9/30 hard alive 10/10 online 0.946 test 0.648 0.74 ms/step  0.6 min, ETA 1.3 min
[18:47:05] KKT1/std task 10/30 easy alive 10/10 online 0.976 test 0.975 0.74 ms/step  0.6 min, ETA 1.2 min
[18:47:11] KKT1/std task 11/30 hard alive 10/10 online 0.940 test 0.645 0.74 ms/step  0.7 min, ETA 1.2 min
[18:47:11] KKT1/std task 12/30 easy alive 10/10 online 0.974 test 0.969 0.74 ms/step  0.7 min, ETA 1.0 min
[18:47:17] KKT1/std task 13/30 hard alive 10/10 online 0.947 test 0.707 0.74 ms/step  0.8 min, ETA 1.0 min
[18:47:18] KKT1/std task 14/30 easy alive 10/10 online 0.976 test 0.977 0.74 ms/step  0.8 min, ETA 0.9 min
[18:47:24] KKT1/std task 15/30 hard alive 10/10 online 0.940 test 0.666 0.74 ms/step  0.9 min, ETA 0.9 min
[18:47:24] KKT1/std task 16/30 easy alive 10/10 online 0.975 test 0.968 0.74 ms/step  0.9 min, ETA 0.8 min
[18:47:30] KKT1/std task 17/30 hard alive 10/10 online 0.941 test 0.665 0.74 ms/step  1.0 min, ETA 0.8 min
[18:47:31] KKT1/std task 18/30 easy alive 10/10 online 0.973 test 0.980 0.74 ms/step  1.0 min, ETA 0.7 min
[18:47:36] KKT1/std task 19/30 hard alive 10/10 online 0.933 test 0.638 0.74 ms/step  1.1 min, ETA 0.6 min
[18:47:37] KKT1/std task 20/30 easy alive 10/10 online 0.975 test 0.979 0.74 ms/step  1.1 min, ETA 0.6 min
[18:47:43] KKT1/std task 21/30 hard alive 10/10 online 0.929 test 0.639 0.74 ms/step  1.2 min, ETA 0.5 min
[18:47:43] KKT1/std task 22/30 easy alive 10/10 online 0.974 test 0.973 0.74 ms/step  1.2 min, ETA 0.4 min
[18:47:49] KKT1/std task 23/30 hard alive 10/10 online 0.936 test 0.659 0.74 ms/step  1.3 min, ETA 0.4 min
[18:47:50] KKT1/std task 24/30 easy alive 10/10 online 0.974 test 0.974 0.74 ms/step  1.3 min, ETA 0.3 min
[18:47:56] KKT1/std task 25/30 hard alive 10/10 online 0.929 test 0.668 0.74 ms/step  1.4 min, ETA 0.3 min
[18:47:56] KKT1/std task 26/30 easy alive 10/10 online 0.974 test 0.976 0.74 ms/step  1.4 min, ETA 0.2 min
[18:48:02] KKT1/std task 27/30 hard alive 10/10 online 0.931 test 0.662 0.74 ms/step  1.5 min, ETA 0.2 min
[18:48:03] KKT1/std task 28/30 easy alive 10/10 online 0.972 test 0.971 0.74 ms/step  1.5 min, ETA 0.1 min
[18:48:09] KKT1/std task 29/30 hard alive 10/10 online 0.917 test 0.609 0.74 ms/step  1.6 min, ETA 0.1 min
[18:48:09] KKT1/std task 30/30 easy alive 10/10 online 0.974 test 0.977 0.74 ms/step  1.7 min, ETA 0.0 min
[18:48:15] KKT1/std fresh control on task 29: gap median +0.026 (10/10 positive)
wrote results/cifar5p1_mlp_0920/KKT1_std_x10_7800x780/per_task.csv (300 rows, 1.7 min)
