[18:39:22] KKT1/std task  1/30 hard alive 10/10 online 0.950 test 0.659 0.74 ms/step  0.1 min, ETA 4.1 min
[18:39:28] KKT1/std task  2/30 easy alive 10/10 online 0.997 test 0.975 0.74 ms/step  0.2 min, ETA 3.3 min
[18:39:34] KKT1/std task  3/30 hard alive 10/10 online 0.955 test 0.666 0.74 ms/step  0.3 min, ETA 3.0 min
[18:39:39] KKT1/std task  4/30 easy alive 10/10 online 0.997 test 0.978 0.74 ms/step  0.4 min, ETA 2.8 min
[18:39:45] KKT1/std task  5/30 hard alive 10/10 online 0.949 test 0.645 0.74 ms/step  0.5 min, ETA 2.6 min
[18:39:51] KKT1/std task  6/30 easy alive 10/10 online 0.997 test 0.980 0.74 ms/step  0.6 min, ETA 2.5 min
[18:39:57] KKT1/std task  7/30 hard alive 10/10 online 0.953 test 0.661 0.74 ms/step  0.7 min, ETA 2.4 min
[18:40:03] KKT1/std task  8/30 easy alive 10/10 online 0.997 test 0.986 0.74 ms/step  0.8 min, ETA 2.3 min
[18:40:08] KKT1/std task  9/30 hard alive 10/10 online 0.954 test 0.656 0.74 ms/step  0.9 min, ETA 2.1 min
[18:40:14] KKT1/std task 10/30 easy alive 10/10 online 0.998 test 0.981 0.74 ms/step  1.0 min, ETA 2.0 min
[18:40:20] KKT1/std task 11/30 hard alive 10/10 online 0.948 test 0.652 0.74 ms/step  1.1 min, ETA 1.9 min
[18:40:26] KKT1/std task 12/30 easy alive 10/10 online 0.998 test 0.980 0.74 ms/step  1.2 min, ETA 1.8 min
[18:40:32] KKT1/std task 13/30 hard alive 10/10 online 0.953 test 0.693 0.74 ms/step  1.3 min, ETA 1.7 min
[18:40:38] KKT1/std task 14/30 easy alive 10/10 online 0.998 test 0.983 0.74 ms/step  1.4 min, ETA 1.6 min
[18:40:43] KKT1/std task 15/30 hard alive 10/10 online 0.947 test 0.664 0.74 ms/step  1.5 min, ETA 1.5 min
[18:40:49] KKT1/std task 16/30 easy alive 10/10 online 0.997 test 0.989 0.74 ms/step  1.6 min, ETA 1.4 min
[18:40:55] KKT1/std task 17/30 hard alive 10/10 online 0.949 test 0.659 0.74 ms/step  1.7 min, ETA 1.3 min
[18:41:01] KKT1/std task 18/30 easy alive 10/10 online 0.997 test 0.988 0.74 ms/step  1.8 min, ETA 1.2 min
[18:41:07] KKT1/std task 19/30 hard alive 10/10 online 0.939 test 0.652 0.74 ms/step  1.9 min, ETA 1.1 min
[18:41:13] KKT1/std task 20/30 easy alive 10/10 online 0.998 test 0.990 0.74 ms/step  2.0 min, ETA 1.0 min
[18:41:18] KKT1/std task 21/30 hard alive 10/10 online 0.938 test 0.649 0.74 ms/step  2.1 min, ETA 0.9 min
[18:41:24] KKT1/std task 22/30 easy alive 10/10 online 0.997 test 0.990 0.74 ms/step  2.2 min, ETA 0.8 min
[18:41:30] KKT1/std task 23/30 hard alive 10/10 online 0.945 test 0.664 0.74 ms/step  2.3 min, ETA 0.7 min
[18:41:36] KKT1/std task 24/30 easy alive 10/10 online 0.997 test 0.976 0.74 ms/step  2.4 min, ETA 0.6 min
[18:41:42] KKT1/std task 25/30 hard alive 10/10 online 0.941 test 0.665 0.74 ms/step  2.5 min, ETA 0.5 min
[18:41:48] KKT1/std task 26/30 easy alive 10/10 online 0.998 test 0.991 0.74 ms/step  2.6 min, ETA 0.4 min
[18:41:53] KKT1/std task 27/30 hard alive 10/10 online 0.938 test 0.659 0.74 ms/step  2.7 min, ETA 0.3 min
[18:41:59] KKT1/std task 28/30 easy alive 10/10 online 0.997 test 0.984 0.74 ms/step  2.8 min, ETA 0.2 min
[18:42:05] KKT1/std task 29/30 hard alive 10/10 online 0.925 test 0.612 0.74 ms/step  2.9 min, ETA 0.1 min
[18:42:11] KKT1/std task 30/30 easy alive 10/10 online 0.998 test 0.989 0.74 ms/step  3.0 min, ETA 0.0 min
[18:42:17] KKT1/std fresh control on task 29: gap median +0.019 (10/10 positive)
wrote results/cifar5p1_mlp_0920/KKT1_std_x10_7800x7800/per_task.csv (300 rows, 3.1 min)
