[18:42:26] R/std task  1/30 hard alive 10/10 online 0.935 test 0.668 0.63 ms/step  0.1 min, ETA 3.7 min
[18:42:31] R/std task  2/30 easy alive 10/10 online 0.996 test 1.000 0.63 ms/step  0.2 min, ETA 2.9 min
[18:42:36] R/std task  3/30 hard alive 10/10 online 0.943 test 0.674 0.63 ms/step  0.3 min, ETA 2.6 min
[18:42:41] R/std task  4/30 easy alive 10/10 online 0.995 test 1.000 0.63 ms/step  0.4 min, ETA 2.4 min
[18:42:46] R/std task  5/30 hard alive 10/10 online 0.932 test 0.662 0.63 ms/step  0.5 min, ETA 2.3 min
[18:42:51] R/std task  6/30 easy alive 10/10 online 0.993 test 1.000 0.63 ms/step  0.5 min, ETA 2.2 min
[18:42:56] R/std task  7/30 hard alive 10/10 online 0.930 test 0.671 0.63 ms/step  0.6 min, ETA 2.1 min
[18:43:01] R/std task  8/30 easy alive 10/10 online 0.993 test 0.999 0.63 ms/step  0.7 min, ETA 1.9 min
[18:43:06] R/std task  9/30 hard alive 10/10 online 0.928 test 0.660 0.63 ms/step  0.8 min, ETA 1.8 min
[18:43:11] R/std task 10/30 easy alive 10/10 online 0.993 test 1.000 0.63 ms/step  0.9 min, ETA 1.7 min
[18:43:16] R/std task 11/30 hard alive 10/10 online 0.918 test 0.649 0.63 ms/step  1.0 min, ETA 1.7 min
[18:43:20] R/std task 12/30 easy alive 10/10 online 0.993 test 0.997 0.63 ms/step  1.0 min, ETA 1.6 min
[18:43:25] R/std task 13/30 hard alive 10/10 online 0.922 test 0.708 0.63 ms/step  1.1 min, ETA 1.5 min
[18:43:30] R/std task 14/30 easy alive 10/10 online 0.993 test 0.998 0.63 ms/step  1.2 min, ETA 1.4 min
[18:43:35] R/std task 15/30 hard alive 10/10 online 0.911 test 0.651 0.63 ms/step  1.3 min, ETA 1.3 min
[18:43:40] R/std task 16/30 easy alive 10/10 online 0.992 test 0.999 0.63 ms/step  1.4 min, ETA 1.2 min
[18:43:45] R/std task 17/30 hard alive 10/10 online 0.909 test 0.658 0.63 ms/step  1.5 min, ETA 1.1 min
[18:43:50] R/std task 18/30 easy alive 10/10 online 0.992 test 0.998 0.63 ms/step  1.5 min, ETA 1.0 min
[18:43:55] R/std task 19/30 hard alive 10/10 online 0.893 test 0.633 0.63 ms/step  1.6 min, ETA 0.9 min
[18:44:00] R/std task 20/30 easy alive 10/10 online 0.991 test 0.996 0.63 ms/step  1.7 min, ETA 0.9 min
[18:44:05] R/std task 21/30 hard alive 10/10 online 0.887 test 0.637 0.63 ms/step  1.8 min, ETA 0.8 min
[18:44:10] R/std task 22/30 easy alive 10/10 online 0.991 test 0.999 0.63 ms/step  1.9 min, ETA 0.7 min
[18:44:15] R/std task 23/30 hard alive 10/10 online 0.888 test 0.642 0.63 ms/step  2.0 min, ETA 0.6 min
[18:44:20] R/std task 24/30 easy alive 10/10 online 0.989 test 0.993 0.63 ms/step  2.0 min, ETA 0.5 min
[18:44:25] R/std task 25/30 hard alive 10/10 online 0.873 test 0.650 0.63 ms/step  2.1 min, ETA 0.4 min
[18:44:30] R/std task 26/30 easy alive 10/10 online 0.989 test 0.995 0.63 ms/step  2.2 min, ETA 0.3 min
[18:44:35] R/std task 27/30 hard alive 10/10 online 0.862 test 0.635 0.63 ms/step  2.3 min, ETA 0.3 min
[18:44:40] R/std task 28/30 easy alive 10/10 online 0.988 test 0.994 0.63 ms/step  2.4 min, ETA 0.2 min
[18:44:45] R/std task 29/30 hard alive 10/10 online 0.840 test 0.592 0.63 ms/step  2.5 min, ETA 0.1 min
[18:44:50] R/std task 30/30 easy alive 10/10 online 0.986 test 0.992 0.63 ms/step  2.5 min, ETA 0.0 min
[18:44:55] R/std fresh control on task 29: gap median +0.094 (10/10 positive)
wrote results/cifar5p1_mlp_0920/R_std_x10_7800x7800/per_task.csv (300 rows, 2.6 min)
