exp  width   c phase  n_seed    ddn_b1  ddn_full         r      r_lo      r_hi
  A      5 NaN early       5 -0.009081 -0.029192       NaN       NaN       NaN
  A      5 NaN  late       5 -0.019386 -0.002862       NaN       NaN       NaN
  A      5 NaN   mid       5  0.015862 -0.002290 -0.144344       NaN       NaN
  A     10 NaN early       5 -0.040900 -0.017260       NaN       NaN       NaN
  A     10 NaN  late       5 -0.046518 -0.009475       NaN       NaN       NaN
  A     10 NaN   mid       5 -0.055783 -0.007413       NaN       NaN       NaN
  A     20 NaN early       5  0.032165 -0.004130 -0.128412 -1.432202  0.145329
  A     20 NaN  late       5  0.226776 -0.004432 -0.019545 -0.129430  0.067286
  A     20 NaN   mid       5  0.021613  0.002187  0.101194       NaN       NaN
  A     50 NaN early       5  0.062852 -0.000524 -0.008330 -0.056699  0.124206
  A     50 NaN  late       5  0.283998 -0.006767 -0.023827 -0.048864  0.013462
  A     50 NaN   mid       5  0.058693  0.002821  0.048071 -0.029136  0.282745
  A    100 NaN early       5  0.059701  0.005309  0.088919 -0.012391  0.205823
  A    100 NaN  late       5  0.202981 -0.004881 -0.024047 -0.061451 -0.009271
  A    100 NaN   mid       5  0.124958 -0.000863 -0.006908 -0.098544  0.063990
  B    100 2.0 early       5  0.001835  0.000000  0.000000  0.000000  0.000000
  B    100 2.0  late       5  0.000967  0.000000  0.000000       NaN       NaN
  B    100 2.0   mid       5  0.001504  0.000000  0.000000  0.000000  0.000000
batch  width  n     dt50_mean      dt50_sem
    1      5  3  91933.333333  67539.231398
    1     10  5  11240.000000   6176.293387
    1     20  5  29480.000000   8742.219398
    1     50  5   9020.000000    833.306666
    1    100  5  -9660.000000   2863.319752
 full      5  4 223475.000000 202052.173027
 full     10  5 452480.000000 153263.039902
 full     20  5 378940.000000 133163.345557
 full     50  5 313640.000000  63913.586975
 full    100  5 233360.000000  85629.005600
figures -> results/coupling_fbw_0813/figures
