[     3.6s] seed=0 prefix task 1/12 online 0.7915
[     7.0s] seed=0 prefix task 2/12 online 0.7690
[    10.5s] seed=0 prefix task 3/12 online 0.7931
[    13.9s] seed=0 prefix task 4/12 online 0.7400
[    17.3s] seed=0 prefix task 5/12 online 0.6830
[    20.7s] seed=0 prefix task 6/12 online 0.5035
[    24.2s] seed=0 prefix task 7/12 online 0.2808
[    27.8s] seed=0 prefix task 8/12 online 0.2398
[    31.3s] seed=0 prefix task 9/12 online 0.1631
[    34.9s] seed=0 prefix task 10/12 online 0.1313
[    38.5s] seed=0 prefix task 11/12 online 0.1273
[    42.1s] seed=0 prefix task 12/12 online 0.1220
[     3.8s] seed=0 cap12 prefix task 1/12 online 0.7915
[     9.3s] seed=0 cap12 prefix task 2/12 online 0.8121
[    14.9s] seed=0 cap12 prefix task 3/12 online 0.8543
[    20.5s] seed=0 cap12 prefix task 4/12 online 0.8646
[    26.0s] seed=0 cap12 prefix task 5/12 online 0.8606
[    31.5s] seed=0 cap12 prefix task 6/12 online 0.8641
[    37.1s] seed=0 cap12 prefix task 7/12 online 0.8746
[    42.8s] seed=0 cap12 prefix task 8/12 online 0.8742
[    48.5s] seed=0 cap12 prefix task 9/12 online 0.8525
[    54.3s] seed=0 cap12 prefix task 10/12 online 0.8500
[    60.0s] seed=0 cap12 prefix task 11/12 online 0.8565
[    65.5s] seed=0 cap12 prefix task 12/12 online 0.8648
[    11.5s] seed=0 arm NC_r: t11 0.7934 t12 0.8472
[     7.6s] seed=0 arm NC_free_r: t11 0.7391 t12 0.4329
[    13.3s] seed=0 arm SC_fix_r: t11 0.2456 t12 0.3570
[    58.2s] seed=0 arm SC_dyn_r: t11 0.1829 t12 0.2626
[    62.3s] seed=0 arm SC_dyn_free_r: t11 0.1862 t12 0.2771
[    14.7s] seed=0 arm SC_u30_r: t11 0.1589 t12 0.2400
[     8.1s] seed=0 arm NR_r: t11 0.1785 t12 0.1359
[    11.8s] seed=0 arm NR_cap_r: t11 0.2018 t12 0.1648
[     9.5s] seed=0 arm RR_fix_r: t11 0.9219 t12 0.7572
[    59.3s] seed=0 arm RR_dyn_r: t11 0.8457 t12 0.6503
[    72.1s] seed=0 arm RR_dyn_cap_r: t11 0.8501 t12 0.7806
[    10.1s] seed=0 arm RR_u30_r: t11 0.1263 t12 0.1616
[    63.1s] seed=0 arm S2dyn_10r: t3 0.2839 t4 0.3230
[    11.3s] seed=0 arm S2u30r: t3 0.2076 t4 0.2228
wrote results/swap_ee_0917/runs/s0  (24 prefix rows, 28 arm rows, 520.8s)
