[     3.7s] seed=1 prefix task 1/12 online 0.7876
[     7.2s] seed=1 prefix task 2/12 online 0.7458
[    10.8s] seed=1 prefix task 3/12 online 0.7910
[    14.3s] seed=1 prefix task 4/12 online 0.7735
[    17.8s] seed=1 prefix task 5/12 online 0.7064
[    21.3s] seed=1 prefix task 6/12 online 0.6181
[    24.8s] seed=1 prefix task 7/12 online 0.3631
[    28.4s] seed=1 prefix task 8/12 online 0.3412
[    31.9s] seed=1 prefix task 9/12 online 0.1791
[    35.5s] seed=1 prefix task 10/12 online 0.1836
[    39.0s] seed=1 prefix task 11/12 online 0.1571
[    42.5s] seed=1 prefix task 12/12 online 0.1280
[     3.8s] seed=1 cap12 prefix task 1/12 online 0.7876
[     9.3s] seed=1 cap12 prefix task 2/12 online 0.8023
[    15.0s] seed=1 cap12 prefix task 3/12 online 0.8641
[    20.7s] seed=1 cap12 prefix task 4/12 online 0.8687
[    26.4s] seed=1 cap12 prefix task 5/12 online 0.8741
[    32.0s] seed=1 cap12 prefix task 6/12 online 0.8765
[    37.6s] seed=1 cap12 prefix task 7/12 online 0.8699
[    43.3s] seed=1 cap12 prefix task 8/12 online 0.8773
[    49.0s] seed=1 cap12 prefix task 9/12 online 0.8706
[    54.7s] seed=1 cap12 prefix task 10/12 online 0.8806
[    60.4s] seed=1 cap12 prefix task 11/12 online 0.8865
[    66.1s] seed=1 cap12 prefix task 12/12 online 0.8704
[    11.6s] seed=1 arm NC_r: t11 0.8138 t12 0.8628
[     7.7s] seed=1 arm NC_free_r: t11 0.7534 t12 0.5570
[    13.2s] seed=1 arm SC_fix_r: t11 0.3264 t12 0.4454
[    63.1s] seed=1 arm SC_dyn_r: t11 0.2236 t12 0.2795
[    62.1s] seed=1 arm SC_dyn_free_r: t11 0.2430 t12 0.3061
[    14.4s] seed=1 arm SC_u30_r: t11 0.1761 t12 0.2396
[     7.9s] seed=1 arm NR_r: t11 0.1718 t12 0.1324
[    11.4s] seed=1 arm NR_cap_r: t11 0.2483 t12 0.1864
[     9.7s] seed=1 arm RR_fix_r: t11 0.9245 t12 0.8189
[    65.6s] seed=1 arm RR_dyn_r: t11 0.8553 t12 0.7410
[    75.1s] seed=1 arm RR_dyn_cap_r: t11 0.8619 t12 0.8228
[     9.8s] seed=1 arm RR_u30_r: t11 0.1663 t12 0.2010
[    62.0s] seed=1 arm S2dyn_10r: t3 0.3627 t4 0.3477
[    11.3s] seed=1 arm S2u30r: t3 0.2121 t4 0.2211
wrote results/swap_ee_0917/runs/s1  (24 prefix rows, 28 arm rows, 533.8s)
