[     3.8s] seed=2 prefix task 1/12 online 0.7992
[     7.4s] seed=2 prefix task 2/12 online 0.7609
[    11.0s] seed=2 prefix task 3/12 online 0.7843
[    14.7s] seed=2 prefix task 4/12 online 0.7390
[    18.4s] seed=2 prefix task 5/12 online 0.7037
[    22.1s] seed=2 prefix task 6/12 online 0.5772
[    25.9s] seed=2 prefix task 7/12 online 0.3327
[    29.7s] seed=2 prefix task 8/12 online 0.2416
[    33.5s] seed=2 prefix task 9/12 online 0.1752
[    37.3s] seed=2 prefix task 10/12 online 0.1417
[    41.1s] seed=2 prefix task 11/12 online 0.1314
[    44.8s] seed=2 prefix task 12/12 online 0.1340
[     3.9s] seed=2 cap12 prefix task 1/12 online 0.7992
[     9.6s] seed=2 cap12 prefix task 2/12 online 0.8114
[    15.2s] seed=2 cap12 prefix task 3/12 online 0.8647
[    20.8s] seed=2 cap12 prefix task 4/12 online 0.8712
[    26.5s] seed=2 cap12 prefix task 5/12 online 0.8733
[    32.2s] seed=2 cap12 prefix task 6/12 online 0.8608
[    37.9s] seed=2 cap12 prefix task 7/12 online 0.8762
[    43.6s] seed=2 cap12 prefix task 8/12 online 0.8661
[    49.3s] seed=2 cap12 prefix task 9/12 online 0.8387
[    55.0s] seed=2 cap12 prefix task 10/12 online 0.8712
[    60.8s] seed=2 cap12 prefix task 11/12 online 0.8539
[    66.4s] seed=2 cap12 prefix task 12/12 online 0.8647
[    11.5s] seed=2 arm NC_r: t11 0.7973 t12 0.8648
[     7.9s] seed=2 arm NC_free_r: t11 0.7265 t12 0.3497
[    13.5s] seed=2 arm SC_fix_r: t11 0.2346 t12 0.3538
[    63.0s] seed=2 arm SC_dyn_r: t11 0.1911 t12 0.2856
[    54.9s] seed=2 arm SC_dyn_free_r: t11 0.2029 t12 0.2969
[    14.6s] seed=2 arm SC_u30_r: t11 0.1503 t12 0.2343
[     8.0s] seed=2 arm NR_r: t11 0.1622 t12 0.1342
[    11.7s] seed=2 arm NR_cap_r: t11 0.2199 t12 0.1781
[     9.8s] seed=2 arm RR_fix_r: t11 0.9148 t12 0.8015
[    64.8s] seed=2 arm RR_dyn_r: t11 0.8405 t12 0.6906
[    72.3s] seed=2 arm RR_dyn_cap_r: t11 0.8488 t12 0.7874
[     9.9s] seed=2 arm RR_u30_r: t11 0.1240 t12 0.1494
[    58.6s] seed=2 arm S2dyn_10r: t3 0.3278 t4 0.2951
[    10.4s] seed=2 arm S2u30r: t3 0.2168 t4 0.2136
wrote results/swap_ee_0917/runs/s2  (24 prefix rows, 28 arm rows, 522.2s)
