[     3.8s] seed=3 prefix task 1/12 online 0.7920
[     7.6s] seed=3 prefix task 2/12 online 0.7828
[    11.4s] seed=3 prefix task 3/12 online 0.7810
[    15.1s] seed=3 prefix task 4/12 online 0.7724
[    18.9s] seed=3 prefix task 5/12 online 0.6951
[    22.5s] seed=3 prefix task 6/12 online 0.5435
[    26.2s] seed=3 prefix task 7/12 online 0.2991
[    29.8s] seed=3 prefix task 8/12 online 0.1836
[    33.4s] seed=3 prefix task 9/12 online 0.1950
[    37.1s] seed=3 prefix task 10/12 online 0.1561
[    40.9s] seed=3 prefix task 11/12 online 0.1242
[    45.1s] seed=3 prefix task 12/12 online 0.1313
[     3.9s] seed=3 cap12 prefix task 1/12 online 0.7920
[     9.7s] seed=3 cap12 prefix task 2/12 online 0.8155
[    15.5s] seed=3 cap12 prefix task 3/12 online 0.8660
[    21.3s] seed=3 cap12 prefix task 4/12 online 0.8769
[    27.0s] seed=3 cap12 prefix task 5/12 online 0.8726
[    32.8s] seed=3 cap12 prefix task 6/12 online 0.8756
[    38.6s] seed=3 cap12 prefix task 7/12 online 0.8787
[    44.2s] seed=3 cap12 prefix task 8/12 online 0.8657
[    50.0s] seed=3 cap12 prefix task 9/12 online 0.8722
[    55.9s] seed=3 cap12 prefix task 10/12 online 0.8502
[    61.8s] seed=3 cap12 prefix task 11/12 online 0.8686
[    67.5s] seed=3 cap12 prefix task 12/12 online 0.8599
[    11.7s] seed=3 arm NC_r: t11 0.8124 t12 0.8366
[     7.9s] seed=3 arm NC_free_r: t11 0.7581 t12 0.4343
[    13.7s] seed=3 arm SC_fix_r: t11 0.2835 t12 0.3680
[    65.9s] seed=3 arm SC_dyn_r: t11 0.1848 t12 0.2395
[    54.2s] seed=3 arm SC_dyn_free_r: t11 0.1966 t12 0.2540
[    14.3s] seed=3 arm SC_u30_r: t11 0.1540 t12 0.2011
[     7.8s] seed=3 arm NR_r: t11 0.1605 t12 0.1324
[    11.6s] seed=3 arm NR_cap_r: t11 0.2209 t12 0.2092
[     9.8s] seed=3 arm RR_fix_r: t11 0.9212 t12 0.7858
[    66.8s] seed=3 arm RR_dyn_r: t11 0.8426 t12 0.7239
[    72.7s] seed=3 arm RR_dyn_cap_r: t11 0.8562 t12 0.7837
[     9.7s] seed=3 arm RR_u30_r: t11 0.1531 t12 0.1683
[    54.7s] seed=3 arm S2dyn_10r: t3 0.3092 t4 0.2824
[    10.6s] seed=3 arm S2u30r: t3 0.2213 t4 0.2257
wrote results/swap_ee_0917/runs/s3  (24 prefix rows, 28 arm rows, 524.4s)
