[     4.0s] seed=4 prefix task 1/12 online 0.7929
[     7.8s] seed=4 prefix task 2/12 online 0.7380
[    11.7s] seed=4 prefix task 3/12 online 0.7599
[    15.5s] seed=4 prefix task 4/12 online 0.7111
[    19.3s] seed=4 prefix task 5/12 online 0.7005
[    23.1s] seed=4 prefix task 6/12 online 0.5376
[    26.8s] seed=4 prefix task 7/12 online 0.3229
[    30.6s] seed=4 prefix task 8/12 online 0.2557
[    34.3s] seed=4 prefix task 9/12 online 0.1941
[    37.9s] seed=4 prefix task 10/12 online 0.1582
[    41.6s] seed=4 prefix task 11/12 online 0.1177
[    45.2s] seed=4 prefix task 12/12 online 0.1117
[     5.9s] seed=4 cap12 prefix task 1/12 online 0.7929
[    11.3s] seed=4 cap12 prefix task 2/12 online 0.7900
[    16.7s] seed=4 cap12 prefix task 3/12 online 0.8576
[    22.4s] seed=4 cap12 prefix task 4/12 online 0.8714
[    28.1s] seed=4 cap12 prefix task 5/12 online 0.8716
[    33.7s] seed=4 cap12 prefix task 6/12 online 0.8634
[    39.3s] seed=4 cap12 prefix task 7/12 online 0.8547
[    44.9s] seed=4 cap12 prefix task 8/12 online 0.8705
[    50.6s] seed=4 cap12 prefix task 9/12 online 0.8749
[    56.4s] seed=4 cap12 prefix task 10/12 online 0.8626
[    62.1s] seed=4 cap12 prefix task 11/12 online 0.8667
[    67.8s] seed=4 cap12 prefix task 12/12 online 0.8562
[    11.4s] seed=4 arm NC_r: t11 0.8075 t12 0.8624
[     7.7s] seed=4 arm NC_free_r: t11 0.7474 t12 0.5639
[    13.0s] seed=4 arm SC_fix_r: t11 0.2743 t12 0.3923
[    55.6s] seed=4 arm SC_dyn_r: t11 0.1844 t12 0.2672
[    60.3s] seed=4 arm SC_dyn_free_r: t11 0.2021 t12 0.2939
[    14.6s] seed=4 arm SC_u30_r: t11 0.1625 t12 0.2484
[     7.7s] seed=4 arm NR_r: t11 0.1415 t12 0.1361
[    11.7s] seed=4 arm NR_cap_r: t11 0.1703 t12 0.1947
[     9.6s] seed=4 arm RR_fix_r: t11 0.9244 t12 0.8275
[    62.4s] seed=4 arm RR_dyn_r: t11 0.8438 t12 0.7317
[    71.7s] seed=4 arm RR_dyn_cap_r: t11 0.8542 t12 0.7973
[     9.9s] seed=4 arm RR_u30_r: t11 0.1471 t12 0.1847
[    64.1s] seed=4 arm S2dyn_10r: t3 0.2902 t4 0.3048
[    11.3s] seed=4 arm S2u30r: t3 0.2028 t4 0.2356
wrote results/swap_ee_0917/runs/s4  (24 prefix rows, 28 arm rows, 524.1s)
