[     3.9s] seed=5 prefix task 1/12 online 0.8077
[     7.7s] seed=5 prefix task 2/12 online 0.7662
[    11.4s] seed=5 prefix task 3/12 online 0.7735
[    15.0s] seed=5 prefix task 4/12 online 0.6666
[    18.6s] seed=5 prefix task 5/12 online 0.4263
[    22.1s] seed=5 prefix task 6/12 online 0.3244
[    25.8s] seed=5 prefix task 7/12 online 0.1716
[    29.5s] seed=5 prefix task 8/12 online 0.1698
[    33.2s] seed=5 prefix task 9/12 online 0.1411
[    36.9s] seed=5 prefix task 10/12 online 0.1229
[    40.7s] seed=5 prefix task 11/12 online 0.1144
[    44.3s] seed=5 prefix task 12/12 online 0.1080
[     3.7s] seed=5 cap12 prefix task 1/12 online 0.8077
[     9.4s] seed=5 cap12 prefix task 2/12 online 0.8121
[    15.0s] seed=5 cap12 prefix task 3/12 online 0.8593
[    20.7s] seed=5 cap12 prefix task 4/12 online 0.8718
[    26.3s] seed=5 cap12 prefix task 5/12 online 0.8666
[    32.0s] seed=5 cap12 prefix task 6/12 online 0.8718
[    37.6s] seed=5 cap12 prefix task 7/12 online 0.8705
[    43.3s] seed=5 cap12 prefix task 8/12 online 0.8717
[    49.0s] seed=5 cap12 prefix task 9/12 online 0.8850
[    54.6s] seed=5 cap12 prefix task 10/12 online 0.8746
[    60.2s] seed=5 cap12 prefix task 11/12 online 0.8610
[    65.8s] seed=5 cap12 prefix task 12/12 online 0.8684
[    11.6s] seed=5 arm NC_r: t11 0.7970 t12 0.8625
[     7.6s] seed=5 arm NC_free_r: t11 0.7234 t12 0.4322
[    13.0s] seed=5 arm SC_fix_r: t11 0.1984 t12 0.3207
[    63.8s] seed=5 arm SC_dyn_r: t11 0.1569 t12 0.2618
[    61.1s] seed=5 arm SC_dyn_free_r: t11 0.1630 t12 0.2739
[    15.2s] seed=5 arm SC_u30_r: t11 0.1432 t12 0.2366
[     7.9s] seed=5 arm NR_r: t11 0.1546 t12 0.1183
[    18.9s] seed=5 arm NR_cap_r: t11 0.1783 t12 0.1688
[     9.6s] seed=5 arm RR_fix_r: t11 0.9077 t12 0.7013
[    65.0s] seed=5 arm RR_dyn_r: t11 0.8193 t12 0.6153
[    73.9s] seed=5 arm RR_dyn_cap_r: t11 0.8296 t12 0.7582
[    10.0s] seed=5 arm RR_u30_r: t11 0.1202 t12 0.1382
[    58.8s] seed=5 arm S2dyn_10r: t3 0.2575 t4 0.2753
[    10.5s] seed=5 arm S2u30r: t3 0.2138 t4 0.2252
wrote results/swap_ee_0917/runs/s5  (24 prefix rows, 28 arm rows, 537.3s)
