[     4.0s] seed=6 prefix task 1/12 online 0.7884
[     7.8s] seed=6 prefix task 2/12 online 0.7672
[    11.7s] seed=6 prefix task 3/12 online 0.7656
[    15.4s] seed=6 prefix task 4/12 online 0.7531
[    19.1s] seed=6 prefix task 5/12 online 0.6994
[    22.6s] seed=6 prefix task 6/12 online 0.6510
[    26.3s] seed=6 prefix task 7/12 online 0.5050
[    30.0s] seed=6 prefix task 8/12 online 0.4007
[    33.8s] seed=6 prefix task 9/12 online 0.2721
[    37.5s] seed=6 prefix task 10/12 online 0.2219
[    41.3s] seed=6 prefix task 11/12 online 0.1928
[    45.0s] seed=6 prefix task 12/12 online 0.1271
[     4.1s] seed=6 cap12 prefix task 1/12 online 0.7884
[     9.9s] seed=6 cap12 prefix task 2/12 online 0.8179
[    15.8s] seed=6 cap12 prefix task 3/12 online 0.8608
[    21.8s] seed=6 cap12 prefix task 4/12 online 0.8635
[    27.8s] seed=6 cap12 prefix task 5/12 online 0.8690
[    33.6s] seed=6 cap12 prefix task 6/12 online 0.8735
[    39.3s] seed=6 cap12 prefix task 7/12 online 0.8664
[    45.0s] seed=6 cap12 prefix task 8/12 online 0.8655
[    50.8s] seed=6 cap12 prefix task 9/12 online 0.8796
[    56.6s] seed=6 cap12 prefix task 10/12 online 0.8728
[    62.4s] seed=6 cap12 prefix task 11/12 online 0.8561
[    68.0s] seed=6 cap12 prefix task 12/12 online 0.8502
[    11.5s] seed=6 arm NC_r: t11 0.8145 t12 0.8679
[     7.7s] seed=6 arm NC_free_r: t11 0.7777 t12 0.5781
[    13.5s] seed=6 arm SC_fix_r: t11 0.3960 t12 0.5078
[    65.8s] seed=6 arm SC_dyn_r: t11 0.2488 t12 0.2652
[    59.1s] seed=6 arm SC_dyn_free_r: t11 0.2663 t12 0.3175
[    14.3s] seed=6 arm SC_u30_r: t11 0.1683 t12 0.2165
[     7.8s] seed=6 arm NR_r: t11 0.1979 t12 0.1321
[    11.4s] seed=6 arm NR_cap_r: t11 0.2603 t12 0.2152
[     9.6s] seed=6 arm RR_fix_r: t11 0.8995 t12 0.8538
[    68.0s] seed=6 arm RR_dyn_r: t11 0.8435 t12 0.7514
[    75.7s] seed=6 arm RR_dyn_cap_r: t11 0.8551 t12 0.8072
[     9.8s] seed=6 arm RR_u30_r: t11 0.1959 t12 0.2275
[    57.3s] seed=6 arm S2dyn_10r: t3 0.4088 t4 0.3004
[    10.6s] seed=6 arm S2u30r: t3 0.2106 t4 0.2224
wrote results/swap_ee_0917/runs/s6  (24 prefix rows, 28 arm rows, 535.5s)
