[     4.0s] seed=7 prefix task 1/12 online 0.7974
[     8.0s] seed=7 prefix task 2/12 online 0.7382
[    11.8s] seed=7 prefix task 3/12 online 0.7817
[    15.7s] seed=7 prefix task 4/12 online 0.7391
[    19.5s] seed=7 prefix task 5/12 online 0.6945
[    23.4s] seed=7 prefix task 6/12 online 0.6107
[    27.2s] seed=7 prefix task 7/12 online 0.4227
[    31.0s] seed=7 prefix task 8/12 online 0.2701
[    34.8s] seed=7 prefix task 9/12 online 0.2223
[    38.7s] seed=7 prefix task 10/12 online 0.1524
[    42.6s] seed=7 prefix task 11/12 online 0.1418
[    46.5s] seed=7 prefix task 12/12 online 0.1305
[     4.1s] seed=7 cap12 prefix task 1/12 online 0.7974
[     9.9s] seed=7 cap12 prefix task 2/12 online 0.8075
[    15.8s] seed=7 cap12 prefix task 3/12 online 0.8666
[    21.6s] seed=7 cap12 prefix task 4/12 online 0.8646
[    27.5s] seed=7 cap12 prefix task 5/12 online 0.8785
[    33.4s] seed=7 cap12 prefix task 6/12 online 0.8657
[    39.3s] seed=7 cap12 prefix task 7/12 online 0.8763
[    45.1s] seed=7 cap12 prefix task 8/12 online 0.8726
[    51.0s] seed=7 cap12 prefix task 9/12 online 0.8854
[    56.9s] seed=7 cap12 prefix task 10/12 online 0.8738
[    62.7s] seed=7 cap12 prefix task 11/12 online 0.8731
[    68.7s] seed=7 cap12 prefix task 12/12 online 0.8675
[    12.1s] seed=7 arm NC_r: t11 0.8154 t12 0.8687
[     8.3s] seed=7 arm NC_free_r: t11 0.7610 t12 0.6281
[    14.1s] seed=7 arm SC_fix_r: t11 0.2786 t12 0.3984
[    65.7s] seed=7 arm SC_dyn_r: t11 0.2067 t12 0.2833
[    57.8s] seed=7 arm SC_dyn_free_r: t11 0.2237 t12 0.3131
[    14.8s] seed=7 arm SC_u30_r: t11 0.1594 t12 0.2426
[     8.1s] seed=7 arm NR_r: t11 0.1623 t12 0.1355
[    11.9s] seed=7 arm NR_cap_r: t11 0.2301 t12 0.2305
[     9.8s] seed=7 arm RR_fix_r: t11 0.9256 t12 0.8198
[    70.4s] seed=7 arm RR_dyn_r: t11 0.8541 t12 0.7279
[    72.3s] seed=7 arm RR_dyn_cap_r: t11 0.8606 t12 0.8039
[    10.2s] seed=7 arm RR_u30_r: t11 0.1391 t12 0.1744
[    54.1s] seed=7 arm S2dyn_10r: t3 0.3573 t4 0.3052
[    10.5s] seed=7 arm S2u30r: t3 0.2107 t4 0.2233
wrote results/swap_ee_0917/runs/s7  (24 prefix rows, 28 arm rows, 535.4s)
