[     4.0s] seed=8 prefix task 1/12 online 0.8092
[     7.9s] seed=8 prefix task 2/12 online 0.7614
[    11.8s] seed=8 prefix task 3/12 online 0.7653
[    15.7s] seed=8 prefix task 4/12 online 0.7927
[    19.5s] seed=8 prefix task 5/12 online 0.6955
[    23.4s] seed=8 prefix task 6/12 online 0.5455
[    27.2s] seed=8 prefix task 7/12 online 0.3550
[    31.0s] seed=8 prefix task 8/12 online 0.2883
[    34.8s] seed=8 prefix task 9/12 online 0.2123
[    38.6s] seed=8 prefix task 10/12 online 0.1630
[    42.3s] seed=8 prefix task 11/12 online 0.1259
[    46.1s] seed=8 prefix task 12/12 online 0.1167
[     4.0s] seed=8 cap12 prefix task 1/12 online 0.8092
[    10.6s] seed=8 cap12 prefix task 2/12 online 0.8085
[    16.5s] seed=8 cap12 prefix task 3/12 online 0.8651
[    22.3s] seed=8 cap12 prefix task 4/12 online 0.8884
[    28.0s] seed=8 cap12 prefix task 5/12 online 0.8735
[    33.6s] seed=8 cap12 prefix task 6/12 online 0.8672
[    39.2s] seed=8 cap12 prefix task 7/12 online 0.8686
[    44.7s] seed=8 cap12 prefix task 8/12 online 0.8658
[    50.2s] seed=8 cap12 prefix task 9/12 online 0.8543
[    55.5s] seed=8 cap12 prefix task 10/12 online 0.8712
[    60.8s] seed=8 cap12 prefix task 11/12 online 0.8687
[    66.0s] seed=8 cap12 prefix task 12/12 online 0.8651
[    10.7s] seed=8 arm NC_r: t11 0.8159 t12 0.8469
[     7.2s] seed=8 arm NC_free_r: t11 0.7671 t12 0.5209
[    12.2s] seed=8 arm SC_fix_r: t11 0.2765 t12 0.3793
[    49.3s] seed=8 arm SC_dyn_r: t11 0.1973 t12 0.2528
[    48.2s] seed=8 arm SC_dyn_free_r: t11 0.2095 t12 0.2814
[    13.2s] seed=8 arm SC_u30_r: t11 0.1637 t12 0.2289
[     7.3s] seed=8 arm NR_r: t11 0.1471 t12 0.1175
[    10.7s] seed=8 arm NR_cap_r: t11 0.1954 t12 0.1832
[     8.8s] seed=8 arm RR_fix_r: t11 0.9217 t12 0.7814
[    51.3s] seed=8 arm RR_dyn_r: t11 0.8571 t12 0.7136
[    57.4s] seed=8 arm RR_dyn_cap_r: t11 0.8658 t12 0.8111
[     8.9s] seed=8 arm RR_u30_r: t11 0.1357 t12 0.1575
[    47.3s] seed=8 arm S2dyn_10r: t3 0.3059 t4 0.3089
[     9.6s] seed=8 arm S2u30r: t3 0.2002 t4 0.2329
wrote results/swap_ee_0917/runs/s8  (24 prefix rows, 28 arm rows, 454.4s)
