[     4.1s] seed=9 prefix task 1/12 online 0.8000
[     8.0s] seed=9 prefix task 2/12 online 0.7772
[    12.0s] seed=9 prefix task 3/12 online 0.7929
[    15.9s] seed=9 prefix task 4/12 online 0.7707
[    20.3s] seed=9 prefix task 5/12 online 0.7316
[    23.9s] seed=9 prefix task 6/12 online 0.6403
[    27.5s] seed=9 prefix task 7/12 online 0.4627
[    31.2s] seed=9 prefix task 8/12 online 0.3026
[    34.8s] seed=9 prefix task 9/12 online 0.1990
[    38.4s] seed=9 prefix task 10/12 online 0.1492
[    41.9s] seed=9 prefix task 11/12 online 0.1347
[    45.5s] seed=9 prefix task 12/12 online 0.1203
[     3.7s] seed=9 cap12 prefix task 1/12 online 0.8000
[     9.0s] seed=9 cap12 prefix task 2/12 online 0.8250
[    14.3s] seed=9 cap12 prefix task 3/12 online 0.8624
[    19.6s] seed=9 cap12 prefix task 4/12 online 0.8691
[    24.9s] seed=9 cap12 prefix task 5/12 online 0.8714
[    30.2s] seed=9 cap12 prefix task 6/12 online 0.8740
[    35.5s] seed=9 cap12 prefix task 7/12 online 0.8704
[    40.8s] seed=9 cap12 prefix task 8/12 online 0.8556
[    46.1s] seed=9 cap12 prefix task 9/12 online 0.8569
[    51.5s] seed=9 cap12 prefix task 10/12 online 0.8552
[    56.7s] seed=9 cap12 prefix task 11/12 online 0.8681
[    62.0s] seed=9 cap12 prefix task 12/12 online 0.8650
[    10.7s] seed=9 arm NC_r: t11 0.8145 t12 0.8709
[     7.1s] seed=9 arm NC_free_r: t11 0.7508 t12 0.3963
[    12.3s] seed=9 arm SC_fix_r: t11 0.2819 t12 0.4005
[    52.1s] seed=9 arm SC_dyn_r: t11 0.1964 t12 0.2724
[    45.7s] seed=9 arm SC_dyn_free_r: t11 0.2082 t12 0.2948
[    13.0s] seed=9 arm SC_u30_r: t11 0.1634 t12 0.2375
[     7.4s] seed=9 arm NR_r: t11 0.2101 t12 0.1386
[    10.5s] seed=9 arm NR_cap_r: t11 0.2903 t12 0.1996
[     8.7s] seed=9 arm RR_fix_r: t11 0.9222 t12 0.8144
[    53.1s] seed=9 arm RR_dyn_r: t11 0.8530 t12 0.6939
[    56.6s] seed=9 arm RR_dyn_cap_r: t11 0.8607 t12 0.7874
[     8.8s] seed=9 arm RR_u30_r: t11 0.1613 t12 0.2043
[    43.1s] seed=9 arm S2dyn_10r: t3 0.3334 t4 0.3194
[     9.3s] seed=9 arm S2u30r: t3 0.2210 t4 0.2277
wrote results/swap_ee_0917/runs/s9  (24 prefix rows, 28 arm rows, 446.1s)
