2026-10-07T22:07:43+09:00 launch: git 052b1abbfca04922abcccc32dc278fbd807b3fc4  max_slots 6  peak 1.4157943725585938 GiB  avail 19.84 GiB
2026-10-07T22:07:43+09:00 start ref_s0  (avail 19.84 GiB)
2026-10-07T22:08:13+09:00 start C_s0  (avail 20.20 GiB)
2026-10-07T22:08:43+09:00 start H_s0  (avail 18.92 GiB)
2026-10-07T22:09:13+09:00 start CH_s0  (avail 18.31 GiB)
2026-10-07T22:09:43+09:00 start ref_s1  (avail 18.46 GiB)
2026-10-07T22:10:13+09:00 start C_s1  (avail 17.83 GiB)
2026-10-07T22:15:01+09:00 done  C_s0
2026-10-07T22:15:02+09:00 done  ref_s0
2026-10-07T22:15:03+09:00 start H_s1  (avail 18.02 GiB)
2026-10-07T22:15:33+09:00 start CH_s1  (avail 16.48 GiB)
2026-10-07T22:16:39+09:00 done  H_s0
2026-10-07T22:16:43+09:00 start ref_s2  (avail 16.65 GiB)
2026-10-07T22:17:00+09:00 done  CH_s0
2026-10-07T22:17:10+09:00 done  C_s1
2026-10-07T22:17:13+09:00 start C_s2  (avail 17.03 GiB)
2026-10-07T22:17:32+09:00 done  ref_s1
2026-10-07T22:17:43+09:00 start H_s2  (avail 17.11 GiB)
2026-10-07T22:18:13+09:00 start CH_s2  (avail 16.31 GiB)
2026-10-07T22:23:19+09:00 done  H_s1
2026-10-07T22:23:23+09:00 start ref_s3  (avail 16.75 GiB)
2026-10-07T22:23:42+09:00 done  CH_s1
2026-10-07T22:23:53+09:00 start C_s3  (avail 16.61 GiB)
2026-10-07T22:24:11+09:00 done  C_s2
2026-10-07T22:24:24+09:00 start H_s3  (avail 16.11 GiB)
2026-10-07T22:24:53+09:00 done  ref_s2
2026-10-07T22:24:54+09:00 start CH_s3  (avail 16.77 GiB)
2026-10-07T22:26:16+09:00 done  CH_s2
2026-10-07T22:26:18+09:00 done  H_s2
2026-10-07T22:26:24+09:00 start ref_s4  (avail 17.49 GiB)
2026-10-07T22:26:54+09:00 start C_s4  (avail 16.89 GiB)
2026-10-07T22:30:53+09:00 done  C_s3
2026-10-07T22:30:54+09:00 start H_s4  (avail 16.86 GiB)
2026-10-07T22:31:26+09:00 done  ref_s3
2026-10-07T22:31:34+09:00 start CH_s4  (avail 16.90 GiB)
2026-10-07T22:32:34+09:00 done  H_s3
2026-10-07T22:32:44+09:00 start ref_s5  (avail 16.01 GiB)
2026-10-07T22:33:03+09:00 done  CH_s3
2026-10-07T22:33:14+09:00 start C_s5  (avail 16.69 GiB)
2026-10-07T22:34:02+09:00 done  C_s4
2026-10-07T22:34:04+09:00 start H_s5  (avail 14.52 GiB)
2026-10-07T22:34:42+09:00 done  ref_s4
2026-10-07T22:34:44+09:00 start CH_s5  (avail 14.35 GiB)
2026-10-07T22:40:48+09:00 done  H_s4
2026-10-07T22:40:54+09:00 start ref_s6  (avail 16.77 GiB)
2026-10-07T22:42:02+09:00 done  CH_s4
2026-10-07T22:42:04+09:00 start C_s6  (avail 16.76 GiB)
2026-10-07T22:43:00+09:00 done  C_s5
2026-10-07T22:43:04+09:00 start H_s6  (avail 16.72 GiB)
2026-10-07T22:45:22+09:00 done  ref_s5
2026-10-07T22:45:24+09:00 start CH_s6  (avail 17.00 GiB)
2026-10-07T22:46:06+09:00 done  CH_s5
2026-10-07T22:46:14+09:00 start ref_s7  (avail 16.75 GiB)
2026-10-07T22:48:06+09:00 done  H_s5
2026-10-07T22:48:14+09:00 start C_s7  (avail 16.74 GiB)
2026-10-07T22:50:46+09:00 done  C_s6
2026-10-07T22:50:54+09:00 start H_s7  (avail 16.74 GiB)
2026-10-07T22:51:01+09:00 done  ref_s6
2026-10-07T22:51:24+09:00 start CH_s7  (avail 16.74 GiB)
2026-10-07T22:54:15+09:00 done  H_s6
2026-10-07T22:54:24+09:00 start ref_s8  (avail 16.71 GiB)
2026-10-07T22:56:39+09:00 done  ref_s7
2026-10-07T22:56:45+09:00 start C_s8  (avail 17.38 GiB)
2026-10-07T22:57:18+09:00 done  C_s7
2026-10-07T22:57:25+09:00 start H_s8  (avail 18.03 GiB)
2026-10-07T22:59:29+09:00 done  CH_s6
2026-10-07T22:59:35+09:00 start CH_s8  (avail 18.08 GiB)
2026-10-07T23:01:10+09:00 done  H_s7
2026-10-07T23:01:15+09:00 start ref_s9  (avail 18.09 GiB)
2026-10-07T23:02:19+09:00 done  CH_s7
2026-10-07T23:02:25+09:00 start C_s9  (avail 18.13 GiB)
2026-10-07T23:03:14+09:00 done  ref_s8
2026-10-07T23:03:15+09:00 start H_s9  (avail 18.11 GiB)
2026-10-07T23:04:27+09:00 done  C_s8
2026-10-07T23:04:35+09:00 start CH_s9  (avail 19.42 GiB)
2026-10-07T23:05:59+09:00 done  H_s8
2026-10-07T23:07:36+09:00 done  CH_s8
2026-10-07T23:08:42+09:00 done  ref_s9
2026-10-07T23:08:43+09:00 done  C_s9
2026-10-07T23:10:20+09:00 done  H_s9
2026-10-07T23:11:14+09:00 done  CH_s9
2026-10-07T23:11:25+09:00 all jobs returned
