PROGRESS prefix 20
PROGRESS ref 40
PROGRESS ref 60
PROGRESS ref 80
PROGRESS ref 100
PROGRESS ref 120
CELL_DONE LR_s0 ref 79.7
PROGRESS n5_d1 40
PROGRESS n5_d1 60
PROGRESS n5_d1 80
PROGRESS n5_d1 100
PROGRESS n5_d1 120
CELL_DONE LR_s0 n5_d1 205.8
PROGRESS n10_d1 40
PROGRESS n10_d1 60
PROGRESS n10_d1 80
PROGRESS n10_d1 100
PROGRESS n10_d1 120
CELL_DONE LR_s0 n10_d1 352.6
PROGRESS n5_d4 40
PROGRESS n5_d4 60
PROGRESS n5_d4 80
PROGRESS n5_d4 100
PROGRESS n5_d4 120
CELL_DONE LR_s0 n5_d4 469.9
PROGRESS n10_d4 40
PROGRESS n10_d4 60
PROGRESS n10_d4 80
PROGRESS n10_d4 100
PROGRESS n10_d4 120
CELL_DONE LR_s0 n10_d4 571.4
FINISHED LR_s0 571.9
