PROGRESS prefix 20
PROGRESS ref 40
PROGRESS ref 60
PROGRESS ref 80
PROGRESS ref 100
PROGRESS ref 120
CELL_DONE LR_s2 ref 80.0
PROGRESS n5_d1 40
PROGRESS n5_d1 60
PROGRESS n5_d1 80
PROGRESS n5_d1 100
PROGRESS n5_d1 120
CELL_DONE LR_s2 n5_d1 200.5
PROGRESS n10_d1 40
PROGRESS n10_d1 60
PROGRESS n10_d1 80
PROGRESS n10_d1 100
PROGRESS n10_d1 120
CELL_DONE LR_s2 n10_d1 342.1
PROGRESS n5_d4 40
PROGRESS n5_d4 60
PROGRESS n5_d4 80
PROGRESS n5_d4 100
PROGRESS n5_d4 120
CELL_DONE LR_s2 n5_d4 460.0
PROGRESS n10_d4 40
PROGRESS n10_d4 60
PROGRESS n10_d4 80
PROGRESS n10_d4 100
PROGRESS n10_d4 120
CELL_DONE LR_s2 n10_d4 562.4
FINISHED LR_s2 562.9
