[     3.7s] seed=0 prefix task 1/12 online 0.7915
[     7.2s] seed=0 prefix task 2/12 online 0.7690
[    10.6s] seed=0 prefix task 3/12 online 0.7931
[    14.0s] seed=0 prefix task 4/12 online 0.7400
[    17.4s] seed=0 prefix task 5/12 online 0.6830
[    20.8s] seed=0 prefix task 6/12 online 0.5035
[    24.2s] seed=0 prefix task 7/12 online 0.2808
[    27.7s] seed=0 prefix task 8/12 online 0.2398
[    31.1s] seed=0 prefix task 9/12 online 0.1631
[    34.6s] seed=0 prefix task 10/12 online 0.1313
[    38.1s] seed=0 prefix task 11/12 online 0.1273
[    41.6s] seed=0 prefix task 12/12 online 0.1220
[    51.1s] seed=0 arm S2dyn_10r: t3 0.2839 t4 0.3230
[    68.2s] seed=0 arm S2dyn_c1: t3 0.2718 t4 0.2943
[    67.4s] seed=0 arm S2dyn_c2: t3 0.2744 t4 0.3164
[    75.8s] seed=0 arm S2dyn_c12: t3 0.2538 t4 0.2766
[    76.6s] seed=0 arm S2dyn_c12b: t3 0.2535 t4 0.2747
[    80.2s] seed=0 arm S2dyn_frz: t3 0.2076 t4 0.2228
[    10.9s] seed=0 arm S2u30r: t3 0.2076 t4 0.2228
[    17.2s] seed=0 arm S2u30r_c12: t3 0.2076 t4 0.2228
[    11.0s] seed=0 arm S2_10r: t3 0.4130 t4 0.4175
[    15.7s] seed=0 arm S2_10r_c12: t3 0.3301 t4 0.3711
[     9.9s] seed=0 arm N2r: t3 0.7196 t4 0.7417
[    18.2s] seed=0 arm N2r_c12: t3 0.7418 t4 0.8283
wrote results/escape_ee_0917/runs/s0  (12 prefix rows, 24 arm rows, 543.8s)
