[     3.8s] seed=1 prefix task 1/12 online 0.7876
[     7.4s] seed=1 prefix task 2/12 online 0.7458
[    11.0s] seed=1 prefix task 3/12 online 0.7910
[    14.7s] seed=1 prefix task 4/12 online 0.7735
[    18.3s] seed=1 prefix task 5/12 online 0.7064
[    22.0s] seed=1 prefix task 6/12 online 0.6181
[    25.7s] seed=1 prefix task 7/12 online 0.3631
[    29.3s] seed=1 prefix task 8/12 online 0.3412
[    33.0s] seed=1 prefix task 9/12 online 0.1791
[    36.7s] seed=1 prefix task 10/12 online 0.1836
[    40.3s] seed=1 prefix task 11/12 online 0.1571
[    44.0s] seed=1 prefix task 12/12 online 0.1280
[    58.5s] seed=1 arm S2dyn_10r: t3 0.3627 t4 0.3477
[    67.5s] seed=1 arm S2dyn_c1: t3 0.3213 t4 0.3043
[    68.6s] seed=1 arm S2dyn_c2: t3 0.3334 t4 0.3248
[    75.4s] seed=1 arm S2dyn_c12: t3 0.2858 t4 0.2796
[    81.8s] seed=1 arm S2dyn_c12b: t3 0.2793 t4 0.2761
[    70.9s] seed=1 arm S2dyn_frz: t3 0.2121 t4 0.2211
[    11.0s] seed=1 arm S2u30r: t3 0.2121 t4 0.2211
[    16.9s] seed=1 arm S2u30r_c12: t3 0.2121 t4 0.2211
[    10.6s] seed=1 arm S2_10r: t3 0.5058 t4 0.5035
[    14.2s] seed=1 arm S2_10r_c12: t3 0.4397 t4 0.4873
[     8.3s] seed=1 arm N2r: t3 0.7157 t4 0.7495
[    12.7s] seed=1 arm N2r_c12: t3 0.7446 t4 0.8343
wrote results/escape_ee_0917/runs/s1  (12 prefix rows, 24 arm rows, 540.7s)
