[     3.8s] seed=2 prefix task 1/12 online 0.7992
[     7.6s] seed=2 prefix task 2/12 online 0.7609
[    11.3s] seed=2 prefix task 3/12 online 0.7843
[    15.0s] seed=2 prefix task 4/12 online 0.7390
[    18.6s] seed=2 prefix task 5/12 online 0.7037
[    22.4s] seed=2 prefix task 6/12 online 0.5772
[    26.1s] seed=2 prefix task 7/12 online 0.3327
[    30.1s] seed=2 prefix task 8/12 online 0.2416
[    33.9s] seed=2 prefix task 9/12 online 0.1752
[    37.8s] seed=2 prefix task 10/12 online 0.1417
[    41.8s] seed=2 prefix task 11/12 online 0.1314
[    45.7s] seed=2 prefix task 12/12 online 0.1340
[    61.6s] seed=2 arm S2dyn_10r: t3 0.3278 t4 0.2951
[    68.6s] seed=2 arm S2dyn_c1: t3 0.3049 t4 0.2923
[    67.5s] seed=2 arm S2dyn_c2: t3 0.3245 t4 0.2896
[    77.4s] seed=2 arm S2dyn_c12: t3 0.2870 t4 0.2635
[    73.2s] seed=2 arm S2dyn_c12b: t3 0.2832 t4 0.2653
[    66.2s] seed=2 arm S2dyn_frz: t3 0.2168 t4 0.2136
[    12.0s] seed=2 arm S2u30r: t3 0.2168 t4 0.2136
[    16.4s] seed=2 arm S2u30r_c12: t3 0.2168 t4 0.2136
[     9.9s] seed=2 arm S2_10r: t3 0.4186 t4 0.4228
[    15.1s] seed=2 arm S2_10r_c12: t3 0.3547 t4 0.3766
[     7.7s] seed=2 arm N2r: t3 0.7224 t4 0.7221
[    11.8s] seed=2 arm N2r_c12: t3 0.7450 t4 0.8547
wrote results/escape_ee_0917/runs/s2  (12 prefix rows, 24 arm rows, 533.2s)
