[     4.2s] seed=3 prefix task 1/12 online 0.7920
[     8.3s] seed=3 prefix task 2/12 online 0.7828
[    12.4s] seed=3 prefix task 3/12 online 0.7810
[    16.4s] seed=3 prefix task 4/12 online 0.7724
[    20.5s] seed=3 prefix task 5/12 online 0.6951
[    24.7s] seed=3 prefix task 6/12 online 0.5435
[    28.7s] seed=3 prefix task 7/12 online 0.2991
[    32.6s] seed=3 prefix task 8/12 online 0.1836
[    36.6s] seed=3 prefix task 9/12 online 0.1950
[    40.4s] seed=3 prefix task 10/12 online 0.1561
[    44.5s] seed=3 prefix task 11/12 online 0.1242
[    48.4s] seed=3 prefix task 12/12 online 0.1313
[    63.3s] seed=3 arm S2dyn_10r: t3 0.3092 t4 0.2824
[    72.7s] seed=3 arm S2dyn_c1: t3 0.2999 t4 0.2838
[    71.2s] seed=3 arm S2dyn_c2: t3 0.2970 t4 0.2733
[    78.4s] seed=3 arm S2dyn_c12: t3 0.2766 t4 0.2616
[    72.4s] seed=3 arm S2dyn_c12b: t3 0.2741 t4 0.2641
[    65.3s] seed=3 arm S2dyn_frz: t3 0.2213 t4 0.2257
[    14.2s] seed=3 arm S2u30r: t3 0.2213 t4 0.2257
[    14.3s] seed=3 arm S2u30r_c12: t3 0.2213 t4 0.2257
[     9.5s] seed=3 arm S2_10r: t3 0.4791 t4 0.4843
[    12.7s] seed=3 arm S2_10r_c12: t3 0.4016 t4 0.4292
[     7.8s] seed=3 arm N2r: t3 0.7356 t4 0.7633
[    11.6s] seed=3 arm N2r_c12: t3 0.7417 t4 0.8366
wrote results/escape_ee_0917/runs/s3  (12 prefix rows, 24 arm rows, 542.0s)
