[     4.0s] seed=4 prefix task 1/12 online 0.7929
[     8.4s] seed=4 prefix task 2/12 online 0.7380
[    12.6s] seed=4 prefix task 3/12 online 0.7599
[    17.1s] seed=4 prefix task 4/12 online 0.7111
[    20.9s] seed=4 prefix task 5/12 online 0.7005
[    24.8s] seed=4 prefix task 6/12 online 0.5376
[    28.7s] seed=4 prefix task 7/12 online 0.3229
[    32.5s] seed=4 prefix task 8/12 online 0.2557
[    37.4s] seed=4 prefix task 9/12 online 0.1941
[    41.1s] seed=4 prefix task 10/12 online 0.1582
[    44.7s] seed=4 prefix task 11/12 online 0.1177
[    48.2s] seed=4 prefix task 12/12 online 0.1117
[    54.6s] seed=4 arm S2dyn_10r: t3 0.2902 t4 0.3048
[    70.4s] seed=4 arm S2dyn_c1: t3 0.2608 t4 0.3101
[    68.0s] seed=4 arm S2dyn_c2: t3 0.2610 t4 0.2962
[    77.1s] seed=4 arm S2dyn_c12: t3 0.2491 t4 0.2648
[    86.2s] seed=4 arm S2dyn_c12b: t3 0.2482 t4 0.2677
[    73.8s] seed=4 arm S2dyn_frz: t3 0.2028 t4 0.2356
[    11.6s] seed=4 arm S2u30r: t3 0.2028 t4 0.2356
[    15.7s] seed=4 arm S2u30r_c12: t3 0.2028 t4 0.2356
[     9.7s] seed=4 arm S2_10r: t3 0.4803 t4 0.4344
[    14.8s] seed=4 arm S2_10r_c12: t3 0.3852 t4 0.4097
[     8.1s] seed=4 arm N2r: t3 0.7174 t4 0.7370
[    13.2s] seed=4 arm N2r_c12: t3 0.7329 t4 0.8451
wrote results/escape_ee_0917/runs/s4  (12 prefix rows, 24 arm rows, 551.6s)
