[     4.1s] seed=5 prefix task 1/12 online 0.8077
[     8.0s] seed=5 prefix task 2/12 online 0.7662
[    11.8s] seed=5 prefix task 3/12 online 0.7735
[    15.6s] seed=5 prefix task 4/12 online 0.6666
[    19.3s] seed=5 prefix task 5/12 online 0.4263
[    22.9s] seed=5 prefix task 6/12 online 0.3244
[    26.7s] seed=5 prefix task 7/12 online 0.1716
[    30.5s] seed=5 prefix task 8/12 online 0.1698
[    34.3s] seed=5 prefix task 9/12 online 0.1411
[    38.1s] seed=5 prefix task 10/12 online 0.1229
[    42.0s] seed=5 prefix task 11/12 online 0.1144
[    45.8s] seed=5 prefix task 12/12 online 0.1080
[    57.8s] seed=5 arm S2dyn_10r: t3 0.2575 t4 0.2753
[    73.0s] seed=5 arm S2dyn_c1: t3 0.2457 t4 0.2790
[    69.3s] seed=5 arm S2dyn_c2: t3 0.2457 t4 0.2921
[    74.4s] seed=5 arm S2dyn_c12: t3 0.2328 t4 0.2654
[    72.2s] seed=5 arm S2dyn_c12b: t3 0.2330 t4 0.2659
[    70.6s] seed=5 arm S2dyn_frz: t3 0.2138 t4 0.2252
[    11.1s] seed=5 arm S2u30r: t3 0.2138 t4 0.2252
[    14.9s] seed=5 arm S2u30r_c12: t3 0.2138 t4 0.2252
[     9.8s] seed=5 arm S2_10r: t3 0.3270 t4 0.3649
[    14.1s] seed=5 arm S2_10r_c12: t3 0.2812 t4 0.3279
[     8.5s] seed=5 arm N2r: t3 0.7053 t4 0.6600
[    12.4s] seed=5 arm N2r_c12: t3 0.7535 t4 0.8557
wrote results/escape_ee_0917/runs/s5  (12 prefix rows, 24 arm rows, 534.1s)
