[     4.0s] seed=6 prefix task 1/12 online 0.7884
[     7.9s] seed=6 prefix task 2/12 online 0.7672
[    11.8s] seed=6 prefix task 3/12 online 0.7656
[    15.6s] seed=6 prefix task 4/12 online 0.7531
[    19.4s] seed=6 prefix task 5/12 online 0.6994
[    23.2s] seed=6 prefix task 6/12 online 0.6510
[    27.1s] seed=6 prefix task 7/12 online 0.5050
[    31.0s] seed=6 prefix task 8/12 online 0.4007
[    34.8s] seed=6 prefix task 9/12 online 0.2721
[    38.6s] seed=6 prefix task 10/12 online 0.2219
[    42.4s] seed=6 prefix task 11/12 online 0.1928
[    46.3s] seed=6 prefix task 12/12 online 0.1271
[    61.1s] seed=6 arm S2dyn_10r: t3 0.4088 t4 0.3004
[    71.2s] seed=6 arm S2dyn_c1: t3 0.3739 t4 0.3229
[    66.8s] seed=6 arm S2dyn_c2: t3 0.3809 t4 0.2945
[    73.2s] seed=6 arm S2dyn_c12: t3 0.3434 t4 0.2782
[    69.4s] seed=6 arm S2dyn_c12b: t3 0.3387 t4 0.2793
[    64.6s] seed=6 arm S2dyn_frz: t3 0.2106 t4 0.2224
[    10.8s] seed=6 arm S2u30r: t3 0.2106 t4 0.2224
[    14.9s] seed=6 arm S2u30r_c12: t3 0.2106 t4 0.2224
[    10.1s] seed=6 arm S2_10r: t3 0.5788 t4 0.5685
[    13.9s] seed=6 arm S2_10r_c12: t3 0.4954 t4 0.5321
[     7.8s] seed=6 arm N2r: t3 0.7172 t4 0.7446
[    11.4s] seed=6 arm N2r_c12: t3 0.7184 t4 0.8233
wrote results/escape_ee_0917/runs/s6  (12 prefix rows, 24 arm rows, 521.5s)
