[     4.1s] seed=7 prefix task 1/12 online 0.7974
[     8.2s] seed=7 prefix task 2/12 online 0.7382
[    12.2s] seed=7 prefix task 3/12 online 0.7817
[    16.1s] seed=7 prefix task 4/12 online 0.7391
[    20.1s] seed=7 prefix task 5/12 online 0.6945
[    24.1s] seed=7 prefix task 6/12 online 0.6107
[    28.0s] seed=7 prefix task 7/12 online 0.4227
[    32.0s] seed=7 prefix task 8/12 online 0.2701
[    35.9s] seed=7 prefix task 9/12 online 0.2223
[    39.8s] seed=7 prefix task 10/12 online 0.1524
[    43.7s] seed=7 prefix task 11/12 online 0.1418
[    47.6s] seed=7 prefix task 12/12 online 0.1305
[    67.2s] seed=7 arm S2dyn_10r: t3 0.3573 t4 0.3052
[    72.0s] seed=7 arm S2dyn_c1: t3 0.3210 t4 0.2906
[    72.1s] seed=7 arm S2dyn_c2: t3 0.3412 t4 0.3155
[    71.8s] seed=7 arm S2dyn_c12: t3 0.2895 t4 0.2679
[    74.0s] seed=7 arm S2dyn_c12b: t3 0.2855 t4 0.2641
[    59.2s] seed=7 arm S2dyn_frz: t3 0.2107 t4 0.2233
[    11.0s] seed=7 arm S2u30r: t3 0.2107 t4 0.2233
[    14.4s] seed=7 arm S2u30r_c12: t3 0.2107 t4 0.2233
[     9.3s] seed=7 arm S2_10r: t3 0.4906 t4 0.4675
[    12.6s] seed=7 arm S2_10r_c12: t3 0.4013 t4 0.4474
[     7.4s] seed=7 arm N2r: t3 0.7169 t4 0.7565
[    11.3s] seed=7 arm N2r_c12: t3 0.7371 t4 0.8447
wrote results/escape_ee_0917/runs/s7  (12 prefix rows, 24 arm rows, 530.0s)
