[     4.0s] seed=8 prefix task 1/12 online 0.8092
[     7.8s] seed=8 prefix task 2/12 online 0.7614
[    11.6s] seed=8 prefix task 3/12 online 0.7653
[    15.3s] seed=8 prefix task 4/12 online 0.7927
[    19.0s] seed=8 prefix task 5/12 online 0.6955
[    22.6s] seed=8 prefix task 6/12 online 0.5455
[    26.2s] seed=8 prefix task 7/12 online 0.3550
[    29.9s] seed=8 prefix task 8/12 online 0.2883
[    33.5s] seed=8 prefix task 9/12 online 0.2123
[    37.0s] seed=8 prefix task 10/12 online 0.1630
[    40.6s] seed=8 prefix task 11/12 online 0.1259
[    44.2s] seed=8 prefix task 12/12 online 0.1167
[    48.1s] seed=8 arm S2dyn_10r: t3 0.3059 t4 0.3089
[    52.4s] seed=8 arm S2dyn_c1: t3 0.2867 t4 0.2765
[    49.9s] seed=8 arm S2dyn_c2: t3 0.2914 t4 0.3136
[    57.4s] seed=8 arm S2dyn_c12: t3 0.2649 t4 0.2686
[    55.6s] seed=8 arm S2dyn_c12b: t3 0.2605 t4 0.2631
[    54.0s] seed=8 arm S2dyn_frz: t3 0.2002 t4 0.2329
[    10.1s] seed=8 arm S2u30r: t3 0.2002 t4 0.2329
[    13.8s] seed=8 arm S2u30r_c12: t3 0.2002 t4 0.2329
[     9.2s] seed=8 arm S2_10r: t3 0.4456 t4 0.4578
[    13.1s] seed=8 arm S2_10r_c12: t3 0.3978 t4 0.4363
[     7.4s] seed=8 arm N2r: t3 0.7591 t4 0.8132
[    10.7s] seed=8 arm N2r_c12: t3 0.7504 t4 0.8362
wrote results/escape_ee_0917/runs/s8  (12 prefix rows, 24 arm rows, 426.1s)
