[     3.9s] seed=9 prefix task 1/12 online 0.8000
[     7.6s] seed=9 prefix task 2/12 online 0.7772
[    11.3s] seed=9 prefix task 3/12 online 0.7929
[    15.0s] seed=9 prefix task 4/12 online 0.7707
[    18.8s] seed=9 prefix task 5/12 online 0.7316
[    22.5s] seed=9 prefix task 6/12 online 0.6403
[    26.2s] seed=9 prefix task 7/12 online 0.4627
[    29.8s] seed=9 prefix task 8/12 online 0.3026
[    33.5s] seed=9 prefix task 9/12 online 0.1990
[    37.1s] seed=9 prefix task 10/12 online 0.1492
[    40.8s] seed=9 prefix task 11/12 online 0.1347
[    44.4s] seed=9 prefix task 12/12 online 0.1203
[    48.3s] seed=9 arm S2dyn_10r: t3 0.3334 t4 0.3194
[    53.8s] seed=9 arm S2dyn_c1: t3 0.3096 t4 0.2779
[    53.3s] seed=9 arm S2dyn_c2: t3 0.3210 t4 0.2963
[    55.4s] seed=9 arm S2dyn_c12: t3 0.2942 t4 0.2772
[    55.1s] seed=9 arm S2dyn_c12b: t3 0.2906 t4 0.2673
[    54.7s] seed=9 arm S2dyn_frz: t3 0.2210 t4 0.2277
[    10.2s] seed=9 arm S2u30r: t3 0.2210 t4 0.2277
[    13.9s] seed=9 arm S2u30r_c12: t3 0.2210 t4 0.2277
[     9.2s] seed=9 arm S2_10r: t3 0.5051 t4 0.5024
[    11.9s] seed=9 arm S2_10r_c12: t3 0.4148 t4 0.4438
[     7.1s] seed=9 arm N2r: t3 0.7298 t4 0.7889
[    10.6s] seed=9 arm N2r_c12: t3 0.7413 t4 0.8519
wrote results/escape_ee_0917/runs/s9  (12 prefix rows, 24 arm rows, 427.9s)
