2026-09-14T02:07:09+09:00 launch: git 184b92e567aa9c5d6d6eb9bcb1ce40310b21f923  slots 10  avail 18 GiB
2026-09-14T02:07:09+09:00 start LR_ref_s0
2026-09-14T02:07:09+09:00 start LR_l2_s0
2026-09-14T02:07:09+09:00 start LR_l2init_s0
2026-09-14T02:07:09+09:00 start LR_capT1_s0
2026-09-14T02:07:09+09:00 start LR_cap2_s0
2026-09-14T02:07:09+09:00 start R_ref_s0
2026-09-14T02:07:09+09:00 start R_l2_s0
2026-09-14T02:07:09+09:00 start R_cap2_s0
2026-09-14T02:07:09+09:00 start LR_l2_s1
2026-09-14T02:07:09+09:00 start LR_ref_s1
2026-09-14T02:24:35+09:00 done  LR_ref_s0
2026-09-14T02:24:35+09:00 start LR_l2init_s1
2026-09-14T02:25:42+09:00 done  LR_l2init_s0
2026-09-14T02:25:42+09:00 start LR_capT1_s1
2026-09-14T02:27:30+09:00 done  LR_ref_s1
2026-09-14T02:27:30+09:00 start LR_cap2_s1
2026-09-14T02:27:52+09:00 done  LR_cap2_s0
2026-09-14T02:27:52+09:00 start R_ref_s1
2026-09-14T02:29:53+09:00 done  LR_capT1_s0
2026-09-14T02:29:53+09:00 start R_l2_s1
2026-09-14T02:43:45+09:00 done  LR_l2init_s1
2026-09-14T02:43:45+09:00 start R_cap2_s1
2026-09-14T02:48:34+09:00 done  LR_capT1_s1
2026-09-14T02:48:34+09:00 start LR_ref_s2
2026-09-14T02:49:31+09:00 done  LR_cap2_s1
2026-09-14T02:49:31+09:00 start LR_l2_s2
2026-09-14T02:59:12+09:00 done  LR_l2_s1
2026-09-14T02:59:12+09:00 start LR_l2init_s2
2026-09-14T03:06:27+09:00 done  LR_ref_s2
2026-09-14T03:06:27+09:00 start LR_capT1_s2
2026-09-14T03:08:16+09:00 done  R_l2_s0
2026-09-14T03:08:16+09:00 start LR_cap2_s2
2026-09-14T03:16:24+09:00 done  LR_l2_s0
2026-09-14T03:16:24+09:00 start R_ref_s2
2026-09-14T03:16:49+09:00 done  LR_l2init_s2
2026-09-14T03:16:49+09:00 start R_l2_s2
2026-09-14T03:18:26+09:00 done  R_ref_s0
2026-09-14T03:18:26+09:00 start R_cap2_s2
2026-09-14T03:20:45+09:00 done  R_cap2_s0
2026-09-14T03:20:45+09:00 start LR_ref_s3
2026-09-14T03:27:24+09:00 done  LR_capT1_s2
2026-09-14T03:27:24+09:00 start LR_l2_s3
2026-09-14T03:27:32+09:00 done  R_l2_s1
2026-09-14T03:27:32+09:00 start LR_l2init_s3
2026-09-14T03:29:24+09:00 done  LR_cap2_s2
2026-09-14T03:29:24+09:00 start LR_capT1_s3
2026-09-14T03:34:42+09:00 done  R_ref_s1
2026-09-14T03:34:42+09:00 start LR_cap2_s3
2026-09-14T03:36:23+09:00 done  LR_ref_s3
2026-09-14T03:36:23+09:00 start R_ref_s3
2026-09-14T03:45:53+09:00 done  LR_l2_s2
2026-09-14T03:45:53+09:00 start R_l2_s3
2026-09-14T03:48:10+09:00 done  LR_l2init_s3
2026-09-14T03:48:10+09:00 start R_cap2_s3
2026-09-14T03:50:52+09:00 done  LR_capT1_s3
2026-09-14T03:50:52+09:00 start LR_ref_s4
2026-09-14T03:58:29+09:00 done  LR_cap2_s3
2026-09-14T03:58:29+09:00 start LR_l2_s4
2026-09-14T03:59:09+09:00 done  R_cap2_s1
2026-09-14T03:59:09+09:00 start LR_l2init_s4
2026-09-14T04:08:05+09:00 done  LR_ref_s4
2026-09-14T04:08:05+09:00 start LR_capT1_s4
2026-09-14T04:16:31+09:00 done  R_l2_s2
2026-09-14T04:16:31+09:00 start LR_cap2_s4
2026-09-14T04:17:10+09:00 done  LR_l2init_s4
2026-09-14T04:17:10+09:00 start R_ref_s4
2026-09-14T04:19:11+09:00 done  R_ref_s2
2026-09-14T04:19:11+09:00 start R_l2_s4
2026-09-14T04:22:39+09:00 done  LR_l2_s3
2026-09-14T04:22:39+09:00 start R_cap2_s4
2026-09-14T04:27:54+09:00 done  LR_capT1_s4
2026-09-14T04:27:54+09:00 start LR_ref_s5
2026-09-14T04:31:57+09:00 done  R_cap2_s2
2026-09-14T04:31:57+09:00 start LR_l2_s5
2026-09-14T04:38:30+09:00 done  LR_cap2_s4
2026-09-14T04:38:30+09:00 start LR_l2init_s5
2026-09-14T04:43:00+09:00 done  R_ref_s3
2026-09-14T04:43:00+09:00 start LR_capT1_s5
2026-09-14T04:44:05+09:00 done  LR_ref_s5
2026-09-14T04:44:05+09:00 start LR_cap2_s5
2026-09-14T04:45:26+09:00 done  LR_l2_s4
2026-09-14T04:45:26+09:00 start R_ref_s5
2026-09-14T04:53:22+09:00 done  R_l2_s3
2026-09-14T04:53:22+09:00 start R_l2_s5
2026-09-14T05:01:40+09:00 done  LR_l2init_s5
2026-09-14T05:01:40+09:00 start R_cap2_s5
2026-09-14T05:04:03+09:00 done  LR_capT1_s5
2026-09-14T05:04:03+09:00 start LR_ref_s6
2026-09-14T05:07:30+09:00 done  R_cap2_s3
2026-09-14T05:07:30+09:00 start LR_l2_s6
2026-09-14T05:08:43+09:00 done  LR_cap2_s5
2026-09-14T05:08:43+09:00 start LR_l2init_s6
2026-09-14T05:18:34+09:00 done  R_l2_s4
2026-09-14T05:18:34+09:00 start LR_capT1_s6
2026-09-14T05:19:43+09:00 done  LR_ref_s6
2026-09-14T05:19:43+09:00 start LR_cap2_s6
2026-09-14T05:25:13+09:00 done  R_ref_s4
2026-09-14T05:25:13+09:00 start R_ref_s6
2026-09-14T05:25:45+09:00 done  LR_l2_s5
2026-09-14T05:25:45+09:00 start R_l2_s6
2026-09-14T05:27:31+09:00 done  LR_l2init_s6
2026-09-14T05:27:31+09:00 start R_cap2_s6
2026-09-14T05:34:49+09:00 done  R_cap2_s4
2026-09-14T05:34:49+09:00 start LR_ref_s7
2026-09-14T05:41:29+09:00 done  LR_capT1_s6
2026-09-14T05:41:29+09:00 start LR_l2_s7
2026-09-14T05:41:59+09:00 done  LR_cap2_s6
2026-09-14T05:41:59+09:00 start LR_l2init_s7
2026-09-14T05:51:54+09:00 done  LR_ref_s7
2026-09-14T05:51:54+09:00 start LR_capT1_s7
2026-09-14T05:54:27+09:00 done  R_ref_s5
2026-09-14T05:54:27+09:00 start LR_cap2_s7
2026-09-14T05:54:36+09:00 done  R_l2_s5
2026-09-14T05:54:36+09:00 start R_ref_s7
2026-09-14T05:58:41+09:00 done  LR_l2_s6
2026-09-14T05:58:41+09:00 start R_l2_s7
2026-09-14T06:00:31+09:00 done  LR_l2init_s7
2026-09-14T06:00:31+09:00 start R_cap2_s7
2026-09-14T06:14:37+09:00 done  R_cap2_s5
2026-09-14T06:14:37+09:00 start LR_ref_s8
2026-09-14T06:15:10+09:00 done  LR_capT1_s7
2026-09-14T06:15:10+09:00 start LR_l2_s8
2026-09-14T06:16:31+09:00 done  LR_cap2_s7
2026-09-14T06:16:31+09:00 start LR_l2init_s8
2026-09-14T06:28:24+09:00 done  LR_l2_s7
2026-09-14T06:28:24+09:00 start LR_capT1_s8
2026-09-14T06:29:40+09:00 done  LR_ref_s8
2026-09-14T06:29:40+09:00 start LR_cap2_s8
2026-09-14T06:29:49+09:00 done  R_ref_s6
2026-09-14T06:29:49+09:00 start R_ref_s8
2026-09-14T06:31:14+09:00 done  R_l2_s6
2026-09-14T06:31:14+09:00 start R_l2_s8
2026-09-14T06:34:14+09:00 done  LR_l2init_s8
2026-09-14T06:34:14+09:00 start R_cap2_s8
2026-09-14T06:42:23+09:00 done  R_cap2_s6
2026-09-14T06:42:23+09:00 start LR_ref_s9
2026-09-14T06:53:48+09:00 done  LR_capT1_s8
2026-09-14T06:53:48+09:00 start LR_l2_s9
2026-09-14T06:54:18+09:00 done  LR_cap2_s8
2026-09-14T06:54:18+09:00 start LR_l2init_s9
2026-09-14T07:01:38+09:00 done  LR_ref_s9
2026-09-14T07:01:38+09:00 start LR_capT1_s9
2026-09-14T07:06:41+09:00 done  R_ref_s7
2026-09-14T07:06:41+09:00 start LR_cap2_s9
2026-09-14T07:31:08+09:00 done  LR_l2_s8
2026-09-14T07:31:08+09:00 start R_ref_s9
2026-09-14T07:33:42+09:00 done  LR_l2init_s9
2026-09-14T07:33:42+09:00 start R_l2_s9
2026-09-14T07:34:25+09:00 done  R_l2_s7
2026-09-14T07:34:25+09:00 start R_cap2_s9
2026-09-14T07:35:56+09:00 done  R_cap2_s7
2026-09-14T07:47:23+09:00 done  LR_capT1_s9
2026-09-14T07:50:02+09:00 done  LR_cap2_s9
2026-09-14T07:54:03+09:00 done  R_l2_s8
2026-09-14T07:56:41+09:00 done  R_ref_s8
2026-09-14T08:03:57+09:00 done  R_cap2_s8
2026-09-14T08:04:39+09:00 done  LR_l2_s9
2026-09-14T08:22:40+09:00 done  R_l2_s9
2026-09-14T08:27:09+09:00 done  R_ref_s9
2026-09-14T08:35:24+09:00 done  R_cap2_s9
2026-09-14T08:35:24+09:00 all jobs returned
