[    24.4s] LR cap2 seed=8 task 1/50
[    50.9s] LR cap2 seed=8 task 2/50
[    83.6s] LR cap2 seed=8 task 3/50
[   113.0s] LR cap2 seed=8 task 4/50
[   142.7s] LR cap2 seed=8 task 5/50
[   165.3s] LR cap2 seed=8 task 6/50
[   187.9s] LR cap2 seed=8 task 7/50
[   210.5s] LR cap2 seed=8 task 8/50
[   234.5s] LR cap2 seed=8 task 9/50
[   257.3s] LR cap2 seed=8 task 10/50
[   282.2s] LR cap2 seed=8 task 11/50
[   340.7s] LR cap2 seed=8 task 12/50
[   400.2s] LR cap2 seed=8 task 13/50
[   453.0s] LR cap2 seed=8 task 14/50
[   476.1s] LR cap2 seed=8 task 15/50
[   527.8s] LR cap2 seed=8 task 16/50
[   575.6s] LR cap2 seed=8 task 17/50
[   599.6s] LR cap2 seed=8 task 18/50
[   621.9s] LR cap2 seed=8 task 19/50
[   644.1s] LR cap2 seed=8 task 20/50
[   666.4s] LR cap2 seed=8 task 21/50
[   693.8s] LR cap2 seed=8 task 22/50
[   719.5s] LR cap2 seed=8 task 23/50
[   741.8s] LR cap2 seed=8 task 24/50
[   764.0s] LR cap2 seed=8 task 25/50
[   803.9s] LR cap2 seed=8 task 26/50
[   826.8s] LR cap2 seed=8 task 27/50
[   878.8s] LR cap2 seed=8 task 28/50
[   938.8s] LR cap2 seed=8 task 29/50
[   986.4s] LR cap2 seed=8 task 30/50
[  1010.3s] LR cap2 seed=8 task 31/50
[  1036.2s] LR cap2 seed=8 task 32/50
[  1068.1s] LR cap2 seed=8 task 33/50
[  1104.4s] LR cap2 seed=8 task 34/50
[  1128.4s] LR cap2 seed=8 task 35/50
[  1150.7s] LR cap2 seed=8 task 36/50
[  1173.0s] LR cap2 seed=8 task 37/50
[  1195.1s] LR cap2 seed=8 task 38/50
[  1223.2s] LR cap2 seed=8 task 39/50
[  1246.6s] LR cap2 seed=8 task 40/50
[  1269.1s] LR cap2 seed=8 task 41/50
[  1291.7s] LR cap2 seed=8 task 42/50
[  1314.5s] LR cap2 seed=8 task 43/50
[  1336.8s] LR cap2 seed=8 task 44/50
[  1359.3s] LR cap2 seed=8 task 45/50
[  1381.8s] LR cap2 seed=8 task 46/50
[  1404.4s] LR cap2 seed=8 task 47/50
[  1427.8s] LR cap2 seed=8 task 48/50
[  1450.5s] LR cap2 seed=8 task 49/50
[  1473.9s] LR cap2 seed=8 task 50/50
[  1474.3s] done LR cap2 seed=8 tasks=50 1473.9s
wrote results/wcap_rlmnist_0914/runs/LR_cap2_s8  (50 task rows, 306 layer rows, 1474.3s)
