[    17.6s] LR capT1 seed=3 task 1/50
[    40.1s] LR capT1 seed=3 task 2/50
[    62.7s] LR capT1 seed=3 task 3/50
[    85.8s] LR capT1 seed=3 task 4/50
[   108.9s] LR capT1 seed=3 task 5/50
[   132.3s] LR capT1 seed=3 task 6/50
[   158.5s] LR capT1 seed=3 task 7/50
[   183.9s] LR capT1 seed=3 task 8/50
[   206.8s] LR capT1 seed=3 task 9/50
[   229.8s] LR capT1 seed=3 task 10/50
[   252.1s] LR capT1 seed=3 task 11/50
[   274.6s] LR capT1 seed=3 task 12/50
[   297.0s] LR capT1 seed=3 task 13/50
[   321.6s] LR capT1 seed=3 task 14/50
[   359.9s] LR capT1 seed=3 task 15/50
[   388.7s] LR capT1 seed=3 task 16/50
[   411.9s] LR capT1 seed=3 task 17/50
[   437.3s] LR capT1 seed=3 task 18/50
[   460.8s] LR capT1 seed=3 task 19/50
[   487.3s] LR capT1 seed=3 task 20/50
[   512.3s] LR capT1 seed=3 task 21/50
[   537.1s] LR capT1 seed=3 task 22/50
[   560.6s] LR capT1 seed=3 task 23/50
[   584.6s] LR capT1 seed=3 task 24/50
[   615.5s] LR capT1 seed=3 task 25/50
[   641.7s] LR capT1 seed=3 task 26/50
[   669.1s] LR capT1 seed=3 task 27/50
[   691.9s] LR capT1 seed=3 task 28/50
[   714.3s] LR capT1 seed=3 task 29/50
[   736.7s] LR capT1 seed=3 task 30/50
[   760.4s] LR capT1 seed=3 task 31/50
[   785.4s] LR capT1 seed=3 task 32/50
[   808.1s] LR capT1 seed=3 task 33/50
[   830.4s] LR capT1 seed=3 task 34/50
[   859.2s] LR capT1 seed=3 task 35/50
[   884.6s] LR capT1 seed=3 task 36/50
[   910.9s] LR capT1 seed=3 task 37/50
[   933.5s] LR capT1 seed=3 task 38/50
[   956.3s] LR capT1 seed=3 task 39/50
[   979.3s] LR capT1 seed=3 task 40/50
[  1004.7s] LR capT1 seed=3 task 41/50
[  1028.4s] LR capT1 seed=3 task 42/50
[  1051.8s] LR capT1 seed=3 task 43/50
[  1092.5s] LR capT1 seed=3 task 44/50
[  1153.4s] LR capT1 seed=3 task 45/50
[  1190.5s] LR capT1 seed=3 task 46/50
[  1217.7s] LR capT1 seed=3 task 47/50
[  1239.9s] LR capT1 seed=3 task 48/50
[  1262.1s] LR capT1 seed=3 task 49/50
[  1284.7s] LR capT1 seed=3 task 50/50
[  1285.0s] done LR capT1 seed=3 tasks=50 1284.7s
wrote results/wcap_rlmnist_0914/runs/LR_capT1_s3  (50 task rows, 306 layer rows, 1285.0s)
