[    17.9s] LR capT1 seed=8 task 1/50
[    40.5s] LR capT1 seed=8 task 2/50
[    70.6s] LR capT1 seed=8 task 3/50
[   107.7s] LR capT1 seed=8 task 4/50
[   135.9s] LR capT1 seed=8 task 5/50
[   158.5s] LR capT1 seed=8 task 6/50
[   181.1s] LR capT1 seed=8 task 7/50
[   203.6s] LR capT1 seed=8 task 8/50
[   226.2s] LR capT1 seed=8 task 9/50
[   248.8s] LR capT1 seed=8 task 10/50
[   271.2s] LR capT1 seed=8 task 11/50
[   293.7s] LR capT1 seed=8 task 12/50
[   318.8s] LR capT1 seed=8 task 13/50
[   343.8s] LR capT1 seed=8 task 14/50
[   368.8s] LR capT1 seed=8 task 15/50
[   398.8s] LR capT1 seed=8 task 16/50
[   436.4s] LR capT1 seed=8 task 17/50
[   462.0s] LR capT1 seed=8 task 18/50
[   485.0s] LR capT1 seed=8 task 19/50
[   508.1s] LR capT1 seed=8 task 20/50
[   530.9s] LR capT1 seed=8 task 21/50
[   555.0s] LR capT1 seed=8 task 22/50
[   579.6s] LR capT1 seed=8 task 23/50
[   602.4s] LR capT1 seed=8 task 24/50
[   625.6s] LR capT1 seed=8 task 25/50
[   656.4s] LR capT1 seed=8 task 26/50
[   716.9s] LR capT1 seed=8 task 27/50
[   778.4s] LR capT1 seed=8 task 28/50
[   839.2s] LR capT1 seed=8 task 29/50
[   871.1s] LR capT1 seed=8 task 30/50
[   901.5s] LR capT1 seed=8 task 31/50
[   928.8s] LR capT1 seed=8 task 32/50
[   957.5s] LR capT1 seed=8 task 33/50
[   986.4s] LR capT1 seed=8 task 34/50
[  1009.1s] LR capT1 seed=8 task 35/50
[  1031.8s] LR capT1 seed=8 task 36/50
[  1061.5s] LR capT1 seed=8 task 37/50
[  1110.2s] LR capT1 seed=8 task 38/50
[  1171.4s] LR capT1 seed=8 task 39/50
[  1205.3s] LR capT1 seed=8 task 40/50
[  1230.1s] LR capT1 seed=8 task 41/50
[  1261.4s] LR capT1 seed=8 task 42/50
[  1294.1s] LR capT1 seed=8 task 43/50
[  1329.1s] LR capT1 seed=8 task 44/50
[  1358.7s] LR capT1 seed=8 task 45/50
[  1406.4s] LR capT1 seed=8 task 46/50
[  1431.2s] LR capT1 seed=8 task 47/50
[  1454.1s] LR capT1 seed=8 task 48/50
[  1476.9s] LR capT1 seed=8 task 49/50
[  1521.9s] LR capT1 seed=8 task 50/50
[  1522.2s] done LR capT1 seed=8 tasks=50 1521.9s
wrote results/wcap_rlmnist_0914/runs/LR_capT1_s8  (50 task rows, 306 layer rows, 1522.2s)
