[    23.6s] LR cap2 seed=4 task 1/50
[    48.7s] LR cap2 seed=4 task 2/50
[    71.7s] LR cap2 seed=4 task 3/50
[    95.9s] LR cap2 seed=4 task 4/50
[   118.0s] LR cap2 seed=4 task 5/50
[   152.4s] LR cap2 seed=4 task 6/50
[   175.2s] LR cap2 seed=4 task 7/50
[   202.0s] LR cap2 seed=4 task 8/50
[   225.6s] LR cap2 seed=4 task 9/50
[   253.8s] LR cap2 seed=4 task 10/50
[   276.3s] LR cap2 seed=4 task 11/50
[   317.2s] LR cap2 seed=4 task 12/50
[   366.8s] LR cap2 seed=4 task 13/50
[   396.4s] LR cap2 seed=4 task 14/50
[   424.5s] LR cap2 seed=4 task 15/50
[   452.6s] LR cap2 seed=4 task 16/50
[   474.5s] LR cap2 seed=4 task 17/50
[   529.2s] LR cap2 seed=4 task 18/50
[   587.3s] LR cap2 seed=4 task 19/50
[   615.3s] LR cap2 seed=4 task 20/50
[   638.3s] LR cap2 seed=4 task 21/50
[   660.4s] LR cap2 seed=4 task 22/50
[   682.2s] LR cap2 seed=4 task 23/50
[   708.9s] LR cap2 seed=4 task 24/50
[   732.2s] LR cap2 seed=4 task 25/50
[   754.1s] LR cap2 seed=4 task 26/50
[   775.7s] LR cap2 seed=4 task 27/50
[   799.2s] LR cap2 seed=4 task 28/50
[   820.8s] LR cap2 seed=4 task 29/50
[   842.8s] LR cap2 seed=4 task 30/50
[   864.5s] LR cap2 seed=4 task 31/50
[   886.8s] LR cap2 seed=4 task 32/50
[   908.3s] LR cap2 seed=4 task 33/50
[   929.9s] LR cap2 seed=4 task 34/50
[   951.4s] LR cap2 seed=4 task 35/50
[   973.2s] LR cap2 seed=4 task 36/50
[   994.8s] LR cap2 seed=4 task 37/50
[  1020.7s] LR cap2 seed=4 task 38/50
[  1042.4s] LR cap2 seed=4 task 39/50
[  1068.9s] LR cap2 seed=4 task 40/50
[  1091.2s] LR cap2 seed=4 task 41/50
[  1113.5s] LR cap2 seed=4 task 42/50
[  1135.6s] LR cap2 seed=4 task 43/50
[  1166.5s] LR cap2 seed=4 task 44/50
[  1188.7s] LR cap2 seed=4 task 45/50
[  1213.5s] LR cap2 seed=4 task 46/50
[  1239.9s] LR cap2 seed=4 task 47/50
[  1267.0s] LR cap2 seed=4 task 48/50
[  1290.1s] LR cap2 seed=4 task 49/50
[  1316.5s] LR cap2 seed=4 task 50/50
[  1316.8s] done LR cap2 seed=4 tasks=50 1316.5s
wrote results/wcap_rlmnist_0914/runs/LR_cap2_s4  (50 task rows, 306 layer rows, 1316.8s)
