[    22.5s] LR cap2 seed=0 task 1/50
[    45.1s] LR cap2 seed=0 task 2/50
[    68.7s] LR cap2 seed=0 task 3/50
[    92.2s] LR cap2 seed=0 task 4/50
[   115.7s] LR cap2 seed=0 task 5/50
[   139.0s] LR cap2 seed=0 task 6/50
[   162.9s] LR cap2 seed=0 task 7/50
[   186.0s] LR cap2 seed=0 task 8/50
[   209.1s] LR cap2 seed=0 task 9/50
[   237.7s] LR cap2 seed=0 task 10/50
[   264.9s] LR cap2 seed=0 task 11/50
[   300.1s] LR cap2 seed=0 task 12/50
[   323.6s] LR cap2 seed=0 task 13/50
[   347.5s] LR cap2 seed=0 task 14/50
[   372.4s] LR cap2 seed=0 task 15/50
[   406.6s] LR cap2 seed=0 task 16/50
[   429.7s] LR cap2 seed=0 task 17/50
[   452.7s] LR cap2 seed=0 task 18/50
[   475.7s] LR cap2 seed=0 task 19/50
[   498.9s] LR cap2 seed=0 task 20/50
[   522.0s] LR cap2 seed=0 task 21/50
[   545.5s] LR cap2 seed=0 task 22/50
[   568.5s] LR cap2 seed=0 task 23/50
[   591.7s] LR cap2 seed=0 task 24/50
[   614.6s] LR cap2 seed=0 task 25/50
[   637.6s] LR cap2 seed=0 task 26/50
[   661.3s] LR cap2 seed=0 task 27/50
[   684.4s] LR cap2 seed=0 task 28/50
[   707.5s] LR cap2 seed=0 task 29/50
[   730.2s] LR cap2 seed=0 task 30/50
[   757.9s] LR cap2 seed=0 task 31/50
[   781.2s] LR cap2 seed=0 task 32/50
[   805.1s] LR cap2 seed=0 task 33/50
[   833.0s] LR cap2 seed=0 task 34/50
[   856.5s] LR cap2 seed=0 task 35/50
[   879.2s] LR cap2 seed=0 task 36/50
[   902.0s] LR cap2 seed=0 task 37/50
[   930.6s] LR cap2 seed=0 task 38/50
[   954.7s] LR cap2 seed=0 task 39/50
[   987.5s] LR cap2 seed=0 task 40/50
[  1010.3s] LR cap2 seed=0 task 41/50
[  1033.0s] LR cap2 seed=0 task 42/50
[  1055.7s] LR cap2 seed=0 task 43/50
[  1078.9s] LR cap2 seed=0 task 44/50
[  1102.2s] LR cap2 seed=0 task 45/50
[  1124.8s] LR cap2 seed=0 task 46/50
[  1158.3s] LR cap2 seed=0 task 47/50
[  1189.3s] LR cap2 seed=0 task 48/50
[  1215.3s] LR cap2 seed=0 task 49/50
[  1240.8s] LR cap2 seed=0 task 50/50
[  1241.0s] done LR cap2 seed=0 tasks=50 1240.8s
wrote results/wcap_rlmnist_0914/runs/LR_cap2_s0  (50 task rows, 306 layer rows, 1241.0s)
