[    25.9s] LR capT1 seed=2 task 1/50
[    53.4s] LR capT1 seed=2 task 2/50
[    82.7s] LR capT1 seed=2 task 3/50
[   105.9s] LR capT1 seed=2 task 4/50
[   130.5s] LR capT1 seed=2 task 5/50
[   153.4s] LR capT1 seed=2 task 6/50
[   185.3s] LR capT1 seed=2 task 7/50
[   212.1s] LR capT1 seed=2 task 8/50
[   235.6s] LR capT1 seed=2 task 9/50
[   259.9s] LR capT1 seed=2 task 10/50
[   282.7s] LR capT1 seed=2 task 11/50
[   313.3s] LR capT1 seed=2 task 12/50
[   345.0s] LR capT1 seed=2 task 13/50
[   369.3s] LR capT1 seed=2 task 14/50
[   394.0s] LR capT1 seed=2 task 15/50
[   417.2s] LR capT1 seed=2 task 16/50
[   440.1s] LR capT1 seed=2 task 17/50
[   462.9s] LR capT1 seed=2 task 18/50
[   486.3s] LR capT1 seed=2 task 19/50
[   509.9s] LR capT1 seed=2 task 20/50
[   532.2s] LR capT1 seed=2 task 21/50
[   555.0s] LR capT1 seed=2 task 22/50
[   579.4s] LR capT1 seed=2 task 23/50
[   603.9s] LR capT1 seed=2 task 24/50
[   632.0s] LR capT1 seed=2 task 25/50
[   654.7s] LR capT1 seed=2 task 26/50
[   684.9s] LR capT1 seed=2 task 27/50
[   709.3s] LR capT1 seed=2 task 28/50
[   731.9s] LR capT1 seed=2 task 29/50
[   754.8s] LR capT1 seed=2 task 30/50
[   792.3s] LR capT1 seed=2 task 31/50
[   816.3s] LR capT1 seed=2 task 32/50
[   843.5s] LR capT1 seed=2 task 33/50
[   869.9s] LR capT1 seed=2 task 34/50
[   892.8s] LR capT1 seed=2 task 35/50
[   916.4s] LR capT1 seed=2 task 36/50
[   939.5s] LR capT1 seed=2 task 37/50
[   969.3s] LR capT1 seed=2 task 38/50
[   997.5s] LR capT1 seed=2 task 39/50
[  1021.5s] LR capT1 seed=2 task 40/50
[  1045.7s] LR capT1 seed=2 task 41/50
[  1068.4s] LR capT1 seed=2 task 42/50
[  1091.6s] LR capT1 seed=2 task 43/50
[  1114.1s] LR capT1 seed=2 task 44/50
[  1136.5s] LR capT1 seed=2 task 45/50
[  1158.8s] LR capT1 seed=2 task 46/50
[  1181.4s] LR capT1 seed=2 task 47/50
[  1203.7s] LR capT1 seed=2 task 48/50
[  1227.8s] LR capT1 seed=2 task 49/50
[  1254.5s] LR capT1 seed=2 task 50/50
[  1254.8s] done LR capT1 seed=2 tasks=50 1254.5s
wrote results/wcap_rlmnist_0914/runs/LR_capT1_s2  (50 task rows, 306 layer rows, 1254.8s)
