[    55.8s] LR cap2 seed=6 task 1/50
[    97.8s] LR cap2 seed=6 task 2/50
[   144.2s] LR cap2 seed=6 task 3/50
[   180.2s] LR cap2 seed=6 task 4/50
[   208.1s] LR cap2 seed=6 task 5/50
[   247.1s] LR cap2 seed=6 task 6/50
[   271.7s] LR cap2 seed=6 task 7/50
[   300.3s] LR cap2 seed=6 task 8/50
[   325.1s] LR cap2 seed=6 task 9/50
[   348.9s] LR cap2 seed=6 task 10/50
[   376.2s] LR cap2 seed=6 task 11/50
[   399.3s] LR cap2 seed=6 task 12/50
[   422.2s] LR cap2 seed=6 task 13/50
[   445.1s] LR cap2 seed=6 task 14/50
[   467.9s] LR cap2 seed=6 task 15/50
[   490.6s] LR cap2 seed=6 task 16/50
[   513.3s] LR cap2 seed=6 task 17/50
[   536.0s] LR cap2 seed=6 task 18/50
[   558.7s] LR cap2 seed=6 task 19/50
[   581.3s] LR cap2 seed=6 task 20/50
[   603.9s] LR cap2 seed=6 task 21/50
[   626.4s] LR cap2 seed=6 task 22/50
[   648.7s] LR cap2 seed=6 task 23/50
[   671.1s] LR cap2 seed=6 task 24/50
[   693.3s] LR cap2 seed=6 task 25/50
[   715.9s] LR cap2 seed=6 task 26/50
[   745.1s] LR cap2 seed=6 task 27/50
[   768.2s] LR cap2 seed=6 task 28/50
[   794.0s] LR cap2 seed=6 task 29/50
[   827.9s] LR cap2 seed=6 task 30/50
[   855.4s] LR cap2 seed=6 task 31/50
[   877.8s] LR cap2 seed=6 task 32/50
[   899.8s] LR cap2 seed=6 task 33/50
[   922.4s] LR cap2 seed=6 task 34/50
[   965.2s] LR cap2 seed=6 task 35/50
[   994.6s] LR cap2 seed=6 task 36/50
[  1017.2s] LR cap2 seed=6 task 37/50
[  1039.9s] LR cap2 seed=6 task 38/50
[  1064.1s] LR cap2 seed=6 task 39/50
[  1087.0s] LR cap2 seed=6 task 40/50
[  1109.4s] LR cap2 seed=6 task 41/50
[  1131.7s] LR cap2 seed=6 task 42/50
[  1154.0s] LR cap2 seed=6 task 43/50
[  1176.4s] LR cap2 seed=6 task 44/50
[  1198.8s] LR cap2 seed=6 task 45/50
[  1221.3s] LR cap2 seed=6 task 46/50
[  1250.7s] LR cap2 seed=6 task 47/50
[  1281.1s] LR cap2 seed=6 task 48/50
[  1310.1s] LR cap2 seed=6 task 49/50
[  1333.2s] LR cap2 seed=6 task 50/50
[  1333.5s] done LR cap2 seed=6 tasks=50 1333.2s
wrote results/wcap_rlmnist_0914/runs/LR_cap2_s6  (50 task rows, 306 layer rows, 1333.5s)
