[    28.9s] LR cap2 seed=7 task 1/50
[    56.2s] LR cap2 seed=7 task 2/50
[    82.8s] LR cap2 seed=7 task 3/50
[   108.0s] LR cap2 seed=7 task 4/50
[   130.9s] LR cap2 seed=7 task 5/50
[   153.7s] LR cap2 seed=7 task 6/50
[   176.4s] LR cap2 seed=7 task 7/50
[   200.8s] LR cap2 seed=7 task 8/50
[   228.0s] LR cap2 seed=7 task 9/50
[   251.3s] LR cap2 seed=7 task 10/50
[   286.1s] LR cap2 seed=7 task 11/50
[   308.9s] LR cap2 seed=7 task 12/50
[   332.2s] LR cap2 seed=7 task 13/50
[   358.5s] LR cap2 seed=7 task 14/50
[   381.6s] LR cap2 seed=7 task 15/50
[   406.6s] LR cap2 seed=7 task 16/50
[   429.3s] LR cap2 seed=7 task 17/50
[   452.1s] LR cap2 seed=7 task 18/50
[   481.2s] LR cap2 seed=7 task 19/50
[   510.1s] LR cap2 seed=7 task 20/50
[   538.0s] LR cap2 seed=7 task 21/50
[   563.2s] LR cap2 seed=7 task 22/50
[   603.8s] LR cap2 seed=7 task 23/50
[   631.3s] LR cap2 seed=7 task 24/50
[   665.8s] LR cap2 seed=7 task 25/50
[   700.5s] LR cap2 seed=7 task 26/50
[   723.4s] LR cap2 seed=7 task 27/50
[   746.6s] LR cap2 seed=7 task 28/50
[   768.7s] LR cap2 seed=7 task 29/50
[   791.3s] LR cap2 seed=7 task 30/50
[   814.0s] LR cap2 seed=7 task 31/50
[   836.5s] LR cap2 seed=7 task 32/50
[   862.8s] LR cap2 seed=7 task 33/50
[   892.2s] LR cap2 seed=7 task 34/50
[   914.3s] LR cap2 seed=7 task 35/50
[   941.4s] LR cap2 seed=7 task 36/50
[   963.4s] LR cap2 seed=7 task 37/50
[   985.4s] LR cap2 seed=7 task 38/50
[  1007.9s] LR cap2 seed=7 task 39/50
[  1033.2s] LR cap2 seed=7 task 40/50
[  1079.9s] LR cap2 seed=7 task 41/50
[  1110.5s] LR cap2 seed=7 task 42/50
[  1133.3s] LR cap2 seed=7 task 43/50
[  1157.5s] LR cap2 seed=7 task 44/50
[  1184.6s] LR cap2 seed=7 task 45/50
[  1209.1s] LR cap2 seed=7 task 46/50
[  1233.6s] LR cap2 seed=7 task 47/50
[  1263.7s] LR cap2 seed=7 task 48/50
[  1297.1s] LR cap2 seed=7 task 49/50
[  1320.9s] LR cap2 seed=7 task 50/50
[  1321.3s] done LR cap2 seed=7 tasks=50 1320.9s
wrote results/wcap_rlmnist_0914/runs/LR_cap2_s7  (50 task rows, 306 layer rows, 1321.3s)
