[    38.1s] LR cap2 seed=5 task 1/50
[    61.0s] LR cap2 seed=5 task 2/50
[    83.9s] LR cap2 seed=5 task 3/50
[   107.0s] LR cap2 seed=5 task 4/50
[   130.0s] LR cap2 seed=5 task 5/50
[   153.0s] LR cap2 seed=5 task 6/50
[   176.4s] LR cap2 seed=5 task 7/50
[   199.3s] LR cap2 seed=5 task 8/50
[   222.1s] LR cap2 seed=5 task 9/50
[   246.2s] LR cap2 seed=5 task 10/50
[   269.3s] LR cap2 seed=5 task 11/50
[   292.5s] LR cap2 seed=5 task 12/50
[   315.7s] LR cap2 seed=5 task 13/50
[   341.8s] LR cap2 seed=5 task 14/50
[   368.2s] LR cap2 seed=5 task 15/50
[   392.9s] LR cap2 seed=5 task 16/50
[   420.1s] LR cap2 seed=5 task 17/50
[   444.1s] LR cap2 seed=5 task 18/50
[   466.4s] LR cap2 seed=5 task 19/50
[   488.9s] LR cap2 seed=5 task 20/50
[   511.3s] LR cap2 seed=5 task 21/50
[   538.2s] LR cap2 seed=5 task 22/50
[   560.9s] LR cap2 seed=5 task 23/50
[   594.3s] LR cap2 seed=5 task 24/50
[   621.1s] LR cap2 seed=5 task 25/50
[   643.6s] LR cap2 seed=5 task 26/50
[   666.1s] LR cap2 seed=5 task 27/50
[   688.6s] LR cap2 seed=5 task 28/50
[   711.2s] LR cap2 seed=5 task 29/50
[   733.8s] LR cap2 seed=5 task 30/50
[   756.2s] LR cap2 seed=5 task 31/50
[   778.9s] LR cap2 seed=5 task 32/50
[   801.4s] LR cap2 seed=5 task 33/50
[   842.8s] LR cap2 seed=5 task 34/50
[   902.2s] LR cap2 seed=5 task 35/50
[   939.8s] LR cap2 seed=5 task 36/50
[   963.0s] LR cap2 seed=5 task 37/50
[   985.7s] LR cap2 seed=5 task 38/50
[  1010.5s] LR cap2 seed=5 task 39/50
[  1034.3s] LR cap2 seed=5 task 40/50
[  1067.7s] LR cap2 seed=5 task 41/50
[  1125.5s] LR cap2 seed=5 task 42/50
[  1184.5s] LR cap2 seed=5 task 43/50
[  1243.5s] LR cap2 seed=5 task 44/50
[  1300.7s] LR cap2 seed=5 task 45/50
[  1328.5s] LR cap2 seed=5 task 46/50
[  1385.6s] LR cap2 seed=5 task 47/50
[  1427.3s] LR cap2 seed=5 task 48/50
[  1452.2s] LR cap2 seed=5 task 49/50
[  1475.7s] LR cap2 seed=5 task 50/50
[  1476.0s] done LR cap2 seed=5 tasks=50 1475.7s
wrote results/wcap_rlmnist_0914/runs/LR_cap2_s5  (50 task rows, 306 layer rows, 1476.0s)
