[    17.8s] LR capT1 seed=6 task 1/50
[    40.8s] LR capT1 seed=6 task 2/50
[    64.1s] LR capT1 seed=6 task 3/50
[    86.5s] LR capT1 seed=6 task 4/50
[   111.6s] LR capT1 seed=6 task 5/50
[   151.6s] LR capT1 seed=6 task 6/50
[   186.8s] LR capT1 seed=6 task 7/50
[   211.0s] LR capT1 seed=6 task 8/50
[   233.5s] LR capT1 seed=6 task 9/50
[   256.2s] LR capT1 seed=6 task 10/50
[   279.0s] LR capT1 seed=6 task 11/50
[   307.1s] LR capT1 seed=6 task 12/50
[   329.8s] LR capT1 seed=6 task 13/50
[   352.5s] LR capT1 seed=6 task 14/50
[   376.3s] LR capT1 seed=6 task 15/50
[   398.8s] LR capT1 seed=6 task 16/50
[   421.9s] LR capT1 seed=6 task 17/50
[   448.1s] LR capT1 seed=6 task 18/50
[   494.5s] LR capT1 seed=6 task 19/50
[   530.8s] LR capT1 seed=6 task 20/50
[   554.9s] LR capT1 seed=6 task 21/50
[   585.0s] LR capT1 seed=6 task 22/50
[   613.9s] LR capT1 seed=6 task 23/50
[   640.2s] LR capT1 seed=6 task 24/50
[   696.5s] LR capT1 seed=6 task 25/50
[   755.4s] LR capT1 seed=6 task 26/50
[   779.4s] LR capT1 seed=6 task 27/50
[   802.5s] LR capT1 seed=6 task 28/50
[   826.7s] LR capT1 seed=6 task 29/50
[   852.4s] LR capT1 seed=6 task 30/50
[   875.7s] LR capT1 seed=6 task 31/50
[   899.0s] LR capT1 seed=6 task 32/50
[   924.1s] LR capT1 seed=6 task 33/50
[   950.1s] LR capT1 seed=6 task 34/50
[   984.2s] LR capT1 seed=6 task 35/50
[  1006.8s] LR capT1 seed=6 task 36/50
[  1030.4s] LR capT1 seed=6 task 37/50
[  1053.7s] LR capT1 seed=6 task 38/50
[  1081.0s] LR capT1 seed=6 task 39/50
[  1112.3s] LR capT1 seed=6 task 40/50
[  1135.0s] LR capT1 seed=6 task 41/50
[  1157.5s] LR capT1 seed=6 task 42/50
[  1183.7s] LR capT1 seed=6 task 43/50
[  1216.4s] LR capT1 seed=6 task 44/50
[  1238.8s] LR capT1 seed=6 task 45/50
[  1261.8s] LR capT1 seed=6 task 46/50
[  1295.7s] LR capT1 seed=6 task 47/50
[  1318.8s] LR capT1 seed=6 task 48/50
[  1345.0s] LR capT1 seed=6 task 49/50
[  1372.9s] LR capT1 seed=6 task 50/50
[  1373.2s] done LR capT1 seed=6 tasks=50 1372.9s
wrote results/wcap_rlmnist_0914/runs/LR_capT1_s6  (50 task rows, 306 layer rows, 1373.2s)
