[    23.9s] LR cap2 seed=3 task 1/50
[    46.9s] LR cap2 seed=3 task 2/50
[    69.7s] LR cap2 seed=3 task 3/50
[    92.6s] LR cap2 seed=3 task 4/50
[   119.1s] LR cap2 seed=3 task 5/50
[   142.6s] LR cap2 seed=3 task 6/50
[   166.0s] LR cap2 seed=3 task 7/50
[   189.4s] LR cap2 seed=3 task 8/50
[   212.8s] LR cap2 seed=3 task 9/50
[   236.5s] LR cap2 seed=3 task 10/50
[   260.7s] LR cap2 seed=3 task 11/50
[   286.0s] LR cap2 seed=3 task 12/50
[   308.8s] LR cap2 seed=3 task 13/50
[   348.9s] LR cap2 seed=3 task 14/50
[   378.7s] LR cap2 seed=3 task 15/50
[   402.9s] LR cap2 seed=3 task 16/50
[   426.6s] LR cap2 seed=3 task 17/50
[   456.2s] LR cap2 seed=3 task 18/50
[   499.2s] LR cap2 seed=3 task 19/50
[   527.8s] LR cap2 seed=3 task 20/50
[   552.1s] LR cap2 seed=3 task 21/50
[   577.4s] LR cap2 seed=3 task 22/50
[   605.5s] LR cap2 seed=3 task 23/50
[   627.9s] LR cap2 seed=3 task 24/50
[   665.6s] LR cap2 seed=3 task 25/50
[   690.1s] LR cap2 seed=3 task 26/50
[   712.4s] LR cap2 seed=3 task 27/50
[   735.5s] LR cap2 seed=3 task 28/50
[   758.5s] LR cap2 seed=3 task 29/50
[   790.4s] LR cap2 seed=3 task 30/50
[   816.0s] LR cap2 seed=3 task 31/50
[   839.4s] LR cap2 seed=3 task 32/50
[   863.4s] LR cap2 seed=3 task 33/50
[   886.1s] LR cap2 seed=3 task 34/50
[   909.9s] LR cap2 seed=3 task 35/50
[   937.6s] LR cap2 seed=3 task 36/50
[   973.1s] LR cap2 seed=3 task 37/50
[   999.8s] LR cap2 seed=3 task 38/50
[  1036.4s] LR cap2 seed=3 task 39/50
[  1063.0s] LR cap2 seed=3 task 40/50
[  1119.7s] LR cap2 seed=3 task 41/50
[  1177.7s] LR cap2 seed=3 task 42/50
[  1235.8s] LR cap2 seed=3 task 43/50
[  1269.1s] LR cap2 seed=3 task 44/50
[  1291.4s] LR cap2 seed=3 task 45/50
[  1330.9s] LR cap2 seed=3 task 46/50
[  1354.0s] LR cap2 seed=3 task 47/50
[  1378.2s] LR cap2 seed=3 task 48/50
[  1402.4s] LR cap2 seed=3 task 49/50
[  1425.1s] LR cap2 seed=3 task 50/50
[  1425.3s] done LR cap2 seed=3 tasks=50 1425.1s
wrote results/wcap_rlmnist_0914/runs/LR_cap2_s3  (50 task rows, 306 layer rows, 1425.3s)
