[    36.5s] LR cap2 seed=1 task 1/50
[    60.2s] LR cap2 seed=1 task 2/50
[    83.9s] LR cap2 seed=1 task 3/50
[   108.2s] LR cap2 seed=1 task 4/50
[   132.8s] LR cap2 seed=1 task 5/50
[   157.8s] LR cap2 seed=1 task 6/50
[   190.3s] LR cap2 seed=1 task 7/50
[   220.9s] LR cap2 seed=1 task 8/50
[   245.4s] LR cap2 seed=1 task 9/50
[   269.2s] LR cap2 seed=1 task 10/50
[   296.9s] LR cap2 seed=1 task 11/50
[   321.2s] LR cap2 seed=1 task 12/50
[   344.7s] LR cap2 seed=1 task 13/50
[   375.9s] LR cap2 seed=1 task 14/50
[   428.0s] LR cap2 seed=1 task 15/50
[   452.2s] LR cap2 seed=1 task 16/50
[   475.8s] LR cap2 seed=1 task 17/50
[   499.3s] LR cap2 seed=1 task 18/50
[   531.7s] LR cap2 seed=1 task 19/50
[   558.9s] LR cap2 seed=1 task 20/50
[   582.2s] LR cap2 seed=1 task 21/50
[   605.5s] LR cap2 seed=1 task 22/50
[   628.6s] LR cap2 seed=1 task 23/50
[   651.9s] LR cap2 seed=1 task 24/50
[   675.8s] LR cap2 seed=1 task 25/50
[   698.8s] LR cap2 seed=1 task 26/50
[   733.8s] LR cap2 seed=1 task 27/50
[   761.6s] LR cap2 seed=1 task 28/50
[   799.1s] LR cap2 seed=1 task 29/50
[   830.7s] LR cap2 seed=1 task 30/50
[   853.5s] LR cap2 seed=1 task 31/50
[   876.4s] LR cap2 seed=1 task 32/50
[   899.4s] LR cap2 seed=1 task 33/50
[   923.1s] LR cap2 seed=1 task 34/50
[   950.6s] LR cap2 seed=1 task 35/50
[   974.3s] LR cap2 seed=1 task 36/50
[   997.9s] LR cap2 seed=1 task 37/50
[  1022.2s] LR cap2 seed=1 task 38/50
[  1045.9s] LR cap2 seed=1 task 39/50
[  1069.2s] LR cap2 seed=1 task 40/50
[  1106.6s] LR cap2 seed=1 task 41/50
[  1130.3s] LR cap2 seed=1 task 42/50
[  1156.7s] LR cap2 seed=1 task 43/50
[  1181.8s] LR cap2 seed=1 task 44/50
[  1204.5s] LR cap2 seed=1 task 45/50
[  1227.4s] LR cap2 seed=1 task 46/50
[  1250.1s] LR cap2 seed=1 task 47/50
[  1273.0s] LR cap2 seed=1 task 48/50
[  1295.8s] LR cap2 seed=1 task 49/50
[  1318.6s] LR cap2 seed=1 task 50/50
[  1318.9s] done LR cap2 seed=1 tasks=50 1318.6s
wrote results/wcap_rlmnist_0914/runs/LR_cap2_s1  (50 task rows, 306 layer rows, 1318.9s)
