[    17.7s] LR capT1 seed=4 task 1/50
[    40.3s] LR capT1 seed=4 task 2/50
[    63.3s] LR capT1 seed=4 task 3/50
[    90.9s] LR capT1 seed=4 task 4/50
[   118.6s] LR capT1 seed=4 task 5/50
[   141.8s] LR capT1 seed=4 task 6/50
[   164.8s] LR capT1 seed=4 task 7/50
[   187.9s] LR capT1 seed=4 task 8/50
[   211.0s] LR capT1 seed=4 task 9/50
[   237.7s] LR capT1 seed=4 task 10/50
[   263.7s] LR capT1 seed=4 task 11/50
[   291.7s] LR capT1 seed=4 task 12/50
[   314.2s] LR capT1 seed=4 task 13/50
[   336.4s] LR capT1 seed=4 task 14/50
[   372.6s] LR capT1 seed=4 task 15/50
[   395.4s] LR capT1 seed=4 task 16/50
[   420.3s] LR capT1 seed=4 task 17/50
[   451.3s] LR capT1 seed=4 task 18/50
[   475.1s] LR capT1 seed=4 task 19/50
[   501.6s] LR capT1 seed=4 task 20/50
[   525.6s] LR capT1 seed=4 task 21/50
[   550.0s] LR capT1 seed=4 task 22/50
[   581.1s] LR capT1 seed=4 task 23/50
[   605.4s] LR capT1 seed=4 task 24/50
[   628.3s] LR capT1 seed=4 task 25/50
[   650.5s] LR capT1 seed=4 task 26/50
[   673.6s] LR capT1 seed=4 task 27/50
[   696.4s] LR capT1 seed=4 task 28/50
[   718.6s] LR capT1 seed=4 task 29/50
[   740.8s] LR capT1 seed=4 task 30/50
[   763.0s] LR capT1 seed=4 task 31/50
[   785.1s] LR capT1 seed=4 task 32/50
[   807.3s] LR capT1 seed=4 task 33/50
[   829.4s] LR capT1 seed=4 task 34/50
[   851.4s] LR capT1 seed=4 task 35/50
[   873.7s] LR capT1 seed=4 task 36/50
[   896.6s] LR capT1 seed=4 task 37/50
[   919.3s] LR capT1 seed=4 task 38/50
[   941.4s] LR capT1 seed=4 task 39/50
[   963.6s] LR capT1 seed=4 task 40/50
[   985.7s] LR capT1 seed=4 task 41/50
[  1007.7s] LR capT1 seed=4 task 42/50
[  1030.3s] LR capT1 seed=4 task 43/50
[  1052.4s] LR capT1 seed=4 task 44/50
[  1075.1s] LR capT1 seed=4 task 45/50
[  1097.3s] LR capT1 seed=4 task 46/50
[  1119.4s] LR capT1 seed=4 task 47/50
[  1141.9s] LR capT1 seed=4 task 48/50
[  1164.1s] LR capT1 seed=4 task 49/50
[  1186.3s] LR capT1 seed=4 task 50/50
[  1186.6s] done LR capT1 seed=4 tasks=50 1186.3s
wrote results/wcap_rlmnist_0914/runs/LR_capT1_s4  (50 task rows, 306 layer rows, 1186.6s)
