[    25.8s] LR capT1 seed=9 task 1/50
[    68.2s] LR capT1 seed=9 task 2/50
[   106.7s] LR capT1 seed=9 task 3/50
[   172.7s] LR capT1 seed=9 task 4/50
[   266.5s] LR capT1 seed=9 task 5/50
[   369.4s] LR capT1 seed=9 task 6/50
[   503.1s] LR capT1 seed=9 task 7/50
[   633.0s] LR capT1 seed=9 task 8/50
[   740.1s] LR capT1 seed=9 task 9/50
[   842.3s] LR capT1 seed=9 task 10/50
[   953.8s] LR capT1 seed=9 task 11/50
[  1075.6s] LR capT1 seed=9 task 12/50
[  1195.1s] LR capT1 seed=9 task 13/50
[  1318.5s] LR capT1 seed=9 task 14/50
[  1451.7s] LR capT1 seed=9 task 15/50
[  1544.2s] LR capT1 seed=9 task 16/50
[  1626.7s] LR capT1 seed=9 task 17/50
[  1659.2s] LR capT1 seed=9 task 18/50
[  1687.3s] LR capT1 seed=9 task 19/50
[  1712.4s] LR capT1 seed=9 task 20/50
[  1737.4s] LR capT1 seed=9 task 21/50
[  1760.1s] LR capT1 seed=9 task 22/50
[  1785.8s] LR capT1 seed=9 task 23/50
[  1822.6s] LR capT1 seed=9 task 24/50
[  1852.6s] LR capT1 seed=9 task 25/50
[  1895.5s] LR capT1 seed=9 task 26/50
[  1922.2s] LR capT1 seed=9 task 27/50
[  1958.9s] LR capT1 seed=9 task 28/50
[  1982.1s] LR capT1 seed=9 task 29/50
[  2010.7s] LR capT1 seed=9 task 30/50
[  2082.4s] LR capT1 seed=9 task 31/50
[  2184.8s] LR capT1 seed=9 task 32/50
[  2258.3s] LR capT1 seed=9 task 33/50
[  2302.4s] LR capT1 seed=9 task 34/50
[  2363.8s] LR capT1 seed=9 task 35/50
[  2419.7s] LR capT1 seed=9 task 36/50
[  2442.5s] LR capT1 seed=9 task 37/50
[  2465.2s] LR capT1 seed=9 task 38/50
[  2488.2s] LR capT1 seed=9 task 39/50
[  2510.9s] LR capT1 seed=9 task 40/50
[  2533.5s] LR capT1 seed=9 task 41/50
[  2556.2s] LR capT1 seed=9 task 42/50
[  2579.2s] LR capT1 seed=9 task 43/50
[  2602.6s] LR capT1 seed=9 task 44/50
[  2625.4s] LR capT1 seed=9 task 45/50
[  2648.4s] LR capT1 seed=9 task 46/50
[  2670.8s] LR capT1 seed=9 task 47/50
[  2694.1s] LR capT1 seed=9 task 48/50
[  2717.4s] LR capT1 seed=9 task 49/50
[  2740.3s] LR capT1 seed=9 task 50/50
[  2740.8s] done LR capT1 seed=9 tasks=50 2740.3s
wrote results/wcap_rlmnist_0914/runs/LR_capT1_s9  (50 task rows, 306 layer rows, 2740.8s)
