[    30.1s] LR cap2 seed=2 task 1/50
[    53.6s] LR cap2 seed=2 task 2/50
[    79.3s] LR cap2 seed=2 task 3/50
[   102.2s] LR cap2 seed=2 task 4/50
[   125.0s] LR cap2 seed=2 task 5/50
[   150.9s] LR cap2 seed=2 task 6/50
[   181.1s] LR cap2 seed=2 task 7/50
[   210.3s] LR cap2 seed=2 task 8/50
[   233.1s] LR cap2 seed=2 task 9/50
[   256.3s] LR cap2 seed=2 task 10/50
[   279.5s] LR cap2 seed=2 task 11/50
[   302.6s] LR cap2 seed=2 task 12/50
[   325.7s] LR cap2 seed=2 task 13/50
[   350.7s] LR cap2 seed=2 task 14/50
[   373.4s] LR cap2 seed=2 task 15/50
[   396.8s] LR cap2 seed=2 task 16/50
[   419.4s] LR cap2 seed=2 task 17/50
[   442.0s] LR cap2 seed=2 task 18/50
[   468.1s] LR cap2 seed=2 task 19/50
[   499.4s] LR cap2 seed=2 task 20/50
[   523.7s] LR cap2 seed=2 task 21/50
[   545.8s] LR cap2 seed=2 task 22/50
[   568.0s] LR cap2 seed=2 task 23/50
[   590.4s] LR cap2 seed=2 task 24/50
[   616.0s] LR cap2 seed=2 task 25/50
[   638.5s] LR cap2 seed=2 task 26/50
[   662.2s] LR cap2 seed=2 task 27/50
[   707.5s] LR cap2 seed=2 task 28/50
[   732.2s] LR cap2 seed=2 task 29/50
[   761.4s] LR cap2 seed=2 task 30/50
[   783.6s] LR cap2 seed=2 task 31/50
[   806.0s] LR cap2 seed=2 task 32/50
[   829.2s] LR cap2 seed=2 task 33/50
[   852.3s] LR cap2 seed=2 task 34/50
[   875.1s] LR cap2 seed=2 task 35/50
[   897.8s] LR cap2 seed=2 task 36/50
[   922.6s] LR cap2 seed=2 task 37/50
[   948.2s] LR cap2 seed=2 task 38/50
[   971.2s] LR cap2 seed=2 task 39/50
[   996.7s] LR cap2 seed=2 task 40/50
[  1026.3s] LR cap2 seed=2 task 41/50
[  1056.6s] LR cap2 seed=2 task 42/50
[  1080.1s] LR cap2 seed=2 task 43/50
[  1105.3s] LR cap2 seed=2 task 44/50
[  1133.9s] LR cap2 seed=2 task 45/50
[  1161.1s] LR cap2 seed=2 task 46/50
[  1187.1s] LR cap2 seed=2 task 47/50
[  1210.8s] LR cap2 seed=2 task 48/50
[  1241.5s] LR cap2 seed=2 task 49/50
[  1265.9s] LR cap2 seed=2 task 50/50
[  1266.2s] done LR cap2 seed=2 tasks=50 1265.9s
wrote results/wcap_rlmnist_0914/runs/LR_cap2_s2  (50 task rows, 306 layer rows, 1266.2s)
