[    20.6s] LR capT1 seed=7 task 1/50
[    46.9s] LR capT1 seed=7 task 2/50
[    73.0s] LR capT1 seed=7 task 3/50
[    95.9s] LR capT1 seed=7 task 4/50
[   118.3s] LR capT1 seed=7 task 5/50
[   140.7s] LR capT1 seed=7 task 6/50
[   163.2s] LR capT1 seed=7 task 7/50
[   186.3s] LR capT1 seed=7 task 8/50
[   209.0s] LR capT1 seed=7 task 9/50
[   232.2s] LR capT1 seed=7 task 10/50
[   254.8s] LR capT1 seed=7 task 11/50
[   277.3s] LR capT1 seed=7 task 12/50
[   300.1s] LR capT1 seed=7 task 13/50
[   325.2s] LR capT1 seed=7 task 14/50
[   358.0s] LR capT1 seed=7 task 15/50
[   381.9s] LR capT1 seed=7 task 16/50
[   406.3s] LR capT1 seed=7 task 17/50
[   430.3s] LR capT1 seed=7 task 18/50
[   453.0s] LR capT1 seed=7 task 19/50
[   475.6s] LR capT1 seed=7 task 20/50
[   504.7s] LR capT1 seed=7 task 21/50
[   536.2s] LR capT1 seed=7 task 22/50
[   570.9s] LR capT1 seed=7 task 23/50
[   593.9s] LR capT1 seed=7 task 24/50
[   616.6s] LR capT1 seed=7 task 25/50
[   639.3s] LR capT1 seed=7 task 26/50
[   662.6s] LR capT1 seed=7 task 27/50
[   686.8s] LR capT1 seed=7 task 28/50
[   714.3s] LR capT1 seed=7 task 29/50
[   736.4s] LR capT1 seed=7 task 30/50
[   759.6s] LR capT1 seed=7 task 31/50
[   782.2s] LR capT1 seed=7 task 32/50
[   804.9s] LR capT1 seed=7 task 33/50
[   827.8s] LR capT1 seed=7 task 34/50
[   851.3s] LR capT1 seed=7 task 35/50
[   873.4s] LR capT1 seed=7 task 36/50
[   899.6s] LR capT1 seed=7 task 37/50
[   921.9s] LR capT1 seed=7 task 38/50
[   944.6s] LR capT1 seed=7 task 39/50
[   967.4s] LR capT1 seed=7 task 40/50
[   991.7s] LR capT1 seed=7 task 41/50
[  1053.7s] LR capT1 seed=7 task 42/50
[  1113.4s] LR capT1 seed=7 task 43/50
[  1172.4s] LR capT1 seed=7 task 44/50
[  1231.2s] LR capT1 seed=7 task 45/50
[  1290.8s] LR capT1 seed=7 task 46/50
[  1319.4s] LR capT1 seed=7 task 47/50
[  1341.8s] LR capT1 seed=7 task 48/50
[  1370.1s] LR capT1 seed=7 task 49/50
[  1392.9s] LR capT1 seed=7 task 50/50
[  1393.2s] done LR capT1 seed=7 tasks=50 1392.9s
wrote results/wcap_rlmnist_0914/runs/LR_capT1_s7  (50 task rows, 306 layer rows, 1393.2s)
