[    19.8s] LR capT1 seed=1 task 1/50
[    43.1s] LR capT1 seed=1 task 2/50
[    76.3s] LR capT1 seed=1 task 3/50
[   101.8s] LR capT1 seed=1 task 4/50
[   126.4s] LR capT1 seed=1 task 5/50
[   152.6s] LR capT1 seed=1 task 6/50
[   176.2s] LR capT1 seed=1 task 7/50
[   199.2s] LR capT1 seed=1 task 8/50
[   222.7s] LR capT1 seed=1 task 9/50
[   245.5s] LR capT1 seed=1 task 10/50
[   268.2s] LR capT1 seed=1 task 11/50
[   290.9s] LR capT1 seed=1 task 12/50
[   315.3s] LR capT1 seed=1 task 13/50
[   338.0s] LR capT1 seed=1 task 14/50
[   360.6s] LR capT1 seed=1 task 15/50
[   383.2s] LR capT1 seed=1 task 16/50
[   405.8s] LR capT1 seed=1 task 17/50
[   429.4s] LR capT1 seed=1 task 18/50
[   465.1s] LR capT1 seed=1 task 19/50
[   493.3s] LR capT1 seed=1 task 20/50
[   519.4s] LR capT1 seed=1 task 21/50
[   544.7s] LR capT1 seed=1 task 22/50
[   577.2s] LR capT1 seed=1 task 23/50
[   624.9s] LR capT1 seed=1 task 24/50
[   684.8s] LR capT1 seed=1 task 25/50
[   744.5s] LR capT1 seed=1 task 26/50
[   805.1s] LR capT1 seed=1 task 27/50
[   836.3s] LR capT1 seed=1 task 28/50
[   858.7s] LR capT1 seed=1 task 29/50
[   881.6s] LR capT1 seed=1 task 30/50
[   904.1s] LR capT1 seed=1 task 31/50
[   926.7s] LR capT1 seed=1 task 32/50
[   949.0s] LR capT1 seed=1 task 33/50
[   971.2s] LR capT1 seed=1 task 34/50
[   997.2s] LR capT1 seed=1 task 35/50
[  1020.4s] LR capT1 seed=1 task 36/50
[  1043.0s] LR capT1 seed=1 task 37/50
[  1065.7s] LR capT1 seed=1 task 38/50
[  1088.6s] LR capT1 seed=1 task 39/50
[  1111.2s] LR capT1 seed=1 task 40/50
[  1133.9s] LR capT1 seed=1 task 41/50
[  1156.3s] LR capT1 seed=1 task 42/50
[  1178.7s] LR capT1 seed=1 task 43/50
[  1211.2s] LR capT1 seed=1 task 44/50
[  1243.3s] LR capT1 seed=1 task 45/50
[  1266.2s] LR capT1 seed=1 task 46/50
[  1293.8s] LR capT1 seed=1 task 47/50
[  1319.2s] LR capT1 seed=1 task 48/50
[  1346.2s] LR capT1 seed=1 task 49/50
[  1369.1s] LR capT1 seed=1 task 50/50
[  1369.3s] done LR capT1 seed=1 tasks=50 1369.1s
wrote results/wcap_rlmnist_0914/runs/LR_capT1_s1  (50 task rows, 306 layer rows, 1369.4s)
