[    26.7s] LR capT1 seed=0 task 1/50
[    50.3s] LR capT1 seed=0 task 2/50
[    74.6s] LR capT1 seed=0 task 3/50
[    98.8s] LR capT1 seed=0 task 4/50
[   123.0s] LR capT1 seed=0 task 5/50
[   147.2s] LR capT1 seed=0 task 6/50
[   171.2s] LR capT1 seed=0 task 7/50
[   195.0s] LR capT1 seed=0 task 8/50
[   218.6s] LR capT1 seed=0 task 9/50
[   242.2s] LR capT1 seed=0 task 10/50
[   265.8s] LR capT1 seed=0 task 11/50
[   289.4s] LR capT1 seed=0 task 12/50
[   313.1s] LR capT1 seed=0 task 13/50
[   336.8s] LR capT1 seed=0 task 14/50
[   360.5s] LR capT1 seed=0 task 15/50
[   384.4s] LR capT1 seed=0 task 16/50
[   408.4s] LR capT1 seed=0 task 17/50
[   432.5s] LR capT1 seed=0 task 18/50
[   465.4s] LR capT1 seed=0 task 19/50
[   498.8s] LR capT1 seed=0 task 20/50
[   523.0s] LR capT1 seed=0 task 21/50
[   552.9s] LR capT1 seed=0 task 22/50
[   582.9s] LR capT1 seed=0 task 23/50
[   618.6s] LR capT1 seed=0 task 24/50
[   650.5s] LR capT1 seed=0 task 25/50
[   705.0s] LR capT1 seed=0 task 26/50
[   729.6s] LR capT1 seed=0 task 27/50
[   757.0s] LR capT1 seed=0 task 28/50
[   785.2s] LR capT1 seed=0 task 29/50
[   811.4s] LR capT1 seed=0 task 30/50
[   846.5s] LR capT1 seed=0 task 31/50
[   872.8s] LR capT1 seed=0 task 32/50
[   896.6s] LR capT1 seed=0 task 33/50
[   920.4s] LR capT1 seed=0 task 34/50
[   944.1s] LR capT1 seed=0 task 35/50
[   969.1s] LR capT1 seed=0 task 36/50
[   993.7s] LR capT1 seed=0 task 37/50
[  1017.7s] LR capT1 seed=0 task 38/50
[  1041.6s] LR capT1 seed=0 task 39/50
[  1067.9s] LR capT1 seed=0 task 40/50
[  1098.4s] LR capT1 seed=0 task 41/50
[  1128.8s] LR capT1 seed=0 task 42/50
[  1152.7s] LR capT1 seed=0 task 43/50
[  1176.6s] LR capT1 seed=0 task 44/50
[  1202.1s] LR capT1 seed=0 task 45/50
[  1228.0s] LR capT1 seed=0 task 46/50
[  1252.1s] LR capT1 seed=0 task 47/50
[  1288.6s] LR capT1 seed=0 task 48/50
[  1321.2s] LR capT1 seed=0 task 49/50
[  1361.8s] LR capT1 seed=0 task 50/50
[  1362.4s] done LR capT1 seed=0 tasks=50 1361.8s
wrote results/wcap_rlmnist_0914/runs/LR_capT1_s0  (50 task rows, 306 layer rows, 1362.4s)
