[    97.6s] LR cap2 seed=9 task 1/50
[   219.3s] LR cap2 seed=9 task 2/50
[   330.2s] LR cap2 seed=9 task 3/50
[   418.6s] LR cap2 seed=9 task 4/50
[   513.0s] LR cap2 seed=9 task 5/50
[   638.2s] LR cap2 seed=9 task 6/50
[   765.0s] LR cap2 seed=9 task 7/50
[   886.7s] LR cap2 seed=9 task 8/50
[  1005.5s] LR cap2 seed=9 task 9/50
[  1080.6s] LR cap2 seed=9 task 10/50
[  1207.6s] LR cap2 seed=9 task 11/50
[  1281.6s] LR cap2 seed=9 task 12/50
[  1319.6s] LR cap2 seed=9 task 13/50
[  1352.2s] LR cap2 seed=9 task 14/50
[  1387.5s] LR cap2 seed=9 task 15/50
[  1414.2s] LR cap2 seed=9 task 16/50
[  1437.5s] LR cap2 seed=9 task 17/50
[  1460.0s] LR cap2 seed=9 task 18/50
[  1482.6s] LR cap2 seed=9 task 19/50
[  1505.1s] LR cap2 seed=9 task 20/50
[  1528.1s] LR cap2 seed=9 task 21/50
[  1550.6s] LR cap2 seed=9 task 22/50
[  1572.9s] LR cap2 seed=9 task 23/50
[  1603.2s] LR cap2 seed=9 task 24/50
[  1626.8s] LR cap2 seed=9 task 25/50
[  1648.9s] LR cap2 seed=9 task 26/50
[  1673.8s] LR cap2 seed=9 task 27/50
[  1751.0s] LR cap2 seed=9 task 28/50
[  1850.8s] LR cap2 seed=9 task 29/50
[  1943.1s] LR cap2 seed=9 task 30/50
[  1983.5s] LR cap2 seed=9 task 31/50
[  2009.4s] LR cap2 seed=9 task 32/50
[  2036.4s] LR cap2 seed=9 task 33/50
[  2059.1s] LR cap2 seed=9 task 34/50
[  2081.7s] LR cap2 seed=9 task 35/50
[  2104.4s] LR cap2 seed=9 task 36/50
[  2150.5s] LR cap2 seed=9 task 37/50
[  2208.7s] LR cap2 seed=9 task 38/50
[  2267.1s] LR cap2 seed=9 task 39/50
[  2324.8s] LR cap2 seed=9 task 40/50
[  2382.6s] LR cap2 seed=9 task 41/50
[  2418.3s] LR cap2 seed=9 task 42/50
[  2441.9s] LR cap2 seed=9 task 43/50
[  2463.5s] LR cap2 seed=9 task 44/50
[  2485.5s] LR cap2 seed=9 task 45/50
[  2507.0s] LR cap2 seed=9 task 46/50
[  2528.2s] LR cap2 seed=9 task 47/50
[  2550.1s] LR cap2 seed=9 task 48/50
[  2572.0s] LR cap2 seed=9 task 49/50
[  2593.6s] LR cap2 seed=9 task 50/50
[  2594.6s] done LR cap2 seed=9 tasks=50 2593.6s
wrote results/wcap_rlmnist_0914/runs/LR_cap2_s9  (50 task rows, 306 layer rows, 2594.6s)
