[    27.5s] LR capT1 seed=5 task 1/50
[    66.5s] LR capT1 seed=5 task 2/50
[    90.9s] LR capT1 seed=5 task 3/50
[   114.7s] LR capT1 seed=5 task 4/50
[   138.0s] LR capT1 seed=5 task 5/50
[   164.2s] LR capT1 seed=5 task 6/50
[   203.2s] LR capT1 seed=5 task 7/50
[   231.1s] LR capT1 seed=5 task 8/50
[   255.3s] LR capT1 seed=5 task 9/50
[   280.5s] LR capT1 seed=5 task 10/50
[   303.9s] LR capT1 seed=5 task 11/50
[   337.6s] LR capT1 seed=5 task 12/50
[   361.0s] LR capT1 seed=5 task 13/50
[   389.1s] LR capT1 seed=5 task 14/50
[   412.7s] LR capT1 seed=5 task 15/50
[   436.2s] LR capT1 seed=5 task 16/50
[   461.7s] LR capT1 seed=5 task 17/50
[   488.8s] LR capT1 seed=5 task 18/50
[   516.1s] LR capT1 seed=5 task 19/50
[   539.3s] LR capT1 seed=5 task 20/50
[   572.7s] LR capT1 seed=5 task 21/50
[   596.2s] LR capT1 seed=5 task 22/50
[   622.8s] LR capT1 seed=5 task 23/50
[   645.9s] LR capT1 seed=5 task 24/50
[   677.2s] LR capT1 seed=5 task 25/50
[   700.7s] LR capT1 seed=5 task 26/50
[   724.1s] LR capT1 seed=5 task 27/50
[   749.6s] LR capT1 seed=5 task 28/50
[   773.9s] LR capT1 seed=5 task 29/50
[   796.2s] LR capT1 seed=5 task 30/50
[   819.0s] LR capT1 seed=5 task 31/50
[   842.5s] LR capT1 seed=5 task 32/50
[   868.5s] LR capT1 seed=5 task 33/50
[   893.5s] LR capT1 seed=5 task 34/50
[   916.9s] LR capT1 seed=5 task 35/50
[   940.4s] LR capT1 seed=5 task 36/50
[   963.3s] LR capT1 seed=5 task 37/50
[   985.7s] LR capT1 seed=5 task 38/50
[  1008.5s] LR capT1 seed=5 task 39/50
[  1032.0s] LR capT1 seed=5 task 40/50
[  1054.7s] LR capT1 seed=5 task 41/50
[  1077.1s] LR capT1 seed=5 task 42/50
[  1100.0s] LR capT1 seed=5 task 43/50
[  1122.7s] LR capT1 seed=5 task 44/50
[  1144.9s] LR capT1 seed=5 task 45/50
[  1167.3s] LR capT1 seed=5 task 46/50
[  1189.7s] LR capT1 seed=5 task 47/50
[  1212.0s] LR capT1 seed=5 task 48/50
[  1234.3s] LR capT1 seed=5 task 49/50
[  1260.0s] LR capT1 seed=5 task 50/50
[  1260.4s] done LR capT1 seed=5 tasks=50 1260.0s
wrote results/wcap_rlmnist_0914/runs/LR_capT1_s5  (50 task rows, 306 layer rows, 1260.4s)
