[    20.3s] LR l2init seed=7 task 1/50
[    45.5s] LR l2init seed=7 task 2/50
[    66.4s] LR l2init seed=7 task 3/50
[    86.1s] LR l2init seed=7 task 4/50
[   117.1s] LR l2init seed=7 task 5/50
[   138.5s] LR l2init seed=7 task 6/50
[   163.7s] LR l2init seed=7 task 7/50
[   182.5s] LR l2init seed=7 task 8/50
[   201.5s] LR l2init seed=7 task 9/50
[   224.2s] LR l2init seed=7 task 10/50
[   245.4s] LR l2init seed=7 task 11/50
[   264.4s] LR l2init seed=7 task 12/50
[   283.3s] LR l2init seed=7 task 13/50
[   302.8s] LR l2init seed=7 task 14/50
[   347.2s] LR l2init seed=7 task 15/50
[   378.5s] LR l2init seed=7 task 16/50
[   406.6s] LR l2init seed=7 task 17/50
[   425.4s] LR l2init seed=7 task 18/50
[   448.1s] LR l2init seed=7 task 19/50
[   473.5s] LR l2init seed=7 task 20/50
[   507.1s] LR l2init seed=7 task 21/50
[   526.0s] LR l2init seed=7 task 22/50
[   545.1s] LR l2init seed=7 task 23/50
[   563.8s] LR l2init seed=7 task 24/50
[   583.0s] LR l2init seed=7 task 25/50
[   602.2s] LR l2init seed=7 task 26/50
[   621.5s] LR l2init seed=7 task 27/50
[   643.4s] LR l2init seed=7 task 28/50
[   662.6s] LR l2init seed=7 task 29/50
[   682.1s] LR l2init seed=7 task 30/50
[   701.1s] LR l2init seed=7 task 31/50
[   720.0s] LR l2init seed=7 task 32/50
[   739.0s] LR l2init seed=7 task 33/50
[   759.0s] LR l2init seed=7 task 34/50
[   778.3s] LR l2init seed=7 task 35/50
[   797.4s] LR l2init seed=7 task 36/50
[   819.0s] LR l2init seed=7 task 37/50
[   841.0s] LR l2init seed=7 task 38/50
[   860.3s] LR l2init seed=7 task 39/50
[   879.8s] LR l2init seed=7 task 40/50
[   904.6s] LR l2init seed=7 task 41/50
[   923.5s] LR l2init seed=7 task 42/50
[   944.3s] LR l2init seed=7 task 43/50
[   963.8s] LR l2init seed=7 task 44/50
[  1000.2s] LR l2init seed=7 task 45/50
[  1020.3s] LR l2init seed=7 task 46/50
[  1040.4s] LR l2init seed=7 task 47/50
[  1060.4s] LR l2init seed=7 task 48/50
[  1087.0s] LR l2init seed=7 task 49/50
[  1109.4s] LR l2init seed=7 task 50/50
[  1109.8s] done LR l2init seed=7 tasks=50 1109.4s
wrote results/wcap_rlmnist_0914/runs/LR_l2init_s7  (50 task rows, 306 layer rows, 1109.8s)
