[    23.0s] LR l2init seed=3 task 1/50
[    42.7s] LR l2init seed=3 task 2/50
[    66.2s] LR l2init seed=3 task 3/50
[    85.4s] LR l2init seed=3 task 4/50
[   111.0s] LR l2init seed=3 task 5/50
[   145.9s] LR l2init seed=3 task 6/50
[   165.6s] LR l2init seed=3 task 7/50
[   185.6s] LR l2init seed=3 task 8/50
[   204.8s] LR l2init seed=3 task 9/50
[   223.9s] LR l2init seed=3 task 10/50
[   248.0s] LR l2init seed=3 task 11/50
[   269.6s] LR l2init seed=3 task 12/50
[   290.8s] LR l2init seed=3 task 13/50
[   315.3s] LR l2init seed=3 task 14/50
[   338.5s] LR l2init seed=3 task 15/50
[   360.9s] LR l2init seed=3 task 16/50
[   380.0s] LR l2init seed=3 task 17/50
[   399.0s] LR l2init seed=3 task 18/50
[   418.0s] LR l2init seed=3 task 19/50
[   439.4s] LR l2init seed=3 task 20/50
[   459.0s] LR l2init seed=3 task 21/50
[   497.4s] LR l2init seed=3 task 22/50
[   550.8s] LR l2init seed=3 task 23/50
[   589.7s] LR l2init seed=3 task 24/50
[   610.5s] LR l2init seed=3 task 25/50
[   630.1s] LR l2init seed=3 task 26/50
[   652.6s] LR l2init seed=3 task 27/50
[   672.0s] LR l2init seed=3 task 28/50
[   691.0s] LR l2init seed=3 task 29/50
[   711.0s] LR l2init seed=3 task 30/50
[   731.2s] LR l2init seed=3 task 31/50
[   751.2s] LR l2init seed=3 task 32/50
[   773.3s] LR l2init seed=3 task 33/50
[   803.0s] LR l2init seed=3 task 34/50
[   822.6s] LR l2init seed=3 task 35/50
[   844.3s] LR l2init seed=3 task 36/50
[   865.2s] LR l2init seed=3 task 37/50
[   888.2s] LR l2init seed=3 task 38/50
[   916.4s] LR l2init seed=3 task 39/50
[   935.6s] LR l2init seed=3 task 40/50
[   955.4s] LR l2init seed=3 task 41/50
[   976.5s] LR l2init seed=3 task 42/50
[   997.1s] LR l2init seed=3 task 43/50
[  1018.6s] LR l2init seed=3 task 44/50
[  1054.3s] LR l2init seed=3 task 45/50
[  1085.8s] LR l2init seed=3 task 46/50
[  1139.6s] LR l2init seed=3 task 47/50
[  1190.4s] LR l2init seed=3 task 48/50
[  1216.9s] LR l2init seed=3 task 49/50
[  1236.0s] LR l2init seed=3 task 50/50
[  1236.3s] done LR l2init seed=3 tasks=50 1236.0s
wrote results/wcap_rlmnist_0914/runs/LR_l2init_s3  (50 task rows, 306 layer rows, 1236.3s)
