[    53.7s] LR l2 seed=5 task 1/50
[    99.6s] LR l2 seed=5 task 2/50
[   153.7s] LR l2 seed=5 task 3/50
[   228.1s] LR l2 seed=5 task 4/50
[   304.4s] LR l2 seed=5 task 5/50
[   356.5s] LR l2 seed=5 task 6/50
[   408.8s] LR l2 seed=5 task 7/50
[   474.3s] LR l2 seed=5 task 8/50
[   536.5s] LR l2 seed=5 task 9/50
[   596.9s] LR l2 seed=5 task 10/50
[   663.5s] LR l2 seed=5 task 11/50
[   716.6s] LR l2 seed=5 task 12/50
[   803.5s] LR l2 seed=5 task 13/50
[   857.7s] LR l2 seed=5 task 14/50
[   951.6s] LR l2 seed=5 task 15/50
[  1029.1s] LR l2 seed=5 task 16/50
[  1105.5s] LR l2 seed=5 task 17/50
[  1168.7s] LR l2 seed=5 task 18/50
[  1224.3s] LR l2 seed=5 task 19/50
[  1330.7s] LR l2 seed=5 task 20/50
[  1467.3s] LR l2 seed=5 task 21/50
[  1524.8s] LR l2 seed=5 task 22/50
[  1591.1s] LR l2 seed=5 task 23/50
[  1660.9s] LR l2 seed=5 task 24/50
[  1715.9s] LR l2 seed=5 task 25/50
[  1773.5s] LR l2 seed=5 task 26/50
[  1835.7s] LR l2 seed=5 task 27/50
[  1889.8s] LR l2 seed=5 task 28/50
[  1943.3s] LR l2 seed=5 task 29/50
[  1998.0s] LR l2 seed=5 task 30/50
[  2052.9s] LR l2 seed=5 task 31/50
[  2110.8s] LR l2 seed=5 task 32/50
[  2162.5s] LR l2 seed=5 task 33/50
[  2215.7s] LR l2 seed=5 task 34/50
[  2270.8s] LR l2 seed=5 task 35/50
[  2348.8s] LR l2 seed=5 task 36/50
[  2406.5s] LR l2 seed=5 task 37/50
[  2459.0s] LR l2 seed=5 task 38/50
[  2511.6s] LR l2 seed=5 task 39/50
[  2592.9s] LR l2 seed=5 task 40/50
[  2672.6s] LR l2 seed=5 task 41/50
[  2737.7s] LR l2 seed=5 task 42/50
[  2804.3s] LR l2 seed=5 task 43/50
[  2864.3s] LR l2 seed=5 task 44/50
[  2916.5s] LR l2 seed=5 task 45/50
[  2969.0s] LR l2 seed=5 task 46/50
[  3036.1s] LR l2 seed=5 task 47/50
[  3094.4s] LR l2 seed=5 task 48/50
[  3156.9s] LR l2 seed=5 task 49/50
[  3225.9s] LR l2 seed=5 task 50/50
[  3226.1s] done LR l2 seed=5 tasks=50 3225.9s
wrote results/wcap_rlmnist_0914/runs/LR_l2_s5  (50 task rows, 306 layer rows, 3226.1s)
