[    43.6s] LR l2 seed=1 task 1/50
[   100.5s] LR l2 seed=1 task 2/50
[   158.4s] LR l2 seed=1 task 3/50
[   214.9s] LR l2 seed=1 task 4/50
[   278.9s] LR l2 seed=1 task 5/50
[   355.1s] LR l2 seed=1 task 6/50
[   417.5s] LR l2 seed=1 task 7/50
[   486.2s] LR l2 seed=1 task 8/50
[   551.7s] LR l2 seed=1 task 9/50
[   626.7s] LR l2 seed=1 task 10/50
[   701.8s] LR l2 seed=1 task 11/50
[   809.3s] LR l2 seed=1 task 12/50
[   867.5s] LR l2 seed=1 task 13/50
[   923.7s] LR l2 seed=1 task 14/50
[   980.0s] LR l2 seed=1 task 15/50
[  1036.3s] LR l2 seed=1 task 16/50
[  1093.0s] LR l2 seed=1 task 17/50
[  1149.1s] LR l2 seed=1 task 18/50
[  1205.5s] LR l2 seed=1 task 19/50
[  1261.9s] LR l2 seed=1 task 20/50
[  1317.3s] LR l2 seed=1 task 21/50
[  1372.8s] LR l2 seed=1 task 22/50
[  1431.3s] LR l2 seed=1 task 23/50
[  1485.5s] LR l2 seed=1 task 24/50
[  1569.0s] LR l2 seed=1 task 25/50
[  1641.5s] LR l2 seed=1 task 26/50
[  1699.1s] LR l2 seed=1 task 27/50
[  1753.5s] LR l2 seed=1 task 28/50
[  1832.5s] LR l2 seed=1 task 29/50
[  1891.6s] LR l2 seed=1 task 30/50
[  1982.9s] LR l2 seed=1 task 31/50
[  2056.2s] LR l2 seed=1 task 32/50
[  2113.7s] LR l2 seed=1 task 33/50
[  2169.7s] LR l2 seed=1 task 34/50
[  2245.9s] LR l2 seed=1 task 35/50
[  2299.7s] LR l2 seed=1 task 36/50
[  2359.4s] LR l2 seed=1 task 37/50
[  2425.0s] LR l2 seed=1 task 38/50
[  2479.4s] LR l2 seed=1 task 39/50
[  2533.0s] LR l2 seed=1 task 40/50
[  2593.3s] LR l2 seed=1 task 41/50
[  2647.5s] LR l2 seed=1 task 42/50
[  2708.8s] LR l2 seed=1 task 43/50
[  2765.9s] LR l2 seed=1 task 44/50
[  2819.3s] LR l2 seed=1 task 45/50
[  2882.7s] LR l2 seed=1 task 46/50
[  2936.1s] LR l2 seed=1 task 47/50
[  2996.8s] LR l2 seed=1 task 48/50
[  3067.7s] LR l2 seed=1 task 49/50
[  3121.0s] LR l2 seed=1 task 50/50
[  3121.5s] done LR l2 seed=1 tasks=50 3121.0s
wrote results/wcap_rlmnist_0914/runs/LR_l2_s1  (50 task rows, 306 layer rows, 3121.5s)
