[    19.0s] LR l2init seed=0 task 1/50
[    38.1s] LR l2init seed=0 task 2/50
[    58.5s] LR l2init seed=0 task 3/50
[    79.1s] LR l2init seed=0 task 4/50
[    99.5s] LR l2init seed=0 task 5/50
[   119.8s] LR l2init seed=0 task 6/50
[   139.9s] LR l2init seed=0 task 7/50
[   160.5s] LR l2init seed=0 task 8/50
[   180.4s] LR l2init seed=0 task 9/50
[   200.1s] LR l2init seed=0 task 10/50
[   219.8s] LR l2init seed=0 task 11/50
[   239.5s] LR l2init seed=0 task 12/50
[   259.2s] LR l2init seed=0 task 13/50
[   278.8s] LR l2init seed=0 task 14/50
[   298.4s] LR l2init seed=0 task 15/50
[   318.6s] LR l2init seed=0 task 16/50
[   344.9s] LR l2init seed=0 task 17/50
[   374.4s] LR l2init seed=0 task 18/50
[   395.6s] LR l2init seed=0 task 19/50
[   416.5s] LR l2init seed=0 task 20/50
[   436.4s] LR l2init seed=0 task 21/50
[   456.3s] LR l2init seed=0 task 22/50
[   480.1s] LR l2init seed=0 task 23/50
[   500.5s] LR l2init seed=0 task 24/50
[   529.4s] LR l2init seed=0 task 25/50
[   549.8s] LR l2init seed=0 task 26/50
[   570.1s] LR l2init seed=0 task 27/50
[   598.4s] LR l2init seed=0 task 28/50
[   620.1s] LR l2init seed=0 task 29/50
[   650.4s] LR l2init seed=0 task 30/50
[   672.9s] LR l2init seed=0 task 31/50
[   692.8s] LR l2init seed=0 task 32/50
[   713.1s] LR l2init seed=0 task 33/50
[   732.8s] LR l2init seed=0 task 34/50
[   752.6s] LR l2init seed=0 task 35/50
[   774.1s] LR l2init seed=0 task 36/50
[   799.0s] LR l2init seed=0 task 37/50
[   819.2s] LR l2init seed=0 task 38/50
[   846.3s] LR l2init seed=0 task 39/50
[   891.4s] LR l2init seed=0 task 40/50
[   920.6s] LR l2init seed=0 task 41/50
[   940.3s] LR l2init seed=0 task 42/50
[   960.0s] LR l2init seed=0 task 43/50
[   979.7s] LR l2init seed=0 task 44/50
[   999.8s] LR l2init seed=0 task 45/50
[  1019.7s] LR l2init seed=0 task 46/50
[  1039.7s] LR l2init seed=0 task 47/50
[  1066.6s] LR l2init seed=0 task 48/50
[  1087.2s] LR l2init seed=0 task 49/50
[  1110.8s] LR l2init seed=0 task 50/50
[  1111.2s] done LR l2init seed=0 tasks=50 1110.8s
wrote results/wcap_rlmnist_0914/runs/LR_l2init_s0  (50 task rows, 306 layer rows, 1111.2s)
