[    61.0s] LR l2 seed=2 task 1/50
[   112.6s] LR l2 seed=2 task 2/50
[   166.5s] LR l2 seed=2 task 3/50
[   262.1s] LR l2 seed=2 task 4/50
[   376.4s] LR l2 seed=2 task 5/50
[   428.1s] LR l2 seed=2 task 6/50
[   481.3s] LR l2 seed=2 task 7/50
[   538.1s] LR l2 seed=2 task 8/50
[   592.2s] LR l2 seed=2 task 9/50
[   644.2s] LR l2 seed=2 task 10/50
[   697.1s] LR l2 seed=2 task 11/50
[   758.2s] LR l2 seed=2 task 12/50
[   819.7s] LR l2 seed=2 task 13/50
[   886.7s] LR l2 seed=2 task 14/50
[   944.3s] LR l2 seed=2 task 15/50
[  1024.2s] LR l2 seed=2 task 16/50
[  1076.5s] LR l2 seed=2 task 17/50
[  1130.3s] LR l2 seed=2 task 18/50
[  1187.7s] LR l2 seed=2 task 19/50
[  1246.4s] LR l2 seed=2 task 20/50
[  1307.8s] LR l2 seed=2 task 21/50
[  1360.4s] LR l2 seed=2 task 22/50
[  1650.3s] LR l2 seed=2 task 23/50
[  1740.3s] LR l2 seed=2 task 24/50
[  1792.9s] LR l2 seed=2 task 25/50
[  1851.4s] LR l2 seed=2 task 26/50
[  1922.6s] LR l2 seed=2 task 27/50
[  1984.6s] LR l2 seed=2 task 28/50
[  2049.2s] LR l2 seed=2 task 29/50
[  2108.8s] LR l2 seed=2 task 30/50
[  2176.7s] LR l2 seed=2 task 31/50
[  2244.4s] LR l2 seed=2 task 32/50
[  2306.1s] LR l2 seed=2 task 33/50
[  2359.6s] LR l2 seed=2 task 34/50
[  2412.7s] LR l2 seed=2 task 35/50
[  2466.6s] LR l2 seed=2 task 36/50
[  2519.2s] LR l2 seed=2 task 37/50
[  2573.9s] LR l2 seed=2 task 38/50
[  2627.9s] LR l2 seed=2 task 39/50
[  2749.5s] LR l2 seed=2 task 40/50
[  2822.7s] LR l2 seed=2 task 41/50
[  2876.6s] LR l2 seed=2 task 42/50
[  2970.8s] LR l2 seed=2 task 43/50
[  3032.4s] LR l2 seed=2 task 44/50
[  3101.8s] LR l2 seed=2 task 45/50
[  3161.4s] LR l2 seed=2 task 46/50
[  3220.0s] LR l2 seed=2 task 47/50
[  3273.6s] LR l2 seed=2 task 48/50
[  3326.0s] LR l2 seed=2 task 49/50
[  3378.2s] LR l2 seed=2 task 50/50
[  3378.6s] done LR l2 seed=2 tasks=50 3378.2s
wrote results/wcap_rlmnist_0914/runs/LR_l2_s2  (50 task rows, 306 layer rows, 3378.6s)
