[    46.5s] LR l2 seed=9 task 1/50
[    92.9s] LR l2 seed=9 task 2/50
[   152.3s] LR l2 seed=9 task 3/50
[   206.4s] LR l2 seed=9 task 4/50
[   458.4s] LR l2 seed=9 task 5/50
[   525.7s] LR l2 seed=9 task 6/50
[   600.2s] LR l2 seed=9 task 7/50
[   739.1s] LR l2 seed=9 task 8/50
[   884.9s] LR l2 seed=9 task 9/50
[  1072.5s] LR l2 seed=9 task 10/50
[  1396.1s] LR l2 seed=9 task 11/50
[  1628.5s] LR l2 seed=9 task 12/50
[  1885.9s] LR l2 seed=9 task 13/50
[  2085.8s] LR l2 seed=9 task 14/50
[  2196.8s] LR l2 seed=9 task 15/50
[  2322.1s] LR l2 seed=9 task 16/50
[  2439.0s] LR l2 seed=9 task 17/50
[  2594.9s] LR l2 seed=9 task 18/50
[  2755.8s] LR l2 seed=9 task 19/50
[  2814.4s] LR l2 seed=9 task 20/50
[  2865.2s] LR l2 seed=9 task 21/50
[  2915.9s] LR l2 seed=9 task 22/50
[  2966.5s] LR l2 seed=9 task 23/50
[  3017.1s] LR l2 seed=9 task 24/50
[  3067.8s] LR l2 seed=9 task 25/50
[  3118.2s] LR l2 seed=9 task 26/50
[  3171.0s] LR l2 seed=9 task 27/50
[  3222.7s] LR l2 seed=9 task 28/50
[  3273.6s] LR l2 seed=9 task 29/50
[  3322.7s] LR l2 seed=9 task 30/50
[  3372.7s] LR l2 seed=9 task 31/50
[  3420.1s] LR l2 seed=9 task 32/50
[  3467.5s] LR l2 seed=9 task 33/50
[  3514.8s] LR l2 seed=9 task 34/50
[  3562.0s] LR l2 seed=9 task 35/50
[  3610.5s] LR l2 seed=9 task 36/50
[  3658.0s] LR l2 seed=9 task 37/50
[  3705.1s] LR l2 seed=9 task 38/50
[  3752.9s] LR l2 seed=9 task 39/50
[  3799.5s] LR l2 seed=9 task 40/50
[  3844.9s] LR l2 seed=9 task 41/50
[  3891.2s] LR l2 seed=9 task 42/50
[  3937.4s] LR l2 seed=9 task 43/50
[  3983.2s] LR l2 seed=9 task 44/50
[  4027.7s] LR l2 seed=9 task 45/50
[  4072.1s] LR l2 seed=9 task 46/50
[  4116.4s] LR l2 seed=9 task 47/50
[  4160.7s] LR l2 seed=9 task 48/50
[  4205.0s] LR l2 seed=9 task 49/50
[  4248.3s] LR l2 seed=9 task 50/50
[  4248.7s] done LR l2 seed=9 tasks=50 4248.3s
wrote results/wcap_rlmnist_0914/runs/LR_l2_s9  (50 task rows, 306 layer rows, 4248.7s)
