[    45.3s] LR l2 seed=3 task 1/50
[    98.3s] LR l2 seed=3 task 2/50
[   152.6s] LR l2 seed=3 task 3/50
[   205.8s] LR l2 seed=3 task 4/50
[   264.0s] LR l2 seed=3 task 5/50
[   317.0s] LR l2 seed=3 task 6/50
[   378.6s] LR l2 seed=3 task 7/50
[   433.1s] LR l2 seed=3 task 8/50
[   490.9s] LR l2 seed=3 task 9/50
[   548.2s] LR l2 seed=3 task 10/50
[   648.3s] LR l2 seed=3 task 11/50
[   708.3s] LR l2 seed=3 task 12/50
[   773.3s] LR l2 seed=3 task 13/50
[   928.7s] LR l2 seed=3 task 14/50
[   983.2s] LR l2 seed=3 task 15/50
[  1069.5s] LR l2 seed=3 task 16/50
[  1123.0s] LR l2 seed=3 task 17/50
[  1185.4s] LR l2 seed=3 task 18/50
[  1256.6s] LR l2 seed=3 task 19/50
[  1310.5s] LR l2 seed=3 task 20/50
[  1363.6s] LR l2 seed=3 task 21/50
[  1416.1s] LR l2 seed=3 task 22/50
[  1468.5s] LR l2 seed=3 task 23/50
[  1520.7s] LR l2 seed=3 task 24/50
[  1572.9s] LR l2 seed=3 task 25/50
[  1625.1s] LR l2 seed=3 task 26/50
[  1677.3s] LR l2 seed=3 task 27/50
[  1729.5s] LR l2 seed=3 task 28/50
[  1783.7s] LR l2 seed=3 task 29/50
[  1844.3s] LR l2 seed=3 task 30/50
[  1904.2s] LR l2 seed=3 task 31/50
[  1973.9s] LR l2 seed=3 task 32/50
[  2030.2s] LR l2 seed=3 task 33/50
[  2105.3s] LR l2 seed=3 task 34/50
[  2166.5s] LR l2 seed=3 task 35/50
[  2220.5s] LR l2 seed=3 task 36/50
[  2282.2s] LR l2 seed=3 task 37/50
[  2459.6s] LR l2 seed=3 task 38/50
[  2603.5s] LR l2 seed=3 task 39/50
[  2656.8s] LR l2 seed=3 task 40/50
[  2714.0s] LR l2 seed=3 task 41/50
[  2784.0s] LR l2 seed=3 task 42/50
[  2902.3s] LR l2 seed=3 task 43/50
[  2965.9s] LR l2 seed=3 task 44/50
[  3023.4s] LR l2 seed=3 task 45/50
[  3096.8s] LR l2 seed=3 task 46/50
[  3153.2s] LR l2 seed=3 task 47/50
[  3206.1s] LR l2 seed=3 task 48/50
[  3260.6s] LR l2 seed=3 task 49/50
[  3312.9s] LR l2 seed=3 task 50/50
[  3313.2s] done LR l2 seed=3 tasks=50 3312.9s
wrote results/wcap_rlmnist_0914/runs/LR_l2_s3  (50 task rows, 306 layer rows, 3313.2s)
