[    22.3s] LR l2init seed=2 task 1/50
[    43.7s] LR l2init seed=2 task 2/50
[    63.5s] LR l2init seed=2 task 3/50
[    82.9s] LR l2init seed=2 task 4/50
[   115.4s] LR l2init seed=2 task 5/50
[   135.3s] LR l2init seed=2 task 6/50
[   158.4s] LR l2init seed=2 task 7/50
[   179.2s] LR l2init seed=2 task 8/50
[   206.7s] LR l2init seed=2 task 9/50
[   225.8s] LR l2init seed=2 task 10/50
[   245.3s] LR l2init seed=2 task 11/50
[   270.7s] LR l2init seed=2 task 12/50
[   290.0s] LR l2init seed=2 task 13/50
[   310.4s] LR l2init seed=2 task 14/50
[   329.5s] LR l2init seed=2 task 15/50
[   349.0s] LR l2init seed=2 task 16/50
[   369.5s] LR l2init seed=2 task 17/50
[   396.0s] LR l2init seed=2 task 18/50
[   428.7s] LR l2init seed=2 task 19/50
[   449.9s] LR l2init seed=2 task 20/50
[   469.3s] LR l2init seed=2 task 21/50
[   499.2s] LR l2init seed=2 task 22/50
[   518.2s] LR l2init seed=2 task 23/50
[   537.2s] LR l2init seed=2 task 24/50
[   556.4s] LR l2init seed=2 task 25/50
[   580.4s] LR l2init seed=2 task 26/50
[   601.0s] LR l2init seed=2 task 27/50
[   620.5s] LR l2init seed=2 task 28/50
[   639.9s] LR l2init seed=2 task 29/50
[   659.0s] LR l2init seed=2 task 30/50
[   678.2s] LR l2init seed=2 task 31/50
[   701.7s] LR l2init seed=2 task 32/50
[   721.0s] LR l2init seed=2 task 33/50
[   740.6s] LR l2init seed=2 task 34/50
[   759.7s] LR l2init seed=2 task 35/50
[   778.9s] LR l2init seed=2 task 36/50
[   798.0s] LR l2init seed=2 task 37/50
[   817.0s] LR l2init seed=2 task 38/50
[   836.0s] LR l2init seed=2 task 39/50
[   855.1s] LR l2init seed=2 task 40/50
[   874.1s] LR l2init seed=2 task 41/50
[   893.2s] LR l2init seed=2 task 42/50
[   912.4s] LR l2init seed=2 task 43/50
[   931.5s] LR l2init seed=2 task 44/50
[   950.6s] LR l2init seed=2 task 45/50
[   969.6s] LR l2init seed=2 task 46/50
[   994.7s] LR l2init seed=2 task 47/50
[  1014.5s] LR l2init seed=2 task 48/50
[  1033.9s] LR l2init seed=2 task 49/50
[  1054.0s] LR l2init seed=2 task 50/50
[  1054.4s] done LR l2init seed=2 tasks=50 1054.0s
wrote results/wcap_rlmnist_0914/runs/LR_l2init_s2  (50 task rows, 306 layer rows, 1054.4s)
