[    40.6s] LR l2init seed=5 task 1/50
[    61.2s] LR l2init seed=5 task 2/50
[    84.4s] LR l2init seed=5 task 3/50
[   104.9s] LR l2init seed=5 task 4/50
[   124.9s] LR l2init seed=5 task 5/50
[   149.8s] LR l2init seed=5 task 6/50
[   195.5s] LR l2init seed=5 task 7/50
[   221.3s] LR l2init seed=5 task 8/50
[   242.1s] LR l2init seed=5 task 9/50
[   266.8s] LR l2init seed=5 task 10/50
[   286.1s] LR l2init seed=5 task 11/50
[   305.1s] LR l2init seed=5 task 12/50
[   324.0s] LR l2init seed=5 task 13/50
[   343.0s] LR l2init seed=5 task 14/50
[   363.4s] LR l2init seed=5 task 15/50
[   383.0s] LR l2init seed=5 task 16/50
[   402.0s] LR l2init seed=5 task 17/50
[   421.0s] LR l2init seed=5 task 18/50
[   441.3s] LR l2init seed=5 task 19/50
[   486.5s] LR l2init seed=5 task 20/50
[   511.2s] LR l2init seed=5 task 21/50
[   535.1s] LR l2init seed=5 task 22/50
[   567.3s] LR l2init seed=5 task 23/50
[   620.0s] LR l2init seed=5 task 24/50
[   672.8s] LR l2init seed=5 task 25/50
[   725.7s] LR l2init seed=5 task 26/50
[   778.5s] LR l2init seed=5 task 27/50
[   831.3s] LR l2init seed=5 task 28/50
[   852.1s] LR l2init seed=5 task 29/50
[   871.6s] LR l2init seed=5 task 30/50
[   891.3s] LR l2init seed=5 task 31/50
[   911.9s] LR l2init seed=5 task 32/50
[   931.2s] LR l2init seed=5 task 33/50
[   965.0s] LR l2init seed=5 task 34/50
[   993.4s] LR l2init seed=5 task 35/50
[  1012.5s] LR l2init seed=5 task 36/50
[  1032.5s] LR l2init seed=5 task 37/50
[  1051.9s] LR l2init seed=5 task 38/50
[  1078.5s] LR l2init seed=5 task 39/50
[  1110.3s] LR l2init seed=5 task 40/50
[  1161.8s] LR l2init seed=5 task 41/50
[  1194.2s] LR l2init seed=5 task 42/50
[  1215.8s] LR l2init seed=5 task 43/50
[  1234.8s] LR l2init seed=5 task 44/50
[  1256.4s] LR l2init seed=5 task 45/50
[  1285.5s] LR l2init seed=5 task 46/50
[  1323.2s] LR l2init seed=5 task 47/50
[  1342.2s] LR l2init seed=5 task 48/50
[  1361.4s] LR l2init seed=5 task 49/50
[  1387.1s] LR l2init seed=5 task 50/50
[  1387.4s] done LR l2init seed=5 tasks=50 1387.1s
wrote results/wcap_rlmnist_0914/runs/LR_l2init_s5  (50 task rows, 306 layer rows, 1387.4s)
