[    42.5s] LR l2 seed=7 task 1/50
[    87.8s] LR l2 seed=7 task 2/50
[   140.4s] LR l2 seed=7 task 3/50
[   192.9s] LR l2 seed=7 task 4/50
[   245.5s] LR l2 seed=7 task 5/50
[   298.2s] LR l2 seed=7 task 6/50
[   351.0s] LR l2 seed=7 task 7/50
[   403.5s] LR l2 seed=7 task 8/50
[   456.1s] LR l2 seed=7 task 9/50
[   508.3s] LR l2 seed=7 task 10/50
[   561.1s] LR l2 seed=7 task 11/50
[   613.6s] LR l2 seed=7 task 12/50
[   668.5s] LR l2 seed=7 task 13/50
[   729.0s] LR l2 seed=7 task 14/50
[   794.8s] LR l2 seed=7 task 15/50
[   848.1s] LR l2 seed=7 task 16/50
[   901.2s] LR l2 seed=7 task 17/50
[   954.3s] LR l2 seed=7 task 18/50
[  1006.8s] LR l2 seed=7 task 19/50
[  1059.9s] LR l2 seed=7 task 20/50
[  1112.8s] LR l2 seed=7 task 21/50
[  1165.2s] LR l2 seed=7 task 22/50
[  1217.4s] LR l2 seed=7 task 23/50
[  1269.7s] LR l2 seed=7 task 24/50
[  1321.8s] LR l2 seed=7 task 25/50
[  1375.0s] LR l2 seed=7 task 26/50
[  1427.6s] LR l2 seed=7 task 27/50
[  1510.3s] LR l2 seed=7 task 28/50
[  1583.6s] LR l2 seed=7 task 29/50
[  1641.7s] LR l2 seed=7 task 30/50
[  1701.9s] LR l2 seed=7 task 31/50
[  1777.0s] LR l2 seed=7 task 32/50
[  1835.7s] LR l2 seed=7 task 33/50
[  1887.9s] LR l2 seed=7 task 34/50
[  1940.3s] LR l2 seed=7 task 35/50
[  2001.2s] LR l2 seed=7 task 36/50
[  2069.1s] LR l2 seed=7 task 37/50
[  2121.4s] LR l2 seed=7 task 38/50
[  2173.9s] LR l2 seed=7 task 39/50
[  2226.2s] LR l2 seed=7 task 40/50
[  2285.0s] LR l2 seed=7 task 41/50
[  2341.3s] LR l2 seed=7 task 42/50
[  2400.6s] LR l2 seed=7 task 43/50
[  2464.2s] LR l2 seed=7 task 44/50
[  2518.7s] LR l2 seed=7 task 45/50
[  2591.8s] LR l2 seed=7 task 46/50
[  2653.1s] LR l2 seed=7 task 47/50
[  2705.9s] LR l2 seed=7 task 48/50
[  2758.7s] LR l2 seed=7 task 49/50
[  2811.0s] LR l2 seed=7 task 50/50
[  2811.3s] done LR l2 seed=7 tasks=50 2811.0s
wrote results/wcap_rlmnist_0914/runs/LR_l2_s7  (50 task rows, 306 layer rows, 2811.3s)
