[    22.7s] LR l2init seed=8 task 1/50
[    44.5s] LR l2init seed=8 task 2/50
[    65.7s] LR l2init seed=8 task 3/50
[    86.8s] LR l2init seed=8 task 4/50
[   106.1s] LR l2init seed=8 task 5/50
[   127.5s] LR l2init seed=8 task 6/50
[   149.7s] LR l2init seed=8 task 7/50
[   169.3s] LR l2init seed=8 task 8/50
[   189.0s] LR l2init seed=8 task 9/50
[   208.2s] LR l2init seed=8 task 10/50
[   227.5s] LR l2init seed=8 task 11/50
[   246.4s] LR l2init seed=8 task 12/50
[   267.0s] LR l2init seed=8 task 13/50
[   286.2s] LR l2init seed=8 task 14/50
[   305.5s] LR l2init seed=8 task 15/50
[   324.8s] LR l2init seed=8 task 16/50
[   344.0s] LR l2init seed=8 task 17/50
[   363.2s] LR l2init seed=8 task 18/50
[   383.5s] LR l2init seed=8 task 19/50
[   403.2s] LR l2init seed=8 task 20/50
[   423.0s] LR l2init seed=8 task 21/50
[   442.7s] LR l2init seed=8 task 22/50
[   468.1s] LR l2init seed=8 task 23/50
[   491.1s] LR l2init seed=8 task 24/50
[   510.1s] LR l2init seed=8 task 25/50
[   530.4s] LR l2init seed=8 task 26/50
[   551.2s] LR l2init seed=8 task 27/50
[   573.2s] LR l2init seed=8 task 28/50
[   592.5s] LR l2init seed=8 task 29/50
[   611.9s] LR l2init seed=8 task 30/50
[   645.0s] LR l2init seed=8 task 31/50
[   664.6s] LR l2init seed=8 task 32/50
[   708.6s] LR l2init seed=8 task 33/50
[   728.0s] LR l2init seed=8 task 34/50
[   747.6s] LR l2init seed=8 task 35/50
[   767.3s] LR l2init seed=8 task 36/50
[   786.2s] LR l2init seed=8 task 37/50
[   805.3s] LR l2init seed=8 task 38/50
[   825.2s] LR l2init seed=8 task 39/50
[   844.9s] LR l2init seed=8 task 40/50
[   864.6s] LR l2init seed=8 task 41/50
[   884.3s] LR l2init seed=8 task 42/50
[   903.9s] LR l2init seed=8 task 43/50
[   923.5s] LR l2init seed=8 task 44/50
[   945.3s] LR l2init seed=8 task 45/50
[   975.0s] LR l2init seed=8 task 46/50
[   998.0s] LR l2init seed=8 task 47/50
[  1017.1s] LR l2init seed=8 task 48/50
[  1036.2s] LR l2init seed=8 task 49/50
[  1059.8s] LR l2init seed=8 task 50/50
[  1060.2s] done LR l2init seed=8 tasks=50 1059.8s
wrote results/wcap_rlmnist_0914/runs/LR_l2init_s8  (50 task rows, 306 layer rows, 1060.2s)
