[    42.3s] LR l2 seed=4 task 1/50
[    91.5s] LR l2 seed=4 task 2/50
[   153.4s] LR l2 seed=4 task 3/50
[   226.7s] LR l2 seed=4 task 4/50
[   277.0s] LR l2 seed=4 task 5/50
[   336.5s] LR l2 seed=4 task 6/50
[   387.2s] LR l2 seed=4 task 7/50
[   438.8s] LR l2 seed=4 task 8/50
[   489.1s] LR l2 seed=4 task 9/50
[   539.5s] LR l2 seed=4 task 10/50
[   603.4s] LR l2 seed=4 task 11/50
[   653.7s] LR l2 seed=4 task 12/50
[   766.0s] LR l2 seed=4 task 13/50
[   837.1s] LR l2 seed=4 task 14/50
[   905.7s] LR l2 seed=4 task 15/50
[   956.0s] LR l2 seed=4 task 16/50
[  1005.7s] LR l2 seed=4 task 17/50
[  1054.9s] LR l2 seed=4 task 18/50
[  1108.4s] LR l2 seed=4 task 19/50
[  1163.3s] LR l2 seed=4 task 20/50
[  1214.4s] LR l2 seed=4 task 21/50
[  1269.0s] LR l2 seed=4 task 22/50
[  1318.7s] LR l2 seed=4 task 23/50
[  1369.2s] LR l2 seed=4 task 24/50
[  1418.5s] LR l2 seed=4 task 25/50
[  1467.9s] LR l2 seed=4 task 26/50
[  1529.1s] LR l2 seed=4 task 27/50
[  1578.0s] LR l2 seed=4 task 28/50
[  1643.2s] LR l2 seed=4 task 29/50
[  1693.7s] LR l2 seed=4 task 30/50
[  1748.5s] LR l2 seed=4 task 31/50
[  1799.2s] LR l2 seed=4 task 32/50
[  1853.9s] LR l2 seed=4 task 33/50
[  1903.5s] LR l2 seed=4 task 34/50
[  1953.2s] LR l2 seed=4 task 35/50
[  2003.0s] LR l2 seed=4 task 36/50
[  2052.5s] LR l2 seed=4 task 37/50
[  2107.7s] LR l2 seed=4 task 38/50
[  2158.9s] LR l2 seed=4 task 39/50
[  2209.4s] LR l2 seed=4 task 40/50
[  2262.8s] LR l2 seed=4 task 41/50
[  2340.8s] LR l2 seed=4 task 42/50
[  2390.3s] LR l2 seed=4 task 43/50
[  2439.6s] LR l2 seed=4 task 44/50
[  2492.3s] LR l2 seed=4 task 45/50
[  2547.1s] LR l2 seed=4 task 46/50
[  2599.0s] LR l2 seed=4 task 47/50
[  2656.1s] LR l2 seed=4 task 48/50
[  2746.9s] LR l2 seed=4 task 49/50
[  2813.6s] LR l2 seed=4 task 50/50
[  2814.0s] done LR l2 seed=4 tasks=50 2813.6s
wrote results/wcap_rlmnist_0914/runs/LR_l2_s4  (50 task rows, 306 layer rows, 2814.0s)
