[    49.3s] LR l2 seed=6 task 1/50
[   121.5s] LR l2 seed=6 task 2/50
[   185.1s] LR l2 seed=6 task 3/50
[   249.7s] LR l2 seed=6 task 4/50
[   304.0s] LR l2 seed=6 task 5/50
[   358.4s] LR l2 seed=6 task 6/50
[   415.4s] LR l2 seed=6 task 7/50
[   475.7s] LR l2 seed=6 task 8/50
[   533.3s] LR l2 seed=6 task 9/50
[   588.5s] LR l2 seed=6 task 10/50
[   642.8s] LR l2 seed=6 task 11/50
[   697.0s] LR l2 seed=6 task 12/50
[   751.2s] LR l2 seed=6 task 13/50
[   805.5s] LR l2 seed=6 task 14/50
[   860.0s] LR l2 seed=6 task 15/50
[   914.2s] LR l2 seed=6 task 16/50
[   968.5s] LR l2 seed=6 task 17/50
[  1022.8s] LR l2 seed=6 task 18/50
[  1079.8s] LR l2 seed=6 task 19/50
[  1137.3s] LR l2 seed=6 task 20/50
[  1196.5s] LR l2 seed=6 task 21/50
[  1251.3s] LR l2 seed=6 task 22/50
[  1311.6s] LR l2 seed=6 task 23/50
[  1386.7s] LR l2 seed=6 task 24/50
[  1458.2s] LR l2 seed=6 task 25/50
[  1512.1s] LR l2 seed=6 task 26/50
[  1566.2s] LR l2 seed=6 task 27/50
[  1620.6s] LR l2 seed=6 task 28/50
[  1676.4s] LR l2 seed=6 task 29/50
[  1733.1s] LR l2 seed=6 task 30/50
[  1803.6s] LR l2 seed=6 task 31/50
[  1858.4s] LR l2 seed=6 task 32/50
[  1918.0s] LR l2 seed=6 task 33/50
[  1981.7s] LR l2 seed=6 task 34/50
[  2036.0s] LR l2 seed=6 task 35/50
[  2090.4s] LR l2 seed=6 task 36/50
[  2144.4s] LR l2 seed=6 task 37/50
[  2198.3s] LR l2 seed=6 task 38/50
[  2273.8s] LR l2 seed=6 task 39/50
[  2333.4s] LR l2 seed=6 task 40/50
[  2406.1s] LR l2 seed=6 task 41/50
[  2527.4s] LR l2 seed=6 task 42/50
[  2581.0s] LR l2 seed=6 task 43/50
[  2646.7s] LR l2 seed=6 task 44/50
[  2726.4s] LR l2 seed=6 task 45/50
[  2836.9s] LR l2 seed=6 task 46/50
[  2894.3s] LR l2 seed=6 task 47/50
[  2954.7s] LR l2 seed=6 task 48/50
[  3009.0s] LR l2 seed=6 task 49/50
[  3068.0s] LR l2 seed=6 task 50/50
[  3068.3s] done LR l2 seed=6 tasks=50 3068.0s
wrote results/wcap_rlmnist_0914/runs/LR_l2_s6  (50 task rows, 306 layer rows, 3068.3s)
