[    21.6s] LR l2init seed=9 task 1/50
[    41.5s] LR l2init seed=9 task 2/50
[    61.3s] LR l2init seed=9 task 3/50
[    80.5s] LR l2init seed=9 task 4/50
[   100.0s] LR l2init seed=9 task 5/50
[   120.0s] LR l2init seed=9 task 6/50
[   142.3s] LR l2init seed=9 task 7/50
[   161.8s] LR l2init seed=9 task 8/50
[   181.1s] LR l2init seed=9 task 9/50
[   204.0s] LR l2init seed=9 task 10/50
[   236.1s] LR l2init seed=9 task 11/50
[   285.5s] LR l2init seed=9 task 12/50
[   374.2s] LR l2init seed=9 task 13/50
[   415.0s] LR l2init seed=9 task 14/50
[   442.3s] LR l2init seed=9 task 15/50
[   463.7s] LR l2init seed=9 task 16/50
[   483.6s] LR l2init seed=9 task 17/50
[   503.0s] LR l2init seed=9 task 18/50
[   522.4s] LR l2init seed=9 task 19/50
[   543.9s] LR l2init seed=9 task 20/50
[   572.6s] LR l2init seed=9 task 21/50
[   689.4s] LR l2init seed=9 task 22/50
[   814.3s] LR l2init seed=9 task 23/50
[   916.4s] LR l2init seed=9 task 24/50
[   985.8s] LR l2init seed=9 task 25/50
[  1062.3s] LR l2init seed=9 task 26/50
[  1148.6s] LR l2init seed=9 task 27/50
[  1238.8s] LR l2init seed=9 task 28/50
[  1338.9s] LR l2init seed=9 task 29/50
[  1452.9s] LR l2init seed=9 task 30/50
[  1545.9s] LR l2init seed=9 task 31/50
[  1645.7s] LR l2init seed=9 task 32/50
[  1745.9s] LR l2init seed=9 task 33/50
[  1869.6s] LR l2init seed=9 task 34/50
[  1958.7s] LR l2init seed=9 task 35/50
[  2026.2s] LR l2init seed=9 task 36/50
[  2070.8s] LR l2init seed=9 task 37/50
[  2103.8s] LR l2init seed=9 task 38/50
[  2142.9s] LR l2init seed=9 task 39/50
[  2168.0s] LR l2init seed=9 task 40/50
[  2187.3s] LR l2init seed=9 task 41/50
[  2206.6s] LR l2init seed=9 task 42/50
[  2226.0s] LR l2init seed=9 task 43/50
[  2245.3s] LR l2init seed=9 task 44/50
[  2264.8s] LR l2init seed=9 task 45/50
[  2284.4s] LR l2init seed=9 task 46/50
[  2303.6s] LR l2init seed=9 task 47/50
[  2322.7s] LR l2init seed=9 task 48/50
[  2342.0s] LR l2init seed=9 task 49/50
[  2361.1s] LR l2init seed=9 task 50/50
[  2361.4s] done LR l2init seed=9 tasks=50 2361.1s
wrote results/wcap_rlmnist_0914/runs/LR_l2init_s9  (50 task rows, 306 layer rows, 2361.4s)
