[    23.8s] LR l2init seed=6 task 1/50
[    43.8s] LR l2init seed=6 task 2/50
[    63.2s] LR l2init seed=6 task 3/50
[    83.7s] LR l2init seed=6 task 4/50
[   103.8s] LR l2init seed=6 task 5/50
[   128.1s] LR l2init seed=6 task 6/50
[   147.3s] LR l2init seed=6 task 7/50
[   168.5s] LR l2init seed=6 task 8/50
[   188.6s] LR l2init seed=6 task 9/50
[   209.0s] LR l2init seed=6 task 10/50
[   230.3s] LR l2init seed=6 task 11/50
[   272.6s] LR l2init seed=6 task 12/50
[   294.9s] LR l2init seed=6 task 13/50
[   314.5s] LR l2init seed=6 task 14/50
[   335.3s] LR l2init seed=6 task 15/50
[   354.4s] LR l2init seed=6 task 16/50
[   374.1s] LR l2init seed=6 task 17/50
[   399.0s] LR l2init seed=6 task 18/50
[   420.9s] LR l2init seed=6 task 19/50
[   453.9s] LR l2init seed=6 task 20/50
[   483.3s] LR l2init seed=6 task 21/50
[   503.6s] LR l2init seed=6 task 22/50
[   526.6s] LR l2init seed=6 task 23/50
[   545.6s] LR l2init seed=6 task 24/50
[   564.5s] LR l2init seed=6 task 25/50
[   583.5s] LR l2init seed=6 task 26/50
[   606.2s] LR l2init seed=6 task 27/50
[   628.0s] LR l2init seed=6 task 28/50
[   651.7s] LR l2init seed=6 task 29/50
[   672.7s] LR l2init seed=6 task 30/50
[   692.4s] LR l2init seed=6 task 31/50
[   714.2s] LR l2init seed=6 task 32/50
[   733.6s] LR l2init seed=6 task 33/50
[   775.3s] LR l2init seed=6 task 34/50
[   798.8s] LR l2init seed=6 task 35/50
[   822.2s] LR l2init seed=6 task 36/50
[   844.2s] LR l2init seed=6 task 37/50
[   863.1s] LR l2init seed=6 task 38/50
[   884.5s] LR l2init seed=6 task 39/50
[   915.5s] LR l2init seed=6 task 40/50
[   942.4s] LR l2init seed=6 task 41/50
[   961.4s] LR l2init seed=6 task 42/50
[   980.5s] LR l2init seed=6 task 43/50
[  1002.2s] LR l2init seed=6 task 44/50
[  1028.8s] LR l2init seed=6 task 45/50
[  1048.9s] LR l2init seed=6 task 46/50
[  1068.0s] LR l2init seed=6 task 47/50
[  1087.2s] LR l2init seed=6 task 48/50
[  1106.5s] LR l2init seed=6 task 49/50
[  1125.6s] LR l2init seed=6 task 50/50
[  1125.9s] done LR l2init seed=6 tasks=50 1125.6s
wrote results/wcap_rlmnist_0914/runs/LR_l2init_s6  (50 task rows, 306 layer rows, 1125.9s)
