[    24.8s] LR l2init seed=1 task 1/50
[    53.2s] LR l2init seed=1 task 2/50
[    82.9s] LR l2init seed=1 task 3/50
[   103.7s] LR l2init seed=1 task 4/50
[   125.1s] LR l2init seed=1 task 5/50
[   146.6s] LR l2init seed=1 task 6/50
[   168.0s] LR l2init seed=1 task 7/50
[   189.4s] LR l2init seed=1 task 8/50
[   210.3s] LR l2init seed=1 task 9/50
[   230.7s] LR l2init seed=1 task 10/50
[   251.1s] LR l2init seed=1 task 11/50
[   271.5s] LR l2init seed=1 task 12/50
[   292.3s] LR l2init seed=1 task 13/50
[   312.7s] LR l2init seed=1 task 14/50
[   332.8s] LR l2init seed=1 task 15/50
[   353.0s] LR l2init seed=1 task 16/50
[   373.2s] LR l2init seed=1 task 17/50
[   393.3s] LR l2init seed=1 task 18/50
[   413.4s] LR l2init seed=1 task 19/50
[   433.5s] LR l2init seed=1 task 20/50
[   453.6s] LR l2init seed=1 task 21/50
[   473.6s] LR l2init seed=1 task 22/50
[   493.6s] LR l2init seed=1 task 23/50
[   514.6s] LR l2init seed=1 task 24/50
[   541.6s] LR l2init seed=1 task 25/50
[   561.6s] LR l2init seed=1 task 26/50
[   588.5s] LR l2init seed=1 task 27/50
[   619.8s] LR l2init seed=1 task 28/50
[   642.6s] LR l2init seed=1 task 29/50
[   662.9s] LR l2init seed=1 task 30/50
[   682.9s] LR l2init seed=1 task 31/50
[   703.0s] LR l2init seed=1 task 32/50
[   723.4s] LR l2init seed=1 task 33/50
[   751.5s] LR l2init seed=1 task 34/50
[   772.2s] LR l2init seed=1 task 35/50
[   807.5s] LR l2init seed=1 task 36/50
[   827.4s] LR l2init seed=1 task 37/50
[   847.4s] LR l2init seed=1 task 38/50
[   867.2s] LR l2init seed=1 task 39/50
[   887.0s] LR l2init seed=1 task 40/50
[   907.0s] LR l2init seed=1 task 41/50
[   928.8s] LR l2init seed=1 task 42/50
[   948.8s] LR l2init seed=1 task 43/50
[   971.3s] LR l2init seed=1 task 44/50
[   994.4s] LR l2init seed=1 task 45/50
[  1018.9s] LR l2init seed=1 task 46/50
[  1053.5s] LR l2init seed=1 task 47/50
[  1102.6s] LR l2init seed=1 task 48/50
[  1123.2s] LR l2init seed=1 task 49/50
[  1147.3s] LR l2init seed=1 task 50/50
[  1147.7s] done LR l2init seed=1 tasks=50 1147.3s
wrote results/wcap_rlmnist_0914/runs/LR_l2init_s1  (50 task rows, 306 layer rows, 1147.7s)
