[    43.1s] LR l2 seed=8 task 1/50
[   104.9s] LR l2 seed=8 task 2/50
[   166.6s] LR l2 seed=8 task 3/50
[   239.6s] LR l2 seed=8 task 4/50
[   329.4s] LR l2 seed=8 task 5/50
[   416.7s] LR l2 seed=8 task 6/50
[   470.6s] LR l2 seed=8 task 7/50
[   523.8s] LR l2 seed=8 task 8/50
[   577.0s] LR l2 seed=8 task 9/50
[   642.3s] LR l2 seed=8 task 10/50
[   738.6s] LR l2 seed=8 task 11/50
[   791.9s] LR l2 seed=8 task 12/50
[   845.9s] LR l2 seed=8 task 13/50
[   899.5s] LR l2 seed=8 task 14/50
[   967.5s] LR l2 seed=8 task 15/50
[  1024.4s] LR l2 seed=8 task 16/50
[  1080.9s] LR l2 seed=8 task 17/50
[  1145.7s] LR l2 seed=8 task 18/50
[  1209.9s] LR l2 seed=8 task 19/50
[  1264.1s] LR l2 seed=8 task 20/50
[  1317.6s] LR l2 seed=8 task 21/50
[  1375.6s] LR l2 seed=8 task 22/50
[  1429.0s] LR l2 seed=8 task 23/50
[  1492.0s] LR l2 seed=8 task 24/50
[  1555.0s] LR l2 seed=8 task 25/50
[  1626.0s] LR l2 seed=8 task 26/50
[  1692.4s] LR l2 seed=8 task 27/50
[  1763.8s] LR l2 seed=8 task 28/50
[  1838.8s] LR l2 seed=8 task 29/50
[  1909.4s] LR l2 seed=8 task 30/50
[  1968.3s] LR l2 seed=8 task 31/50
[  2033.6s] LR l2 seed=8 task 32/50
[  2088.2s] LR l2 seed=8 task 33/50
[  2144.9s] LR l2 seed=8 task 34/50
[  2209.3s] LR l2 seed=8 task 35/50
[  2270.9s] LR l2 seed=8 task 36/50
[  2328.2s] LR l2 seed=8 task 37/50
[  2398.4s] LR l2 seed=8 task 38/50
[  2541.9s] LR l2 seed=8 task 39/50
[  2632.7s] LR l2 seed=8 task 40/50
[  2812.1s] LR l2 seed=8 task 41/50
[  2932.7s] LR l2 seed=8 task 42/50
[  3054.8s] LR l2 seed=8 task 43/50
[  3286.4s] LR l2 seed=8 task 44/50
[  3603.8s] LR l2 seed=8 task 45/50
[  3878.1s] LR l2 seed=8 task 46/50
[  4079.7s] LR l2 seed=8 task 47/50
[  4312.1s] LR l2 seed=8 task 48/50
[  4501.0s] LR l2 seed=8 task 49/50
[  4555.2s] LR l2 seed=8 task 50/50
[  4555.5s] done LR l2 seed=8 tasks=50 4555.2s
wrote results/wcap_rlmnist_0914/runs/LR_l2_s8  (50 task rows, 306 layer rows, 4555.5s)
