[    19.5s] LR l2init seed=4 task 1/50
[    38.7s] LR l2init seed=4 task 2/50
[    57.8s] LR l2init seed=4 task 3/50
[    77.0s] LR l2init seed=4 task 4/50
[    96.2s] LR l2init seed=4 task 5/50
[   115.2s] LR l2init seed=4 task 6/50
[   134.4s] LR l2init seed=4 task 7/50
[   153.6s] LR l2init seed=4 task 8/50
[   172.8s] LR l2init seed=4 task 9/50
[   192.1s] LR l2init seed=4 task 10/50
[   211.6s] LR l2init seed=4 task 11/50
[   231.0s] LR l2init seed=4 task 12/50
[   250.2s] LR l2init seed=4 task 13/50
[   269.7s] LR l2init seed=4 task 14/50
[   290.6s] LR l2init seed=4 task 15/50
[   324.0s] LR l2init seed=4 task 16/50
[   343.6s] LR l2init seed=4 task 17/50
[   363.4s] LR l2init seed=4 task 18/50
[   383.1s] LR l2init seed=4 task 19/50
[   403.6s] LR l2init seed=4 task 20/50
[   423.4s] LR l2init seed=4 task 21/50
[   449.0s] LR l2init seed=4 task 22/50
[   471.2s] LR l2init seed=4 task 23/50
[   495.0s] LR l2init seed=4 task 24/50
[   514.4s] LR l2init seed=4 task 25/50
[   538.2s] LR l2init seed=4 task 26/50
[   558.1s] LR l2init seed=4 task 27/50
[   578.0s] LR l2init seed=4 task 28/50
[   601.4s] LR l2init seed=4 task 29/50
[   625.9s] LR l2init seed=4 task 30/50
[   645.8s] LR l2init seed=4 task 31/50
[   667.1s] LR l2init seed=4 task 32/50
[   691.4s] LR l2init seed=4 task 33/50
[   712.9s] LR l2init seed=4 task 34/50
[   738.9s] LR l2init seed=4 task 35/50
[   759.9s] LR l2init seed=4 task 36/50
[   782.7s] LR l2init seed=4 task 37/50
[   808.0s] LR l2init seed=4 task 38/50
[   832.3s] LR l2init seed=4 task 39/50
[   856.4s] LR l2init seed=4 task 40/50
[   889.8s] LR l2init seed=4 task 41/50
[   912.6s] LR l2init seed=4 task 42/50
[   934.2s] LR l2init seed=4 task 43/50
[   955.8s] LR l2init seed=4 task 44/50
[   974.9s] LR l2init seed=4 task 45/50
[   995.2s] LR l2init seed=4 task 46/50
[  1018.2s] LR l2init seed=4 task 47/50
[  1037.8s] LR l2init seed=4 task 48/50
[  1057.7s] LR l2init seed=4 task 49/50
[  1077.4s] LR l2init seed=4 task 50/50
[  1077.7s] done LR l2init seed=4 tasks=50 1077.4s
wrote results/wcap_rlmnist_0914/runs/LR_l2init_s4  (50 task rows, 306 layer rows, 1077.8s)
