[    17.4s] LR ref seed=1 task 1/50
[    40.9s] LR ref seed=1 task 2/50
[    67.4s] LR ref seed=1 task 3/50
[    87.2s] LR ref seed=1 task 4/50
[   105.8s] LR ref seed=1 task 5/50
[   153.1s] LR ref seed=1 task 6/50
[   203.1s] LR ref seed=1 task 7/50
[   228.1s] LR ref seed=1 task 8/50
[   248.0s] LR ref seed=1 task 9/50
[   265.3s] LR ref seed=1 task 10/50
[   287.2s] LR ref seed=1 task 11/50
[   308.6s] LR ref seed=1 task 12/50
[   326.1s] LR ref seed=1 task 13/50
[   346.2s] LR ref seed=1 task 14/50
[   363.6s] LR ref seed=1 task 15/50
[   381.5s] LR ref seed=1 task 16/50
[   399.4s] LR ref seed=1 task 17/50
[   424.1s] LR ref seed=1 task 18/50
[   474.5s] LR ref seed=1 task 19/50
[   509.0s] LR ref seed=1 task 20/50
[   526.3s] LR ref seed=1 task 21/50
[   544.1s] LR ref seed=1 task 22/50
[   561.3s] LR ref seed=1 task 23/50
[   578.7s] LR ref seed=1 task 24/50
[   596.0s] LR ref seed=1 task 25/50
[   613.1s] LR ref seed=1 task 26/50
[   630.1s] LR ref seed=1 task 27/50
[   647.7s] LR ref seed=1 task 28/50
[   668.0s] LR ref seed=1 task 29/50
[   694.8s] LR ref seed=1 task 30/50
[   717.3s] LR ref seed=1 task 31/50
[   737.1s] LR ref seed=1 task 32/50
[   756.5s] LR ref seed=1 task 33/50
[   778.2s] LR ref seed=1 task 34/50
[   797.9s] LR ref seed=1 task 35/50
[   815.0s] LR ref seed=1 task 36/50
[   842.6s] LR ref seed=1 task 37/50
[   865.9s] LR ref seed=1 task 38/50
[   888.0s] LR ref seed=1 task 39/50
[   910.2s] LR ref seed=1 task 40/50
[   957.8s] LR ref seed=1 task 41/50
[  1004.7s] LR ref seed=1 task 42/50
[  1023.5s] LR ref seed=1 task 43/50
[  1045.4s] LR ref seed=1 task 44/50
[  1092.8s] LR ref seed=1 task 45/50
[  1120.6s] LR ref seed=1 task 46/50
[  1155.8s] LR ref seed=1 task 47/50
[  1173.5s] LR ref seed=1 task 48/50
[  1194.6s] LR ref seed=1 task 49/50
[  1218.5s] LR ref seed=1 task 50/50
[  1218.9s] done LR ref seed=1 tasks=50 1218.5s
wrote results/wcap_rlmnist_0914/runs/LR_ref_s1  (50 task rows, 306 layer rows, 1218.9s)
