[    33.1s] LR ref seed=2 task 1/50
[    54.8s] LR ref seed=2 task 2/50
[    74.0s] LR ref seed=2 task 3/50
[    92.4s] LR ref seed=2 task 4/50
[   109.9s] LR ref seed=2 task 5/50
[   127.8s] LR ref seed=2 task 6/50
[   146.2s] LR ref seed=2 task 7/50
[   164.8s] LR ref seed=2 task 8/50
[   182.4s] LR ref seed=2 task 9/50
[   205.3s] LR ref seed=2 task 10/50
[   252.2s] LR ref seed=2 task 11/50
[   285.6s] LR ref seed=2 task 12/50
[   305.1s] LR ref seed=2 task 13/50
[   325.3s] LR ref seed=2 task 14/50
[   343.8s] LR ref seed=2 task 15/50
[   362.8s] LR ref seed=2 task 16/50
[   379.9s] LR ref seed=2 task 17/50
[   400.5s] LR ref seed=2 task 18/50
[   424.0s] LR ref seed=2 task 19/50
[   443.7s] LR ref seed=2 task 20/50
[   460.8s] LR ref seed=2 task 21/50
[   479.7s] LR ref seed=2 task 22/50
[   496.7s] LR ref seed=2 task 23/50
[   519.4s] LR ref seed=2 task 24/50
[   540.3s] LR ref seed=2 task 25/50
[   557.3s] LR ref seed=2 task 26/50
[   574.7s] LR ref seed=2 task 27/50
[   592.1s] LR ref seed=2 task 28/50
[   609.6s] LR ref seed=2 task 29/50
[   626.8s] LR ref seed=2 task 30/50
[   643.9s] LR ref seed=2 task 31/50
[   661.1s] LR ref seed=2 task 32/50
[   681.1s] LR ref seed=2 task 33/50
[   713.0s] LR ref seed=2 task 34/50
[   760.8s] LR ref seed=2 task 35/50
[   807.9s] LR ref seed=2 task 36/50
[   826.8s] LR ref seed=2 task 37/50
[   844.1s] LR ref seed=2 task 38/50
[   861.9s] LR ref seed=2 task 39/50
[   879.5s] LR ref seed=2 task 40/50
[   897.8s] LR ref seed=2 task 41/50
[   917.1s] LR ref seed=2 task 42/50
[   935.0s] LR ref seed=2 task 43/50
[   954.5s] LR ref seed=2 task 44/50
[   972.8s] LR ref seed=2 task 45/50
[   991.5s] LR ref seed=2 task 46/50
[  1011.7s] LR ref seed=2 task 47/50
[  1029.8s] LR ref seed=2 task 48/50
[  1047.9s] LR ref seed=2 task 49/50
[  1070.5s] LR ref seed=2 task 50/50
[  1070.9s] done LR ref seed=2 tasks=50 1070.5s
wrote results/wcap_rlmnist_0914/runs/LR_ref_s2  (50 task rows, 306 layer rows, 1070.9s)
