[    17.5s] LR ref seed=0 task 1/50
[    34.2s] LR ref seed=0 task 2/50
[    53.6s] LR ref seed=0 task 3/50
[    78.8s] LR ref seed=0 task 4/50
[    97.0s] LR ref seed=0 task 5/50
[   114.7s] LR ref seed=0 task 6/50
[   132.2s] LR ref seed=0 task 7/50
[   150.1s] LR ref seed=0 task 8/50
[   167.8s] LR ref seed=0 task 9/50
[   190.0s] LR ref seed=0 task 10/50
[   218.2s] LR ref seed=0 task 11/50
[   235.7s] LR ref seed=0 task 12/50
[   257.8s] LR ref seed=0 task 13/50
[   277.9s] LR ref seed=0 task 14/50
[   294.7s] LR ref seed=0 task 15/50
[   311.7s] LR ref seed=0 task 16/50
[   328.7s] LR ref seed=0 task 17/50
[   345.7s] LR ref seed=0 task 18/50
[   362.6s] LR ref seed=0 task 19/50
[   379.6s] LR ref seed=0 task 20/50
[   396.6s] LR ref seed=0 task 21/50
[   413.7s] LR ref seed=0 task 22/50
[   431.0s] LR ref seed=0 task 23/50
[   447.9s] LR ref seed=0 task 24/50
[   464.7s] LR ref seed=0 task 25/50
[   481.5s] LR ref seed=0 task 26/50
[   500.6s] LR ref seed=0 task 27/50
[   524.2s] LR ref seed=0 task 28/50
[   571.1s] LR ref seed=0 task 29/50
[   604.0s] LR ref seed=0 task 30/50
[   621.8s] LR ref seed=0 task 31/50
[   640.9s] LR ref seed=0 task 32/50
[   661.0s] LR ref seed=0 task 33/50
[   678.1s] LR ref seed=0 task 34/50
[   695.2s] LR ref seed=0 task 35/50
[   715.6s] LR ref seed=0 task 36/50
[   732.7s] LR ref seed=0 task 37/50
[   757.6s] LR ref seed=0 task 38/50
[   776.3s] LR ref seed=0 task 39/50
[   793.5s] LR ref seed=0 task 40/50
[   813.7s] LR ref seed=0 task 41/50
[   832.1s] LR ref seed=0 task 42/50
[   852.1s] LR ref seed=0 task 43/50
[   888.9s] LR ref seed=0 task 44/50
[   922.5s] LR ref seed=0 task 45/50
[   939.6s] LR ref seed=0 task 46/50
[   959.9s] LR ref seed=0 task 47/50
[   978.2s] LR ref seed=0 task 48/50
[   996.5s] LR ref seed=0 task 49/50
[  1043.4s] LR ref seed=0 task 50/50
[  1043.8s] done LR ref seed=0 tasks=50 1043.4s
wrote results/wcap_rlmnist_0914/runs/LR_ref_s0  (50 task rows, 306 layer rows, 1043.9s)
