[    23.2s] LR ref seed=9 task 1/50
[    41.0s] LR ref seed=9 task 2/50
[    58.9s] LR ref seed=9 task 3/50
[    76.6s] LR ref seed=9 task 4/50
[    95.2s] LR ref seed=9 task 5/50
[   112.9s] LR ref seed=9 task 6/50
[   130.8s] LR ref seed=9 task 7/50
[   149.1s] LR ref seed=9 task 8/50
[   166.7s] LR ref seed=9 task 9/50
[   184.2s] LR ref seed=9 task 10/50
[   201.9s] LR ref seed=9 task 11/50
[   219.9s] LR ref seed=9 task 12/50
[   237.7s] LR ref seed=9 task 13/50
[   255.2s] LR ref seed=9 task 14/50
[   273.3s] LR ref seed=9 task 15/50
[   291.4s] LR ref seed=9 task 16/50
[   309.1s] LR ref seed=9 task 17/50
[   326.9s] LR ref seed=9 task 18/50
[   344.8s] LR ref seed=9 task 19/50
[   362.3s] LR ref seed=9 task 20/50
[   380.6s] LR ref seed=9 task 21/50
[   400.9s] LR ref seed=9 task 22/50
[   419.7s] LR ref seed=9 task 23/50
[   437.6s] LR ref seed=9 task 24/50
[   457.6s] LR ref seed=9 task 25/50
[   475.7s] LR ref seed=9 task 26/50
[   493.9s] LR ref seed=9 task 27/50
[   512.3s] LR ref seed=9 task 28/50
[   530.0s] LR ref seed=9 task 29/50
[   547.6s] LR ref seed=9 task 30/50
[   564.9s] LR ref seed=9 task 31/50
[   583.1s] LR ref seed=9 task 32/50
[   600.7s] LR ref seed=9 task 33/50
[   622.2s] LR ref seed=9 task 34/50
[   639.6s] LR ref seed=9 task 35/50
[   657.7s] LR ref seed=9 task 36/50
[   675.5s] LR ref seed=9 task 37/50
[   702.6s] LR ref seed=9 task 38/50
[   734.1s] LR ref seed=9 task 39/50
[   759.9s] LR ref seed=9 task 40/50
[   781.4s] LR ref seed=9 task 41/50
[   798.7s] LR ref seed=9 task 42/50
[   817.6s] LR ref seed=9 task 43/50
[   838.5s] LR ref seed=9 task 44/50
[   856.7s] LR ref seed=9 task 45/50
[   905.3s] LR ref seed=9 task 46/50
[   961.0s] LR ref seed=9 task 47/50
[  1012.4s] LR ref seed=9 task 48/50
[  1099.7s] LR ref seed=9 task 49/50
[  1150.9s] LR ref seed=9 task 50/50
[  1151.2s] done LR ref seed=9 tasks=50 1150.9s
wrote results/wcap_rlmnist_0914/runs/LR_ref_s9  (50 task rows, 306 layer rows, 1151.2s)
