[    22.7s] LR ref seed=4 task 1/50
[    39.9s] LR ref seed=4 task 2/50
[    56.9s] LR ref seed=4 task 3/50
[    73.8s] LR ref seed=4 task 4/50
[    90.7s] LR ref seed=4 task 5/50
[   107.9s] LR ref seed=4 task 6/50
[   124.8s] LR ref seed=4 task 7/50
[   141.5s] LR ref seed=4 task 8/50
[   158.3s] LR ref seed=4 task 9/50
[   187.3s] LR ref seed=4 task 10/50
[   206.6s] LR ref seed=4 task 11/50
[   226.3s] LR ref seed=4 task 12/50
[   259.8s] LR ref seed=4 task 13/50
[   278.7s] LR ref seed=4 task 14/50
[   295.3s] LR ref seed=4 task 15/50
[   311.8s] LR ref seed=4 task 16/50
[   328.4s] LR ref seed=4 task 17/50
[   344.8s] LR ref seed=4 task 18/50
[   361.2s] LR ref seed=4 task 19/50
[   379.0s] LR ref seed=4 task 20/50
[   399.6s] LR ref seed=4 task 21/50
[   419.8s] LR ref seed=4 task 22/50
[   445.9s] LR ref seed=4 task 23/50
[   462.4s] LR ref seed=4 task 24/50
[   478.8s] LR ref seed=4 task 25/50
[   495.9s] LR ref seed=4 task 26/50
[   512.8s] LR ref seed=4 task 27/50
[   529.5s] LR ref seed=4 task 28/50
[   546.9s] LR ref seed=4 task 29/50
[   563.5s] LR ref seed=4 task 30/50
[   583.8s] LR ref seed=4 task 31/50
[   601.7s] LR ref seed=4 task 32/50
[   620.1s] LR ref seed=4 task 33/50
[   645.6s] LR ref seed=4 task 34/50
[   666.3s] LR ref seed=4 task 35/50
[   698.1s] LR ref seed=4 task 36/50
[   739.7s] LR ref seed=4 task 37/50
[   773.2s] LR ref seed=4 task 38/50
[   789.8s] LR ref seed=4 task 39/50
[   806.4s] LR ref seed=4 task 40/50
[   823.4s] LR ref seed=4 task 41/50
[   842.6s] LR ref seed=4 task 42/50
[   862.3s] LR ref seed=4 task 43/50
[   885.8s] LR ref seed=4 task 44/50
[   906.6s] LR ref seed=4 task 45/50
[   934.4s] LR ref seed=4 task 46/50
[   964.8s] LR ref seed=4 task 47/50
[   986.4s] LR ref seed=4 task 48/50
[  1010.6s] LR ref seed=4 task 49/50
[  1030.6s] LR ref seed=4 task 50/50
[  1031.0s] done LR ref seed=4 tasks=50 1030.6s
wrote results/wcap_rlmnist_0914/runs/LR_ref_s4  (50 task rows, 306 layer rows, 1031.0s)
