[    33.6s] LR ref seed=7 task 1/50
[    50.7s] LR ref seed=7 task 2/50
[    73.0s] LR ref seed=7 task 3/50
[    91.7s] LR ref seed=7 task 4/50
[   112.0s] LR ref seed=7 task 5/50
[   128.9s] LR ref seed=7 task 6/50
[   154.7s] LR ref seed=7 task 7/50
[   174.1s] LR ref seed=7 task 8/50
[   198.7s] LR ref seed=7 task 9/50
[   226.2s] LR ref seed=7 task 10/50
[   251.7s] LR ref seed=7 task 11/50
[   279.4s] LR ref seed=7 task 12/50
[   296.1s] LR ref seed=7 task 13/50
[   313.2s] LR ref seed=7 task 14/50
[   332.3s] LR ref seed=7 task 15/50
[   352.5s] LR ref seed=7 task 16/50
[   371.7s] LR ref seed=7 task 17/50
[   388.4s] LR ref seed=7 task 18/50
[   405.4s] LR ref seed=7 task 19/50
[   422.3s] LR ref seed=7 task 20/50
[   438.8s] LR ref seed=7 task 21/50
[   455.5s] LR ref seed=7 task 22/50
[   472.1s] LR ref seed=7 task 23/50
[   506.9s] LR ref seed=7 task 24/50
[   532.0s] LR ref seed=7 task 25/50
[   550.5s] LR ref seed=7 task 26/50
[   567.3s] LR ref seed=7 task 27/50
[   583.6s] LR ref seed=7 task 28/50
[   600.1s] LR ref seed=7 task 29/50
[   618.5s] LR ref seed=7 task 30/50
[   637.7s] LR ref seed=7 task 31/50
[   654.0s] LR ref seed=7 task 32/50
[   671.2s] LR ref seed=7 task 33/50
[   693.6s] LR ref seed=7 task 34/50
[   710.3s] LR ref seed=7 task 35/50
[   727.4s] LR ref seed=7 task 36/50
[   743.8s] LR ref seed=7 task 37/50
[   760.3s] LR ref seed=7 task 38/50
[   776.8s] LR ref seed=7 task 39/50
[   799.2s] LR ref seed=7 task 40/50
[   816.3s] LR ref seed=7 task 41/50
[   838.7s] LR ref seed=7 task 42/50
[   857.7s] LR ref seed=7 task 43/50
[   900.7s] LR ref seed=7 task 44/50
[   932.7s] LR ref seed=7 task 45/50
[   949.3s] LR ref seed=7 task 46/50
[   969.5s] LR ref seed=7 task 47/50
[   986.0s] LR ref seed=7 task 48/50
[  1004.4s] LR ref seed=7 task 49/50
[  1021.8s] LR ref seed=7 task 50/50
[  1022.2s] done LR ref seed=7 tasks=50 1021.8s
wrote results/wcap_rlmnist_0914/runs/LR_ref_s7  (50 task rows, 306 layer rows, 1022.2s)
