[    38.5s] R cap2 seed=8 task 1/50
[    97.9s] R cap2 seed=8 task 2/50
[   159.7s] R cap2 seed=8 task 3/50
[   243.5s] R cap2 seed=8 task 4/50
[   319.9s] R cap2 seed=8 task 5/50
[   397.4s] R cap2 seed=8 task 6/50
[   474.7s] R cap2 seed=8 task 7/50
[   551.5s] R cap2 seed=8 task 8/50
[   630.2s] R cap2 seed=8 task 9/50
[   707.4s] R cap2 seed=8 task 10/50
[   784.7s] R cap2 seed=8 task 11/50
[   861.8s] R cap2 seed=8 task 12/50
[   954.5s] R cap2 seed=8 task 13/50
[  1058.3s] R cap2 seed=8 task 14/50
[  1140.2s] R cap2 seed=8 task 15/50
[  1256.3s] R cap2 seed=8 task 16/50
[  1343.4s] R cap2 seed=8 task 17/50
[  1438.3s] R cap2 seed=8 task 18/50
[  1598.9s] R cap2 seed=8 task 19/50
[  1693.3s] R cap2 seed=8 task 20/50
[  1799.6s] R cap2 seed=8 task 21/50
[  2021.6s] R cap2 seed=8 task 22/50
[  2323.8s] R cap2 seed=8 task 23/50
[  2622.3s] R cap2 seed=8 task 24/50
[  2821.3s] R cap2 seed=8 task 25/50
[  3205.8s] R cap2 seed=8 task 26/50
[  3456.5s] R cap2 seed=8 task 27/50
[  3578.7s] R cap2 seed=8 task 28/50
[  3790.6s] R cap2 seed=8 task 29/50
[  3947.1s] R cap2 seed=8 task 30/50
[  4033.8s] R cap2 seed=8 task 31/50
[  4108.9s] R cap2 seed=8 task 32/50
[  4183.9s] R cap2 seed=8 task 33/50
[  4258.7s] R cap2 seed=8 task 34/50
[  4333.3s] R cap2 seed=8 task 35/50
[  4409.1s] R cap2 seed=8 task 36/50
[  4482.9s] R cap2 seed=8 task 37/50
[  4560.1s] R cap2 seed=8 task 38/50
[  4629.9s] R cap2 seed=8 task 39/50
[  4699.7s] R cap2 seed=8 task 40/50
[  4769.6s] R cap2 seed=8 task 41/50
[  4840.3s] R cap2 seed=8 task 42/50
[  4910.5s] R cap2 seed=8 task 43/50
[  4979.4s] R cap2 seed=8 task 44/50
[  5046.6s] R cap2 seed=8 task 45/50
[  5115.2s] R cap2 seed=8 task 46/50
[  5182.3s] R cap2 seed=8 task 47/50
[  5248.3s] R cap2 seed=8 task 48/50
[  5314.4s] R cap2 seed=8 task 49/50
[  5380.6s] R cap2 seed=8 task 50/50
[  5380.9s] done R cap2 seed=8 tasks=50 5380.6s
wrote results/wcap_rlmnist_0914/runs/R_cap2_s8  (50 task rows, 306 layer rows, 5380.9s)
