[    47.4s] R cap2 seed=4 task 1/50
[    95.6s] R cap2 seed=4 task 2/50
[   170.1s] R cap2 seed=4 task 3/50
[   246.8s] R cap2 seed=4 task 4/50
[   337.2s] R cap2 seed=4 task 5/50
[   438.2s] R cap2 seed=4 task 6/50
[   516.1s] R cap2 seed=4 task 7/50
[   601.2s] R cap2 seed=4 task 8/50
[   682.5s] R cap2 seed=4 task 9/50
[   757.0s] R cap2 seed=4 task 10/50
[   839.9s] R cap2 seed=4 task 11/50
[   914.3s] R cap2 seed=4 task 12/50
[   992.6s] R cap2 seed=4 task 13/50
[  1109.6s] R cap2 seed=4 task 14/50
[  1184.2s] R cap2 seed=4 task 15/50
[  1259.1s] R cap2 seed=4 task 16/50
[  1334.3s] R cap2 seed=4 task 17/50
[  1412.5s] R cap2 seed=4 task 18/50
[  1494.7s] R cap2 seed=4 task 19/50
[  1569.2s] R cap2 seed=4 task 20/50
[  1643.8s] R cap2 seed=4 task 21/50
[  1718.7s] R cap2 seed=4 task 22/50
[  1817.2s] R cap2 seed=4 task 23/50
[  1894.2s] R cap2 seed=4 task 24/50
[  1994.4s] R cap2 seed=4 task 25/50
[  2073.1s] R cap2 seed=4 task 26/50
[  2152.0s] R cap2 seed=4 task 27/50
[  2232.1s] R cap2 seed=4 task 28/50
[  2319.4s] R cap2 seed=4 task 29/50
[  2398.4s] R cap2 seed=4 task 30/50
[  2498.0s] R cap2 seed=4 task 31/50
[  2574.7s] R cap2 seed=4 task 32/50
[  2649.1s] R cap2 seed=4 task 33/50
[  2738.9s] R cap2 seed=4 task 34/50
[  2827.6s] R cap2 seed=4 task 35/50
[  2906.3s] R cap2 seed=4 task 36/50
[  2985.5s] R cap2 seed=4 task 37/50
[  3076.6s] R cap2 seed=4 task 38/50
[  3160.6s] R cap2 seed=4 task 39/50
[  3235.5s] R cap2 seed=4 task 40/50
[  3406.0s] R cap2 seed=4 task 41/50
[  3483.4s] R cap2 seed=4 task 42/50
[  3561.1s] R cap2 seed=4 task 43/50
[  3646.8s] R cap2 seed=4 task 44/50
[  3773.2s] R cap2 seed=4 task 45/50
[  3867.0s] R cap2 seed=4 task 46/50
[  4040.2s] R cap2 seed=4 task 47/50
[  4158.3s] R cap2 seed=4 task 48/50
[  4251.8s] R cap2 seed=4 task 49/50
[  4326.4s] R cap2 seed=4 task 50/50
[  4326.8s] done R cap2 seed=4 tasks=50 4326.4s
wrote results/wcap_rlmnist_0914/runs/R_cap2_s4  (50 task rows, 306 layer rows, 4326.8s)
