[    38.3s] R cap2 seed=7 task 1/50
[   121.6s] R cap2 seed=7 task 2/50
[   201.4s] R cap2 seed=7 task 3/50
[   396.9s] R cap2 seed=7 task 4/50
[   522.4s] R cap2 seed=7 task 5/50
[   628.8s] R cap2 seed=7 task 6/50
[   705.4s] R cap2 seed=7 task 7/50
[   781.7s] R cap2 seed=7 task 8/50
[   858.0s] R cap2 seed=7 task 9/50
[   934.9s] R cap2 seed=7 task 10/50
[  1011.5s] R cap2 seed=7 task 11/50
[  1149.2s] R cap2 seed=7 task 12/50
[  1426.5s] R cap2 seed=7 task 13/50
[  1508.5s] R cap2 seed=7 task 14/50
[  1586.1s] R cap2 seed=7 task 15/50
[  1662.7s] R cap2 seed=7 task 16/50
[  1742.4s] R cap2 seed=7 task 17/50
[  1822.3s] R cap2 seed=7 task 18/50
[  1898.9s] R cap2 seed=7 task 19/50
[  1975.4s] R cap2 seed=7 task 20/50
[  2064.6s] R cap2 seed=7 task 21/50
[  2161.1s] R cap2 seed=7 task 22/50
[  2263.4s] R cap2 seed=7 task 23/50
[  2358.5s] R cap2 seed=7 task 24/50
[  2437.1s] R cap2 seed=7 task 25/50
[  2523.6s] R cap2 seed=7 task 26/50
[  2617.1s] R cap2 seed=7 task 27/50
[  2701.3s] R cap2 seed=7 task 28/50
[  2777.3s] R cap2 seed=7 task 29/50
[  2853.9s] R cap2 seed=7 task 30/50
[  2930.8s] R cap2 seed=7 task 31/50
[  3019.1s] R cap2 seed=7 task 32/50
[  3095.6s] R cap2 seed=7 task 33/50
[  3207.9s] R cap2 seed=7 task 34/50
[  3299.1s] R cap2 seed=7 task 35/50
[  3394.5s] R cap2 seed=7 task 36/50
[  3499.6s] R cap2 seed=7 task 37/50
[  3632.4s] R cap2 seed=7 task 38/50
[  3726.5s] R cap2 seed=7 task 39/50
[  3835.5s] R cap2 seed=7 task 40/50
[  4012.1s] R cap2 seed=7 task 41/50
[  4245.2s] R cap2 seed=7 task 42/50
[  4495.7s] R cap2 seed=7 task 43/50
[  4857.0s] R cap2 seed=7 task 44/50
[  5156.0s] R cap2 seed=7 task 45/50
[  5308.7s] R cap2 seed=7 task 46/50
[  5407.8s] R cap2 seed=7 task 47/50
[  5501.1s] R cap2 seed=7 task 48/50
[  5588.6s] R cap2 seed=7 task 49/50
[  5717.6s] R cap2 seed=7 task 50/50
[  5718.0s] done R cap2 seed=7 tasks=50 5717.7s
wrote results/wcap_rlmnist_0914/runs/R_cap2_s7  (50 task rows, 306 layer rows, 5718.1s)
