[    37.0s] R cap2 seed=5 task 1/50
[    93.2s] R cap2 seed=5 task 2/50
[   170.7s] R cap2 seed=5 task 3/50
[   275.9s] R cap2 seed=5 task 4/50
[   355.3s] R cap2 seed=5 task 5/50
[   441.0s] R cap2 seed=5 task 6/50
[   525.8s] R cap2 seed=5 task 7/50
[   643.6s] R cap2 seed=5 task 8/50
[   745.5s] R cap2 seed=5 task 9/50
[   841.3s] R cap2 seed=5 task 10/50
[   967.9s] R cap2 seed=5 task 11/50
[  1058.7s] R cap2 seed=5 task 12/50
[  1147.0s] R cap2 seed=5 task 13/50
[  1227.7s] R cap2 seed=5 task 14/50
[  1352.3s] R cap2 seed=5 task 15/50
[  1438.3s] R cap2 seed=5 task 16/50
[  1518.9s] R cap2 seed=5 task 17/50
[  1625.0s] R cap2 seed=5 task 18/50
[  1702.1s] R cap2 seed=5 task 19/50
[  1794.4s] R cap2 seed=5 task 20/50
[  1899.8s] R cap2 seed=5 task 21/50
[  1976.1s] R cap2 seed=5 task 22/50
[  2056.4s] R cap2 seed=5 task 23/50
[  2155.0s] R cap2 seed=5 task 24/50
[  2245.5s] R cap2 seed=5 task 25/50
[  2322.4s] R cap2 seed=5 task 26/50
[  2403.9s] R cap2 seed=5 task 27/50
[  2484.1s] R cap2 seed=5 task 28/50
[  2561.9s] R cap2 seed=5 task 29/50
[  2646.3s] R cap2 seed=5 task 30/50
[  2722.7s] R cap2 seed=5 task 31/50
[  2798.9s] R cap2 seed=5 task 32/50
[  2875.0s] R cap2 seed=5 task 33/50
[  2950.9s] R cap2 seed=5 task 34/50
[  3035.6s] R cap2 seed=5 task 35/50
[  3115.6s] R cap2 seed=5 task 36/50
[  3207.7s] R cap2 seed=5 task 37/50
[  3303.6s] R cap2 seed=5 task 38/50
[  3392.1s] R cap2 seed=5 task 39/50
[  3478.1s] R cap2 seed=5 task 40/50
[  3565.7s] R cap2 seed=5 task 41/50
[  3641.7s] R cap2 seed=5 task 42/50
[  3718.3s] R cap2 seed=5 task 43/50
[  3799.3s] R cap2 seed=5 task 44/50
[  3875.4s] R cap2 seed=5 task 45/50
[  3951.2s] R cap2 seed=5 task 46/50
[  4051.4s] R cap2 seed=5 task 47/50
[  4131.1s] R cap2 seed=5 task 48/50
[  4237.0s] R cap2 seed=5 task 49/50
[  4374.2s] R cap2 seed=5 task 50/50
[  4374.5s] done R cap2 seed=5 tasks=50 4374.2s
wrote results/wcap_rlmnist_0914/runs/R_cap2_s5  (50 task rows, 306 layer rows, 4374.5s)
