[    50.9s] R cap2 seed=6 task 1/50
[   120.8s] R cap2 seed=6 task 2/50
[   182.9s] R cap2 seed=6 task 3/50
[   261.3s] R cap2 seed=6 task 4/50
[   343.3s] R cap2 seed=6 task 5/50
[   488.8s] R cap2 seed=6 task 6/50
[   576.9s] R cap2 seed=6 task 7/50
[   653.0s] R cap2 seed=6 task 8/50
[   978.5s] R cap2 seed=6 task 9/50
[  1053.8s] R cap2 seed=6 task 10/50
[  1130.9s] R cap2 seed=6 task 11/50
[  1206.3s] R cap2 seed=6 task 12/50
[  1281.5s] R cap2 seed=6 task 13/50
[  1384.3s] R cap2 seed=6 task 14/50
[  1462.9s] R cap2 seed=6 task 15/50
[  1539.8s] R cap2 seed=6 task 16/50
[  1614.7s] R cap2 seed=6 task 17/50
[  1691.0s] R cap2 seed=6 task 18/50
[  1767.0s] R cap2 seed=6 task 19/50
[  1842.4s] R cap2 seed=6 task 20/50
[  1918.1s] R cap2 seed=6 task 21/50
[  1993.4s] R cap2 seed=6 task 22/50
[  2068.4s] R cap2 seed=6 task 23/50
[  2143.3s] R cap2 seed=6 task 24/50
[  2221.5s] R cap2 seed=6 task 25/50
[  2309.6s] R cap2 seed=6 task 26/50
[  2430.2s] R cap2 seed=6 task 27/50
[  2508.0s] R cap2 seed=6 task 28/50
[  2583.6s] R cap2 seed=6 task 29/50
[  2658.3s] R cap2 seed=6 task 30/50
[  2733.1s] R cap2 seed=6 task 31/50
[  2808.5s] R cap2 seed=6 task 32/50
[  2884.4s] R cap2 seed=6 task 33/50
[  2959.4s] R cap2 seed=6 task 34/50
[  3077.5s] R cap2 seed=6 task 35/50
[  3153.1s] R cap2 seed=6 task 36/50
[  3238.5s] R cap2 seed=6 task 37/50
[  3322.0s] R cap2 seed=6 task 38/50
[  3523.1s] R cap2 seed=6 task 39/50
[  3677.1s] R cap2 seed=6 task 40/50
[  3752.9s] R cap2 seed=6 task 41/50
[  3829.8s] R cap2 seed=6 task 42/50
[  3905.6s] R cap2 seed=6 task 43/50
[  3992.8s] R cap2 seed=6 task 44/50
[  4082.5s] R cap2 seed=6 task 45/50
[  4158.6s] R cap2 seed=6 task 46/50
[  4252.7s] R cap2 seed=6 task 47/50
[  4328.1s] R cap2 seed=6 task 48/50
[  4412.9s] R cap2 seed=6 task 49/50
[  4489.0s] R cap2 seed=6 task 50/50
[  4489.4s] done R cap2 seed=6 tasks=50 4489.0s
wrote results/wcap_rlmnist_0914/runs/R_cap2_s6  (50 task rows, 306 layer rows, 4489.4s)
