[    86.7s] R cap2 seed=3 task 1/50
[   140.2s] R cap2 seed=3 task 2/50
[   200.9s] R cap2 seed=3 task 3/50
[   274.4s] R cap2 seed=3 task 4/50
[   357.0s] R cap2 seed=3 task 5/50
[   434.1s] R cap2 seed=3 task 6/50
[   548.1s] R cap2 seed=3 task 7/50
[   627.6s] R cap2 seed=3 task 8/50
[   713.6s] R cap2 seed=3 task 9/50
[   790.7s] R cap2 seed=3 task 10/50
[   868.4s] R cap2 seed=3 task 11/50
[   962.5s] R cap2 seed=3 task 12/50
[  1083.7s] R cap2 seed=3 task 13/50
[  1164.1s] R cap2 seed=3 task 14/50
[  1247.3s] R cap2 seed=3 task 15/50
[  1324.1s] R cap2 seed=3 task 16/50
[  1403.6s] R cap2 seed=3 task 17/50
[  1483.0s] R cap2 seed=3 task 18/50
[  1578.8s] R cap2 seed=3 task 19/50
[  1683.7s] R cap2 seed=3 task 20/50
[  1815.7s] R cap2 seed=3 task 21/50
[  1956.6s] R cap2 seed=3 task 22/50
[  2091.1s] R cap2 seed=3 task 23/50
[  2185.6s] R cap2 seed=3 task 24/50
[  2263.9s] R cap2 seed=3 task 25/50
[  2548.5s] R cap2 seed=3 task 26/50
[  2809.1s] R cap2 seed=3 task 27/50
[  2885.8s] R cap2 seed=3 task 28/50
[  2967.1s] R cap2 seed=3 task 29/50
[  3044.0s] R cap2 seed=3 task 30/50
[  3122.1s] R cap2 seed=3 task 31/50
[  3199.5s] R cap2 seed=3 task 32/50
[  3283.0s] R cap2 seed=3 task 33/50
[  3359.9s] R cap2 seed=3 task 34/50
[  3491.5s] R cap2 seed=3 task 35/50
[  3572.8s] R cap2 seed=3 task 36/50
[  3652.7s] R cap2 seed=3 task 37/50
[  3734.7s] R cap2 seed=3 task 38/50
[  3825.7s] R cap2 seed=3 task 39/50
[  3910.7s] R cap2 seed=3 task 40/50
[  3997.9s] R cap2 seed=3 task 41/50
[  4085.4s] R cap2 seed=3 task 42/50
[  4162.8s] R cap2 seed=3 task 43/50
[  4239.6s] R cap2 seed=3 task 44/50
[  4339.7s] R cap2 seed=3 task 45/50
[  4426.6s] R cap2 seed=3 task 46/50
[  4503.2s] R cap2 seed=3 task 47/50
[  4579.8s] R cap2 seed=3 task 48/50
[  4669.4s] R cap2 seed=3 task 49/50
[  4757.1s] R cap2 seed=3 task 50/50
[  4757.4s] done R cap2 seed=3 tasks=50 4757.1s
wrote results/wcap_rlmnist_0914/runs/R_cap2_s3  (50 task rows, 306 layer rows, 4757.4s)
