[    39.1s] R cap2 seed=2 task 1/50
[    89.2s] R cap2 seed=2 task 2/50
[   293.4s] R cap2 seed=2 task 3/50
[   384.5s] R cap2 seed=2 task 4/50
[   465.2s] R cap2 seed=2 task 5/50
[   546.3s] R cap2 seed=2 task 6/50
[   646.9s] R cap2 seed=2 task 7/50
[   724.1s] R cap2 seed=2 task 8/50
[   830.9s] R cap2 seed=2 task 9/50
[   928.8s] R cap2 seed=2 task 10/50
[  1019.6s] R cap2 seed=2 task 11/50
[  1110.0s] R cap2 seed=2 task 12/50
[  1253.3s] R cap2 seed=2 task 13/50
[  1374.6s] R cap2 seed=2 task 14/50
[  1460.4s] R cap2 seed=2 task 15/50
[  1547.5s] R cap2 seed=2 task 16/50
[  1647.5s] R cap2 seed=2 task 17/50
[  1724.7s] R cap2 seed=2 task 18/50
[  1802.1s] R cap2 seed=2 task 19/50
[  1895.2s] R cap2 seed=2 task 20/50
[  1999.2s] R cap2 seed=2 task 21/50
[  2079.1s] R cap2 seed=2 task 22/50
[  2154.5s] R cap2 seed=2 task 23/50
[  2234.7s] R cap2 seed=2 task 24/50
[  2321.0s] R cap2 seed=2 task 25/50
[  2396.4s] R cap2 seed=2 task 26/50
[  2481.8s] R cap2 seed=2 task 27/50
[  2559.6s] R cap2 seed=2 task 28/50
[  2646.0s] R cap2 seed=2 task 29/50
[  2739.9s] R cap2 seed=2 task 30/50
[  2816.7s] R cap2 seed=2 task 31/50
[  2899.6s] R cap2 seed=2 task 32/50
[  2977.1s] R cap2 seed=2 task 33/50
[  3055.3s] R cap2 seed=2 task 34/50
[  3130.9s] R cap2 seed=2 task 35/50
[  3266.9s] R cap2 seed=2 task 36/50
[  3370.2s] R cap2 seed=2 task 37/50
[  3466.2s] R cap2 seed=2 task 38/50
[  3548.6s] R cap2 seed=2 task 39/50
[  3624.3s] R cap2 seed=2 task 40/50
[  3701.1s] R cap2 seed=2 task 41/50
[  3778.4s] R cap2 seed=2 task 42/50
[  3853.5s] R cap2 seed=2 task 43/50
[  3928.8s] R cap2 seed=2 task 44/50
[  4004.1s] R cap2 seed=2 task 45/50
[  4080.4s] R cap2 seed=2 task 46/50
[  4157.1s] R cap2 seed=2 task 47/50
[  4232.8s] R cap2 seed=2 task 48/50
[  4327.8s] R cap2 seed=2 task 49/50
[  4408.1s] R cap2 seed=2 task 50/50
[  4408.4s] done R cap2 seed=2 tasks=50 4408.1s
wrote results/wcap_rlmnist_0914/runs/R_cap2_s2  (50 task rows, 306 layer rows, 4408.4s)
