[    51.2s] R cap2 seed=1 task 1/50
[   128.5s] R cap2 seed=1 task 2/50
[   201.6s] R cap2 seed=1 task 3/50
[   284.4s] R cap2 seed=1 task 4/50
[   378.3s] R cap2 seed=1 task 5/50
[   455.1s] R cap2 seed=1 task 6/50
[   531.6s] R cap2 seed=1 task 7/50
[   614.6s] R cap2 seed=1 task 8/50
[   691.0s] R cap2 seed=1 task 9/50
[   777.2s] R cap2 seed=1 task 10/50
[   854.5s] R cap2 seed=1 task 11/50
[   943.7s] R cap2 seed=1 task 12/50
[  1036.0s] R cap2 seed=1 task 13/50
[  1136.5s] R cap2 seed=1 task 14/50
[  1216.3s] R cap2 seed=1 task 15/50
[  1293.2s] R cap2 seed=1 task 16/50
[  1453.2s] R cap2 seed=1 task 17/50
[  1531.7s] R cap2 seed=1 task 18/50
[  1620.5s] R cap2 seed=1 task 19/50
[  1699.6s] R cap2 seed=1 task 20/50
[  1781.3s] R cap2 seed=1 task 21/50
[  1869.5s] R cap2 seed=1 task 22/50
[  1968.4s] R cap2 seed=1 task 23/50
[  2045.7s] R cap2 seed=1 task 24/50
[  2179.8s] R cap2 seed=1 task 25/50
[  2258.8s] R cap2 seed=1 task 26/50
[  2343.9s] R cap2 seed=1 task 27/50
[  2535.6s] R cap2 seed=1 task 28/50
[  2622.6s] R cap2 seed=1 task 29/50
[  2708.5s] R cap2 seed=1 task 30/50
[  2811.2s] R cap2 seed=1 task 31/50
[  2893.5s] R cap2 seed=1 task 32/50
[  2983.6s] R cap2 seed=1 task 33/50
[  3105.4s] R cap2 seed=1 task 34/50
[  3190.1s] R cap2 seed=1 task 35/50
[  3276.6s] R cap2 seed=1 task 36/50
[  3356.1s] R cap2 seed=1 task 37/50
[  3436.1s] R cap2 seed=1 task 38/50
[  3535.4s] R cap2 seed=1 task 39/50
[  3644.3s] R cap2 seed=1 task 40/50
[  3752.7s] R cap2 seed=1 task 41/50
[  3859.2s] R cap2 seed=1 task 42/50
[  3941.4s] R cap2 seed=1 task 43/50
[  4020.0s] R cap2 seed=1 task 44/50
[  4096.9s] R cap2 seed=1 task 45/50
[  4205.8s] R cap2 seed=1 task 46/50
[  4291.4s] R cap2 seed=1 task 47/50
[  4367.9s] R cap2 seed=1 task 48/50
[  4444.5s] R cap2 seed=1 task 49/50
[  4521.1s] R cap2 seed=1 task 50/50
[  4521.4s] done R cap2 seed=1 tasks=50 4521.1s
wrote results/wcap_rlmnist_0914/runs/R_cap2_s1  (50 task rows, 306 layer rows, 4521.4s)
