[    36.5s] R cap2 seed=0 task 1/50
[   111.2s] R cap2 seed=0 task 2/50
[   224.2s] R cap2 seed=0 task 3/50
[   470.5s] R cap2 seed=0 task 4/50
[   587.8s] R cap2 seed=0 task 5/50
[   673.9s] R cap2 seed=0 task 6/50
[   756.4s] R cap2 seed=0 task 7/50
[   868.3s] R cap2 seed=0 task 8/50
[   947.3s] R cap2 seed=0 task 9/50
[  1026.1s] R cap2 seed=0 task 10/50
[  1105.6s] R cap2 seed=0 task 11/50
[  1183.9s] R cap2 seed=0 task 12/50
[  1266.0s] R cap2 seed=0 task 13/50
[  1385.2s] R cap2 seed=0 task 14/50
[  1489.2s] R cap2 seed=0 task 15/50
[  1578.2s] R cap2 seed=0 task 16/50
[  1673.1s] R cap2 seed=0 task 17/50
[  1768.7s] R cap2 seed=0 task 18/50
[  1844.9s] R cap2 seed=0 task 19/50
[  1920.9s] R cap2 seed=0 task 20/50
[  1996.7s] R cap2 seed=0 task 21/50
[  2086.9s] R cap2 seed=0 task 22/50
[  2162.4s] R cap2 seed=0 task 23/50
[  2256.2s] R cap2 seed=0 task 24/50
[  2339.6s] R cap2 seed=0 task 25/50
[  2436.5s] R cap2 seed=0 task 26/50
[  2532.8s] R cap2 seed=0 task 27/50
[  2623.7s] R cap2 seed=0 task 28/50
[  2726.5s] R cap2 seed=0 task 29/50
[  2816.0s] R cap2 seed=0 task 30/50
[  2904.9s] R cap2 seed=0 task 31/50
[  2987.6s] R cap2 seed=0 task 32/50
[  3062.9s] R cap2 seed=0 task 33/50
[  3138.0s] R cap2 seed=0 task 34/50
[  3213.8s] R cap2 seed=0 task 35/50
[  3288.8s] R cap2 seed=0 task 36/50
[  3364.1s] R cap2 seed=0 task 37/50
[  3439.1s] R cap2 seed=0 task 38/50
[  3514.1s] R cap2 seed=0 task 39/50
[  3589.4s] R cap2 seed=0 task 40/50
[  3664.6s] R cap2 seed=0 task 41/50
[  3742.9s] R cap2 seed=0 task 42/50
[  3823.2s] R cap2 seed=0 task 43/50
[  3915.2s] R cap2 seed=0 task 44/50
[  3991.2s] R cap2 seed=0 task 45/50
[  4070.8s] R cap2 seed=0 task 46/50
[  4163.7s] R cap2 seed=0 task 47/50
[  4254.1s] R cap2 seed=0 task 48/50
[  4330.2s] R cap2 seed=0 task 49/50
[  4414.3s] R cap2 seed=0 task 50/50
[  4414.9s] done R cap2 seed=0 tasks=50 4414.3s
wrote results/wcap_rlmnist_0914/runs/R_cap2_s0  (50 task rows, 306 layer rows, 4414.9s)
