[    52.4s] R l2 seed=1 task 1/50
[   129.2s] R l2 seed=1 task 2/50
[   212.5s] R l2 seed=1 task 3/50
[   273.1s] R l2 seed=1 task 4/50
[   334.2s] R l2 seed=1 task 5/50
[   395.3s] R l2 seed=1 task 6/50
[   456.9s] R l2 seed=1 task 7/50
[   518.8s] R l2 seed=1 task 8/50
[   579.8s] R l2 seed=1 task 9/50
[   641.1s] R l2 seed=1 task 10/50
[   702.6s] R l2 seed=1 task 11/50
[   763.8s] R l2 seed=1 task 12/50
[   825.0s] R l2 seed=1 task 13/50
[   886.1s] R l2 seed=1 task 14/50
[   946.1s] R l2 seed=1 task 15/50
[  1009.8s] R l2 seed=1 task 16/50
[  1069.8s] R l2 seed=1 task 17/50
[  1131.0s] R l2 seed=1 task 18/50
[  1193.8s] R l2 seed=1 task 19/50
[  1254.2s] R l2 seed=1 task 20/50
[  1313.8s] R l2 seed=1 task 21/50
[  1373.0s] R l2 seed=1 task 22/50
[  1458.0s] R l2 seed=1 task 23/50
[  1526.8s] R l2 seed=1 task 24/50
[  1593.0s] R l2 seed=1 task 25/50
[  1652.9s] R l2 seed=1 task 26/50
[  1713.1s] R l2 seed=1 task 27/50
[  1772.7s] R l2 seed=1 task 28/50
[  1844.2s] R l2 seed=1 task 29/50
[  1911.2s] R l2 seed=1 task 30/50
[  1971.5s] R l2 seed=1 task 31/50
[  2052.5s] R l2 seed=1 task 32/50
[  2138.3s] R l2 seed=1 task 33/50
[  2207.8s] R l2 seed=1 task 34/50
[  2278.2s] R l2 seed=1 task 35/50
[  2351.6s] R l2 seed=1 task 36/50
[  2432.8s] R l2 seed=1 task 37/50
[  2514.2s] R l2 seed=1 task 38/50
[  2575.9s] R l2 seed=1 task 39/50
[  2645.7s] R l2 seed=1 task 40/50
[  2710.1s] R l2 seed=1 task 41/50
[  2773.0s] R l2 seed=1 task 42/50
[  2844.4s] R l2 seed=1 task 43/50
[  2909.7s] R l2 seed=1 task 44/50
[  2974.0s] R l2 seed=1 task 45/50
[  3039.1s] R l2 seed=1 task 46/50
[  3109.4s] R l2 seed=1 task 47/50
[  3180.7s] R l2 seed=1 task 48/50
[  3245.5s] R l2 seed=1 task 49/50
[  3455.4s] R l2 seed=1 task 50/50
[  3455.7s] done R l2 seed=1 tasks=50 3455.4s
wrote results/wcap_rlmnist_0914/runs/R_l2_s1  (50 task rows, 306 layer rows, 3455.7s)
