[    65.6s] R l2 seed=4 task 1/50
[   131.1s] R l2 seed=4 task 2/50
[   341.3s] R l2 seed=4 task 3/50
[   408.3s] R l2 seed=4 task 4/50
[   466.5s] R l2 seed=4 task 5/50
[   527.2s] R l2 seed=4 task 6/50
[   586.9s] R l2 seed=4 task 7/50
[   647.6s] R l2 seed=4 task 8/50
[   707.9s] R l2 seed=4 task 9/50
[   771.4s] R l2 seed=4 task 10/50
[   830.6s] R l2 seed=4 task 11/50
[   902.1s] R l2 seed=4 task 12/50
[   960.3s] R l2 seed=4 task 13/50
[  1018.7s] R l2 seed=4 task 14/50
[  1076.6s] R l2 seed=4 task 15/50
[  1166.7s] R l2 seed=4 task 16/50
[  1229.7s] R l2 seed=4 task 17/50
[  1291.5s] R l2 seed=4 task 18/50
[  1412.5s] R l2 seed=4 task 19/50
[  1512.6s] R l2 seed=4 task 20/50
[  1571.0s] R l2 seed=4 task 21/50
[  1634.1s] R l2 seed=4 task 22/50
[  1692.3s] R l2 seed=4 task 23/50
[  1774.1s] R l2 seed=4 task 24/50
[  1834.2s] R l2 seed=4 task 25/50
[  1896.0s] R l2 seed=4 task 26/50
[  1967.9s] R l2 seed=4 task 27/50
[  2030.5s] R l2 seed=4 task 28/50
[  2095.6s] R l2 seed=4 task 29/50
[  2155.0s] R l2 seed=4 task 30/50
[  2230.4s] R l2 seed=4 task 31/50
[  2291.9s] R l2 seed=4 task 32/50
[  2350.8s] R l2 seed=4 task 33/50
[  2409.8s] R l2 seed=4 task 34/50
[  2469.0s] R l2 seed=4 task 35/50
[  2543.9s] R l2 seed=4 task 36/50
[  2602.7s] R l2 seed=4 task 37/50
[  2664.6s] R l2 seed=4 task 38/50
[  2731.2s] R l2 seed=4 task 39/50
[  2798.7s] R l2 seed=4 task 40/50
[  2879.8s] R l2 seed=4 task 41/50
[  2937.6s] R l2 seed=4 task 42/50
[  2995.9s] R l2 seed=4 task 43/50
[  3069.4s] R l2 seed=4 task 44/50
[  3133.4s] R l2 seed=4 task 45/50
[  3224.7s] R l2 seed=4 task 46/50
[  3312.1s] R l2 seed=4 task 47/50
[  3423.3s] R l2 seed=4 task 48/50
[  3484.1s] R l2 seed=4 task 49/50
[  3560.4s] R l2 seed=4 task 50/50
[  3560.8s] done R l2 seed=4 tasks=50 3560.4s
wrote results/wcap_rlmnist_0914/runs/R_l2_s4  (50 task rows, 306 layer rows, 3560.8s)
