[    72.3s] R l2 seed=3 task 1/50
[   124.3s] R l2 seed=3 task 2/50
[   200.6s] R l2 seed=3 task 3/50
[   412.5s] R l2 seed=3 task 4/50
[   483.9s] R l2 seed=3 task 5/50
[   562.1s] R l2 seed=3 task 6/50
[   642.0s] R l2 seed=3 task 7/50
[   879.0s] R l2 seed=3 task 8/50
[   975.7s] R l2 seed=3 task 9/50
[  1073.8s] R l2 seed=3 task 10/50
[  1272.2s] R l2 seed=3 task 11/50
[  1343.4s] R l2 seed=3 task 12/50
[  1447.8s] R l2 seed=3 task 13/50
[  1511.8s] R l2 seed=3 task 14/50
[  1591.9s] R l2 seed=3 task 15/50
[  1662.5s] R l2 seed=3 task 16/50
[  1725.1s] R l2 seed=3 task 17/50
[  1787.8s] R l2 seed=3 task 18/50
[  1875.4s] R l2 seed=3 task 19/50
[  1940.1s] R l2 seed=3 task 20/50
[  2002.9s] R l2 seed=3 task 21/50
[  2082.4s] R l2 seed=3 task 22/50
[  2157.6s] R l2 seed=3 task 23/50
[  2219.3s] R l2 seed=3 task 24/50
[  2285.5s] R l2 seed=3 task 25/50
[  2361.6s] R l2 seed=3 task 26/50
[  2422.1s] R l2 seed=3 task 27/50
[  2506.1s] R l2 seed=3 task 28/50
[  2579.7s] R l2 seed=3 task 29/50
[  2640.5s] R l2 seed=3 task 30/50
[  2711.7s] R l2 seed=3 task 31/50
[  2804.5s] R l2 seed=3 task 32/50
[  2868.4s] R l2 seed=3 task 33/50
[  2986.4s] R l2 seed=3 task 34/50
[  3045.4s] R l2 seed=3 task 35/50
[  3105.6s] R l2 seed=3 task 36/50
[  3165.2s] R l2 seed=3 task 37/50
[  3225.5s] R l2 seed=3 task 38/50
[  3285.8s] R l2 seed=3 task 39/50
[  3347.2s] R l2 seed=3 task 40/50
[  3411.7s] R l2 seed=3 task 41/50
[  3477.2s] R l2 seed=3 task 42/50
[  3548.4s] R l2 seed=3 task 43/50
[  3619.8s] R l2 seed=3 task 44/50
[  3722.2s] R l2 seed=3 task 45/50
[  3783.3s] R l2 seed=3 task 46/50
[  3844.2s] R l2 seed=3 task 47/50
[  3905.3s] R l2 seed=3 task 48/50
[  3969.7s] R l2 seed=3 task 49/50
[  4046.6s] R l2 seed=3 task 50/50
[  4046.9s] done R l2 seed=3 tasks=50 4046.6s
wrote results/wcap_rlmnist_0914/runs/R_l2_s3  (50 task rows, 306 layer rows, 4046.9s)
