[    81.1s] R l2 seed=7 task 1/50
[   153.0s] R l2 seed=7 task 2/50
[   220.5s] R l2 seed=7 task 3/50
[   280.8s] R l2 seed=7 task 4/50
[   340.2s] R l2 seed=7 task 5/50
[   415.8s] R l2 seed=7 task 6/50
[   482.7s] R l2 seed=7 task 7/50
[   542.9s] R l2 seed=7 task 8/50
[   607.4s] R l2 seed=7 task 9/50
[   676.6s] R l2 seed=7 task 10/50
[   736.6s] R l2 seed=7 task 11/50
[   796.7s] R l2 seed=7 task 12/50
[   857.2s] R l2 seed=7 task 13/50
[  1139.9s] R l2 seed=7 task 14/50
[  1231.7s] R l2 seed=7 task 15/50
[  1312.8s] R l2 seed=7 task 16/50
[  1374.0s] R l2 seed=7 task 17/50
[  1448.7s] R l2 seed=7 task 18/50
[  1518.5s] R l2 seed=7 task 19/50
[  1601.1s] R l2 seed=7 task 20/50
[  1661.3s] R l2 seed=7 task 21/50
[  1725.2s] R l2 seed=7 task 22/50
[  2131.1s] R l2 seed=7 task 23/50
[  2206.4s] R l2 seed=7 task 24/50
[  2303.1s] R l2 seed=7 task 25/50
[  2371.9s] R l2 seed=7 task 26/50
[  2433.1s] R l2 seed=7 task 27/50
[  2494.3s] R l2 seed=7 task 28/50
[  2569.5s] R l2 seed=7 task 29/50
[  2629.9s] R l2 seed=7 task 30/50
[  2717.9s] R l2 seed=7 task 31/50
[  2799.4s] R l2 seed=7 task 32/50
[  2895.7s] R l2 seed=7 task 33/50
[  2961.8s] R l2 seed=7 task 34/50
[  3162.1s] R l2 seed=7 task 35/50
[  3258.0s] R l2 seed=7 task 36/50
[  3328.6s] R l2 seed=7 task 37/50
[  3393.5s] R l2 seed=7 task 38/50
[  3462.9s] R l2 seed=7 task 39/50
[  3846.7s] R l2 seed=7 task 40/50
[  4153.7s] R l2 seed=7 task 41/50
[  4383.8s] R l2 seed=7 task 42/50
[  4546.2s] R l2 seed=7 task 43/50
[  4881.1s] R l2 seed=7 task 44/50
[  5105.7s] R l2 seed=7 task 45/50
[  5317.1s] R l2 seed=7 task 46/50
[  5540.0s] R l2 seed=7 task 47/50
[  5612.1s] R l2 seed=7 task 48/50
[  5679.4s] R l2 seed=7 task 49/50
[  5742.1s] R l2 seed=7 task 50/50
[  5742.4s] done R l2 seed=7 tasks=50 5742.2s
wrote results/wcap_rlmnist_0914/runs/R_l2_s7  (50 task rows, 306 layer rows, 5742.5s)
