[    75.8s] R l2 seed=0 task 1/50
[   137.0s] R l2 seed=0 task 2/50
[   200.3s] R l2 seed=0 task 3/50
[   273.0s] R l2 seed=0 task 4/50
[   347.8s] R l2 seed=0 task 5/50
[   421.6s] R l2 seed=0 task 6/50
[   499.2s] R l2 seed=0 task 7/50
[   564.9s] R l2 seed=0 task 8/50
[   634.5s] R l2 seed=0 task 9/50
[   705.5s] R l2 seed=0 task 10/50
[   793.7s] R l2 seed=0 task 11/50
[   858.5s] R l2 seed=0 task 12/50
[   921.6s] R l2 seed=0 task 13/50
[   986.1s] R l2 seed=0 task 14/50
[  1056.9s] R l2 seed=0 task 15/50
[  1130.8s] R l2 seed=0 task 16/50
[  1202.1s] R l2 seed=0 task 17/50
[  1316.0s] R l2 seed=0 task 18/50
[  1382.6s] R l2 seed=0 task 19/50
[  1448.6s] R l2 seed=0 task 20/50
[  1510.3s] R l2 seed=0 task 21/50
[  1571.3s] R l2 seed=0 task 22/50
[  1632.5s] R l2 seed=0 task 23/50
[  1693.4s] R l2 seed=0 task 24/50
[  1754.6s] R l2 seed=0 task 25/50
[  1816.8s] R l2 seed=0 task 26/50
[  1878.4s] R l2 seed=0 task 27/50
[  1947.7s] R l2 seed=0 task 28/50
[  2009.0s] R l2 seed=0 task 29/50
[  2084.5s] R l2 seed=0 task 30/50
[  2164.4s] R l2 seed=0 task 31/50
[  2227.7s] R l2 seed=0 task 32/50
[  2301.8s] R l2 seed=0 task 33/50
[  2371.0s] R l2 seed=0 task 34/50
[  2552.4s] R l2 seed=0 task 35/50
[  2625.9s] R l2 seed=0 task 36/50
[  2699.5s] R l2 seed=0 task 37/50
[  2787.7s] R l2 seed=0 task 38/50
[  2854.2s] R l2 seed=0 task 39/50
[  2915.0s] R l2 seed=0 task 40/50
[  3004.5s] R l2 seed=0 task 41/50
[  3073.6s] R l2 seed=0 task 42/50
[  3154.7s] R l2 seed=0 task 43/50
[  3222.8s] R l2 seed=0 task 44/50
[  3297.1s] R l2 seed=0 task 45/50
[  3381.1s] R l2 seed=0 task 46/50
[  3443.3s] R l2 seed=0 task 47/50
[  3511.2s] R l2 seed=0 task 48/50
[  3583.1s] R l2 seed=0 task 49/50
[  3665.0s] R l2 seed=0 task 50/50
[  3665.3s] done R l2 seed=0 tasks=50 3665.0s
wrote results/wcap_rlmnist_0914/runs/R_l2_s0  (50 task rows, 306 layer rows, 3665.3s)
