[    76.5s] R l2 seed=8 task 1/50
[   135.2s] R l2 seed=8 task 2/50
[   229.9s] R l2 seed=8 task 3/50
[   293.6s] R l2 seed=8 task 4/50
[   365.2s] R l2 seed=8 task 5/50
[   455.8s] R l2 seed=8 task 6/50
[   547.8s] R l2 seed=8 task 7/50
[   621.3s] R l2 seed=8 task 8/50
[   681.0s] R l2 seed=8 task 9/50
[   741.5s] R l2 seed=8 task 10/50
[   838.4s] R l2 seed=8 task 11/50
[   899.2s] R l2 seed=8 task 12/50
[   970.3s] R l2 seed=8 task 13/50
[  1069.4s] R l2 seed=8 task 14/50
[  1132.7s] R l2 seed=8 task 15/50
[  1195.1s] R l2 seed=8 task 16/50
[  1255.3s] R l2 seed=8 task 17/50
[  1317.1s] R l2 seed=8 task 18/50
[  1381.9s] R l2 seed=8 task 19/50
[  1444.2s] R l2 seed=8 task 20/50
[  1506.1s] R l2 seed=8 task 21/50
[  1567.5s] R l2 seed=8 task 22/50
[  1693.5s] R l2 seed=8 task 23/50
[  1912.5s] R l2 seed=8 task 24/50
[  2244.0s] R l2 seed=8 task 25/50
[  2512.0s] R l2 seed=8 task 26/50
[  2909.7s] R l2 seed=8 task 27/50
[  3053.2s] R l2 seed=8 task 28/50
[  3227.8s] R l2 seed=8 task 29/50
[  3554.8s] R l2 seed=8 task 30/50
[  3616.1s] R l2 seed=8 task 31/50
[  3678.2s] R l2 seed=8 task 32/50
[  3739.6s] R l2 seed=8 task 33/50
[  3801.7s] R l2 seed=8 task 34/50
[  3933.4s] R l2 seed=8 task 35/50
[  4147.4s] R l2 seed=8 task 36/50
[  4208.3s] R l2 seed=8 task 37/50
[  4267.6s] R l2 seed=8 task 38/50
[  4327.4s] R l2 seed=8 task 39/50
[  4387.9s] R l2 seed=8 task 40/50
[  4447.8s] R l2 seed=8 task 41/50
[  4507.0s] R l2 seed=8 task 42/50
[  4567.7s] R l2 seed=8 task 43/50
[  4626.8s] R l2 seed=8 task 44/50
[  4684.0s] R l2 seed=8 task 45/50
[  4742.2s] R l2 seed=8 task 46/50
[  4797.8s] R l2 seed=8 task 47/50
[  4853.7s] R l2 seed=8 task 48/50
[  4909.7s] R l2 seed=8 task 49/50
[  4966.4s] R l2 seed=8 task 50/50
[  4966.7s] done R l2 seed=8 tasks=50 4966.4s
wrote results/wcap_rlmnist_0914/runs/R_l2_s8  (50 task rows, 306 layer rows, 4966.7s)
