[    85.2s] R l2 seed=9 task 1/50
[   327.5s] R l2 seed=9 task 2/50
[   416.9s] R l2 seed=9 task 3/50
[   480.3s] R l2 seed=9 task 4/50
[   539.3s] R l2 seed=9 task 5/50
[   598.6s] R l2 seed=9 task 6/50
[   657.3s] R l2 seed=9 task 7/50
[   715.5s] R l2 seed=9 task 8/50
[   783.9s] R l2 seed=9 task 9/50
[   843.6s] R l2 seed=9 task 10/50
[   900.8s] R l2 seed=9 task 11/50
[   958.7s] R l2 seed=9 task 12/50
[  1015.2s] R l2 seed=9 task 13/50
[  1070.3s] R l2 seed=9 task 14/50
[  1125.5s] R l2 seed=9 task 15/50
[  1180.4s] R l2 seed=9 task 16/50
[  1236.6s] R l2 seed=9 task 17/50
[  1292.0s] R l2 seed=9 task 18/50
[  1348.6s] R l2 seed=9 task 19/50
[  1404.2s] R l2 seed=9 task 20/50
[  1457.3s] R l2 seed=9 task 21/50
[  1511.0s] R l2 seed=9 task 22/50
[  1564.9s] R l2 seed=9 task 23/50
[  1617.5s] R l2 seed=9 task 24/50
[  1668.9s] R l2 seed=9 task 25/50
[  1720.0s] R l2 seed=9 task 26/50
[  1771.6s] R l2 seed=9 task 27/50
[  1823.4s] R l2 seed=9 task 28/50
[  1873.5s] R l2 seed=9 task 29/50
[  1923.8s] R l2 seed=9 task 30/50
[  1973.6s] R l2 seed=9 task 31/50
[  2023.4s] R l2 seed=9 task 32/50
[  2073.8s] R l2 seed=9 task 33/50
[  2123.8s] R l2 seed=9 task 34/50
[  2175.5s] R l2 seed=9 task 35/50
[  2225.6s] R l2 seed=9 task 36/50
[  2275.8s] R l2 seed=9 task 37/50
[  2325.6s] R l2 seed=9 task 38/50
[  2375.3s] R l2 seed=9 task 39/50
[  2425.6s] R l2 seed=9 task 40/50
[  2475.3s] R l2 seed=9 task 41/50
[  2525.3s] R l2 seed=9 task 42/50
[  2575.2s] R l2 seed=9 task 43/50
[  2625.9s] R l2 seed=9 task 44/50
[  2676.9s] R l2 seed=9 task 45/50
[  2727.8s] R l2 seed=9 task 46/50
[  2778.2s] R l2 seed=9 task 47/50
[  2828.6s] R l2 seed=9 task 48/50
[  2878.6s] R l2 seed=9 task 49/50
[  2935.7s] R l2 seed=9 task 50/50
[  2936.1s] done R l2 seed=9 tasks=50 2935.7s
wrote results/wcap_rlmnist_0914/runs/R_l2_s9  (50 task rows, 306 layer rows, 2936.1s)
