[    87.5s] R l2 seed=6 task 1/50
[   140.5s] R l2 seed=6 task 2/50
[   201.9s] R l2 seed=6 task 3/50
[   263.8s] R l2 seed=6 task 4/50
[   325.5s] R l2 seed=6 task 5/50
[   387.2s] R l2 seed=6 task 6/50
[   448.8s] R l2 seed=6 task 7/50
[   509.8s] R l2 seed=6 task 8/50
[   571.4s] R l2 seed=6 task 9/50
[   633.4s] R l2 seed=6 task 10/50
[   696.5s] R l2 seed=6 task 11/50
[   758.7s] R l2 seed=6 task 12/50
[   820.4s] R l2 seed=6 task 13/50
[   889.5s] R l2 seed=6 task 14/50
[   959.7s] R l2 seed=6 task 15/50
[  1022.0s] R l2 seed=6 task 16/50
[  1083.5s] R l2 seed=6 task 17/50
[  1146.4s] R l2 seed=6 task 18/50
[  1216.2s] R l2 seed=6 task 19/50
[  1279.1s] R l2 seed=6 task 20/50
[  1372.3s] R l2 seed=6 task 21/50
[  1434.3s] R l2 seed=6 task 22/50
[  1518.5s] R l2 seed=6 task 23/50
[  1629.7s] R l2 seed=6 task 24/50
[  2121.3s] R l2 seed=6 task 25/50
[  2193.2s] R l2 seed=6 task 26/50
[  2350.0s] R l2 seed=6 task 27/50
[  2411.9s] R l2 seed=6 task 28/50
[  2473.1s] R l2 seed=6 task 29/50
[  2539.0s] R l2 seed=6 task 30/50
[  2604.7s] R l2 seed=6 task 31/50
[  2672.5s] R l2 seed=6 task 32/50
[  2734.3s] R l2 seed=6 task 33/50
[  2796.0s] R l2 seed=6 task 34/50
[  2858.0s] R l2 seed=6 task 35/50
[  2919.2s] R l2 seed=6 task 36/50
[  2982.0s] R l2 seed=6 task 37/50
[  3052.0s] R l2 seed=6 task 38/50
[  3154.8s] R l2 seed=6 task 39/50
[  3219.2s] R l2 seed=6 task 40/50
[  3280.6s] R l2 seed=6 task 41/50
[  3362.0s] R l2 seed=6 task 42/50
[  3427.8s] R l2 seed=6 task 43/50
[  3518.1s] R l2 seed=6 task 44/50
[  3585.6s] R l2 seed=6 task 45/50
[  3665.0s] R l2 seed=6 task 46/50
[  3730.5s] R l2 seed=6 task 47/50
[  3795.8s] R l2 seed=6 task 48/50
[  3860.3s] R l2 seed=6 task 49/50
[  3925.4s] R l2 seed=6 task 50/50
[  3925.7s] done R l2 seed=6 tasks=50 3925.4s
wrote results/wcap_rlmnist_0914/runs/R_l2_s6  (50 task rows, 306 layer rows, 3925.8s)
