[    86.2s] R l2 seed=5 task 1/50
[   155.7s] R l2 seed=5 task 2/50
[   230.0s] R l2 seed=5 task 3/50
[   290.0s] R l2 seed=5 task 4/50
[   368.6s] R l2 seed=5 task 5/50
[   445.6s] R l2 seed=5 task 6/50
[   532.1s] R l2 seed=5 task 7/50
[   603.9s] R l2 seed=5 task 8/50
[   663.3s] R l2 seed=5 task 9/50
[   724.0s] R l2 seed=5 task 10/50
[   793.1s] R l2 seed=5 task 11/50
[   877.7s] R l2 seed=5 task 12/50
[   947.8s] R l2 seed=5 task 13/50
[  1010.4s] R l2 seed=5 task 14/50
[  1117.5s] R l2 seed=5 task 15/50
[  1177.4s] R l2 seed=5 task 16/50
[  1238.6s] R l2 seed=5 task 17/50
[  1298.7s] R l2 seed=5 task 18/50
[  1358.8s] R l2 seed=5 task 19/50
[  1418.5s] R l2 seed=5 task 20/50
[  1477.4s] R l2 seed=5 task 21/50
[  1549.9s] R l2 seed=5 task 22/50
[  1666.2s] R l2 seed=5 task 23/50
[  1726.7s] R l2 seed=5 task 24/50
[  1796.7s] R l2 seed=5 task 25/50
[  1892.6s] R l2 seed=5 task 26/50
[  1953.6s] R l2 seed=5 task 27/50
[  2014.9s] R l2 seed=5 task 28/50
[  2084.6s] R l2 seed=5 task 29/50
[  2145.7s] R l2 seed=5 task 30/50
[  2211.6s] R l2 seed=5 task 31/50
[  2276.0s] R l2 seed=5 task 32/50
[  2342.6s] R l2 seed=5 task 33/50
[  2407.1s] R l2 seed=5 task 34/50
[  2485.1s] R l2 seed=5 task 35/50
[  2615.3s] R l2 seed=5 task 36/50
[  2760.7s] R l2 seed=5 task 37/50
[  2827.0s] R l2 seed=5 task 38/50
[  2894.1s] R l2 seed=5 task 39/50
[  2954.7s] R l2 seed=5 task 40/50
[  3015.7s] R l2 seed=5 task 41/50
[  3106.2s] R l2 seed=5 task 42/50
[  3178.1s] R l2 seed=5 task 43/50
[  3281.3s] R l2 seed=5 task 44/50
[  3341.9s] R l2 seed=5 task 45/50
[  3407.9s] R l2 seed=5 task 46/50
[  3476.2s] R l2 seed=5 task 47/50
[  3544.5s] R l2 seed=5 task 48/50
[  3610.7s] R l2 seed=5 task 49/50
[  3670.6s] R l2 seed=5 task 50/50
[  3671.0s] done R l2 seed=5 tasks=50 3670.6s
wrote results/wcap_rlmnist_0914/runs/R_l2_s5  (50 task rows, 306 layer rows, 3671.0s)
