[    27.8s] R ref seed=7 task 1/50
[    78.9s] R ref seed=7 task 2/50
[   163.7s] R ref seed=7 task 3/50
[   239.0s] R ref seed=7 task 4/50
[   309.8s] R ref seed=7 task 5/50
[   383.4s] R ref seed=7 task 6/50
[   533.9s] R ref seed=7 task 7/50
[   607.8s] R ref seed=7 task 8/50
[   678.2s] R ref seed=7 task 9/50
[   748.7s] R ref seed=7 task 10/50
[   819.2s] R ref seed=7 task 11/50
[   889.1s] R ref seed=7 task 12/50
[   959.2s] R ref seed=7 task 13/50
[  1029.3s] R ref seed=7 task 14/50
[  1099.2s] R ref seed=7 task 15/50
[  1169.3s] R ref seed=7 task 16/50
[  1240.1s] R ref seed=7 task 17/50
[  1316.2s] R ref seed=7 task 18/50
[  1388.7s] R ref seed=7 task 19/50
[  1459.9s] R ref seed=7 task 20/50
[  1530.0s] R ref seed=7 task 21/50
[  1600.2s] R ref seed=7 task 22/50
[  1670.3s] R ref seed=7 task 23/50
[  1740.3s] R ref seed=7 task 24/50
[  1810.4s] R ref seed=7 task 25/50
[  1881.1s] R ref seed=7 task 26/50
[  1951.7s] R ref seed=7 task 27/50
[  2074.8s] R ref seed=7 task 28/50
[  2154.7s] R ref seed=7 task 29/50
[  2232.4s] R ref seed=7 task 30/50
[  2330.0s] R ref seed=7 task 31/50
[  2407.5s] R ref seed=7 task 32/50
[  2499.7s] R ref seed=7 task 33/50
[  2575.3s] R ref seed=7 task 34/50
[  2654.3s] R ref seed=7 task 35/50
[  2736.6s] R ref seed=7 task 36/50
[  2813.4s] R ref seed=7 task 37/50
[  2916.8s] R ref seed=7 task 38/50
[  3017.1s] R ref seed=7 task 39/50
[  3105.6s] R ref seed=7 task 40/50
[  3178.1s] R ref seed=7 task 41/50
[  3248.7s] R ref seed=7 task 42/50
[  3319.2s] R ref seed=7 task 43/50
[  3390.5s] R ref seed=7 task 44/50
[  3621.8s] R ref seed=7 task 45/50
[  3717.0s] R ref seed=7 task 46/50
[  3790.7s] R ref seed=7 task 47/50
[  4001.8s] R ref seed=7 task 48/50
[  4103.7s] R ref seed=7 task 49/50
[  4318.4s] R ref seed=7 task 50/50
[  4318.7s] done R ref seed=7 tasks=50 4318.4s
wrote results/wcap_rlmnist_0914/runs/R_ref_s7  (50 task rows, 306 layer rows, 4318.8s)
