[    48.2s] R ref seed=5 task 1/50
[    92.3s] R ref seed=5 task 2/50
[   146.7s] R ref seed=5 task 3/50
[   212.0s] R ref seed=5 task 4/50
[   299.1s] R ref seed=5 task 5/50
[   371.7s] R ref seed=5 task 6/50
[   449.2s] R ref seed=5 task 7/50
[   521.9s] R ref seed=5 task 8/50
[   603.8s] R ref seed=5 task 9/50
[   677.8s] R ref seed=5 task 10/50
[   757.8s] R ref seed=5 task 11/50
[   841.7s] R ref seed=5 task 12/50
[   987.4s] R ref seed=5 task 13/50
[  1058.2s] R ref seed=5 task 14/50
[  1128.8s] R ref seed=5 task 15/50
[  1201.4s] R ref seed=5 task 16/50
[  1290.2s] R ref seed=5 task 17/50
[  1495.0s] R ref seed=5 task 18/50
[  1570.8s] R ref seed=5 task 19/50
[  1669.8s] R ref seed=5 task 20/50
[  1762.5s] R ref seed=5 task 21/50
[  1849.2s] R ref seed=5 task 22/50
[  1932.5s] R ref seed=5 task 23/50
[  2004.8s] R ref seed=5 task 24/50
[  2086.5s] R ref seed=5 task 25/50
[  2157.3s] R ref seed=5 task 26/50
[  2228.6s] R ref seed=5 task 27/50
[  2308.8s] R ref seed=5 task 28/50
[  2407.8s] R ref seed=5 task 29/50
[  2484.6s] R ref seed=5 task 30/50
[  2555.6s] R ref seed=5 task 31/50
[  2626.2s] R ref seed=5 task 32/50
[  2696.4s] R ref seed=5 task 33/50
[  2786.2s] R ref seed=5 task 34/50
[  2863.3s] R ref seed=5 task 35/50
[  2951.4s] R ref seed=5 task 36/50
[  3035.4s] R ref seed=5 task 37/50
[  3113.8s] R ref seed=5 task 38/50
[  3189.8s] R ref seed=5 task 39/50
[  3271.8s] R ref seed=5 task 40/50
[  3346.0s] R ref seed=5 task 41/50
[  3459.8s] R ref seed=5 task 42/50
[  3530.1s] R ref seed=5 task 43/50
[  3602.0s] R ref seed=5 task 44/50
[  3701.8s] R ref seed=5 task 45/50
[  3774.3s] R ref seed=5 task 46/50
[  3848.2s] R ref seed=5 task 47/50
[  3992.7s] R ref seed=5 task 48/50
[  4068.1s] R ref seed=5 task 49/50
[  4138.0s] R ref seed=5 task 50/50
[  4138.4s] done R ref seed=5 tasks=50 4138.0s
wrote results/wcap_rlmnist_0914/runs/R_ref_s5  (50 task rows, 306 layer rows, 4138.4s)
