[    38.8s] R ref seed=4 task 1/50
[    76.5s] R ref seed=4 task 2/50
[   183.2s] R ref seed=4 task 3/50
[   249.6s] R ref seed=4 task 4/50
[   324.9s] R ref seed=4 task 5/50
[   397.5s] R ref seed=4 task 6/50
[   485.1s] R ref seed=4 task 7/50
[   602.3s] R ref seed=4 task 8/50
[   699.1s] R ref seed=4 task 9/50
[   794.4s] R ref seed=4 task 10/50
[   862.9s] R ref seed=4 task 11/50
[   931.5s] R ref seed=4 task 12/50
[   999.9s] R ref seed=4 task 13/50
[  1068.7s] R ref seed=4 task 14/50
[  1382.1s] R ref seed=4 task 15/50
[  1474.8s] R ref seed=4 task 16/50
[  1555.3s] R ref seed=4 task 17/50
[  1628.1s] R ref seed=4 task 18/50
[  1701.3s] R ref seed=4 task 19/50
[  1770.8s] R ref seed=4 task 20/50
[  1847.3s] R ref seed=4 task 21/50
[  1922.8s] R ref seed=4 task 22/50
[  1992.0s] R ref seed=4 task 23/50
[  2061.4s] R ref seed=4 task 24/50
[  2131.8s] R ref seed=4 task 25/50
[  2208.3s] R ref seed=4 task 26/50
[  2290.2s] R ref seed=4 task 27/50
[  2400.3s] R ref seed=4 task 28/50
[  2477.6s] R ref seed=4 task 29/50
[  2569.6s] R ref seed=4 task 30/50
[  2638.8s] R ref seed=4 task 31/50
[  2723.4s] R ref seed=4 task 32/50
[  2798.1s] R ref seed=4 task 33/50
[  2870.4s] R ref seed=4 task 34/50
[  2945.0s] R ref seed=4 task 35/50
[  3013.2s] R ref seed=4 task 36/50
[  3098.1s] R ref seed=4 task 37/50
[  3167.2s] R ref seed=4 task 38/50
[  3259.8s] R ref seed=4 task 39/50
[  3339.5s] R ref seed=4 task 40/50
[  3427.7s] R ref seed=4 task 41/50
[  3498.2s] R ref seed=4 task 42/50
[  3581.9s] R ref seed=4 task 43/50
[  3651.6s] R ref seed=4 task 44/50
[  3729.2s] R ref seed=4 task 45/50
[  3797.9s] R ref seed=4 task 46/50
[  3866.8s] R ref seed=4 task 47/50
[  3935.5s] R ref seed=4 task 48/50
[  4010.9s] R ref seed=4 task 49/50
[  4079.7s] R ref seed=4 task 50/50
[  4080.1s] done R ref seed=4 tasks=50 4079.7s
wrote results/wcap_rlmnist_0914/runs/R_ref_s4  (50 task rows, 306 layer rows, 4080.1s)
