[    34.9s] R ref seed=3 task 1/50
[    85.8s] R ref seed=3 task 2/50
[   142.4s] R ref seed=3 task 3/50
[   245.3s] R ref seed=3 task 4/50
[   332.8s] R ref seed=3 task 5/50
[   457.7s] R ref seed=3 task 6/50
[   546.5s] R ref seed=3 task 7/50
[   629.1s] R ref seed=3 task 8/50
[   713.2s] R ref seed=3 task 9/50
[   787.3s] R ref seed=3 task 10/50
[   859.5s] R ref seed=3 task 11/50
[   932.3s] R ref seed=3 task 12/50
[  1003.9s] R ref seed=3 task 13/50
[  1075.7s] R ref seed=3 task 14/50
[  1179.3s] R ref seed=3 task 15/50
[  1252.3s] R ref seed=3 task 16/50
[  1324.2s] R ref seed=3 task 17/50
[  1404.1s] R ref seed=3 task 18/50
[  1483.6s] R ref seed=3 task 19/50
[  1556.0s] R ref seed=3 task 20/50
[  1629.1s] R ref seed=3 task 21/50
[  1702.0s] R ref seed=3 task 22/50
[  1787.0s] R ref seed=3 task 23/50
[  1865.8s] R ref seed=3 task 24/50
[  1938.0s] R ref seed=3 task 25/50
[  2011.7s] R ref seed=3 task 26/50
[  2091.7s] R ref seed=3 task 27/50
[  2194.1s] R ref seed=3 task 28/50
[  2272.6s] R ref seed=3 task 29/50
[  2378.2s] R ref seed=3 task 30/50
[  2547.7s] R ref seed=3 task 31/50
[  2624.1s] R ref seed=3 task 32/50
[  2696.7s] R ref seed=3 task 33/50
[  2768.2s] R ref seed=3 task 34/50
[  2841.2s] R ref seed=3 task 35/50
[  2921.6s] R ref seed=3 task 36/50
[  2993.6s] R ref seed=3 task 37/50
[  3071.7s] R ref seed=3 task 38/50
[  3150.1s] R ref seed=3 task 39/50
[  3223.6s] R ref seed=3 task 40/50
[  3308.0s] R ref seed=3 task 41/50
[  3382.5s] R ref seed=3 task 42/50
[  3454.6s] R ref seed=3 task 43/50
[  3526.1s] R ref seed=3 task 44/50
[  3604.5s] R ref seed=3 task 45/50
[  3688.0s] R ref seed=3 task 46/50
[  3768.7s] R ref seed=3 task 47/50
[  3851.8s] R ref seed=3 task 48/50
[  3923.5s] R ref seed=3 task 49/50
[  3994.9s] R ref seed=3 task 50/50
[  3995.2s] done R ref seed=3 tasks=50 3994.9s
wrote results/wcap_rlmnist_0914/runs/R_ref_s3  (50 task rows, 306 layer rows, 3995.2s)
