[    28.2s] R ref seed=1 task 1/50
[    69.2s] R ref seed=1 task 2/50
[   125.0s] R ref seed=1 task 3/50
[   190.7s] R ref seed=1 task 4/50
[   262.2s] R ref seed=1 task 5/50
[   333.7s] R ref seed=1 task 6/50
[   405.0s] R ref seed=1 task 7/50
[   476.2s] R ref seed=1 task 8/50
[   550.0s] R ref seed=1 task 9/50
[   631.6s] R ref seed=1 task 10/50
[   708.4s] R ref seed=1 task 11/50
[   781.9s] R ref seed=1 task 12/50
[   861.5s] R ref seed=1 task 13/50
[   936.4s] R ref seed=1 task 14/50
[  1010.4s] R ref seed=1 task 15/50
[  1080.9s] R ref seed=1 task 16/50
[  1151.1s] R ref seed=1 task 17/50
[  1221.0s] R ref seed=1 task 18/50
[  1291.0s] R ref seed=1 task 19/50
[  1360.7s] R ref seed=1 task 20/50
[  1430.3s] R ref seed=1 task 21/50
[  1499.5s] R ref seed=1 task 22/50
[  1568.5s] R ref seed=1 task 23/50
[  1639.5s] R ref seed=1 task 24/50
[  1720.4s] R ref seed=1 task 25/50
[  1797.7s] R ref seed=1 task 26/50
[  1888.2s] R ref seed=1 task 27/50
[  1958.4s] R ref seed=1 task 28/50
[  2028.9s] R ref seed=1 task 29/50
[  2099.1s] R ref seed=1 task 30/50
[  2169.5s] R ref seed=1 task 31/50
[  2241.0s] R ref seed=1 task 32/50
[  2317.5s] R ref seed=1 task 33/50
[  2428.4s] R ref seed=1 task 34/50
[  2513.0s] R ref seed=1 task 35/50
[  2583.8s] R ref seed=1 task 36/50
[  2654.5s] R ref seed=1 task 37/50
[  2777.7s] R ref seed=1 task 38/50
[  2857.0s] R ref seed=1 task 39/50
[  2930.0s] R ref seed=1 task 40/50
[  3015.3s] R ref seed=1 task 41/50
[  3111.9s] R ref seed=1 task 42/50
[  3182.7s] R ref seed=1 task 43/50
[  3256.5s] R ref seed=1 task 44/50
[  3341.2s] R ref seed=1 task 45/50
[  3419.2s] R ref seed=1 task 46/50
[  3490.1s] R ref seed=1 task 47/50
[  3561.4s] R ref seed=1 task 48/50
[  3767.2s] R ref seed=1 task 49/50
[  4006.2s] R ref seed=1 task 50/50
[  4006.6s] done R ref seed=1 tasks=50 4006.2s
wrote results/wcap_rlmnist_0914/runs/R_ref_s1  (50 task rows, 306 layer rows, 4006.6s)
