[    30.9s] R ref seed=2 task 1/50
[    68.4s] R ref seed=2 task 2/50
[   124.7s] R ref seed=2 task 3/50
[   190.7s] R ref seed=2 task 4/50
[   263.8s] R ref seed=2 task 5/50
[   335.0s] R ref seed=2 task 6/50
[   407.2s] R ref seed=2 task 7/50
[   478.2s] R ref seed=2 task 8/50
[   551.1s] R ref seed=2 task 9/50
[   622.1s] R ref seed=2 task 10/50
[   693.0s] R ref seed=2 task 11/50
[   765.6s] R ref seed=2 task 12/50
[   836.6s] R ref seed=2 task 13/50
[   907.7s] R ref seed=2 task 14/50
[   978.7s] R ref seed=2 task 15/50
[  1049.5s] R ref seed=2 task 16/50
[  1120.9s] R ref seed=2 task 17/50
[  1194.5s] R ref seed=2 task 18/50
[  1278.1s] R ref seed=2 task 19/50
[  1351.4s] R ref seed=2 task 20/50
[  1435.5s] R ref seed=2 task 21/50
[  1512.6s] R ref seed=2 task 22/50
[  1589.0s] R ref seed=2 task 23/50
[  1710.5s] R ref seed=2 task 24/50
[  1781.6s] R ref seed=2 task 25/50
[  1852.2s] R ref seed=2 task 26/50
[  1923.1s] R ref seed=2 task 27/50
[  1994.5s] R ref seed=2 task 28/50
[  2065.5s] R ref seed=2 task 29/50
[  2135.1s] R ref seed=2 task 30/50
[  2204.4s] R ref seed=2 task 31/50
[  2283.9s] R ref seed=2 task 32/50
[  2354.6s] R ref seed=2 task 33/50
[  2463.9s] R ref seed=2 task 34/50
[  2546.5s] R ref seed=2 task 35/50
[  2639.6s] R ref seed=2 task 36/50
[  2744.0s] R ref seed=2 task 37/50
[  2814.2s] R ref seed=2 task 38/50
[  2897.2s] R ref seed=2 task 39/50
[  2968.4s] R ref seed=2 task 40/50
[  3050.3s] R ref seed=2 task 41/50
[  3120.7s] R ref seed=2 task 42/50
[  3190.8s] R ref seed=2 task 43/50
[  3260.6s] R ref seed=2 task 44/50
[  3371.2s] R ref seed=2 task 45/50
[  3467.1s] R ref seed=2 task 46/50
[  3542.9s] R ref seed=2 task 47/50
[  3623.2s] R ref seed=2 task 48/50
[  3693.9s] R ref seed=2 task 49/50
[  3763.4s] R ref seed=2 task 50/50
[  3763.8s] done R ref seed=2 tasks=50 3763.4s
wrote results/wcap_rlmnist_0914/runs/R_ref_s2  (50 task rows, 306 layer rows, 3763.8s)
