[    26.7s] R ref seed=8 task 1/50
[    72.3s] R ref seed=8 task 2/50
[   126.5s] R ref seed=8 task 3/50
[   193.3s] R ref seed=8 task 4/50
[   286.1s] R ref seed=8 task 5/50
[   368.4s] R ref seed=8 task 6/50
[   443.3s] R ref seed=8 task 7/50
[   522.0s] R ref seed=8 task 8/50
[   611.7s] R ref seed=8 task 9/50
[   684.9s] R ref seed=8 task 10/50
[   778.0s] R ref seed=8 task 11/50
[   852.9s] R ref seed=8 task 12/50
[   925.6s] R ref seed=8 task 13/50
[   998.8s] R ref seed=8 task 14/50
[  1070.9s] R ref seed=8 task 15/50
[  1182.7s] R ref seed=8 task 16/50
[  1259.0s] R ref seed=8 task 17/50
[  1338.0s] R ref seed=8 task 18/50
[  1412.4s] R ref seed=8 task 19/50
[  1495.1s] R ref seed=8 task 20/50
[  1615.1s] R ref seed=8 task 21/50
[  1806.4s] R ref seed=8 task 22/50
[  1972.5s] R ref seed=8 task 23/50
[  2059.1s] R ref seed=8 task 24/50
[  2364.9s] R ref seed=8 task 25/50
[  2629.7s] R ref seed=8 task 26/50
[  2854.0s] R ref seed=8 task 27/50
[  3177.8s] R ref seed=8 task 28/50
[  3465.3s] R ref seed=8 task 29/50
[  3608.9s] R ref seed=8 task 30/50
[  3688.0s] R ref seed=8 task 31/50
[  3760.0s] R ref seed=8 task 32/50
[  3830.8s] R ref seed=8 task 33/50
[  3903.1s] R ref seed=8 task 34/50
[  4080.2s] R ref seed=8 task 35/50
[  4254.6s] R ref seed=8 task 36/50
[  4324.5s] R ref seed=8 task 37/50
[  4394.3s] R ref seed=8 task 38/50
[  4464.0s] R ref seed=8 task 39/50
[  4533.5s] R ref seed=8 task 40/50
[  4604.0s] R ref seed=8 task 41/50
[  4679.7s] R ref seed=8 task 42/50
[  4749.9s] R ref seed=8 task 43/50
[  4818.3s] R ref seed=8 task 44/50
[  4883.4s] R ref seed=8 task 45/50
[  4948.5s] R ref seed=8 task 46/50
[  5013.6s] R ref seed=8 task 47/50
[  5079.6s] R ref seed=8 task 48/50
[  5144.2s] R ref seed=8 task 49/50
[  5209.4s] R ref seed=8 task 50/50
[  5209.7s] done R ref seed=8 tasks=50 5209.4s
wrote results/wcap_rlmnist_0914/runs/R_ref_s8  (50 task rows, 306 layer rows, 5209.7s)
