[    25.9s] R ref seed=0 task 1/50
[    67.2s] R ref seed=0 task 2/50
[   123.7s] R ref seed=0 task 3/50
[   190.5s] R ref seed=0 task 4/50
[   262.4s] R ref seed=0 task 5/50
[   335.8s] R ref seed=0 task 6/50
[   408.7s] R ref seed=0 task 7/50
[   481.5s] R ref seed=0 task 8/50
[   554.9s] R ref seed=0 task 9/50
[   674.7s] R ref seed=0 task 10/50
[   757.5s] R ref seed=0 task 11/50
[   853.4s] R ref seed=0 task 12/50
[   926.6s] R ref seed=0 task 13/50
[  1052.8s] R ref seed=0 task 14/50
[  1150.8s] R ref seed=0 task 15/50
[  1269.7s] R ref seed=0 task 16/50
[  1356.9s] R ref seed=0 task 17/50
[  1442.5s] R ref seed=0 task 18/50
[  1512.9s] R ref seed=0 task 19/50
[  1583.5s] R ref seed=0 task 20/50
[  1654.2s] R ref seed=0 task 21/50
[  1738.4s] R ref seed=0 task 22/50
[  1822.2s] R ref seed=0 task 23/50
[  1892.8s] R ref seed=0 task 24/50
[  1996.3s] R ref seed=0 task 25/50
[  2114.3s] R ref seed=0 task 26/50
[  2312.3s] R ref seed=0 task 27/50
[  2392.6s] R ref seed=0 task 28/50
[  2465.2s] R ref seed=0 task 29/50
[  2538.0s] R ref seed=0 task 30/50
[  2619.4s] R ref seed=0 task 31/50
[  2688.5s] R ref seed=0 task 32/50
[  2757.3s] R ref seed=0 task 33/50
[  2825.9s] R ref seed=0 task 34/50
[  2915.3s] R ref seed=0 task 35/50
[  2989.4s] R ref seed=0 task 36/50
[  3073.7s] R ref seed=0 task 37/50
[  3219.1s] R ref seed=0 task 38/50
[  3316.4s] R ref seed=0 task 39/50
[  3539.6s] R ref seed=0 task 40/50
[  3609.4s] R ref seed=0 task 41/50
[  3679.4s] R ref seed=0 task 42/50
[  3760.0s] R ref seed=0 task 43/50
[  3834.5s] R ref seed=0 task 44/50
[  3905.6s] R ref seed=0 task 45/50
[  3979.1s] R ref seed=0 task 46/50
[  4053.6s] R ref seed=0 task 47/50
[  4124.4s] R ref seed=0 task 48/50
[  4204.7s] R ref seed=0 task 49/50
[  4275.1s] R ref seed=0 task 50/50
[  4275.5s] done R ref seed=0 tasks=50 4275.1s
wrote results/wcap_rlmnist_0914/runs/R_ref_s0  (50 task rows, 306 layer rows, 4275.5s)
