[    29.1s] R ref seed=6 task 1/50
[    65.0s] R ref seed=6 task 2/50
[   166.6s] R ref seed=6 task 3/50
[   222.7s] R ref seed=6 task 4/50
[   291.2s] R ref seed=6 task 5/50
[   364.2s] R ref seed=6 task 6/50
[   532.7s] R ref seed=6 task 7/50
[   605.2s] R ref seed=6 task 8/50
[   675.2s] R ref seed=6 task 9/50
[   745.4s] R ref seed=6 task 10/50
[   815.4s] R ref seed=6 task 11/50
[   884.7s] R ref seed=6 task 12/50
[   954.2s] R ref seed=6 task 13/50
[  1032.7s] R ref seed=6 task 14/50
[  1127.6s] R ref seed=6 task 15/50
[  1339.5s] R ref seed=6 task 16/50
[  1415.4s] R ref seed=6 task 17/50
[  1494.5s] R ref seed=6 task 18/50
[  1583.5s] R ref seed=6 task 19/50
[  1652.1s] R ref seed=6 task 20/50
[  1720.6s] R ref seed=6 task 21/50
[  1789.9s] R ref seed=6 task 22/50
[  1859.3s] R ref seed=6 task 23/50
[  1939.6s] R ref seed=6 task 24/50
[  2009.6s] R ref seed=6 task 25/50
[  2078.7s] R ref seed=6 task 26/50
[  2150.4s] R ref seed=6 task 27/50
[  2222.7s] R ref seed=6 task 28/50
[  2302.6s] R ref seed=6 task 29/50
[  2371.8s] R ref seed=6 task 30/50
[  2445.1s] R ref seed=6 task 31/50
[  2540.5s] R ref seed=6 task 32/50
[  2616.6s] R ref seed=6 task 33/50
[  2696.0s] R ref seed=6 task 34/50
[  2765.8s] R ref seed=6 task 35/50
[  2835.9s] R ref seed=6 task 36/50
[  2919.4s] R ref seed=6 task 37/50
[  2998.7s] R ref seed=6 task 38/50
[  3068.7s] R ref seed=6 task 39/50
[  3150.4s] R ref seed=6 task 40/50
[  3219.2s] R ref seed=6 task 41/50
[  3288.0s] R ref seed=6 task 42/50
[  3356.9s] R ref seed=6 task 43/50
[  3442.4s] R ref seed=6 task 44/50
[  3529.8s] R ref seed=6 task 45/50
[  3598.3s] R ref seed=6 task 46/50
[  3666.8s] R ref seed=6 task 47/50
[  3735.6s] R ref seed=6 task 48/50
[  3804.1s] R ref seed=6 task 49/50
[  3873.0s] R ref seed=6 task 50/50
[  3873.2s] done R ref seed=6 tasks=50 3873.0s
wrote results/wcap_rlmnist_0914/runs/R_ref_s6  (50 task rows, 306 layer rows, 3873.3s)
