[    32.0s] R ref seed=9 task 1/50
[    99.4s] R ref seed=9 task 2/50
[   162.3s] R ref seed=9 task 3/50
[   275.9s] R ref seed=9 task 4/50
[   506.4s] R ref seed=9 task 5/50
[   587.5s] R ref seed=9 task 6/50
[   657.3s] R ref seed=9 task 7/50
[   726.9s] R ref seed=9 task 8/50
[   796.6s] R ref seed=9 task 9/50
[   866.2s] R ref seed=9 task 10/50
[   936.3s] R ref seed=9 task 11/50
[  1018.4s] R ref seed=9 task 12/50
[  1087.8s] R ref seed=9 task 13/50
[  1158.1s] R ref seed=9 task 14/50
[  1222.7s] R ref seed=9 task 15/50
[  1287.6s] R ref seed=9 task 16/50
[  1352.6s] R ref seed=9 task 17/50
[  1418.6s] R ref seed=9 task 18/50
[  1483.4s] R ref seed=9 task 19/50
[  1547.5s] R ref seed=9 task 20/50
[  1610.1s] R ref seed=9 task 21/50
[  1673.6s] R ref seed=9 task 22/50
[  1737.3s] R ref seed=9 task 23/50
[  1798.4s] R ref seed=9 task 24/50
[  1859.3s] R ref seed=9 task 25/50
[  1920.0s] R ref seed=9 task 26/50
[  1980.4s] R ref seed=9 task 27/50
[  2039.5s] R ref seed=9 task 28/50
[  2098.9s] R ref seed=9 task 29/50
[  2158.1s] R ref seed=9 task 30/50
[  2217.4s] R ref seed=9 task 31/50
[  2276.7s] R ref seed=9 task 32/50
[  2337.4s] R ref seed=9 task 33/50
[  2396.9s] R ref seed=9 task 34/50
[  2456.2s] R ref seed=9 task 35/50
[  2515.5s] R ref seed=9 task 36/50
[  2574.9s] R ref seed=9 task 37/50
[  2635.1s] R ref seed=9 task 38/50
[  2694.7s] R ref seed=9 task 39/50
[  2754.1s] R ref seed=9 task 40/50
[  2813.8s] R ref seed=9 task 41/50
[  2873.5s] R ref seed=9 task 42/50
[  2932.9s] R ref seed=9 task 43/50
[  2992.2s] R ref seed=9 task 44/50
[  3052.0s] R ref seed=9 task 45/50
[  3119.7s] R ref seed=9 task 46/50
[  3180.0s] R ref seed=9 task 47/50
[  3239.9s] R ref seed=9 task 48/50
[  3299.3s] R ref seed=9 task 49/50
[  3358.5s] R ref seed=9 task 50/50
[  3358.8s] done R ref seed=9 tasks=50 3358.5s
wrote results/wcap_rlmnist_0914/runs/R_ref_s9  (50 task rows, 306 layer rows, 3358.8s)
