[03:56:51] start R
[03:58:22] end R rc=0; start LR
[04:52:54] end LR rc=0
[04:53:00] start checksLR
[04:55:00] end checksLR rc=0
[04:55:00] start checks2LR
[04:56:13] end checks2LR rc=0
[04:56:13] start checks3LR
[04:57:30] end checks3LR rc=0
[04:57:30] start checks3R
[04:58:46] end checks3R rc=0
[04:58:46] start measureLR
[05:14:52] end measureLR rc=0
[05:14:52] start measureR
[05:15:44] end measureR rc=0
[05:15:44] start extraLR
[05:24:52] end extraLR rc=0
[05:24:52] start extraR
[05:25:52] end extraR rc=0
[05:25:52] start zbarLR
[05:26:29] end zbarLR rc=0
[05:26:29] start zbarR
[05:26:37] end zbarR rc=0
[05:26:37] start replayLR1
[05:28:32] end replayLR1 rc=0
[05:28:32] start replayLR10
[05:30:29] end replayLR10 rc=0
[05:30:29] start replayLR20
[05:32:25] end replayLR20 rc=0
[05:32:25] start frozenLR
[05:38:05] end frozenLR rc=0
[05:38:05] phase2 chain done
