[     4.1s] cap_both seed=0 task 1/100
[     9.8s] cap_both seed=0 task 2/100
[    15.6s] cap_both seed=0 task 3/100
[    21.3s] cap_both seed=0 task 4/100
[    27.0s] cap_both seed=0 task 5/100
[    32.5s] cap_both seed=0 task 6/100
[    38.1s] cap_both seed=0 task 7/100
[    43.8s] cap_both seed=0 task 8/100
[    50.0s] cap_both seed=0 task 9/100
[    55.9s] cap_both seed=0 task 10/100
[    61.5s] cap_both seed=0 task 11/100
[    67.1s] cap_both seed=0 task 12/100
[    72.7s] cap_both seed=0 task 13/100
[    78.3s] cap_both seed=0 task 14/100
[    84.1s] cap_both seed=0 task 15/100
[    89.7s] cap_both seed=0 task 16/100
[    95.2s] cap_both seed=0 task 17/100
[   100.8s] cap_both seed=0 task 18/100
[   106.3s] cap_both seed=0 task 19/100
[   111.8s] cap_both seed=0 task 20/100
[   117.4s] cap_both seed=0 task 21/100
[   123.0s] cap_both seed=0 task 22/100
[   128.5s] cap_both seed=0 task 23/100
[   134.1s] cap_both seed=0 task 24/100
[   139.6s] cap_both seed=0 task 25/100
[   145.2s] cap_both seed=0 task 26/100
[   150.8s] cap_both seed=0 task 27/100
[   156.3s] cap_both seed=0 task 28/100
[   161.9s] cap_both seed=0 task 29/100
[   168.0s] cap_both seed=0 task 30/100
[   175.2s] cap_both seed=0 task 31/100
[   181.2s] cap_both seed=0 task 32/100
[   186.9s] cap_both seed=0 task 33/100
[   192.5s] cap_both seed=0 task 34/100
[   198.4s] cap_both seed=0 task 35/100
[   203.9s] cap_both seed=0 task 36/100
[   209.5s] cap_both seed=0 task 37/100
[   215.7s] cap_both seed=0 task 38/100
[   221.3s] cap_both seed=0 task 39/100
[   226.7s] cap_both seed=0 task 40/100
[   232.2s] cap_both seed=0 task 41/100
[   237.8s] cap_both seed=0 task 42/100
[   243.3s] cap_both seed=0 task 43/100
[   249.1s] cap_both seed=0 task 44/100
[   255.5s] cap_both seed=0 task 45/100
[   262.9s] cap_both seed=0 task 46/100
[   270.2s] cap_both seed=0 task 47/100
[   277.9s] cap_both seed=0 task 48/100
[   295.0s] cap_both seed=0 task 49/100
[   315.5s] cap_both seed=0 task 50/100
[   335.6s] cap_both seed=0 task 51/100
[   356.3s] cap_both seed=0 task 52/100
[   376.8s] cap_both seed=0 task 53/100
[   396.6s] cap_both seed=0 task 54/100
[   416.6s] cap_both seed=0 task 55/100
[   436.3s] cap_both seed=0 task 56/100
[   456.2s] cap_both seed=0 task 57/100
[   475.7s] cap_both seed=0 task 58/100
[   495.6s] cap_both seed=0 task 59/100
[   515.8s] cap_both seed=0 task 60/100
[   536.0s] cap_both seed=0 task 61/100
[   556.2s] cap_both seed=0 task 62/100
[   576.4s] cap_both seed=0 task 63/100
[   596.6s] cap_both seed=0 task 64/100
[   616.6s] cap_both seed=0 task 65/100
[   635.8s] cap_both seed=0 task 66/100
[   655.8s] cap_both seed=0 task 67/100
[   675.2s] cap_both seed=0 task 68/100
[   695.1s] cap_both seed=0 task 69/100
[   715.1s] cap_both seed=0 task 70/100
[   731.0s] cap_both seed=0 task 71/100
[   751.1s] cap_both seed=0 task 72/100
[   770.9s] cap_both seed=0 task 73/100
[   791.1s] cap_both seed=0 task 74/100
[   811.2s] cap_both seed=0 task 75/100
[   830.7s] cap_both seed=0 task 76/100
[   850.2s] cap_both seed=0 task 77/100
[   869.6s] cap_both seed=0 task 78/100
[   888.7s] cap_both seed=0 task 79/100
[   908.3s] cap_both seed=0 task 80/100
[   928.2s] cap_both seed=0 task 81/100
[   948.3s] cap_both seed=0 task 82/100
[   967.8s] cap_both seed=0 task 83/100
[   988.0s] cap_both seed=0 task 84/100
[  1008.1s] cap_both seed=0 task 85/100
[  1028.3s] cap_both seed=0 task 86/100
[  1048.2s] cap_both seed=0 task 87/100
[  1067.8s] cap_both seed=0 task 88/100
[  1076.8s] cap_both seed=0 task 89/100
[  1084.5s] cap_both seed=0 task 90/100
[  1092.0s] cap_both seed=0 task 91/100
[  1099.5s] cap_both seed=0 task 92/100
[  1107.0s] cap_both seed=0 task 93/100
[  1114.2s] cap_both seed=0 task 94/100
[  1121.4s] cap_both seed=0 task 95/100
[  1128.5s] cap_both seed=0 task 96/100
[  1135.7s] cap_both seed=0 task 97/100
[  1143.0s] cap_both seed=0 task 98/100
[  1151.8s] cap_both seed=0 task 99/100
[  1164.7s] cap_both seed=0 task 100/100
wrote results/l2cap_ee_0917/runs/cap12_s0  (100 task rows, 1164.9s)
