2026-09-17T09:24:23+09:00 launch: git 866c0458bd97f8754f4d01cee55134b699ee2a8f  slots 4  avail 14 GiB
2026-09-17T09:24:23+09:00 start ref_s0
2026-09-17T09:24:23+09:00 start cap1_s0
2026-09-17T09:24:23+09:00 start cap2_s0
2026-09-17T09:24:23+09:00 start cap12_s0
2026-09-17T09:33:14+09:00 done  ref_s0
2026-09-17T09:33:14+09:00 start cap12_bfix_s0
2026-09-17T09:36:05+09:00 done  cap2_s0
2026-09-17T09:36:05+09:00 start ref_s1
2026-09-17T09:36:34+09:00 done  cap1_s0
2026-09-17T09:36:34+09:00 start cap1_s1
2026-09-17T09:43:51+09:00 done  cap12_s0
2026-09-17T09:43:51+09:00 start cap2_s1
2026-09-17T09:47:12+09:00 done  ref_s1
2026-09-17T09:47:12+09:00 start cap12_s1
2026-09-17T09:47:59+09:00 done  cap12_bfix_s0
2026-09-17T09:47:59+09:00 start cap12_bfix_s1
2026-09-17T09:51:37+09:00 done  cap1_s1
2026-09-17T09:51:37+09:00 start ref_s2
2026-09-17T09:55:58+09:00 done  cap2_s1
2026-09-17T09:55:58+09:00 start cap1_s2
2026-09-17T09:58:55+09:00 done  cap12_s1
2026-09-17T09:58:55+09:00 start cap2_s2
2026-09-17T10:00:27+09:00 done  ref_s2
2026-09-17T10:00:27+09:00 start cap12_s2
2026-09-17T10:00:35+09:00 done  cap12_bfix_s1
2026-09-17T10:00:35+09:00 start cap12_bfix_s2
2026-09-17T10:05:53+09:00 done  cap1_s2
2026-09-17T10:05:53+09:00 start ref_s3
2026-09-17T10:07:41+09:00 done  cap2_s2
2026-09-17T10:07:41+09:00 start cap1_s3
2026-09-17T10:09:39+09:00 done  cap12_s2
2026-09-17T10:09:39+09:00 start cap2_s3
2026-09-17T10:09:50+09:00 done  cap12_bfix_s2
2026-09-17T10:09:50+09:00 start cap12_s3
2026-09-17T10:13:05+09:00 done  ref_s3
2026-09-17T10:13:05+09:00 start cap12_bfix_s3
2026-09-17T10:16:48+09:00 done  cap2_s3
2026-09-17T10:16:48+09:00 start ref_s4
2026-09-17T10:17:10+09:00 done  cap1_s3
2026-09-17T10:17:10+09:00 start cap1_s4
2026-09-17T10:18:56+09:00 done  cap12_s3
2026-09-17T10:18:56+09:00 start cap2_s4
2026-09-17T10:22:37+09:00 done  cap12_bfix_s3
2026-09-17T10:22:37+09:00 start cap12_s4
2026-09-17T10:24:04+09:00 done  ref_s4
2026-09-17T10:24:04+09:00 start cap12_bfix_s4
2026-09-17T10:26:13+09:00 done  cap2_s4
2026-09-17T10:26:13+09:00 start ref_s5
2026-09-17T10:26:31+09:00 done  cap1_s4
2026-09-17T10:26:31+09:00 start cap1_s5
2026-09-17T10:31:45+09:00 done  cap12_s4
2026-09-17T10:31:45+09:00 start cap2_s5
2026-09-17T10:33:16+09:00 done  cap12_bfix_s4
2026-09-17T10:33:16+09:00 start cap12_s5
2026-09-17T10:33:31+09:00 done  ref_s5
2026-09-17T10:33:31+09:00 start cap12_bfix_s5
2026-09-17T10:36:14+09:00 done  cap1_s5
2026-09-17T10:36:14+09:00 start ref_s6
2026-09-17T10:39:07+09:00 done  cap2_s5
2026-09-17T10:39:07+09:00 start cap1_s6
2026-09-17T10:42:32+09:00 done  cap12_s5
2026-09-17T10:42:32+09:00 start cap2_s6
2026-09-17T10:42:49+09:00 done  cap12_bfix_s5
2026-09-17T10:42:49+09:00 start cap12_s6
2026-09-17T10:43:27+09:00 done  ref_s6
2026-09-17T10:43:27+09:00 start cap12_bfix_s6
2026-09-17T10:48:30+09:00 done  cap1_s6
2026-09-17T10:48:30+09:00 start ref_s7
2026-09-17T10:49:33+09:00 done  cap2_s6
2026-09-17T10:49:33+09:00 start cap1_s7
2026-09-17T10:52:05+09:00 done  cap12_s6
2026-09-17T10:52:05+09:00 start cap2_s7
2026-09-17T10:52:48+09:00 done  cap12_bfix_s6
2026-09-17T10:52:48+09:00 start cap12_s7
2026-09-17T10:55:46+09:00 done  ref_s7
2026-09-17T10:55:46+09:00 start cap12_bfix_s7
2026-09-17T10:58:45+09:00 done  cap1_s7
2026-09-17T10:58:45+09:00 start ref_s8
2026-09-17T10:59:43+09:00 done  cap2_s7
2026-09-17T10:59:43+09:00 start cap1_s8
2026-09-17T11:01:55+09:00 done  cap12_s7
2026-09-17T11:01:55+09:00 start cap2_s8
2026-09-17T11:05:00+09:00 done  cap12_bfix_s7
2026-09-17T11:05:00+09:00 start cap12_s8
2026-09-17T11:05:56+09:00 done  ref_s8
2026-09-17T11:05:56+09:00 start cap12_bfix_s8
2026-09-17T11:08:59+09:00 done  cap1_s8
2026-09-17T11:08:59+09:00 start ref_s9
2026-09-17T11:09:08+09:00 done  cap2_s8
2026-09-17T11:09:08+09:00 start cap1_s9
2026-09-17T11:14:16+09:00 done  cap12_s8
2026-09-17T11:14:16+09:00 start cap2_s9
2026-09-17T11:15:23+09:00 done  cap12_bfix_s8
2026-09-17T11:15:23+09:00 start cap12_s9
2026-09-17T11:16:14+09:00 done  ref_s9
2026-09-17T11:16:14+09:00 start cap12_bfix_s9
2026-09-17T11:19:10+09:00 done  cap1_s9
2026-09-17T11:21:23+09:00 done  cap2_s9
2026-09-17T11:24:13+09:00 done  cap12_s9
2026-09-17T11:25:07+09:00 done  cap12_bfix_s9
2026-09-17T11:25:07+09:00 all jobs returned
